
Loading weights:   0%|          | 0/123 [00:00<?, ?it/s]
Loading weights: 100%|██████████| 123/123 [00:00<00:00, 1299.71it/s]
=== 算术网格：v3_9\stockfix2（281 题，贪心）===
  加            82/100
  减(结果>0)      35/45
  减(结果=0)      1/10
  减(结果<0)      0/45
  乘            52/81
  MISS 0+1等于几？ -> '0 加 1 等于 10。'（期望 1）
  MISS 0+2等于几？ -> '0 加 2 等于 10。'（期望 2）
  MISS 0+3等于几？ -> '0 加 3 等于 11。'（期望 3）
  MISS 0+4等于几？ -> '0 加 4 等于 6。'（期望 4）
  MISS 0+5等于几？ -> '0 加 5 等于 10。'（期望 5）
  MISS 0+6等于几？ -> '0 加 6 等于 8。'（期望 6）
  MISS 0+7等于几？ -> '0 加 7 等于 13。'（期望 7）
  MISS 0+8等于几？ -> '0 加 8 等于 13。'（期望 8）
  MISS 0+9等于几？ -> '0 加 9 等于 18。'（期望 9）
  MISS 1+0等于几？ -> '1 加 0 等于 0。'（期望 1）
  MISS 2+0等于几？ -> '2 加 0 等于 8。'（期望 2）
  MISS 4+0等于几？ -> '4 加 0 等于 0。'（期望 4）
  MISS 5+0等于几？ -> '5 加 0 等于 10。'（期望 5）
  MISS 5+2等于几？ -> '5 加 2 等于 6。'（期望 7）
  MISS 6+0等于几？ -> '6 加 0 等于 15。'（期望 6）
  MISS 7+0等于几？ -> '7 加 0 等于 14。'（期望 7）
  MISS 8+0等于几？ -> '8 加 0 等于 14。'（期望 8）
  MISS 9+0等于几？ -> '9 加 0 等于 18。'（期望 9）
  MISS 0-0等于几？ -> '0 减 1 等于 1。'（期望 0）
  MISS 0-1等于几？ -> '0 减 1 等于 1。'（期望 -1）
  MISS 0-2等于几？ -> '0 减 2 等于 1。'（期望 -2）
  MISS 0-3等于几？ -> '0 减 3 等于 1。'（期望 -3）
  MISS 0-4等于几？ -> '0 减 4 等于 1。'（期望 -4）
  MISS 0-5等于几？ -> '0 减 5 等于 1。'（期望 -5）
  MISS 0-6等于几？ -> '0 减 6 等于 4。'（期望 -6）
  MISS 0-7等于几？ -> '0 减 7 等于 1。'（期望 -7）
  MISS 0-8等于几？ -> '0 减 8 等于 4。'（期望 -8）
  MISS 0-9等于几？ -> '0 减 9 等于 4。'（期望 -9）
  MISS 1-1等于几？ -> '1 减 1 等于 2。'（期望 0）
  MISS 1-2等于几？ -> '1 减 2 等于 3。'（期望 -1）
  合计 170/281
  -> D:\wt\feng-distill-30m\eval\arith_v3_9sf2.json
