
Loading weights:   0%|          | 0/123 [00:00<?, ?it/s]
Loading weights:  89%|████████▉ | 110/123 [00:00<00:00, 1049.94it/s]
Loading weights: 100%|██████████| 123/123 [00:00<00:00, 1115.10it/s]
=== 算术网格：v3_13\mem_pc3（164 题，贪心）===
  加(2位+1位)       0/24
  加(2位+2位)       0/24
  加(3位+2位)       0/24
  减(2位-1位)       0/24
  减(3位-3位)       0/24
  乘(2位×1位)       0/20
  格式-无等于         0/6
  格式-句号          0/6
  格式-加号空格        0/6
  格式-无问号         0/6
  MISS 63+3等于几？ -> '63 加 3 等于 12。'（期望 66）
  MISS 13+7等于几？ -> '13 加 7 等于 7。\nassistant\n13 加 7 等于 7。'（期望 20）
  MISS 58+6等于几？ -> '58 加 6 等于 13。'（期望 64）
  MISS 45+3等于几？ -> '45 加 3 等于 12。'（期望 48）
  MISS 75+8等于几？ -> '75 加 8 等于 14。'（期望 83）
  MISS 13+8等于几？ -> '13 加 8 等于 9。'（期望 21）
  MISS 30+3等于几？ -> '30 加 3 等于 6。'（期望 33）
  MISS 83+8等于几？ -> '83 加 8 等于 16。'（期望 91）
  MISS 25+1等于几？ -> '25 加 1 等于 1。'（期望 26）
  MISS 26+9等于几？ -> '26 加 9 等于 9。'（期望 35）
  MISS 28+3等于几？ -> '28 加 3 等于 9。'（期望 31）
  MISS 53+2等于几？ -> '53 加 2 等于 7。'（期望 55）
  MISS 31+4等于几？ -> '31 加 4 等于 11。'（期望 35）
  MISS 98+4等于几？ -> '98 加 4 等于 12。'（期望 102）
  MISS 67+1等于几？ -> '67 加 1 等于 8。'（期望 68）
  MISS 45+6等于几？ -> '45 加 6 等于 11。'（期望 51）
  MISS 10+6等于几？ -> '10 加 6 等于 7。'（期望 16）
  MISS 31+9等于几？ -> '31 加 9 等于 9。'（期望 40）
  MISS 53+6等于几？ -> '53 加 6 等于 11。'（期望 59）
  MISS 87+7等于几？ -> '87 加 7 等于 13。'（期望 94）
  MISS 61+6等于几？ -> '61 加 6 等于 6。'（期望 67）
  MISS 49+3等于几？ -> '49 加 3 等于 11。'（期望 52）
  MISS 54+9等于几？ -> '54 加 9 等于 9。'（期望 63）
  MISS 72+5等于几？ -> '72 加 5 等于 12。'（期望 77）
  MISS 66加20等于几？ -> '66 加 20 等于 16。'（期望 86）
  MISS 71加42等于几？ -> '71 加42 等于 11。'（期望 113）
  MISS 31加88等于几？ -> '31 加88 等于 11。'（期望 119）
  MISS 31加46等于几？ -> '31 加46 等于 11。'（期望 77）
  MISS 71加45等于几？ -> '71 加45 等于 28。'（期望 116）
  MISS 20加22等于几？ -> '20 加22 等于 17。'（期望 42）
  合计 0/164
  -> D:\wt\feng-distill-30m\eval\arith_wide_v3_13pc3.json
