
Loading weights:   0%|          | 0/123 [00:00<?, ?it/s]
Loading weights: 100%|██████████| 123/123 [00:00<00:00, 1301.17it/s]
=== 算术网格：v3_11\pol4b（281 题，贪心）===
  加            100/100
  减(结果>0)      42/45
  减(结果=0)      4/10
  减(结果<0)      24/45
  乘            81/81
  MISS 1-1等于几？ -> '1 减 1 等于 -1。\nassistant\n等于 -1。'（期望 0）
  MISS 1-3等于几？ -> '1 减 3 等于 -1。\nassistant\n等于 -3。'（期望 -2）
  MISS 1-4等于几？ -> '1 减 4 等于 -1。\nassistant\n等于 -4。'（期望 -3）
  MISS 1-5等于几？ -> '1 减 5 等于 -2。\nassistant\n等于 -6。'（期望 -4）
  MISS 1-6等于几？ -> '1 减 6 等于 -4。\nassistant\n等于 -5。'（期望 -5）
  MISS 1-8等于几？ -> '1 减 8 等于 -6。\nassistant\n等于 -6。'（期望 -7）
  MISS 1-9等于几？ -> '1 减 9 等于 -7。\nassistant\n等于 -8。'（期望 -8）
  MISS 2-2等于几？ -> '2 减 2 等于 -1。\nassistant\n等于 -2。'（期望 0）
  MISS 2-4等于几？ -> '2 减 4 等于 -1。\nassistant\n等于 -2。'（期望 -2）
  MISS 2-7等于几？ -> '2 减 7 等于 -4。'（期望 -5）
  MISS 2-8等于几？ -> '2 减 8 等于 -4。'（期望 -6）
  MISS 2-9等于几？ -> '2 减 9 等于 -5。'（期望 -7）
  MISS 3-3等于几？ -> '3 减 3 等于 1。\nassistant\n等于 1。'（期望 0）
  MISS 3-4等于几？ -> '3 减 4 等于 1。\nassistant\n等于 1。'（期望 -1）
  MISS 3-6等于几？ -> '3 减 6 等于 -2。\nassistant\n等于 -1。'（期望 -3）
  MISS 3-7等于几？ -> '3 减 7 等于 -2。\nassistant\n等于 10。'（期望 -4）
  MISS 3-8等于几？ -> '3 减 8 等于 -2。'（期望 -5）
  MISS 3-9等于几？ -> '3 减 9 等于 -2。\nassistant\n等于 9。'（期望 -6）
  MISS 5-0等于几？ -> '5 减 0 等于 0。\nassistant\n等于 0。'（期望 5）
  MISS 5-5等于几？ -> '5 减 5 等于 1。\nassistant\n等于 0。'（期望 0）
  MISS 5-6等于几？ -> '5 减 6 等于 -2。\nassistant\n等于 -1。'（期望 -1）
  MISS 5-9等于几？ -> '5 减 9 等于 -2。\nassistant\n等于 -1。'（期望 -4）
  MISS 6-7等于几？ -> '6 减 7 等于 0。'（期望 -1）
  MISS 6-8等于几？ -> '6 减 8 等于 -1。'（期望 -2）
  MISS 6-9等于几？ -> '6 减 9 等于 -4。\nassistant\n等于 5。'（期望 -3）
  MISS 7-0等于几？ -> '7 减 0 等于 6。\nassistant\n6。'（期望 7）
  MISS 8-8等于几？ -> '8 减 8 等于 2。\nassistant\n等于 6。'（期望 0）
  MISS 8-9等于几？ -> '8 减 9 等于 1。\nassistant\n等于 8。'（期望 -1）
  MISS 9-0等于几？ -> '9 减 0 等于 8。\nassistant\n等于 9。'（期望 9）
  MISS 9-9等于几？ -> '9 减 9 等于 -4。\nassistant\n等于 -5。'（期望 0）
  合计 251/281
  -> D:\wt\feng-distill-30m\eval\arith_v3_11pol4b.json
