
Loading weights:   0%|          | 0/123 [00:00<?, ?it/s]
Loading weights: 100%|██████████| 123/123 [00:00<00:00, 1321.39it/s]
=== 算术网格：v3_12\arith2l（281 题，贪心）===
  加            100/100
  减(结果>0)      45/45
  减(结果=0)      10/10
  减(结果<0)      39/45
  乘            77/81
  MISS 1-3等于几？ -> '1 减 3 等于 -1。'（期望 -2）
  MISS 1-6等于几？ -> '1 减 6 等于 -6。'（期望 -5）
  MISS 1-7等于几？ -> '1 减 7 等于 -7。'（期望 -6）
  MISS 2-8等于几？ -> '2 减 8 等于 -4。'（期望 -6）
  MISS 3-5等于几？ -> '3 减 5 等于 -1。'（期望 -2）
  MISS 3-7等于几？ -> '3 减 7 等于 -3。'（期望 -4）
  MISS 1乘1等于几？ -> '1 乘 1 等于 2。'（期望 1）
  MISS 1乘4等于几？ -> '1 乘 4 等于 5。'（期望 4）
  MISS 1乘5等于几？ -> '1 乘 5 等于 6。'（期望 5）
  MISS 1乘6等于几？ -> '1 乘 6 等于 7。'（期望 6）
  合计 271/281
  -> D:\wt\feng-distill-30m\eval\arith_v3_12a2l.json
