[16:49:40] conversations 122714 (dropped 26), avg len 302, steps/epoch 3834, total 1400

Loading weights:   0%|          | 0/90 [00:00<?, ?it/s]
Loading weights: 100%|██████████| 90/90 [00:00<00:00, 2302.51it/s]
[16:49:43] step 1/1400 loss 2.3134 lr 1.50e-05 gnorm 7.48 412 tok/s 0.0min peak 0.52GiB
[16:49:46] step 20/1400 loss 2.5964 lr 3.00e-04 gnorm 1.79 3067 tok/s 0.1min peak 0.69GiB
[16:49:49] step 40/1400 loss 2.6039 lr 3.00e-04 gnorm 1.56 3778 tok/s 0.1min peak 0.7GiB
[16:49:52] step 60/1400 loss 3.1133 lr 2.99e-04 gnorm 1.71 4321 tok/s 0.2min peak 0.71GiB
[16:49:55] step 80/1400 loss 3.1123 lr 2.99e-04 gnorm 1.68 4703 tok/s 0.2min peak 0.71GiB
[16:49:58] step 100/1400 loss 3.0184 lr 2.98e-04 gnorm 1.62 4987 tok/s 0.3min peak 0.72GiB
[16:50:01] step 120/1400 loss 2.5847 lr 2.97e-04 gnorm 1.33 5221 tok/s 0.3min peak 0.72GiB
[16:50:04] step 140/1400 loss 2.6398 lr 2.95e-04 gnorm 1.62 5447 tok/s 0.4min peak 0.73GiB
[16:50:07] step 160/1400 loss 2.0501 lr 2.93e-04 gnorm 1.35 5629 tok/s 0.4min peak 0.73GiB
[16:50:10] step 180/1400 loss 2.2786 lr 2.91e-04 gnorm 1.41 5770 tok/s 0.5min peak 0.74GiB
[16:50:13] step 200/1400 loss 2.185 lr 2.89e-04 gnorm 1.18 5908 tok/s 0.5min peak 0.74GiB
[16:50:16] step 220/1400 loss 1.6405 lr 2.86e-04 gnorm 1.19 6060 tok/s 0.6min peak 0.75GiB
[16:50:19] step 240/1400 loss 2.5538 lr 2.84e-04 gnorm 1.42 6196 tok/s 0.6min peak 0.75GiB
[16:50:22] step 260/1400 loss 1.0941 lr 2.81e-04 gnorm 0.79 6329 tok/s 0.7min peak 0.75GiB
[16:50:25] step 280/1400 loss 1.7413 lr 2.77e-04 gnorm 1.09 6453 tok/s 0.7min peak 0.76GiB
[16:50:28] step 300/1400 loss 3.0819 lr 2.74e-04 gnorm 1.84 6572 tok/s 0.8min peak 0.76GiB
[16:50:31] step 320/1400 loss 2.7926 lr 2.70e-04 gnorm 1.40 6687 tok/s 0.8min peak 0.77GiB
[16:50:34] step 340/1400 loss 2.2615 lr 2.66e-04 gnorm 1.24 6799 tok/s 0.9min peak 0.77GiB
[16:50:37] step 360/1400 loss 2.6576 lr 2.62e-04 gnorm 1.62 6913 tok/s 0.9min peak 0.77GiB
[16:50:39] step 380/1400 loss 2.452 lr 2.57e-04 gnorm 1.27 7024 tok/s 1.0min peak 0.78GiB
[16:50:42] step 400/1400 loss 2.4507 lr 2.53e-04 gnorm 1.29 7133 tok/s 1.0min peak 0.78GiB
[16:50:45] step 420/1400 loss 2.815 lr 2.48e-04 gnorm 1.20 7243 tok/s 1.1min peak 0.78GiB
[16:50:48] step 440/1400 loss 3.8528 lr 2.43e-04 gnorm 1.40 7355 tok/s 1.1min peak 0.79GiB
[16:50:51] step 460/1400 loss 3.5742 lr 2.38e-04 gnorm 1.69 7467 tok/s 1.2min peak 0.8GiB
[16:50:54] step 480/1400 loss 3.5906 lr 2.33e-04 gnorm 1.77 7582 tok/s 1.2min peak 0.8GiB
[16:50:57] step 500/1400 loss 4.1646 lr 2.27e-04 gnorm 2.40 7698 tok/s 1.3min peak 0.81GiB
[16:51:00] step 520/1400 loss 4.3754 lr 2.22e-04 gnorm 2.05 7819 tok/s 1.3min peak 0.82GiB
[16:51:03] step 540/1400 loss 4.6115 lr 2.16e-04 gnorm 2.07 7946 tok/s 1.4min peak 0.83GiB
[16:51:06] step 560/1400 loss 4.5649 lr 2.10e-04 gnorm 1.81 8074 tok/s 1.4min peak 0.84GiB
[16:51:09] step 580/1400 loss 4.8961 lr 2.05e-04 gnorm 1.88 8208 tok/s 1.5min peak 0.85GiB
[16:51:12] step 600/1400 loss 5.0903 lr 1.99e-04 gnorm 1.86 8348 tok/s 1.5min peak 0.86GiB
[16:51:15] step 620/1400 loss 4.7929 lr 1.93e-04 gnorm 1.76 8491 tok/s 1.6min peak 0.87GiB
[16:51:18] step 640/1400 loss 4.6279 lr 1.87e-04 gnorm 2.05 8637 tok/s 1.6min peak 0.88GiB
[16:51:21] step 660/1400 loss 4.991 lr 1.81e-04 gnorm 1.77 8786 tok/s 1.7min peak 0.88GiB
[16:51:24] step 680/1400 loss 4.8969 lr 1.75e-04 gnorm 1.90 8941 tok/s 1.7min peak 0.89GiB
[16:51:27] step 700/1400 loss 4.4026 lr 1.68e-04 gnorm 2.10 9098 tok/s 1.8min peak 0.9GiB

Writing model shards:   0%|          | 0/1 [00:00<?, ?it/s]
Writing model shards: 100%|██████████| 1/1 [00:00<00:00,  8.79it/s]
Writing model shards: 100%|██████████| 1/1 [00:00<00:00,  8.79it/s]
[16:51:27]   saved D:\wt\feng-distill-30m\student\chat2\step700
[16:51:30] step 720/1400 loss 5.0962 lr 1.62e-04 gnorm 2.58 9242 tok/s 1.8min peak 0.91GiB
[16:51:33] step 740/1400 loss 5.1113 lr 1.56e-04 gnorm 2.03 9406 tok/s 1.9min peak 0.92GiB
[16:51:36] step 760/1400 loss 5.0435 lr 1.50e-04 gnorm 1.71 9573 tok/s 1.9min peak 0.94GiB
[16:51:39] step 780/1400 loss 5.3353 lr 1.44e-04 gnorm 1.79 9745 tok/s 2.0min peak 0.95GiB
[16:51:42] step 800/1400 loss 5.1561 lr 1.38e-04 gnorm 1.88 9919 tok/s 2.0min peak 0.96GiB
[16:51:45] step 820/1400 loss 5.2258 lr 1.32e-04 gnorm 1.82 10096 tok/s 2.1min peak 0.97GiB
[16:51:48] step 840/1400 loss 5.0968 lr 1.26e-04 gnorm 1.31 10277 tok/s 2.1min peak 0.98GiB
[16:51:51] step 860/1400 loss 5.2861 lr 1.20e-04 gnorm 2.15 10461 tok/s 2.2min peak 0.99GiB
[16:51:54] step 880/1400 loss 5.4378 lr 1.14e-04 gnorm 1.55 10647 tok/s 2.2min peak 1.0GiB
[16:51:57] step 900/1400 loss 5.3285 lr 1.09e-04 gnorm 2.16 10836 tok/s 2.3min peak 1.01GiB
[16:52:00] step 920/1400 loss 5.2566 lr 1.03e-04 gnorm 2.48 11026 tok/s 2.3min peak 1.02GiB
[16:52:03] step 940/1400 loss 5.108 lr 9.78e-05 gnorm 1.90 11216 tok/s 2.4min peak 1.03GiB
[16:52:06] step 960/1400 loss 5.1942 lr 9.25e-05 gnorm 1.55 11407 tok/s 2.4min peak 1.04GiB
[16:52:09] step 980/1400 loss 5.3158 lr 8.74e-05 gnorm 1.65 11600 tok/s 2.5min peak 1.05GiB
[16:52:12] step 1000/1400 loss 5.304 lr 8.25e-05 gnorm 1.81 11796 tok/s 2.5min peak 1.05GiB
[16:52:15] step 1020/1400 loss 5.4291 lr 7.77e-05 gnorm 2.17 11994 tok/s 2.6min peak 1.07GiB
[16:52:19] step 1040/1400 loss 5.2698 lr 7.31e-05 gnorm 1.60 12194 tok/s 2.6min peak 1.08GiB
[16:52:22] step 1060/1400 loss 5.0273 lr 6.87e-05 gnorm 1.36 12395 tok/s 2.7min peak 1.09GiB
[16:52:25] step 1080/1400 loss 5.1592 lr 6.45e-05 gnorm 1.66 12599 tok/s 2.7min peak 1.1GiB
[16:52:28] step 1100/1400 loss 5.1254 lr 6.05e-05 gnorm 1.59 12805 tok/s 2.8min peak 1.12GiB
[16:52:31] step 1120/1400 loss 5.0116 lr 5.67e-05 gnorm 1.99 13011 tok/s 2.8min peak 1.13GiB
[16:52:34] step 1140/1400 loss 5.2446 lr 5.31e-05 gnorm 2.17 13219 tok/s 2.9min peak 1.14GiB
[16:52:37] step 1160/1400 loss 5.2575 lr 4.98e-05 gnorm 2.37 13430 tok/s 2.9min peak 1.15GiB
[16:52:40] step 1180/1400 loss 5.0555 lr 4.67e-05 gnorm 1.55 13642 tok/s 3.0min peak 1.17GiB
[16:52:43] step 1200/1400 loss 4.8837 lr 4.39e-05 gnorm 1.41 13858 tok/s 3.0min peak 1.18GiB
[16:52:46] step 1220/1400 loss 5.3618 lr 4.13e-05 gnorm 1.71 14074 tok/s 3.1min peak 1.19GiB
[16:52:49] step 1240/1400 loss 5.34 lr 3.90e-05 gnorm 1.66 14292 tok/s 3.1min peak 1.2GiB
[16:52:52] step 1260/1400 loss 4.9913 lr 3.69e-05 gnorm 1.79 14511 tok/s 3.2min peak 1.22GiB
[16:52:55] step 1280/1400 loss 5.4163 lr 3.51e-05 gnorm 1.50 14731 tok/s 3.2min peak 1.22GiB
[16:52:58] step 1300/1400 loss 5.1385 lr 3.36e-05 gnorm 1.33 14953 tok/s 3.3min peak 1.24GiB
[16:53:02] step 1320/1400 loss 4.6319 lr 3.23e-05 gnorm 1.25 15177 tok/s 3.3min peak 1.25GiB
[16:53:05] step 1340/1400 loss 4.9842 lr 3.13e-05 gnorm 1.24 15401 tok/s 3.4min peak 1.27GiB
[16:53:15] step 1360/1400 loss 5.2012 lr 3.06e-05 gnorm 1.81 15075 tok/s 3.6min peak 1.29GiB
[16:53:37] step 1380/1400 loss 5.1447 lr 3.02e-05 gnorm 1.29 14129 tok/s 3.9min peak 1.31GiB
[16:53:58] step 1400/1400 loss 4.896 lr 3.00e-05 gnorm 1.57 13329 tok/s 4.3min peak 1.31GiB

Writing model shards:   0%|          | 0/1 [00:00<?, ?it/s]
Writing model shards: 100%|██████████| 1/1 [00:00<00:00,  9.28it/s]
Writing model shards: 100%|██████████| 1/1 [00:00<00:00,  9.28it/s]
[16:53:58]   saved D:\wt\feng-distill-30m\student\chat2\step1400

Writing model shards:   0%|          | 0/1 [00:00<?, ?it/s]
Writing model shards: 100%|██████████| 1/1 [00:00<00:00, 12.39it/s]
[16:53:58] done: 1400 steps, 3.4M tokens, 4.3 min -> D:\wt\feng-distill-30m\student\chat2\final
