[16:31:03] conversations 122714 (dropped 26), avg len 302, steps/epoch 3834, total 3834

Loading weights:   0%|          | 0/90 [00:00<?, ?it/s]
Loading weights: 100%|██████████| 90/90 [00:00<00:00, 2272.64it/s]
[16:31:05] step 1/3834 loss 2.0979 lr 1.25e-05 gnorm 11.19 424 tok/s 0.0min peak 0.52GiB
[16:31:08] step 20/3834 loss 2.8718 lr 2.50e-04 gnorm 1.71 3247 tok/s 0.1min peak 0.69GiB
[16:31:11] step 40/3834 loss 3.0125 lr 5.00e-04 gnorm 1.44 4047 tok/s 0.1min peak 0.7GiB
[16:31:14] step 60/3834 loss 3.5371 lr 5.00e-04 gnorm 1.48 4536 tok/s 0.2min peak 0.71GiB
[16:31:16] step 80/3834 loss 3.6588 lr 5.00e-04 gnorm 1.57 4887 tok/s 0.2min peak 0.71GiB
[16:31:19] step 100/3834 loss 3.5021 lr 5.00e-04 gnorm 1.55 5156 tok/s 0.3min peak 0.72GiB
[16:31:22] step 120/3834 loss 3.0393 lr 5.00e-04 gnorm 1.26 5367 tok/s 0.3min peak 0.72GiB
[16:31:26] step 140/3834 loss 3.027 lr 4.99e-04 gnorm 1.34 5556 tok/s 0.4min peak 0.73GiB
[16:31:29] step 160/3834 loss 2.366 lr 4.99e-04 gnorm 1.15 5716 tok/s 0.4min peak 0.73GiB
[16:31:32] step 180/3834 loss 2.5938 lr 4.99e-04 gnorm 1.05 5847 tok/s 0.5min peak 0.74GiB
[16:31:35] step 200/3834 loss 2.6223 lr 4.98e-04 gnorm 1.00 5997 tok/s 0.5min peak 0.74GiB
[16:31:38] step 220/3834 loss 2.0639 lr 4.98e-04 gnorm 1.20 6085 tok/s 0.6min peak 0.75GiB
[16:31:41] step 240/3834 loss 2.9865 lr 4.97e-04 gnorm 1.05 6219 tok/s 0.6min peak 0.75GiB
[16:31:44] step 260/3834 loss 1.2768 lr 4.96e-04 gnorm 0.72 6321 tok/s 0.7min peak 0.75GiB
[16:31:47] step 280/3834 loss 2.0661 lr 4.96e-04 gnorm 0.91 6419 tok/s 0.7min peak 0.76GiB
[16:31:50] step 300/3834 loss 3.4474 lr 4.95e-04 gnorm 1.19 6533 tok/s 0.8min peak 0.76GiB
[16:31:53] step 320/3834 loss 3.3124 lr 4.94e-04 gnorm 1.16 6645 tok/s 0.8min peak 0.77GiB
[16:31:56] step 340/3834 loss 2.6514 lr 4.93e-04 gnorm 1.02 6753 tok/s 0.9min peak 0.77GiB
[16:31:59] step 360/3834 loss 3.0713 lr 4.92e-04 gnorm 0.97 6863 tok/s 0.9min peak 0.77GiB
[16:32:02] step 380/3834 loss 2.7852 lr 4.91e-04 gnorm 0.96 6963 tok/s 1.0min peak 0.78GiB
[16:32:05] step 400/3834 loss 2.8015 lr 4.90e-04 gnorm 0.87 7069 tok/s 1.0min peak 0.78GiB
[16:32:08] step 420/3834 loss 3.1605 lr 4.89e-04 gnorm 1.02 7171 tok/s 1.1min peak 0.78GiB
[16:32:11] step 440/3834 loss 4.488 lr 4.88e-04 gnorm 1.38 7281 tok/s 1.1min peak 0.79GiB
[16:32:14] step 460/3834 loss 4.074 lr 4.87e-04 gnorm 1.46 7392 tok/s 1.2min peak 0.8GiB
[16:32:17] step 480/3834 loss 4.0873 lr 4.85e-04 gnorm 1.11 7506 tok/s 1.2min peak 0.8GiB
[16:32:20] step 500/3834 loss 4.7271 lr 4.84e-04 gnorm 1.45 7622 tok/s 1.3min peak 0.81GiB

Writing model shards:   0%|          | 0/1 [00:00<?, ?it/s]
Writing model shards: 100%|██████████| 1/1 [00:00<00:00,  7.93it/s]
Writing model shards: 100%|██████████| 1/1 [00:00<00:00,  7.93it/s]
[16:32:20]   saved D:\wt\feng-distill-30m\student\chat1\step500
[16:32:23] step 520/3834 loss 4.8547 lr 4.83e-04 gnorm 1.25 7727 tok/s 1.3min peak 0.82GiB
[16:32:26] step 540/3834 loss 5.1568 lr 4.81e-04 gnorm 1.33 7852 tok/s 1.4min peak 0.83GiB
[16:32:29] step 560/3834 loss 5.0579 lr 4.80e-04 gnorm 1.30 7978 tok/s 1.4min peak 0.84GiB
[16:32:32] step 580/3834 loss 5.445 lr 4.78e-04 gnorm 1.14 8111 tok/s 1.5min peak 0.85GiB
[16:32:35] step 600/3834 loss 5.6198 lr 4.76e-04 gnorm 1.56 8248 tok/s 1.5min peak 0.86GiB
[16:32:38] step 620/3834 loss 5.3864 lr 4.75e-04 gnorm 1.47 8388 tok/s 1.6min peak 0.87GiB
[16:32:41] step 640/3834 loss 5.1151 lr 4.73e-04 gnorm 1.11 8534 tok/s 1.6min peak 0.88GiB
[16:32:44] step 660/3834 loss 5.552 lr 4.71e-04 gnorm 1.15 8682 tok/s 1.7min peak 0.88GiB
[16:32:47] step 680/3834 loss 5.452 lr 4.69e-04 gnorm 1.35 8834 tok/s 1.7min peak 0.89GiB
[16:32:51] step 700/3834 loss 4.9076 lr 4.67e-04 gnorm 1.10 8990 tok/s 1.8min peak 0.9GiB
[16:32:54] step 720/3834 loss 5.5805 lr 4.65e-04 gnorm 1.41 9148 tok/s 1.8min peak 0.91GiB
[16:32:57] step 740/3834 loss 5.5381 lr 4.63e-04 gnorm 1.23 9311 tok/s 1.9min peak 0.92GiB
[16:33:00] step 760/3834 loss 5.5172 lr 4.61e-04 gnorm 1.35 9479 tok/s 1.9min peak 0.94GiB
[16:33:03] step 780/3834 loss 5.8193 lr 4.59e-04 gnorm 1.32 9646 tok/s 2.0min peak 0.95GiB
[16:33:06] step 800/3834 loss 5.5826 lr 4.57e-04 gnorm 1.46 9819 tok/s 2.0min peak 0.96GiB
[16:33:09] step 820/3834 loss 5.6741 lr 4.55e-04 gnorm 1.12 9995 tok/s 2.1min peak 0.97GiB
[16:33:12] step 840/3834 loss 5.5255 lr 4.53e-04 gnorm 1.04 10174 tok/s 2.1min peak 0.98GiB
[16:33:15] step 860/3834 loss 5.735 lr 4.50e-04 gnorm 1.19 10343 tok/s 2.2min peak 0.99GiB
[16:33:21] step 880/3834 loss 5.8241 lr 4.48e-04 gnorm 1.15 10313 tok/s 2.3min peak 1.0GiB
[16:33:27] step 900/3834 loss 5.7503 lr 4.45e-04 gnorm 1.02 10240 tok/s 2.4min peak 1.01GiB
[16:33:34] step 920/3834 loss 5.6865 lr 4.43e-04 gnorm 1.20 10179 tok/s 2.5min peak 1.02GiB
[16:33:41] step 940/3834 loss 5.5125 lr 4.40e-04 gnorm 1.24 10118 tok/s 2.6min peak 1.03GiB
[16:33:48] step 960/3834 loss 5.5738 lr 4.38e-04 gnorm 1.02 10083 tok/s 2.7min peak 1.04GiB
[16:33:54] step 980/3834 loss 5.7531 lr 4.35e-04 gnorm 1.51 10056 tok/s 2.8min peak 1.05GiB
[16:34:01] step 1000/3834 loss 5.6207 lr 4.33e-04 gnorm 1.06 10037 tok/s 3.0min peak 1.05GiB

Writing model shards:   0%|          | 0/1 [00:00<?, ?it/s]
Writing model shards: 100%|██████████| 1/1 [00:00<00:00,  6.73it/s]
Writing model shards: 100%|██████████| 1/1 [00:00<00:00,  6.73it/s]
[16:34:01]   saved D:\wt\feng-distill-30m\student\chat1\step1000
[16:34:08] step 1020/3834 loss 5.7593 lr 4.30e-04 gnorm 1.20 10024 tok/s 3.1min peak 1.07GiB
[16:34:15] step 1040/3834 loss 5.6911 lr 4.27e-04 gnorm 1.27 10030 tok/s 3.2min peak 1.08GiB
[16:34:21] step 1060/3834 loss 5.3379 lr 4.25e-04 gnorm 1.21 10048 tok/s 3.3min peak 1.09GiB
[16:34:28] step 1080/3834 loss 5.5026 lr 4.22e-04 gnorm 1.14 10066 tok/s 3.4min peak 1.1GiB
[16:34:35] step 1100/3834 loss 5.5204 lr 4.19e-04 gnorm 1.29 10088 tok/s 3.5min peak 1.12GiB
[16:34:42] step 1120/3834 loss 5.3596 lr 4.16e-04 gnorm 1.37 10106 tok/s 3.6min peak 1.13GiB
[16:34:48] step 1140/3834 loss 5.5233 lr 4.13e-04 gnorm 1.10 10140 tok/s 3.7min peak 1.14GiB
[16:34:55] step 1160/3834 loss 5.5147 lr 4.10e-04 gnorm 1.46 10182 tok/s 3.9min peak 1.15GiB
[16:35:02] step 1180/3834 loss 5.3599 lr 4.07e-04 gnorm 1.31 10225 tok/s 4.0min peak 1.17GiB
[16:35:09] step 1200/3834 loss 5.1942 lr 4.04e-04 gnorm 1.34 10272 tok/s 4.1min peak 1.18GiB
[16:35:16] step 1220/3834 loss 5.6335 lr 4.01e-04 gnorm 1.03 10315 tok/s 4.2min peak 1.19GiB
[16:35:23] step 1240/3834 loss 5.6302 lr 3.98e-04 gnorm 1.05 10358 tok/s 4.3min peak 1.2GiB
[16:35:29] step 1260/3834 loss 5.2594 lr 3.95e-04 gnorm 1.07 10420 tok/s 4.4min peak 1.22GiB
[16:35:36] step 1280/3834 loss 5.6759 lr 3.92e-04 gnorm 1.38 10481 tok/s 4.5min peak 1.22GiB
[16:35:43] step 1300/3834 loss 5.32 lr 3.88e-04 gnorm 1.43 10543 tok/s 4.7min peak 1.24GiB
[16:35:50] step 1320/3834 loss 4.902 lr 3.85e-04 gnorm 1.24 10602 tok/s 4.8min peak 1.25GiB
[16:35:58] step 1340/3834 loss 5.1615 lr 3.82e-04 gnorm 1.36 10647 tok/s 4.9min peak 1.27GiB
[16:36:08] step 1360/3834 loss 5.372 lr 3.79e-04 gnorm 1.21 10587 tok/s 5.1min peak 1.29GiB
[16:36:43] step 1380/3834 loss 5.2861 lr 3.75e-04 gnorm 1.22 9805 tok/s 5.7min peak 1.31GiB
[16:37:26] step 1400/3834 loss 5.1152 lr 3.72e-04 gnorm 1.31 8946 tok/s 6.4min peak 1.31GiB
[16:38:14] step 1420/3834 loss 5.0358 lr 3.69e-04 gnorm 1.05 8192 tok/s 7.2min peak 1.33GiB
[16:39:02] step 1440/3834 loss 5.215 lr 3.65e-04 gnorm 0.93 7570 tok/s 8.0min peak 1.35GiB
[16:39:55] step 1460/3834 loss 5.2134 lr 3.62e-04 gnorm 1.39 7014 tok/s 8.9min peak 1.36GiB
[16:40:51] step 1480/3834 loss 5.396 lr 3.58e-04 gnorm 1.01 6529 tok/s 9.8min peak 1.37GiB
[16:41:45] step 1500/3834 loss 5.2897 lr 3.55e-04 gnorm 1.33 6144 tok/s 10.7min peak 1.38GiB

Writing model shards:   0%|          | 0/1 [00:00<?, ?it/s]
Writing model shards: 100%|██████████| 1/1 [00:00<00:00,  2.29it/s]
Writing model shards: 100%|██████████| 1/1 [00:00<00:00,  2.28it/s]
[16:41:46]   saved D:\wt\feng-distill-30m\student\chat1\step1500
[16:42:41] step 1520/3834 loss 4.896 lr 3.51e-04 gnorm 0.97 5813 tok/s 11.6min peak 1.4GiB
[16:43:34] step 1540/3834 loss 5.5335 lr 3.48e-04 gnorm 1.14 5547 tok/s 12.5min peak 1.41GiB
[16:44:28] step 1560/3834 loss 5.2107 lr 3.44e-04 gnorm 0.97 5313 tok/s 13.4min peak 1.42GiB
[16:45:09] step 1580/3834 loss 5.5266 lr 3.41e-04 gnorm 1.19 5194 tok/s 14.1min peak 1.43GiB
[16:45:50] step 1600/3834 loss 4.9895 lr 3.37e-04 gnorm 1.14 5082 tok/s 14.8min peak 1.45GiB
[16:46:32] step 1620/3834 loss 5.1092 lr 3.34e-04 gnorm 1.07 4979 tok/s 15.5min peak 1.46GiB
