esptool.py v4.12.0
Serial port COM20
Connecting....
Chip is ESP32-S3 (QFN56) (revision v0.2)
Features: WiFi, BLE, Embedded PSRAM 16MB (AP_1v8)
Crystal is 40MHz
MAC: 90:e5:b1:d1:89:3c
Uploading stub...
Running stub...
Stub running...
Changing baud rate to 921600
Changed.
Configuring flash size...
Flash will be erased from 0x00110000 to 0x00ffffff...
Flash will be erased from 0x01000000 to 0x01067fff...
Compressed 15659904 bytes to 13348482...
Writing at 0x00110000... (0 %)
Writing at 0x00116422... (0 %)
Writing at 0x0011bd09... (0 %)
Writing at 0x001235de... (0 %)
Writing at 0x001285b5... (0 %)
Writing at 0x0012d397... (0 %)
Writing at 0x00131ed4... (0 %)
Writing at 0x00136a1e... (0 %)
Writing at 0x0013b51a... (1 %)
Writing at 0x0014010d... (1 %)
Writing at 0x00144cde... (1 %)
Writing at 0x001498b9... (1 %)
Writing at 0x0014e3aa... (1 %)
Writing at 0x00153027... (1 %)
Writing at 0x00157d2c... (1 %)
Writing at 0x0015ca04... (1 %)
Writing at 0x0016175e... (2 %)
Writing at 0x001663b9... (2 %)
Writing at 0x0016afe8... (2 %)
Writing at 0x0016fd4a... (2 %)
Writing at 0x00174a78... (2 %)
Writing at 0x001797ef... (2 %)
Writing at 0x0017e575... (2 %)
Writing at 0x0018346b... (2 %)
Writing at 0x0018821d... (3 %)
Writing at 0x0018d11f... (3 %)
Writing at 0x0019200d... (3 %)
Writing at 0x00196eb7... (3 %)
Writing at 0x0019bd35... (3 %)
Writing at 0x001a0bbb... (3 %)
Writing at 0x001a5aaa... (3 %)
Writing at 0x001aaa3c... (3 %)
Writing at 0x001af997... (4 %)
Writing at 0x001b4927... (4 %)
Writing at 0x001b9922... (4 %)
Writing at 0x001bea23... (4 %)
Writing at 0x001c3b83... (4 %)
Writing at 0x001c8ce2... (4 %)
Writing at 0x001cde49... (4 %)
Writing at 0x001d2e53... (4 %)
Writing at 0x001d7fab... (5 %)
Writing at 0x001dd125... (5 %)
Writing at 0x001e2218... (5 %)
Writing at 0x001e74cb... (5 %)
Writing at 0x001ed07a... (5 %)
Writing at 0x001f2231... (5 %)
Writing at 0x001f774e... (5 %)
Writing at 0x001fc99b... (5 %)
Writing at 0x00201caa... (6 %)
Writing at 0x00207132... (6 %)
Writing at 0x0020c666... (6 %)
Writing at 0x00211c8e... (6 %)
Writing at 0x0021719a... (6 %)
Writing at 0x0021c6be... (6 %)
Writing at 0x00221c98... (6 %)
Writing at 0x00227285... (6 %)
Writing at 0x0022c634... (6 %)
Writing at 0x00231a28... (7 %)
Writing at 0x00236e0c... (7 %)
Writing at 0x0023c1fb... (7 %)
Writing at 0x0024172d... (7 %)
Writing at 0x00246a81... (7 %)
Writing at 0x0024bd9f... (7 %)
Writing at 0x002512f7... (7 %)
Writing at 0x00256976... (7 %)
Writing at 0x0025c10c... (8 %)
Writing at 0x00261624... (8 %)
Writing at 0x00266d27... (8 %)
Writing at 0x0026c0af... (8 %)
Writing at 0x002714b6... (8 %)
Writing at 0x002768e8... (8 %)
Writing at 0x0027be75... (8 %)
Writing at 0x002814f6... (8 %)
Writing at 0x00286e8e... (9 %)
Writing at 0x0028c397... (9 %)
Writing at 0x00291be4... (9 %)
Writing at 0x00297233... (9 %)
Writing at 0x0029c733... (9 %)
Writing at 0x002a1ce7... (9 %)
Writing at 0x002a7537... (9 %)
Writing at 0x002aced8... (9 %)
Writing at 0x002b26fe... (10 %)
Writing at 0x002b7db5... (10 %)
Writing at 0x002bd40f... (10 %)
Writing at 0x002c2b3f... (10 %)
Writing at 0x002c825e... (10 %)
Writing at 0x002cd9e9... (10 %)
Writing at 0x002d3211... (10 %)
Writing at 0x002d8a80... (10 %)
Writing at 0x002de5df... (11 %)
Writing at 0x002e4027... (11 %)
Writing at 0x002e9a16... (11 %)
Writing at 0x002eefc9... (11 %)
Writing at 0x002f4abb... (11 %)
Writing at 0x002fa2cc... (11 %)
Writing at 0x002ffef7... (11 %)
Writing at 0x00305904... (11 %)
Writing at 0x0030b655... (12 %)
Writing at 0x00311558... (12 %)
Writing at 0x00316e2c... (12 %)
Writing at 0x0031c71a... (12 %)
Writing at 0x003221bf... (12 %)
Writing at 0x00327e31... (12 %)
Writing at 0x0032dbe5... (12 %)
Writing at 0x00333972... (12 %)
Writing at 0x003397a2... (13 %)
Writing at 0x0033f1e2... (13 %)
Writing at 0x00344db3... (13 %)
Writing at 0x0034a625... (13 %)
Writing at 0x0035047c... (13 %)
Writing at 0x003561c6... (13 %)
Writing at 0x0035bce8... (13 %)
Writing at 0x0036197b... (13 %)
Writing at 0x003677d0... (13 %)
Writing at 0x0036d768... (14 %)
Writing at 0x00373110... (14 %)
Writing at 0x00378d85... (14 %)
Writing at 0x0037ee82... (14 %)
Writing at 0x00384f22... (14 %)
Writing at 0x0038aea1... (14 %)
Writing at 0x00390e2f... (14 %)
Writing at 0x00396d3b... (14 %)
Writing at 0x0039ca35... (15 %)
Writing at 0x003a2c1b... (15 %)
Writing at 0x003a87a9... (15 %)
Writing at 0x003ae575... (15 %)
Writing at 0x003b427b... (15 %)
Writing at 0x003ba257... (15 %)
Writing at 0x003c0380... (15 %)
Writing at 0x003c6328... (15 %)
Writing at 0x003cc4ee... (16 %)
Writing at 0x003d25ed... (16 %)
Writing at 0x003d8852... (16 %)
Writing at 0x003de724... (16 %)
Writing at 0x003e47b7... (16 %)
Writing at 0x003eab13... (16 %)
Writing at 0x003f0af1... (16 %)
Writing at 0x003f6ccb... (16 %)
Writing at 0x003fd02a... (17 %)
Writing at 0x00402ebb... (17 %)
Writing at 0x00408c90... (17 %)
Writing at 0x0040ed45... (17 %)
Writing at 0x00414ef6... (17 %)
Writing at 0x0041b1ac... (17 %)
Writing at 0x0042136f... (17 %)
Writing at 0x004274c3... (17 %)
Writing at 0x0042d4a7... (18 %)
Writing at 0x004337fa... (18 %)
Writing at 0x00439d85... (18 %)
Writing at 0x0044041e... (18 %)
Writing at 0x00446833... (18 %)
Writing at 0x0044cc4e... (18 %)
Writing at 0x004531c3... (18 %)
Writing at 0x004595dc... (18 %)
Writing at 0x0045fac0... (19 %)
Writing at 0x0046612f... (19 %)
Writing at 0x0046c561... (19 %)
Writing at 0x0047268e... (19 %)
Writing at 0x00478d3d... (19 %)
Writing at 0x0047f31b... (19 %)
Writing at 0x0048587b... (19 %)
Writing at 0x0048ba0d... (19 %)
Writing at 0x00491cf4... (20 %)
Writing at 0x004982b5... (20 %)
Writing at 0x0049e715... (20 %)
Writing at 0x004a4be4... (20 %)
Writing at 0x004aae26... (20 %)
Writing at 0x004b1352... (20 %)
Writing at 0x004b7687... (20 %)
Writing at 0x004bdef9... (20 %)
Writing at 0x004c45fd... (20 %)
Writing at 0x004ca765... (21 %)
Writing at 0x004cedbd... (21 %)
Writing at 0x004d34f3... (21 %)
Writing at 0x004d7bf5... (21 %)
Writing at 0x004dc333... (21 %)
Writing at 0x004e0a8c... (21 %)
Writing at 0x004e51ad... (21 %)
Writing at 0x004e987e... (21 %)
Writing at 0x004edfb1... (22 %)
Writing at 0x004f26d7... (22 %)
Writing at 0x004f6e0a... (22 %)
Writing at 0x004fb54b... (22 %)
Writing at 0x004ffca2... (22 %)
Writing at 0x00504423... (22 %)
Writing at 0x00508bb8... (22 %)
Writing at 0x0050d311... (22 %)
Writing at 0x00511aab... (23 %)
Writing at 0x005161e5... (23 %)
Writing at 0x0051a9c0... (23 %)
Writing at 0x0051f130... (23 %)
Writing at 0x00523898... (23 %)
Writing at 0x00528050... (23 %)
Writing at 0x0052c7d0... (23 %)
Writing at 0x00530f65... (23 %)
Writing at 0x0053568e... (24 %)
Writing at 0x00539dc2... (24 %)
Writing at 0x0053e50c... (24 %)
Writing at 0x00542bf6... (24 %)
Writing at 0x00547348... (24 %)
Writing at 0x0054bac0... (24 %)
Writing at 0x0055021c... (24 %)
Writing at 0x0055495d... (24 %)
Writing at 0x005590b5... (25 %)
Writing at 0x0055d81c... (25 %)
Writing at 0x00561f54... (25 %)
Writing at 0x005666aa... (25 %)
Writing at 0x0056adc9... (25 %)
Writing at 0x0056f4e4... (25 %)
Writing at 0x00573c0e... (25 %)
Writing at 0x00578314... (25 %)
Writing at 0x0057ca73... (26 %)
Writing at 0x005811d4... (26 %)
Writing at 0x00585908... (26 %)
Writing at 0x0058a036... (26 %)
Writing at 0x0058e77b... (26 %)
Writing at 0x00592ebe... (26 %)
Writing at 0x005975ed... (26 %)
Writing at 0x0059bcb6... (26 %)
Writing at 0x005a048e... (26 %)
Writing at 0x005a4bd2... (27 %)
Writing at 0x005a937f... (27 %)
Writing at 0x005adae1... (27 %)
Writing at 0x005b224d... (27 %)
Writing at 0x005b69c5... (27 %)
Writing at 0x005bb118... (27 %)
Writing at 0x005bf8a9... (27 %)
Writing at 0x005c4041... (27 %)
Writing at 0x005c874f... (28 %)
Writing at 0x005cceb9... (28 %)
Writing at 0x005d158a... (28 %)
Writing at 0x005d5cb9... (28 %)
Writing at 0x005da409... (28 %)
Writing at 0x005deb4d... (28 %)
Writing at 0x005e3269... (28 %)
Writing at 0x005e79ab... (28 %)
Writing at 0x005ec107... (29 %)
Writing at 0x005f083a... (29 %)
Writing at 0x005f4ef9... (29 %)
Writing at 0x005f965f... (29 %)
Writing at 0x005fdd8a... (29 %)
Writing at 0x006024ff... (29 %)
Writing at 0x00606c49... (29 %)
Writing at 0x0060b3aa... (29 %)
Writing at 0x0060fb23... (30 %)
Writing at 0x006142c2... (30 %)
Writing at 0x00618a2a... (30 %)
Writing at 0x0061d16e... (30 %)
Writing at 0x00621800... (30 %)
Writing at 0x00625f17... (30 %)
Writing at 0x0062a624... (30 %)
Writing at 0x0062ed3c... (30 %)
Writing at 0x0063349f... (31 %)
Writing at 0x00637baa... (31 %)
Writing at 0x0063c302... (31 %)
Writing at 0x00640a3c... (31 %)
Writing at 0x00645164... (31 %)
Writing at 0x0064989f... (31 %)
Writing at 0x0064dfb1... (31 %)
Writing at 0x006526bf... (31 %)
Writing at 0x00656e2e... (32 %)
Writing at 0x0065b57b... (32 %)
Writing at 0x0065fcc1... (32 %)
Writing at 0x006643de... (32 %)
Writing at 0x00668b4b... (32 %)
Writing at 0x0066d2bc... (32 %)
Writing at 0x006719e7... (32 %)
Writing at 0x0067614d... (32 %)
Writing at 0x0067a85c... (33 %)
Writing at 0x0067ef67... (33 %)
Writing at 0x006836b6... (33 %)
Writing at 0x00687e3a... (33 %)
Writing at 0x0068c55e... (33 %)
Writing at 0x00690cad... (33 %)
Writing at 0x0069542f... (33 %)
Writing at 0x00699b99... (33 %)
Writing at 0x0069e313... (33 %)
Writing at 0x006a2a4a... (34 %)
Writing at 0x006a7137... (34 %)
Writing at 0x006ab800... (34 %)
Writing at 0x006aff7d... (34 %)
Writing at 0x006b46dc... (34 %)
Writing at 0x006b8e53... (34 %)
Writing at 0x006bd5b9... (34 %)
Writing at 0x006c1d0c... (34 %)
Writing at 0x006c648b... (35 %)
Writing at 0x006cabd4... (35 %)
Writing at 0x006cf30e... (35 %)
Writing at 0x006d3a4d... (35 %)
Writing at 0x006d8084... (35 %)
Writing at 0x006dc78a... (35 %)
Writing at 0x006e0ee8... (35 %)
Writing at 0x006e561c... (35 %)
Writing at 0x006e9d96... (36 %)
Writing at 0x006ee4e4... (36 %)
Writing at 0x006f2c38... (36 %)
Writing at 0x006f7399... (36 %)
Writing at 0x006fbb25... (36 %)
Writing at 0x0070026b... (36 %)
Writing at 0x007048fb... (36 %)
Writing at 0x0070905a... (36 %)
Writing at 0x0070d7d3... (37 %)
Writing at 0x00711f97... (37 %)
Writing at 0x007166f1... (37 %)
Writing at 0x0071ae90... (37 %)
Writing at 0x0071f60f... (37 %)
Writing at 0x00723d81... (37 %)
Writing at 0x007284cc... (37 %)
Writing at 0x0072cbd8... (37 %)
Writing at 0x00731231... (38 %)
Writing at 0x00735952... (38 %)
Writing at 0x0073a093... (38 %)
Writing at 0x0073e7a8... (38 %)
Writing at 0x00742ee1... (38 %)
Writing at 0x0074764a... (38 %)
Writing at 0x0074bd88... (38 %)
Writing at 0x007504a5... (38 %)
Writing at 0x00754bfc... (39 %)
Writing at 0x00759345... (39 %)
Writing at 0x0075da20... (39 %)
Writing at 0x00762176... (39 %)
Writing at 0x007668c0... (39 %)
Writing at 0x0076b02e... (39 %)
Writing at 0x0076f7b3... (39 %)
Writing at 0x00773f05... (39 %)
Writing at 0x0077866a... (40 %)
Writing at 0x0077cdc8... (40 %)
Writing at 0x00781534... (40 %)
Writing at 0x00785c69... (40 %)
Writing at 0x0078a394... (40 %)
Writing at 0x0078eb0d... (40 %)
Writing at 0x0079327a... (40 %)
Writing at 0x00797a05... (40 %)
Writing at 0x0079c168... (40 %)
Writing at 0x007a08b7... (41 %)
Writing at 0x007a500a... (41 %)
Writing at 0x007a9758... (41 %)
Writing at 0x007adea9... (41 %)
Writing at 0x007b2624... (41 %)
Writing at 0x007b6d2f... (41 %)
Writing at 0x007bb4a3... (41 %)
Writing at 0x007bfbe0... (41 %)
Writing at 0x007c4342... (42 %)
Writing at 0x007c8a7b... (42 %)
Writing at 0x007cd1dc... (42 %)
Writing at 0x007d1924... (42 %)
Writing at 0x007d608e... (42 %)
Writing at 0x007da79f... (42 %)
Writing at 0x007deea6... (42 %)
Writing at 0x007e357f... (42 %)
Writing at 0x007e7cf9... (43 %)
Writing at 0x007ec466... (43 %)
Writing at 0x007f0b79... (43 %)
Writing at 0x007f52b4... (43 %)
Writing at 0x007f9a01... (43 %)
Writing at 0x007fe152... (43 %)
Writing at 0x00802864... (43 %)
Writing at 0x00806f9d... (43 %)
Writing at 0x0080b6ca... (44 %)
Writing at 0x0080fdbc... (44 %)
Writing at 0x00814545... (44 %)
Writing at 0x00818c95... (44 %)
Writing at 0x0081d422... (44 %)
Writing at 0x00821b91... (44 %)
Writing at 0x00826339... (44 %)
Writing at 0x0082aa86... (44 %)
Writing at 0x0082f1bc... (45 %)
Writing at 0x008338ea... (45 %)
Writing at 0x00837fee... (45 %)
Writing at 0x0083c67b... (45 %)
Writing at 0x00840d7c... (45 %)
Writing at 0x008454ba... (45 %)
Writing at 0x00849c35... (45 %)
Writing at 0x0084e3bb... (45 %)
Writing at 0x00852afd... (46 %)
Writing at 0x00857271... (46 %)
Writing at 0x0085b99d... (46 %)
Writing at 0x008600f5... (46 %)
Writing at 0x00864865... (46 %)
Writing at 0x00868f34... (46 %)
Writing at 0x0086d6d2... (46 %)
Writing at 0x00871e64... (46 %)
Writing at 0x008765db... (46 %)
Writing at 0x0087ad3a... (47 %)
Writing at 0x0087f470... (47 %)
Writing at 0x00883bb3... (47 %)
Writing at 0x0088831e... (47 %)
Writing at 0x0088ca7a... (47 %)
Writing at 0x008911d7... (47 %)
Writing at 0x008958f3... (47 %)
Writing at 0x0089a080... (47 %)
Writing at 0x0089e7da... (48 %)
Writing at 0x008a2f2d... (48 %)
Writing at 0x008a768d... (48 %)
Writing at 0x008abde3... (48 %)
Writing at 0x008b0551... (48 %)
Writing at 0x008b4c8d... (48 %)
Writing at 0x008b9403... (48 %)
Writing at 0x008bdb8a... (48 %)
Writing at 0x008c2290... (49 %)
Writing at 0x008c6a08... (49 %)
Writing at 0x008cb179... (49 %)
Writing at 0x008cf88c... (49 %)
Writing at 0x008d3fc9... (49 %)
Writing at 0x008d8707... (49 %)
Writing at 0x008dce44... (49 %)
Writing at 0x008e159e... (49 %)
Writing at 0x008e5cfc... (50 %)
Writing at 0x008ea439... (50 %)
Writing at 0x008eeab5... (50 %)
Writing at 0x008f31e1... (50 %)
Writing at 0x008f7926... (50 %)
Writing at 0x008fc086... (50 %)
Writing at 0x009007ee... (50 %)
Writing at 0x00904f36... (50 %)
Writing at 0x00909679... (51 %)
Writing at 0x0090dd9b... (51 %)
Writing at 0x009124ec... (51 %)
Writing at 0x00916c77... (51 %)
Writing at 0x0091b3b5... (51 %)
Writing at 0x0091fb12... (51 %)
Writing at 0x009242d5... (51 %)
Writing at 0x00928a4d... (51 %)
Writing at 0x0092d1f6... (52 %)
Writing at 0x00931941... (52 %)
Writing at 0x0093608e... (52 %)
Writing at 0x0093a773... (52 %)
Writing at 0x0093eea7... (52 %)
Writing at 0x009435a6... (52 %)
Writing at 0x00947c00... (52 %)
Writing at 0x0094c372... (52 %)
Writing at 0x00950b02... (53 %)
Writing at 0x00955225... (53 %)
Writing at 0x0095994f... (53 %)
Writing at 0x0095e098... (53 %)
Writing at 0x00962816... (53 %)
Writing at 0x00966f98... (53 %)
Writing at 0x0096b6ed... (53 %)
Writing at 0x0096fe09... (53 %)
Writing at 0x009744b6... (53 %)
Writing at 0x00978c46... (54 %)
Writing at 0x0097d38f... (54 %)
Writing at 0x00981b10... (54 %)
Writing at 0x00986246... (54 %)
Writing at 0x0098a989... (54 %)
Writing at 0x0098f0c9... (54 %)
Writing at 0x00993844... (54 %)
Writing at 0x00997fca... (54 %)
Writing at 0x0099c73e... (55 %)
Writing at 0x009a0e1a... (55 %)
Writing at 0x009a558d... (55 %)
Writing at 0x009a9d44... (55 %)
Writing at 0x009ae4e2... (55 %)
Writing at 0x009b2c5d... (55 %)
Writing at 0x009b73aa... (55 %)
Writing at 0x009bbb10... (55 %)
Writing at 0x009c025c... (56 %)
Writing at 0x009c49c0... (56 %)
Writing at 0x009c9119... (56 %)
Writing at 0x009cd811... (56 %)
Writing at 0x009d1f64... (56 %)
Writing at 0x009d66d5... (56 %)
Writing at 0x009dae51... (56 %)
Writing at 0x009df5ad... (56 %)
Writing at 0x009e3d79... (57 %)
Writing at 0x009e84be... (57 %)
Writing at 0x009ecbd9... (57 %)
Writing at 0x009f1303... (57 %)
Writing at 0x009f5a0e... (57 %)
Writing at 0x009fa09c... (57 %)
Writing at 0x009fe7fa... (57 %)
Writing at 0x00a02f5f... (57 %)
Writing at 0x00a07678... (58 %)
Writing at 0x00a0bdb4... (58 %)
Writing at 0x00a104df... (58 %)
Writing at 0x00a14bfe... (58 %)
Writing at 0x00a1939b... (58 %)
Writing at 0x00a1db17... (58 %)
Writing at 0x00a222f9... (58 %)
Writing at 0x00a269ed... (58 %)
Writing at 0x00a2b1c6... (59 %)
Writing at 0x00a2f996... (59 %)
Writing at 0x00a340f6... (59 %)
Writing at 0x00a3881b... (59 %)
Writing at 0x00a3cf63... (59 %)
Writing at 0x00a416a4... (59 %)
Writing at 0x00a45db2... (59 %)
Writing at 0x00a4a506... (59 %)
Writing at 0x00a4ebf4... (60 %)
Writing at 0x00a532d6... (60 %)
Writing at 0x00a57a24... (60 %)
Writing at 0x00a5c14e... (60 %)
Writing at 0x00a6087e... (60 %)
Writing at 0x00a64fff... (60 %)
Writing at 0x00a69783... (60 %)
Writing at 0x00a6dee1... (60 %)
Writing at 0x00a7262b... (60 %)
Writing at 0x00a76ddb... (61 %)
Writing at 0x00a7b576... (61 %)
Writing at 0x00a7fc5b... (61 %)
Writing at 0x00a843e7... (61 %)
Writing at 0x00a88b29... (61 %)
Writing at 0x00a8d261... (61 %)
Writing at 0x00a919b7... (61 %)
Writing at 0x00a96115... (61 %)
Writing at 0x00a9a876... (62 %)
Writing at 0x00a9efd8... (62 %)
Writing at 0x00aa375e... (62 %)
Writing at 0x00aa7ef8... (62 %)
Writing at 0x00aac5a1... (62 %)
Writing at 0x00ab0d35... (62 %)
Writing at 0x00ab546a... (62 %)
Writing at 0x00ab9bd9... (62 %)
Writing at 0x00abe32e... (63 %)
Writing at 0x00ac2aa4... (63 %)
Writing at 0x00ac7224... (63 %)
Writing at 0x00acb983... (63 %)
Writing at 0x00ad00a1... (63 %)
Writing at 0x00ad4810... (63 %)
Writing at 0x00ad8f1d... (63 %)
Writing at 0x00add68d... (63 %)
Writing at 0x00ae1dd3... (64 %)
Writing at 0x00ae64d5... (64 %)
Writing at 0x00aeac58... (64 %)
Writing at 0x00aef365... (64 %)
Writing at 0x00af3aa1... (64 %)
Writing at 0x00af81b1... (64 %)
Writing at 0x00afc8c8... (64 %)
Writing at 0x00b01001... (64 %)
Writing at 0x00b056bc... (65 %)
Writing at 0x00b09dcc... (65 %)
Writing at 0x00b0e4cb... (65 %)
Writing at 0x00b12be1... (65 %)
Writing at 0x00b17334... (65 %)
Writing at 0x00b1ba87... (65 %)
Writing at 0x00b2020d... (65 %)
Writing at 0x00b2495f... (65 %)
Writing at 0x00b29130... (66 %)
Writing at 0x00b2d8aa... (66 %)
Writing at 0x00b31f8f... (66 %)
Writing at 0x00b3670e... (66 %)
Writing at 0x00b3ae54... (66 %)
Writing at 0x00b3f56e... (66 %)
Writing at 0x00b43cb0... (66 %)
Writing at 0x00b48401... (66 %)
Writing at 0x00b4cb55... (66 %)
Writing at 0x00b512a2... (67 %)
Writing at 0x00b55a1c... (67 %)
Writing at 0x00b5a177... (67 %)
Writing at 0x00b5e862... (67 %)
Writing at 0x00b62fc2... (67 %)
Writing at 0x00b6770d... (67 %)
Writing at 0x00b6be30... (67 %)
Writing at 0x00b70561... (67 %)
Writing at 0x00b74cbb... (68 %)
Writing at 0x00b7942b... (68 %)
Writing at 0x00b7db7f... (68 %)
Writing at 0x00b8230c... (68 %)
Writing at 0x00b86a55... (68 %)
Writing at 0x00b8b11f... (68 %)
Writing at 0x00b8f863... (68 %)
Writing at 0x00b93fb2... (68 %)
Writing at 0x00b98740... (69 %)
Writing at 0x00b9ce9f... (69 %)
Writing at 0x00ba15dc... (69 %)
Writing at 0x00ba5ced... (69 %)
Writing at 0x00baa475... (69 %)
Writing at 0x00baebc8... (69 %)
Writing at 0x00bb332f... (69 %)
Writing at 0x00bb7a0e... (69 %)
Writing at 0x00bbc17b... (70 %)
Writing at 0x00bc08e6... (70 %)
Writing at 0x00bc502f... (70 %)
Writing at 0x00bc97b7... (70 %)
Writing at 0x00bcdf02... (70 %)
Writing at 0x00bd2683... (70 %)
Writing at 0x00bd6e02... (70 %)
Writing at 0x00bdb586... (70 %)
Writing at 0x00bdfcfe... (71 %)
Writing at 0x00be43bc... (71 %)
Writing at 0x00be8b25... (71 %)
Writing at 0x00bed29c... (71 %)
Writing at 0x00bf1a37... (71 %)
Writing at 0x00bf6185... (71 %)
Writing at 0x00bfa8d4... (71 %)
Writing at 0x00bfefdd... (71 %)
Writing at 0x00c03700... (72 %)
Writing at 0x00c07e55... (72 %)
Writing at 0x00c0c597... (72 %)
Writing at 0x00c10c62... (72 %)
Writing at 0x00c153a1... (72 %)
Writing at 0x00c19acd... (72 %)
Writing at 0x00c1e22a... (72 %)
Writing at 0x00c2299c... (72 %)
Writing at 0x00c27155... (73 %)
Writing at 0x00c2b927... (73 %)
Writing at 0x00c300a4... (73 %)
Writing at 0x00c34813... (73 %)
Writing at 0x00c38fa0... (73 %)
Writing at 0x00c3d686... (73 %)
Writing at 0x00c41dd3... (73 %)
Writing at 0x00c4650d... (73 %)
Writing at 0x00c4ac51... (73 %)
Writing at 0x00c4f3a2... (74 %)
Writing at 0x00c53af8... (74 %)
Writing at 0x00c58224... (74 %)
Writing at 0x00c5c96b... (74 %)
Writing at 0x00c6109e... (74 %)
Writing at 0x00c657f2... (74 %)
Writing at 0x00c69ea7... (74 %)
Writing at 0x00c6e614... (74 %)
Writing at 0x00c72d76... (75 %)
Writing at 0x00c774d3... (75 %)
Writing at 0x00c7bc2a... (75 %)
Writing at 0x00c803a5... (75 %)
Writing at 0x00c84b16... (75 %)
Writing at 0x00c89296... (75 %)
Writing at 0x00c8d9e8... (75 %)
Writing at 0x00c9215b... (75 %)
Writing at 0x00c96835... (76 %)
Writing at 0x00c9af87... (76 %)
Writing at 0x00c9f70b... (76 %)
Writing at 0x00ca3e44... (76 %)
Writing at 0x00ca85aa... (76 %)
Writing at 0x00cacd2f... (76 %)
Writing at 0x00cb1485... (76 %)
Writing at 0x00cb5bee... (76 %)
Writing at 0x00cba35b... (77 %)
Writing at 0x00cbeab7... (77 %)
Writing at 0x00cc3161... (77 %)
Writing at 0x00cc78ba... (77 %)
Writing at 0x00ccbfe5... (77 %)
Writing at 0x00cd076a... (77 %)
Writing at 0x00cd4ea5... (77 %)
Writing at 0x00cd9628... (77 %)
Writing at 0x00cdddb9... (78 %)
Writing at 0x00ce250e... (78 %)
Writing at 0x00ce6c79... (78 %)
Writing at 0x00ceb3e8... (78 %)
Writing at 0x00cefa91... (78 %)
Writing at 0x00cf41c1... (78 %)
Writing at 0x00cf88d2... (78 %)
Writing at 0x00cfd01a... (78 %)
Writing at 0x00d0172b... (79 %)
Writing at 0x00d05e49... (79 %)
Writing at 0x00d0a5a6... (79 %)
Writing at 0x00d0ecee... (79 %)
Writing at 0x00d13462... (79 %)
Writing at 0x00d17b9c... (79 %)
Writing at 0x00d1c229... (79 %)
Writing at 0x00d20955... (79 %)
Writing at 0x00d250a4... (80 %)
Writing at 0x00d29856... (80 %)
Writing at 0x00d2dfe4... (80 %)
Writing at 0x00d3279c... (80 %)
Writing at 0x00d36f54... (80 %)
Writing at 0x00d3b6bb... (80 %)
Writing at 0x00d3fe53... (80 %)
Writing at 0x00d44589... (80 %)
Writing at 0x00d48c67... (80 %)
Writing at 0x00d4d3d6... (81 %)
Writing at 0x00d51b1e... (81 %)
Writing at 0x00d56277... (81 %)
Writing at 0x00d5a9b4... (81 %)
Writing at 0x00d5f0d6... (81 %)
Writing at 0x00d6380d... (81 %)
Writing at 0x00d67f80... (81 %)
Writing at 0x00d6c6cb... (81 %)
Writing at 0x00d70e46... (82 %)
Writing at 0x00d7552f... (82 %)
Writing at 0x00d79c72... (82 %)
Writing at 0x00d7e3ef... (82 %)
Writing at 0x00d82b74... (82 %)
Writing at 0x00d872f5... (82 %)
Writing at 0x00d8ba57... (82 %)
Writing at 0x00d901c6... (82 %)
Writing at 0x00d94950... (83 %)
Writing at 0x00d990db... (83 %)
Writing at 0x00d9d850... (83 %)
Writing at 0x00da1f35... (83 %)
Writing at 0x00da666f... (83 %)
Writing at 0x00daadd8... (83 %)
Writing at 0x00daf51f... (83 %)
Writing at 0x00db3c8b... (83 %)
Writing at 0x00db83a0... (84 %)
Writing at 0x00dbcaf8... (84 %)
Writing at 0x00dc1241... (84 %)
Writing at 0x00dc5989... (84 %)
Writing at 0x00dca0cd... (84 %)
Writing at 0x00dce7af... (84 %)
Writing at 0x00dd2f19... (84 %)
Writing at 0x00dd7698... (84 %)
Writing at 0x00ddbe00... (85 %)
Writing at 0x00de0558... (85 %)
Writing at 0x00de4cb0... (85 %)
Writing at 0x00de9430... (85 %)
Writing at 0x00dedb92... (85 %)
Writing at 0x00df2329... (85 %)
Writing at 0x00df6ac7... (85 %)
Writing at 0x00dfb189... (85 %)
Writing at 0x00dff8bf... (86 %)
Writing at 0x00e04018... (86 %)
Writing at 0x00e08744... (86 %)
Writing at 0x00e0cea0... (86 %)
Writing at 0x00e1160e... (86 %)
Writing at 0x00e15d4c... (86 %)
Writing at 0x00e1a463... (86 %)
Writing at 0x00e1ebaf... (86 %)
Writing at 0x00e232f1... (86 %)
Writing at 0x00e27985... (87 %)
Writing at 0x00e2c10d... (87 %)
Writing at 0x00e30882... (87 %)
Writing at 0x00e3501a... (87 %)
Writing at 0x00e397a7... (87 %)
Writing at 0x00e3df44... (87 %)
Writing at 0x00e426d6... (87 %)
Writing at 0x00e46e20... (87 %)
Writing at 0x00e4b55b... (88 %)
Writing at 0x00e4fc80... (88 %)
Writing at 0x00e54344... (88 %)
Writing at 0x00e58ac4... (88 %)
Writing at 0x00e5d226... (88 %)
Writing at 0x00e61952... (88 %)
Writing at 0x00e66088... (88 %)
Writing at 0x00e6a794... (88 %)
Writing at 0x00e6eeea... (89 %)
Writing at 0x00e73646... (89 %)
Writing at 0x00e77d95... (89 %)
Writing at 0x00e7c4c1... (89 %)
Writing at 0x00e80bb5... (89 %)
Writing at 0x00e8533f... (89 %)
Writing at 0x00e89a80... (89 %)
Writing at 0x00e8e1ce... (89 %)
Writing at 0x00e92934... (90 %)
Writing at 0x00e97091... (90 %)
Writing at 0x00e9b844... (90 %)
Writing at 0x00e9ffb1... (90 %)
Writing at 0x00ea4721... (90 %)
Writing at 0x00ea8e63... (90 %)
Writing at 0x00ead515... (90 %)
Writing at 0x00eb1c7d... (90 %)
Writing at 0x00eb63ba... (91 %)
Writing at 0x00ebab44... (91 %)
Writing at 0x00ebf2ac... (91 %)
Writing at 0x00ec39ec... (91 %)
Writing at 0x00ec816e... (91 %)
Writing at 0x00ecc8b9... (91 %)
Writing at 0x00ed1039... (91 %)
Writing at 0x00ed57f6... (91 %)
Writing at 0x00ed9ec9... (92 %)
Writing at 0x00ede64d... (92 %)
Writing at 0x00ee2da6... (92 %)
Writing at 0x00ee7549... (92 %)
Writing at 0x00eebceb... (92 %)
Writing at 0x00ef0469... (92 %)
Writing at 0x00ef4bd6... (92 %)
Writing at 0x00ef934b... (92 %)
Writing at 0x00efdaa2... (93 %)
Writing at 0x00f0221c... (93 %)
Writing at 0x00f0692d... (93 %)
Writing at 0x00f0b096... (93 %)
Writing at 0x00f0f808... (93 %)
Writing at 0x00f13f1c... (93 %)
Writing at 0x00f1865d... (93 %)
Writing at 0x00f1cdd0... (93 %)
Writing at 0x00f21535... (93 %)
Writing at 0x00f25c6b... (94 %)
Writing at 0x00f2a3ad... (94 %)
Writing at 0x00f2eabc... (94 %)
Writing at 0x00f331ad... (94 %)
Writing at 0x00f37939... (94 %)
Writing at 0x00f3c0b5... (94 %)
Writing at 0x00f407bf... (94 %)
Writing at 0x00f44f91... (94 %)
Writing at 0x00f49731... (95 %)
Writing at 0x00f4dea8... (95 %)
Writing at 0x00f525c6... (95 %)
Writing at 0x00f56d56... (95 %)
Writing at 0x00f5b4ae... (95 %)
Writing at 0x00f5fbae... (95 %)
Writing at 0x00f642c9... (95 %)
Writing at 0x00f68a2d... (95 %)
Writing at 0x00f6d187... (96 %)
Writing at 0x00f718f6... (96 %)
Writing at 0x00f76062... (96 %)
Writing at 0x00f7a7ac... (96 %)
Writing at 0x00f7ef02... (96 %)
Writing at 0x00f836aa... (96 %)
Writing at 0x00f87dd5... (96 %)
Writing at 0x00f8c4c6... (96 %)
Writing at 0x00f90c61... (97 %)
Writing at 0x00f953cd... (97 %)
Writing at 0x00f99b36... (97 %)
Writing at 0x00f9e2a7... (97 %)
Writing at 0x00fa2a63... (97 %)
Writing at 0x00fa71f0... (97 %)
Writing at 0x00fab929... (97 %)
Writing at 0x00fb0089... (97 %)
Writing at 0x00fb4794... (98 %)
Writing at 0x00fb8ea5... (98 %)
Writing at 0x00fbd634... (98 %)
Writing at 0x00fc1d75... (98 %)
Writing at 0x00fc6512... (98 %)
Writing at 0x00fcac7d... (98 %)
Writing at 0x00fcf3f2... (98 %)
Writing at 0x00fd3bc1... (98 %)
Writing at 0x00fd836d... (99 %)
Writing at 0x00fdcaf4... (99 %)
Writing at 0x00fe121d... (99 %)
Writing at 0x00fe5991... (99 %)
Writing at 0x00fea17e... (99 %)
Writing at 0x00fee8e7... (99 %)
Writing at 0x00ff306b... (99 %)
Writing at 0x00ff77f1... (99 %)
Writing at 0x00ffbfa7... (100 %)
Wrote 15659904 bytes (13348482 compressed) at 0x00110000 in 192.9 seconds (effective 649.5 kbit/s)...
Hash of data verified.
Compressed 423156 bytes to 160260...
Writing at 0x01000000... (10 %)
Writing at 0x01009645... (20 %)
Writing at 0x010135c2... (30 %)
Writing at 0x0101d842... (40 %)
Writing at 0x01027924... (50 %)
Writing at 0x01031f16... (60 %)
Writing at 0x0103d5d5... (70 %)
Writing at 0x01048839... (80 %)
Writing at 0x01053a3c... (90 %)
Writing at 0x0105eb87... (100 %)
Wrote 423156 bytes (160260 compressed) at 0x01000000 in 3.7 seconds (effective 915.2 kbit/s)...
Hash of data verified.

Leaving...
Hard resetting via RTS pin...
