esptool.py v4.12.0
Serial port COM20
Connecting....
Chip is ESP32-S3 (QFN56) (revision v0.2)
Features: WiFi, BLE, Embedded PSRAM 16MB (AP_1v8)
Crystal is 40MHz
MAC: 90:e5:b1:d1:89:3c
Uploading stub...
Running stub...
Stub running...
Changing baud rate to 921600
Changed.
Configuring flash size...
Flash will be erased from 0x00010000 to 0x00056fff...
Compressed 287200 bytes to 169407...
Writing at 0x00010000... (9 %)
Writing at 0x0001a8d8... (18 %)
Writing at 0x0001fd52... (27 %)
Writing at 0x00028c9c... (36 %)
Writing at 0x0002f28f... (45 %)
Writing at 0x00034ea6... (54 %)
Writing at 0x0003aae9... (63 %)
Writing at 0x0003fd58... (72 %)
Writing at 0x000487b6... (81 %)
Writing at 0x0004dfc1... (90 %)
Writing at 0x00053c30... (100 %)
Wrote 287200 bytes (169407 compressed) at 0x00010000 in 3.1 seconds (effective 745.3 kbit/s)...
Hash of data verified.

Leaving...
Hard resetting via RTS pin...
