esptool.py v4.12.0
Serial port COM20
Connecting...
Chip is ESP32-S3 (QFN56) (revision v0.2)
Features: WiFi, BLE, Embedded PSRAM 16MB (AP_1v8)
Crystal is 40MHz
MAC: 90:e5:b1:d1:89:3c
Uploading stub...
Running stub...
Stub running...
Changing baud rate to 921600
Changed.
Configuring flash size...
Flash will be erased from 0x00110000 to 0x00ffffff...
Flash will be erased from 0x01000000 to 0x01067fff...
Compressed 15659904 bytes to 13350882...
Writing at 0x00110000... (0 %)
Writing at 0x00116424... (0 %)
Writing at 0x0011bcfe... (0 %)
Writing at 0x0012360e... (0 %)
Writing at 0x001285f0... (0 %)
Writing at 0x0012d3e5... (0 %)
Writing at 0x00131f15... (0 %)
Writing at 0x00136a60... (0 %)
Writing at 0x0013b559... (1 %)
Writing at 0x0014014d... (1 %)
Writing at 0x00144d08... (1 %)
Writing at 0x001498db... (1 %)
Writing at 0x0014e3d5... (1 %)
Writing at 0x00153050... (1 %)
Writing at 0x00157d5e... (1 %)
Writing at 0x0015ca51... (1 %)
Writing at 0x0016178d... (2 %)
Writing at 0x001663e9... (2 %)
Writing at 0x0016b025... (2 %)
Writing at 0x0016fd8e... (2 %)
Writing at 0x00174aad... (2 %)
Writing at 0x00179832... (2 %)
Writing at 0x0017e5c6... (2 %)
Writing at 0x001834bb... (2 %)
Writing at 0x00188255... (3 %)
Writing at 0x0018d13e... (3 %)
Writing at 0x00192026... (3 %)
Writing at 0x00196ed0... (3 %)
Writing at 0x0019bd6d... (3 %)
Writing at 0x001a0c0b... (3 %)
Writing at 0x001a5af1... (3 %)
Writing at 0x001aaa5e... (3 %)
Writing at 0x001af9d4... (4 %)
Writing at 0x001b494f... (4 %)
Writing at 0x001b9953... (4 %)
Writing at 0x001bea62... (4 %)
Writing at 0x001c3b9c... (4 %)
Writing at 0x001c8cda... (4 %)
Writing at 0x001cde0a... (4 %)
Writing at 0x001d2e05... (4 %)
Writing at 0x001d7fab... (5 %)
Writing at 0x001dd127... (5 %)
Writing at 0x001e2204... (5 %)
Writing at 0x001e746c... (5 %)
Writing at 0x001ed00d... (5 %)
Writing at 0x001f21b7... (5 %)
Writing at 0x001f76a0... (5 %)
Writing at 0x001fc921... (5 %)
Writing at 0x00201c61... (6 %)
Writing at 0x002070b6... (6 %)
Writing at 0x0020c5f2... (6 %)
Writing at 0x00211b90... (6 %)
Writing at 0x002170c7... (6 %)
Writing at 0x0021c601... (6 %)
Writing at 0x00221b54... (6 %)
Writing at 0x002271a2... (6 %)
Writing at 0x0022c54e... (6 %)
Writing at 0x0023192f... (7 %)
Writing at 0x00236cdb... (7 %)
Writing at 0x0023c108... (7 %)
Writing at 0x002415e6... (7 %)
Writing at 0x0024691d... (7 %)
Writing at 0x0024bc5b... (7 %)
Writing at 0x0025118f... (7 %)
Writing at 0x002567da... (7 %)
Writing at 0x0025bf30... (8 %)
Writing at 0x0026146c... (8 %)
Writing at 0x00266b98... (8 %)
Writing at 0x0026bf0a... (8 %)
Writing at 0x0027133c... (8 %)
Writing at 0x00276791... (8 %)
Writing at 0x0027bce7... (8 %)
Writing at 0x00281336... (8 %)
Writing at 0x00286c7b... (9 %)
Writing at 0x0028c1b6... (9 %)
Writing at 0x002919fc... (9 %)
Writing at 0x00297059... (9 %)
Writing at 0x0029c5e6... (9 %)
Writing at 0x002a1af4... (9 %)
Writing at 0x002a72ea... (9 %)
Writing at 0x002acc5c... (9 %)
Writing at 0x002b24d7... (10 %)
Writing at 0x002b7b32... (10 %)
Writing at 0x002bd15d... (10 %)
Writing at 0x002c2902... (10 %)
Writing at 0x002c8006... (10 %)
Writing at 0x002cd7de... (10 %)
Writing at 0x002d2ff2... (10 %)
Writing at 0x002d87cf... (10 %)
Writing at 0x002de327... (11 %)
Writing at 0x002e3ce5... (11 %)
Writing at 0x002e973d... (11 %)
Writing at 0x002eecb3... (11 %)
Writing at 0x002f47f2... (11 %)
Writing at 0x002fa00a... (11 %)
Writing at 0x002ffc06... (11 %)
Writing at 0x003055d3... (11 %)
Writing at 0x0030b334... (12 %)
Writing at 0x00311281... (12 %)
Writing at 0x00316b34... (12 %)
Writing at 0x0031c450... (12 %)
Writing at 0x00321e5b... (12 %)
Writing at 0x00327b10... (12 %)
Writing at 0x0032d93f... (12 %)
Writing at 0x00333687... (12 %)
Writing at 0x003394d3... (13 %)
Writing at 0x0033ef08... (13 %)
Writing at 0x00344a79... (13 %)
Writing at 0x0034a30a... (13 %)
Writing at 0x0035010d... (13 %)
Writing at 0x00355e7a... (13 %)
Writing at 0x0035b96b... (13 %)
Writing at 0x00361636... (13 %)
Writing at 0x0036736a... (13 %)
Writing at 0x0036d325... (14 %)
Writing at 0x00372c92... (14 %)
Writing at 0x003788a1... (14 %)
Writing at 0x0037e944... (14 %)
Writing at 0x00384a22... (14 %)
Writing at 0x0038a8d9... (14 %)
Writing at 0x0039095c... (14 %)
Writing at 0x003966b4... (14 %)
Writing at 0x0039c4a1... (15 %)
Writing at 0x003a25be... (15 %)
Writing at 0x003a822d... (15 %)
Writing at 0x003adf7d... (15 %)
Writing at 0x003b3cb2... (15 %)
Writing at 0x003b9b91... (15 %)
Writing at 0x003bfceb... (15 %)
Writing at 0x003c5b8f... (15 %)
Writing at 0x003cbcdd... (16 %)
Writing at 0x003d1e4e... (16 %)
Writing at 0x003d8101... (16 %)
Writing at 0x003ddf19... (16 %)
Writing at 0x003e3f37... (16 %)
Writing at 0x003ea2e2... (16 %)
Writing at 0x003f02db... (16 %)
Writing at 0x003f648e... (16 %)
Writing at 0x003fc7ef... (17 %)
Writing at 0x004025af... (17 %)
Writing at 0x0040837a... (17 %)
Writing at 0x0040e46e... (17 %)
Writing at 0x0041461f... (17 %)
Writing at 0x0041a7df... (17 %)
Writing at 0x00420931... (17 %)
Writing at 0x00426b16... (17 %)
Writing at 0x0042cace... (18 %)
Writing at 0x00432d59... (18 %)
Writing at 0x004392cc... (18 %)
Writing at 0x0043f97f... (18 %)
Writing at 0x00445e46... (18 %)
Writing at 0x0044c1d9... (18 %)
Writing at 0x004526e2... (18 %)
Writing at 0x00458b52... (18 %)
Writing at 0x0045eeaa... (19 %)
Writing at 0x00465509... (19 %)
Writing at 0x0046b96b... (19 %)
Writing at 0x00471aa4... (19 %)
Writing at 0x00478220... (19 %)
Writing at 0x0047e678... (19 %)
Writing at 0x00484c30... (19 %)
Writing at 0x0048ae60... (19 %)
Writing at 0x00490ffb... (20 %)
Writing at 0x00497616... (20 %)
Writing at 0x0049d9f2... (20 %)
Writing at 0x004a3f56... (20 %)
Writing at 0x004aa20f... (20 %)
Writing at 0x004b0532... (20 %)
Writing at 0x004b68f6... (20 %)
Writing at 0x004bd13e... (20 %)
Writing at 0x004c38d4... (20 %)
Writing at 0x004c9d37... (21 %)
Writing at 0x004ce406... (21 %)
Writing at 0x004d2b3a... (21 %)
Writing at 0x004d7260... (21 %)
Writing at 0x004db97f... (21 %)
Writing at 0x004e00d3... (21 %)
Writing at 0x004e47f9... (21 %)
Writing at 0x004e8f28... (21 %)
Writing at 0x004ed5ea... (22 %)
Writing at 0x004f1d33... (22 %)
Writing at 0x004f6454... (22 %)
Writing at 0x004faba3... (22 %)
Writing at 0x004ff2f5... (22 %)
Writing at 0x00503a78... (22 %)
Writing at 0x005081fc... (22 %)
Writing at 0x0050c95a... (22 %)
Writing at 0x005110e6... (23 %)
Writing at 0x0051582f... (23 %)
Writing at 0x0051a012... (23 %)
Writing at 0x0051e771... (23 %)
Writing at 0x00522ef7... (23 %)
Writing at 0x0052769f... (23 %)
Writing at 0x0052be2a... (23 %)
Writing at 0x005305b0... (23 %)
Writing at 0x00534cb7... (24 %)
Writing at 0x0053941b... (24 %)
Writing at 0x0053db4f... (24 %)
Writing at 0x00542222... (24 %)
Writing at 0x00546979... (24 %)
Writing at 0x0054b0c8... (24 %)
Writing at 0x0054f841... (24 %)
Writing at 0x00553f71... (24 %)
Writing at 0x005586d0... (25 %)
Writing at 0x0055ce39... (25 %)
Writing at 0x00561588... (25 %)
Writing at 0x00565cca... (25 %)
Writing at 0x0056a3f7... (25 %)
Writing at 0x0056eaf7... (25 %)
Writing at 0x00573223... (25 %)
Writing at 0x00577940... (25 %)
Writing at 0x0057c087... (26 %)
Writing at 0x005807ec... (26 %)
Writing at 0x00584f2a... (26 %)
Writing at 0x00589664... (26 %)
Writing at 0x0058dd9a... (26 %)
Writing at 0x005924df... (26 %)
Writing at 0x00596c14... (26 %)
Writing at 0x0059b2c1... (26 %)
Writing at 0x0059fa93... (26 %)
Writing at 0x005a41ee... (27 %)
Writing at 0x005a899f... (27 %)
Writing at 0x005ad0e1... (27 %)
Writing at 0x005b185c... (27 %)
Writing at 0x005b5fb3... (27 %)
Writing at 0x005ba703... (27 %)
Writing at 0x005bee8d... (27 %)
Writing at 0x005c361e... (27 %)
Writing at 0x005c7d1e... (28 %)
Writing at 0x005cc484... (28 %)
Writing at 0x005d0b6a... (28 %)
Writing at 0x005d52a2... (28 %)
Writing at 0x005d99ea... (28 %)
Writing at 0x005de126... (28 %)
Writing at 0x005e2869... (28 %)
Writing at 0x005e6f6d... (28 %)
Writing at 0x005eb6dc... (29 %)
Writing at 0x005efdf7... (29 %)
Writing at 0x005f4551... (29 %)
Writing at 0x005f8c1c... (29 %)
Writing at 0x005fd366... (29 %)
Writing at 0x00601af8... (29 %)
Writing at 0x00606222... (29 %)
Writing at 0x0060a98f... (29 %)
Writing at 0x0060f116... (30 %)
Writing at 0x006138a2... (30 %)
Writing at 0x0061800c... (30 %)
Writing at 0x0061c77b... (30 %)
Writing at 0x00620e80... (30 %)
Writing at 0x0062551c... (30 %)
Writing at 0x00629c2a... (30 %)
Writing at 0x0062e31b... (30 %)
Writing at 0x00632a7b... (31 %)
Writing at 0x006371bf... (31 %)
Writing at 0x0063b8ef... (31 %)
Writing at 0x00640025... (31 %)
Writing at 0x0064475f... (31 %)
Writing at 0x00648ea9... (31 %)
Writing at 0x0064d5e2... (31 %)
Writing at 0x00651ca0... (31 %)
Writing at 0x0065640c... (32 %)
Writing at 0x0065ab7c... (32 %)
Writing at 0x0065f2a8... (32 %)
Writing at 0x006639c7... (32 %)
Writing at 0x00668131... (32 %)
Writing at 0x0066c8a1... (32 %)
Writing at 0x00670fc2... (32 %)
Writing at 0x0067572c... (32 %)
Writing at 0x00679e76... (33 %)
Writing at 0x0067e548... (33 %)
Writing at 0x00682c93... (33 %)
Writing at 0x00687408... (33 %)
Writing at 0x0068bb2c... (33 %)
Writing at 0x0069029b... (33 %)
Writing at 0x006949fe... (33 %)
Writing at 0x0069917c... (33 %)
Writing at 0x0069d8e0... (33 %)
Writing at 0x006a2034... (34 %)
Writing at 0x006a6749... (34 %)
Writing at 0x006aaddf... (34 %)
Writing at 0x006af54b... (34 %)
Writing at 0x006b3cb2... (34 %)
Writing at 0x006b8436... (34 %)
Writing at 0x006bcb93... (34 %)
Writing at 0x006c12d7... (34 %)
Writing at 0x006c5a52... (35 %)
Writing at 0x006ca1be... (35 %)
Writing at 0x006ce902... (35 %)
Writing at 0x006d304b... (35 %)
Writing at 0x006d7670... (35 %)
Writing at 0x006dbd6c... (35 %)
Writing at 0x006e04b4... (35 %)
Writing at 0x006e4c0c... (35 %)
Writing at 0x006e937f... (36 %)
Writing at 0x006edad1... (36 %)
Writing at 0x006f2208... (36 %)
Writing at 0x006f6988... (36 %)
Writing at 0x006fb0fb... (36 %)
Writing at 0x006ff845... (36 %)
Writing at 0x00703ed5... (36 %)
Writing at 0x00708627... (36 %)
Writing at 0x0070cda1... (37 %)
Writing at 0x00711549... (37 %)
Writing at 0x00715cc6... (37 %)
Writing at 0x0071a454... (37 %)
Writing at 0x0071ebd7... (37 %)
Writing at 0x00723366... (37 %)
Writing at 0x00727aa6... (37 %)
Writing at 0x0072c1bf... (37 %)
Writing at 0x00730823... (38 %)
Writing at 0x00734f3e... (38 %)
Writing at 0x0073966d... (38 %)
Writing at 0x0073dd9c... (38 %)
Writing at 0x007424cc... (38 %)
Writing at 0x00746c34... (38 %)
Writing at 0x0074b365... (38 %)
Writing at 0x0074fa92... (38 %)
Writing at 0x007541c8... (39 %)
Writing at 0x00758934... (39 %)
Writing at 0x0075cfdd... (39 %)
Writing at 0x0076174e... (39 %)
Writing at 0x00765e93... (39 %)
Writing at 0x0076a5fb... (39 %)
Writing at 0x0076ed74... (39 %)
Writing at 0x007734c4... (39 %)
Writing at 0x00777c1f... (40 %)
Writing at 0x0077c38e... (40 %)
Writing at 0x00780ae4... (40 %)
Writing at 0x00785230... (40 %)
Writing at 0x0078993c... (40 %)
Writing at 0x0078e0d0... (40 %)
Writing at 0x00792837... (40 %)
Writing at 0x00796fcb... (40 %)
Writing at 0x0079b735... (40 %)
Writing at 0x0079fe88... (41 %)
Writing at 0x007a45de... (41 %)
Writing at 0x007a8d1b... (41 %)
Writing at 0x007ad482... (41 %)
Writing at 0x007b1be5... (41 %)
Writing at 0x007b6317... (41 %)
Writing at 0x007baa76... (41 %)
Writing at 0x007bf1c9... (41 %)
Writing at 0x007c392e... (42 %)
Writing at 0x007c804a... (42 %)
Writing at 0x007cc799... (42 %)
Writing at 0x007d0ee2... (42 %)
Writing at 0x007d564b... (42 %)
Writing at 0x007d9d77... (42 %)
Writing at 0x007de45f... (42 %)
Writing at 0x007e2b35... (42 %)
Writing at 0x007e729e... (43 %)
Writing at 0x007eba20... (43 %)
Writing at 0x007f0150... (43 %)
Writing at 0x007f488e... (43 %)
Writing at 0x007f8fec... (43 %)
Writing at 0x007fd725... (43 %)
Writing at 0x00801e55... (43 %)
Writing at 0x0080657e... (43 %)
Writing at 0x0080aca4... (44 %)
Writing at 0x0080f393... (44 %)
Writing at 0x00813b06... (44 %)
Writing at 0x00818243... (44 %)
Writing at 0x0081c9f1... (44 %)
Writing at 0x0082116d... (44 %)
Writing at 0x008258e4... (44 %)
Writing at 0x0082a04e... (44 %)
Writing at 0x0082e78f... (45 %)
Writing at 0x00832ebc... (45 %)
Writing at 0x008375c1... (45 %)
Writing at 0x0083bc58... (45 %)
Writing at 0x00840356... (45 %)
Writing at 0x00844a92... (45 %)
Writing at 0x008491fe... (45 %)
Writing at 0x0084d98a... (45 %)
Writing at 0x008520d4... (46 %)
Writing at 0x00856844... (46 %)
Writing at 0x0085af96... (46 %)
Writing at 0x0085f6e5... (46 %)
Writing at 0x00863e23... (46 %)
Writing at 0x00868511... (46 %)
Writing at 0x0086ccb6... (46 %)
Writing at 0x00871435... (46 %)
Writing at 0x00875bc6... (46 %)
Writing at 0x0087a31b... (47 %)
Writing at 0x0087ea6e... (47 %)
Writing at 0x008831a5... (47 %)
Writing at 0x008878f1... (47 %)
Writing at 0x0088c066... (47 %)
Writing at 0x008907ab... (47 %)
Writing at 0x00894eb5... (47 %)
Writing at 0x0089966b... (47 %)
Writing at 0x0089ddd2... (48 %)
Writing at 0x008a24f6... (48 %)
Writing at 0x008a6c80... (48 %)
Writing at 0x008ab3ba... (48 %)
Writing at 0x008afb34... (48 %)
Writing at 0x008b4269... (48 %)
Writing at 0x008b89d6... (48 %)
Writing at 0x008bd16f... (48 %)
Writing at 0x008c1860... (49 %)
Writing at 0x008c5fc0... (49 %)
Writing at 0x008ca748... (49 %)
Writing at 0x008cee59... (49 %)
Writing at 0x008d3581... (49 %)
Writing at 0x008d7cbc... (49 %)
Writing at 0x008dc40e... (49 %)
Writing at 0x008e0b5a... (49 %)
Writing at 0x008e52ca... (50 %)
Writing at 0x008e99f1... (50 %)
Writing at 0x008ee07b... (50 %)
Writing at 0x008f27a8... (50 %)
Writing at 0x008f6eeb... (50 %)
Writing at 0x008fb640... (50 %)
Writing at 0x008ffd9f... (50 %)
Writing at 0x009044ed... (50 %)
Writing at 0x00908c39... (51 %)
Writing at 0x0090d349... (51 %)
Writing at 0x00911aa1... (51 %)
Writing at 0x00916243... (51 %)
Writing at 0x0091a96c... (51 %)
Writing at 0x0091f0de... (51 %)
Writing at 0x0092389a... (51 %)
Writing at 0x00928011... (51 %)
Writing at 0x0092c7ae... (52 %)
Writing at 0x00930f13... (52 %)
Writing at 0x00935665... (52 %)
Writing at 0x00939d56... (52 %)
Writing at 0x0093e47b... (52 %)
Writing at 0x00942b8c... (52 %)
Writing at 0x009471f5... (52 %)
Writing at 0x0094b937... (52 %)
Writing at 0x009500e3... (53 %)
Writing at 0x0095481e... (53 %)
Writing at 0x00958f34... (53 %)
Writing at 0x0095d661... (53 %)
Writing at 0x00961de2... (53 %)
Writing at 0x0096657a... (53 %)
Writing at 0x0096acc1... (53 %)
Writing at 0x0096f3f1... (53 %)
Writing at 0x00973a8e... (53 %)
Writing at 0x0097822b... (54 %)
Writing at 0x0097c96e... (54 %)
Writing at 0x009810e6... (54 %)
Writing at 0x0098581f... (54 %)
Writing at 0x00989f6f... (54 %)
Writing at 0x0098e6ac... (54 %)
Writing at 0x00992e28... (54 %)
Writing at 0x0099759c... (54 %)
Writing at 0x0099bd30... (55 %)
Writing at 0x009a03e7... (55 %)
Writing at 0x009a4b87... (55 %)
Writing at 0x009a930d... (55 %)
Writing at 0x009ada96... (55 %)
Writing at 0x009b2228... (55 %)
Writing at 0x009b6985... (55 %)
Writing at 0x009bb0fa... (55 %)
Writing at 0x009bf82c... (56 %)
Writing at 0x009c3f95... (56 %)
Writing at 0x009c86f1... (56 %)
Writing at 0x009ccdea... (56 %)
Writing at 0x009d1546... (56 %)
Writing at 0x009d5cbc... (56 %)
Writing at 0x009da435... (56 %)
Writing at 0x009debaa... (56 %)
Writing at 0x009e3338... (57 %)
Writing at 0x009e7a7e... (57 %)
Writing at 0x009ec1b0... (57 %)
Writing at 0x009f08ed... (57 %)
Writing at 0x009f5010... (57 %)
Writing at 0x009f9713... (57 %)
Writing at 0x009fddee... (57 %)
Writing at 0x00a02541... (57 %)
Writing at 0x00a06c6d... (58 %)
Writing at 0x00a0b3a0... (58 %)
Writing at 0x00a0fab8... (58 %)
Writing at 0x00a141e3... (58 %)
Writing at 0x00a18955... (58 %)
Writing at 0x00a1d0ca... (58 %)
Writing at 0x00a218aa... (58 %)
Writing at 0x00a26044... (58 %)
Writing at 0x00a2a77f... (59 %)
Writing at 0x00a2ef62... (59 %)
Writing at 0x00a336bc... (59 %)
Writing at 0x00a37de1... (59 %)
Writing at 0x00a3c53d... (59 %)
Writing at 0x00a40c5d... (59 %)
Writing at 0x00a4537b... (59 %)
Writing at 0x00a49acc... (59 %)
Writing at 0x00a4e1af... (60 %)
Writing at 0x00a52905... (60 %)
Writing at 0x00a56fdb... (60 %)
Writing at 0x00a5b704... (60 %)
Writing at 0x00a5fe56... (60 %)
Writing at 0x00a645ad... (60 %)
Writing at 0x00a68d28... (60 %)
Writing at 0x00a6d4a0... (60 %)
Writing at 0x00a71bd5... (60 %)
Writing at 0x00a7637b... (61 %)
Writing at 0x00a7ab2b... (61 %)
Writing at 0x00a7f297... (61 %)
Writing at 0x00a8398a... (61 %)
Writing at 0x00a880cf... (61 %)
Writing at 0x00a8c82b... (61 %)
Writing at 0x00a90f76... (61 %)
Writing at 0x00a956ce... (61 %)
Writing at 0x00a99e36... (62 %)
Writing at 0x00a9e577... (62 %)
Writing at 0x00aa2d02... (62 %)
Writing at 0x00aa7496... (62 %)
Writing at 0x00aabbc6... (62 %)
Writing at 0x00ab02cb... (62 %)
Writing at 0x00ab49f8... (62 %)
Writing at 0x00ab9166... (62 %)
Writing at 0x00abd8b4... (63 %)
Writing at 0x00ac201e... (63 %)
Writing at 0x00ac67a0... (63 %)
Writing at 0x00acaefc... (63 %)
Writing at 0x00acf61a... (63 %)
Writing at 0x00ad3d7f... (63 %)
Writing at 0x00ad8493... (63 %)
Writing at 0x00adcbfc... (63 %)
Writing at 0x00ae133e... (64 %)
Writing at 0x00ae5a51... (64 %)
Writing at 0x00aea1c5... (64 %)
Writing at 0x00aee8d7... (64 %)
Writing at 0x00af3019... (64 %)
Writing at 0x00af7715... (64 %)
Writing at 0x00afbe48... (64 %)
Writing at 0x00b0055f... (64 %)
Writing at 0x00b04c7e... (65 %)
Writing at 0x00b0932a... (65 %)
Writing at 0x00b0da21... (65 %)
Writing at 0x00b12146... (65 %)
Writing at 0x00b1687d... (65 %)
Writing at 0x00b1afee... (65 %)
Writing at 0x00b1f77e... (65 %)
Writing at 0x00b23edd... (65 %)
Writing at 0x00b28699... (66 %)
Writing at 0x00b2ce06... (66 %)
Writing at 0x00b3157c... (66 %)
Writing at 0x00b35c51... (66 %)
Writing at 0x00b3a3a9... (66 %)
Writing at 0x00b3eaad... (66 %)
Writing at 0x00b431f4... (66 %)
Writing at 0x00b4794b... (66 %)
Writing at 0x00b4c09e... (66 %)
Writing at 0x00b507d8... (67 %)
Writing at 0x00b54f5a... (67 %)
Writing at 0x00b596b5... (67 %)
Writing at 0x00b5de22... (67 %)
Writing at 0x00b624f4... (67 %)
Writing at 0x00b66c33... (67 %)
Writing at 0x00b6b344... (67 %)
Writing at 0x00b6fa8a... (67 %)
Writing at 0x00b741c1... (68 %)
Writing at 0x00b7891f... (68 %)
Writing at 0x00b7d07e... (68 %)
Writing at 0x00b817fe... (68 %)
Writing at 0x00b85f60... (68 %)
Writing at 0x00b8a6c3... (68 %)
Writing at 0x00b8ed78... (68 %)
Writing at 0x00b934cd... (68 %)
Writing at 0x00b97c46... (69 %)
Writing at 0x00b9c3b4... (69 %)
Writing at 0x00ba0af2... (69 %)
Writing at 0x00ba5209... (69 %)
Writing at 0x00ba9985... (69 %)
Writing at 0x00bae0c5... (69 %)
Writing at 0x00bb284d... (69 %)
Writing at 0x00bb6fa4... (69 %)
Writing at 0x00bbb680... (70 %)
Writing at 0x00bbfe10... (70 %)
Writing at 0x00bc4544... (70 %)
Writing at 0x00bc8cab... (70 %)
Writing at 0x00bcd408... (70 %)
Writing at 0x00bd1b77... (70 %)
Writing at 0x00bd6305... (70 %)
Writing at 0x00bdaa98... (70 %)
Writing at 0x00bdf1ed... (71 %)
Writing at 0x00be3941... (71 %)
Writing at 0x00be8013... (71 %)
Writing at 0x00bec7b7... (71 %)
Writing at 0x00bf0f11... (71 %)
Writing at 0x00bf565d... (71 %)
Writing at 0x00bf9dbc... (71 %)
Writing at 0x00bfe4be... (71 %)
Writing at 0x00c02bef... (72 %)
Writing at 0x00c07336... (72 %)
Writing at 0x00c0ba94... (72 %)
Writing at 0x00c101dc... (72 %)
Writing at 0x00c148b4... (72 %)
Writing at 0x00c18fe1... (72 %)
Writing at 0x00c1d730... (72 %)
Writing at 0x00c21e83... (72 %)
Writing at 0x00c2664f... (73 %)
Writing at 0x00c2ae18... (73 %)
Writing at 0x00c2f598... (73 %)
Writing at 0x00c33d04... (73 %)
Writing at 0x00c384b7... (73 %)
Writing at 0x00c3cc1a... (73 %)
Writing at 0x00c412e7... (73 %)
Writing at 0x00c45a16... (73 %)
Writing at 0x00c4a174... (73 %)
Writing at 0x00c4e8be... (74 %)
Writing at 0x00c53004... (74 %)
Writing at 0x00c57735... (74 %)
Writing at 0x00c5be72... (74 %)
Writing at 0x00c6059e... (74 %)
Writing at 0x00c64d07... (74 %)
Writing at 0x00c6944a... (74 %)
Writing at 0x00c6db22... (74 %)
Writing at 0x00c72283... (75 %)
Writing at 0x00c769f7... (75 %)
Writing at 0x00c7b136... (75 %)
Writing at 0x00c7f8ba... (75 %)
Writing at 0x00c8403f... (75 %)
Writing at 0x00c887a9... (75 %)
Writing at 0x00c8cf13... (75 %)
Writing at 0x00c91689... (75 %)
Writing at 0x00c95de4... (76 %)
Writing at 0x00c9a4b5... (76 %)
Writing at 0x00c9ec3a... (76 %)
Writing at 0x00ca337a... (76 %)
Writing at 0x00ca7ad6... (76 %)
Writing at 0x00cac259... (76 %)
Writing at 0x00cb09ae... (76 %)
Writing at 0x00cb5125... (76 %)
Writing at 0x00cb9891... (77 %)
Writing at 0x00cbdfea... (77 %)
Writing at 0x00cc2709... (77 %)
Writing at 0x00cc6e01... (77 %)
Writing at 0x00ccb51f... (77 %)
Writing at 0x00ccfc9d... (77 %)
Writing at 0x00cd43fc... (77 %)
Writing at 0x00cd8b79... (77 %)
Writing at 0x00cdd2f5... (78 %)
Writing at 0x00ce1a57... (78 %)
Writing at 0x00ce61d2... (78 %)
Writing at 0x00cea939... (78 %)
Writing at 0x00cef068... (78 %)
Writing at 0x00cf3729... (78 %)
Writing at 0x00cf7e25... (78 %)
Writing at 0x00cfc579... (78 %)
Writing at 0x00d00c89... (79 %)
Writing at 0x00d053a0... (79 %)
Writing at 0x00d09af8... (79 %)
Writing at 0x00d0e246... (79 %)
Writing at 0x00d129ba... (79 %)
Writing at 0x00d17102... (79 %)
Writing at 0x00d1b820... (79 %)
Writing at 0x00d1feaa... (79 %)
Writing at 0x00d245eb... (80 %)
Writing at 0x00d28d98... (80 %)
Writing at 0x00d2d531... (80 %)
Writing at 0x00d31cfc... (80 %)
Writing at 0x00d364a8... (80 %)
Writing at 0x00d3ac1f... (80 %)
Writing at 0x00d3f3c4... (80 %)
Writing at 0x00d43ae8... (80 %)
Writing at 0x00d4825f... (80 %)
Writing at 0x00d4c933... (81 %)
Writing at 0x00d5107e... (81 %)
Writing at 0x00d557bb... (81 %)
Writing at 0x00d59f00... (81 %)
Writing at 0x00d5e63c... (81 %)
Writing at 0x00d62d62... (81 %)
Writing at 0x00d674d7... (81 %)
Writing at 0x00d6bc26... (81 %)
Writing at 0x00d703ab... (82 %)
Writing at 0x00d74b1b... (82 %)
Writing at 0x00d791e2... (82 %)
Writing at 0x00d7d959... (82 %)
Writing at 0x00d820f1... (82 %)
Writing at 0x00d86860... (82 %)
Writing at 0x00d8afb8... (82 %)
Writing at 0x00d8f74b... (82 %)
Writing at 0x00d93e91... (83 %)
Writing at 0x00d98649... (83 %)
Writing at 0x00d9cdab... (83 %)
Writing at 0x00da151e... (83 %)
Writing at 0x00da5bc7... (83 %)
Writing at 0x00daa34a... (83 %)
Writing at 0x00daeaba... (83 %)
Writing at 0x00db320a... (83 %)
Writing at 0x00db7931... (84 %)
Writing at 0x00dbc083... (84 %)
Writing at 0x00dc07c0... (84 %)
Writing at 0x00dc4f23... (84 %)
Writing at 0x00dc9661... (84 %)
Writing at 0x00dcddb3... (84 %)
Writing at 0x00dd24ae... (84 %)
Writing at 0x00dd6c26... (84 %)
Writing at 0x00ddb388... (85 %)
Writing at 0x00ddfacf... (85 %)
Writing at 0x00de422e... (85 %)
Writing at 0x00de89a5... (85 %)
Writing at 0x00ded0f9... (85 %)
Writing at 0x00df1896... (85 %)
Writing at 0x00df6047... (85 %)
Writing at 0x00dfa79c... (85 %)
Writing at 0x00dfee51... (86 %)
Writing at 0x00e03591... (86 %)
Writing at 0x00e07cd1... (86 %)
Writing at 0x00e0c417... (86 %)
Writing at 0x00e10b8b... (86 %)
Writing at 0x00e152e6... (86 %)
Writing at 0x00e199ed... (86 %)
Writing at 0x00e1e14d... (86 %)
Writing at 0x00e22886... (86 %)
Writing at 0x00e26fad... (87 %)
Writing at 0x00e2b6a8... (87 %)
Writing at 0x00e2fdf5... (87 %)
Writing at 0x00e3458a... (87 %)
Writing at 0x00e38d20... (87 %)
Writing at 0x00e3d4af... (87 %)
Writing at 0x00e41c3f... (87 %)
Writing at 0x00e463bd... (87 %)
Writing at 0x00e4aad3... (88 %)
Writing at 0x00e4f20a... (88 %)
Writing at 0x00e53931... (88 %)
Writing at 0x00e58038... (88 %)
Writing at 0x00e5c7a4... (88 %)
Writing at 0x00e60ec9... (88 %)
Writing at 0x00e6560d... (88 %)
Writing at 0x00e69d3f... (88 %)
Writing at 0x00e6e456... (89 %)
Writing at 0x00e72bcf... (89 %)
Writing at 0x00e77323... (89 %)
Writing at 0x00e7ba46... (89 %)
Writing at 0x00e801d2... (89 %)
Writing at 0x00e848c1... (89 %)
Writing at 0x00e8901e... (89 %)
Writing at 0x00e8d76f... (89 %)
Writing at 0x00e91eb1... (90 %)
Writing at 0x00e96624... (90 %)
Writing at 0x00e9adc3... (90 %)
Writing at 0x00e9f540... (90 %)
Writing at 0x00ea3cb0... (90 %)
Writing at 0x00ea83e5... (90 %)
Writing at 0x00eacb1d... (90 %)
Writing at 0x00eb11fd... (90 %)
Writing at 0x00eb5922... (91 %)
Writing at 0x00eba0ac... (91 %)
Writing at 0x00ebe813... (91 %)
Writing at 0x00ec2f58... (91 %)
Writing at 0x00ec76d4... (91 %)
Writing at 0x00ecbe2f... (91 %)
Writing at 0x00ed059f... (91 %)
Writing at 0x00ed4d63... (91 %)
Writing at 0x00ed948b... (92 %)
Writing at 0x00eddbcb... (92 %)
Writing at 0x00ee2327... (92 %)
Writing at 0x00ee6ac0... (92 %)
Writing at 0x00eeb269... (92 %)
Writing at 0x00eef9e0... (92 %)
Writing at 0x00ef4155... (92 %)
Writing at 0x00ef88be... (92 %)
Writing at 0x00efd03f... (93 %)
Writing at 0x00f01794... (93 %)
Writing at 0x00f05f23... (93 %)
Writing at 0x00f0a60e... (93 %)
Writing at 0x00f0ed6f... (93 %)
Writing at 0x00f1348b... (93 %)
Writing at 0x00f17bdb... (93 %)
Writing at 0x00f1c333... (93 %)
Writing at 0x00f20aa6... (93 %)
Writing at 0x00f251cf... (94 %)
Writing at 0x00f29912... (94 %)
Writing at 0x00f2e02f... (94 %)
Writing at 0x00f327a6... (94 %)
Writing at 0x00f36ea9... (94 %)
Writing at 0x00f3b62d... (94 %)
Writing at 0x00f3fd37... (94 %)
Writing at 0x00f444e9... (94 %)
Writing at 0x00f48cb7... (95 %)
Writing at 0x00f4d40d... (95 %)
Writing at 0x00f51b53... (95 %)
Writing at 0x00f562a5... (95 %)
Writing at 0x00f5aa23... (95 %)
Writing at 0x00f5f105... (95 %)
Writing at 0x00f63828... (95 %)
Writing at 0x00f67f8d... (95 %)
Writing at 0x00f6c6fb... (96 %)
Writing at 0x00f70e4c... (96 %)
Writing at 0x00f755c7... (96 %)
Writing at 0x00f79d11... (96 %)
Writing at 0x00f7e458... (96 %)
Writing at 0x00f82c00... (96 %)
Writing at 0x00f8734e... (96 %)
Writing at 0x00f8ba41... (96 %)
Writing at 0x00f901ac... (97 %)
Writing at 0x00f94930... (97 %)
Writing at 0x00f99090... (97 %)
Writing at 0x00f9d813... (97 %)
Writing at 0x00fa1fda... (97 %)
Writing at 0x00fa6752... (97 %)
Writing at 0x00faaea2... (97 %)
Writing at 0x00faf606... (97 %)
Writing at 0x00fb3d65... (98 %)
Writing at 0x00fb842f... (98 %)
Writing at 0x00fbcbb0... (98 %)
Writing at 0x00fc1301... (98 %)
Writing at 0x00fc5a8f... (98 %)
Writing at 0x00fca208... (98 %)
Writing at 0x00fce971... (98 %)
Writing at 0x00fd314c... (98 %)
Writing at 0x00fd78e1... (99 %)
Writing at 0x00fdc083... (99 %)
Writing at 0x00fe081c... (99 %)
Writing at 0x00fe4ef2... (99 %)
Writing at 0x00fe96c7... (99 %)
Writing at 0x00fede58... (99 %)
Writing at 0x00ff25e9... (99 %)
Writing at 0x00ff6d73... (99 %)
Writing at 0x00ffb511... (100 %)
Wrote 15659904 bytes (13350882 compressed) at 0x00110000 in 192.6 seconds (effective 650.5 kbit/s)...
Hash of data verified.
Compressed 423156 bytes to 160260...
Writing at 0x01000000... (10 %)
Writing at 0x01009645... (20 %)
Writing at 0x010135c2... (30 %)
Writing at 0x0101d842... (40 %)
Writing at 0x01027924... (50 %)
Writing at 0x01031f16... (60 %)
Writing at 0x0103d5d5... (70 %)
Writing at 0x01048839... (80 %)
Writing at 0x01053a3c... (90 %)
Writing at 0x0105eb87... (100 %)
Wrote 423156 bytes (160260 compressed) at 0x01000000 in 3.7 seconds (effective 918.0 kbit/s)...
Hash of data verified.

Leaving...
Hard resetting via RTS pin...
