esptool.py v4.12.0
Serial port COM20
Connecting...
Chip is ESP32-S3 (QFN56) (revision v0.2)
Features: WiFi, BLE, Embedded PSRAM 16MB (AP_1v8)
Crystal is 40MHz
MAC: 90:e5:b1:d1:89:3c
Uploading stub...
Running stub...
Stub running...
Changing baud rate to 921600
Changed.
Configuring flash size...
Flash will be erased from 0x00110000 to 0x00ffffff...
Flash will be erased from 0x01000000 to 0x01067fff...
Compressed 15659904 bytes to 13347730...
Writing at 0x00110000... (0 %)
Writing at 0x00116429... (0 %)
Writing at 0x0011bd34... (0 %)
Writing at 0x0012362f... (0 %)
Writing at 0x001285a0... (0 %)
Writing at 0x0012d3ca... (0 %)
Writing at 0x00131f44... (0 %)
Writing at 0x00136a84... (0 %)
Writing at 0x0013b57a... (1 %)
Writing at 0x0014016b... (1 %)
Writing at 0x00144d42... (1 %)
Writing at 0x00149902... (1 %)
Writing at 0x0014e3eb... (1 %)
Writing at 0x00153052... (1 %)
Writing at 0x00157d58... (1 %)
Writing at 0x0015ca48... (1 %)
Writing at 0x001617ad... (2 %)
Writing at 0x00166408... (2 %)
Writing at 0x0016b051... (2 %)
Writing at 0x0016fd8f... (2 %)
Writing at 0x00174abd... (2 %)
Writing at 0x00179825... (2 %)
Writing at 0x0017e5be... (2 %)
Writing at 0x001834d0... (2 %)
Writing at 0x001882a4... (3 %)
Writing at 0x0018d18e... (3 %)
Writing at 0x00192073... (3 %)
Writing at 0x00196f1b... (3 %)
Writing at 0x0019bdaa... (3 %)
Writing at 0x001a0c46... (3 %)
Writing at 0x001a5b34... (3 %)
Writing at 0x001aaac5... (3 %)
Writing at 0x001afa1a... (4 %)
Writing at 0x001b49a0... (4 %)
Writing at 0x001b99de... (4 %)
Writing at 0x001beaea... (4 %)
Writing at 0x001c3c0b... (4 %)
Writing at 0x001c8d7c... (4 %)
Writing at 0x001cded6... (4 %)
Writing at 0x001d2f27... (4 %)
Writing at 0x001d8080... (5 %)
Writing at 0x001dd1e4... (5 %)
Writing at 0x001e22a1... (5 %)
Writing at 0x001e7565... (5 %)
Writing at 0x001ed0eb... (5 %)
Writing at 0x001f2288... (5 %)
Writing at 0x001f77c2... (5 %)
Writing at 0x001fca6c... (5 %)
Writing at 0x00201d32... (6 %)
Writing at 0x002071ca... (6 %)
Writing at 0x0020c6e9... (6 %)
Writing at 0x00211d08... (6 %)
Writing at 0x00217218... (6 %)
Writing at 0x0021c757... (6 %)
Writing at 0x00221d0f... (6 %)
Writing at 0x002272da... (6 %)
Writing at 0x0022c681... (6 %)
Writing at 0x00231a8d... (7 %)
Writing at 0x00236e48... (7 %)
Writing at 0x0023c236... (7 %)
Writing at 0x00241765... (7 %)
Writing at 0x00246a9b... (7 %)
Writing at 0x0024bda1... (7 %)
Writing at 0x002512fc... (7 %)
Writing at 0x00256989... (7 %)
Writing at 0x0025c121... (8 %)
Writing at 0x002615a7... (8 %)
Writing at 0x00266d57... (8 %)
Writing at 0x0026c0e4... (8 %)
Writing at 0x002714c8... (8 %)
Writing at 0x00276907... (8 %)
Writing at 0x0027be9a... (8 %)
Writing at 0x00281513... (8 %)
Writing at 0x00286e99... (9 %)
Writing at 0x0028c3b9... (9 %)
Writing at 0x00291c2b... (9 %)
Writing at 0x00297296... (9 %)
Writing at 0x0029c7ac... (9 %)
Writing at 0x002a1d53... (9 %)
Writing at 0x002a75e1... (9 %)
Writing at 0x002acfe6... (9 %)
Writing at 0x002b27c6... (10 %)
Writing at 0x002b7e88... (10 %)
Writing at 0x002bd4b5... (10 %)
Writing at 0x002c2be2... (10 %)
Writing at 0x002c833b... (10 %)
Writing at 0x002cdad8... (10 %)
Writing at 0x002d3277... (10 %)
Writing at 0x002d8bab... (10 %)
Writing at 0x002de791... (11 %)
Writing at 0x002e416c... (11 %)
Writing at 0x002e9b45... (11 %)
Writing at 0x002ef129... (11 %)
Writing at 0x002f4c08... (11 %)
Writing at 0x002fa47b... (11 %)
Writing at 0x002fffa8... (11 %)
Writing at 0x00305abb... (11 %)
Writing at 0x0030b853... (12 %)
Writing at 0x00311722... (12 %)
Writing at 0x00316fcf... (12 %)
Writing at 0x0031c92f... (12 %)
Writing at 0x003223b3... (12 %)
Writing at 0x0032803c... (12 %)
Writing at 0x0032de11... (12 %)
Writing at 0x00333c7c... (12 %)
Writing at 0x00339a0a... (13 %)
Writing at 0x0033f463... (13 %)
Writing at 0x00344fca... (13 %)
Writing at 0x0034a8ad... (13 %)
Writing at 0x003506ba... (13 %)
Writing at 0x003563d7... (13 %)
Writing at 0x0035bf6a... (13 %)
Writing at 0x00361c5c... (13 %)
Writing at 0x003679e4... (13 %)
Writing at 0x0036d9b7... (14 %)
Writing at 0x00373356... (14 %)
Writing at 0x00378fef... (14 %)
Writing at 0x0037f073... (14 %)
Writing at 0x003850f8... (14 %)
Writing at 0x0038b0a6... (14 %)
Writing at 0x0039101b... (14 %)
Writing at 0x00396f36... (14 %)
Writing at 0x0039cc6d... (15 %)
Writing at 0x003a2e9e... (15 %)
Writing at 0x003a8a02... (15 %)
Writing at 0x003ae7e6... (15 %)
Writing at 0x003b44ca... (15 %)
Writing at 0x003ba4ae... (15 %)
Writing at 0x003c06b1... (15 %)
Writing at 0x003c66a3... (15 %)
Writing at 0x003cc7ab... (16 %)
Writing at 0x003d286b... (16 %)
Writing at 0x003d8b1e... (16 %)
Writing at 0x003dea65... (16 %)
Writing at 0x003e4aa2... (16 %)
Writing at 0x003eadb9... (16 %)
Writing at 0x003f0e1e... (16 %)
Writing at 0x003f70f5... (16 %)
Writing at 0x003fd2e2... (17 %)
Writing at 0x004031b6... (17 %)
Writing at 0x00408f52... (17 %)
Writing at 0x0040f101... (17 %)
Writing at 0x004151c1... (17 %)
Writing at 0x0041b465... (17 %)
Writing at 0x00421721... (17 %)
Writing at 0x00427868... (17 %)
Writing at 0x0042d8c2... (18 %)
Writing at 0x00433c4f... (18 %)
Writing at 0x0043a153... (18 %)
Writing at 0x004407f4... (18 %)
Writing at 0x00446b69... (18 %)
Writing at 0x0044d02a... (18 %)
Writing at 0x0045358a... (18 %)
Writing at 0x004599b5... (18 %)
Writing at 0x0045fec4... (19 %)
Writing at 0x00466545... (19 %)
Writing at 0x0046c928... (19 %)
Writing at 0x00472ad4... (19 %)
Writing at 0x004790ee... (19 %)
Writing at 0x0047f7a7... (19 %)
Writing at 0x00485d33... (19 %)
Writing at 0x0048be08... (19 %)
Writing at 0x004921fd... (20 %)
Writing at 0x00498716... (20 %)
Writing at 0x0049eb5e... (20 %)
Writing at 0x004a503a... (20 %)
Writing at 0x004ab349... (20 %)
Writing at 0x004b17d6... (20 %)
Writing at 0x004b7c16... (20 %)
Writing at 0x004be534... (20 %)
Writing at 0x004c4b3c... (20 %)
Writing at 0x004cab09... (21 %)
Writing at 0x004cf171... (21 %)
Writing at 0x004d38b8... (21 %)
Writing at 0x004d7fbb... (21 %)
Writing at 0x004dc6fb... (21 %)
Writing at 0x004e0e3f... (21 %)
Writing at 0x004e555d... (21 %)
Writing at 0x004e9c36... (21 %)
Writing at 0x004ee377... (22 %)
Writing at 0x004f2a99... (22 %)
Writing at 0x004f71ce... (22 %)
Writing at 0x004fb90c... (22 %)
Writing at 0x0050006e... (22 %)
Writing at 0x005047e9... (22 %)
Writing at 0x00508f76... (22 %)
Writing at 0x0050d6cf... (22 %)
Writing at 0x00511e73... (23 %)
Writing at 0x005165c2... (23 %)
Writing at 0x0051ad8c... (23 %)
Writing at 0x0051f501... (23 %)
Writing at 0x00523c72... (23 %)
Writing at 0x00528416... (23 %)
Writing at 0x0052cb8b... (23 %)
Writing at 0x0053131f... (23 %)
Writing at 0x00535a5a... (24 %)
Writing at 0x0053a18c... (24 %)
Writing at 0x0053e8df... (24 %)
Writing at 0x00542fc4... (24 %)
Writing at 0x00547713... (24 %)
Writing at 0x0054be6e... (24 %)
Writing at 0x005505e0... (24 %)
Writing at 0x00554d28... (24 %)
Writing at 0x00559482... (25 %)
Writing at 0x0055dbe2... (25 %)
Writing at 0x00562319... (25 %)
Writing at 0x00566a67... (25 %)
Writing at 0x0056b19b... (25 %)
Writing at 0x0056f899... (25 %)
Writing at 0x00573fcc... (25 %)
Writing at 0x005786e0... (25 %)
Writing at 0x0057ce35... (26 %)
Writing at 0x0058158e... (26 %)
Writing at 0x00585cc7... (26 %)
Writing at 0x0058a3fe... (26 %)
Writing at 0x0058eb38... (26 %)
Writing at 0x005932a0... (26 %)
Writing at 0x005979d7... (26 %)
Writing at 0x0059c09a... (26 %)
Writing at 0x005a0869... (26 %)
Writing at 0x005a4fc6... (27 %)
Writing at 0x005a9761... (27 %)
Writing at 0x005adecd... (27 %)
Writing at 0x005b2626... (27 %)
Writing at 0x005b6dae... (27 %)
Writing at 0x005bb4f7... (27 %)
Writing at 0x005bfc90... (27 %)
Writing at 0x005c442b... (27 %)
Writing at 0x005c8b29... (28 %)
Writing at 0x005cd2a0... (28 %)
Writing at 0x005d195e... (28 %)
Writing at 0x005d60a2... (28 %)
Writing at 0x005da7e0... (28 %)
Writing at 0x005def2a... (28 %)
Writing at 0x005e3643... (28 %)
Writing at 0x005e7d88... (28 %)
Writing at 0x005ec4e0... (29 %)
Writing at 0x005f0c1c... (29 %)
Writing at 0x005f52e3... (29 %)
Writing at 0x005f9a49... (29 %)
Writing at 0x005fe185... (29 %)
Writing at 0x00602905... (29 %)
Writing at 0x00607058... (29 %)
Writing at 0x0060b7b3... (29 %)
Writing at 0x0060ff32... (30 %)
Writing at 0x006146cc... (30 %)
Writing at 0x00618e27... (30 %)
Writing at 0x0061d57f... (30 %)
Writing at 0x00621c11... (30 %)
Writing at 0x0062631a... (30 %)
Writing at 0x0062aa34... (30 %)
Writing at 0x0062f152... (30 %)
Writing at 0x006338a6... (31 %)
Writing at 0x00637fae... (31 %)
Writing at 0x0063c70a... (31 %)
Writing at 0x00640e5a... (31 %)
Writing at 0x00645582... (31 %)
Writing at 0x00649cb9... (31 %)
Writing at 0x0064e38a... (31 %)
Writing at 0x00652acf... (31 %)
Writing at 0x00657239... (32 %)
Writing at 0x0065b986... (32 %)
Writing at 0x006600c5... (32 %)
Writing at 0x006647e8... (32 %)
Writing at 0x00668f5c... (32 %)
Writing at 0x0066d6c7... (32 %)
Writing at 0x00671deb... (32 %)
Writing at 0x00676553... (32 %)
Writing at 0x0067ac03... (33 %)
Writing at 0x0067f35d... (33 %)
Writing at 0x00683ab2... (33 %)
Writing at 0x00688239... (33 %)
Writing at 0x0068c967... (33 %)
Writing at 0x006910c9... (33 %)
Writing at 0x0069583b... (33 %)
Writing at 0x00699fae... (33 %)
Writing at 0x0069e72a... (33 %)
Writing at 0x006a2e55... (34 %)
Writing at 0x006a74fa... (34 %)
Writing at 0x006abc22... (34 %)
Writing at 0x006b03a2... (34 %)
Writing at 0x006b4afa... (34 %)
Writing at 0x006b9261... (34 %)
Writing at 0x006bd9ca... (34 %)
Writing at 0x006c2129... (34 %)
Writing at 0x006c68b6... (35 %)
Writing at 0x006caff3... (35 %)
Writing at 0x006cf736... (35 %)
Writing at 0x006d3dce... (35 %)
Writing at 0x006d848c... (35 %)
Writing at 0x006dcb99... (35 %)
Writing at 0x006e12ec... (35 %)
Writing at 0x006e5a19... (35 %)
Writing at 0x006ea198... (36 %)
Writing at 0x006ee8ef... (36 %)
Writing at 0x006f3048... (36 %)
Writing at 0x006f779e... (36 %)
Writing at 0x006fbf47... (36 %)
Writing at 0x0070066c... (36 %)
Writing at 0x00704d04... (36 %)
Writing at 0x00709479... (36 %)
Writing at 0x0070dbd6... (37 %)
Writing at 0x0071239c... (37 %)
Writing at 0x00716af7... (37 %)
Writing at 0x0071b2a5... (37 %)
Writing at 0x0071fa2e... (37 %)
Writing at 0x0072417d... (37 %)
Writing at 0x007288d6... (37 %)
Writing at 0x0072cf81... (37 %)
Writing at 0x0073163c... (38 %)
Writing at 0x00735d61... (38 %)
Writing at 0x0073a4aa... (38 %)
Writing at 0x0073ebb2... (38 %)
Writing at 0x007432f6... (38 %)
Writing at 0x00747a6a... (38 %)
Writing at 0x0074c18b... (38 %)
Writing at 0x007508ae... (38 %)
Writing at 0x00755018... (39 %)
Writing at 0x00759758... (39 %)
Writing at 0x0075de38... (39 %)
Writing at 0x00762598... (39 %)
Writing at 0x00766ccf... (39 %)
Writing at 0x0076b449... (39 %)
Writing at 0x0076fbbd... (39 %)
Writing at 0x0077431d... (39 %)
Writing at 0x00778a81... (40 %)
Writing at 0x0077d1dd... (40 %)
Writing at 0x0078195a... (40 %)
Writing at 0x0078603e... (40 %)
Writing at 0x0078a7ae... (40 %)
Writing at 0x0078ef23... (40 %)
Writing at 0x0079368e... (40 %)
Writing at 0x00797e1a... (40 %)
Writing at 0x0079c58a... (40 %)
Writing at 0x007a0cc4... (41 %)
Writing at 0x007a5412... (41 %)
Writing at 0x007a9b7d... (41 %)
Writing at 0x007ae2cf... (41 %)
Writing at 0x007b29bf... (41 %)
Writing at 0x007b7152... (41 %)
Writing at 0x007bb8ac... (41 %)
Writing at 0x007bfff2... (41 %)
Writing at 0x007c474b... (42 %)
Writing at 0x007c8e88... (42 %)
Writing at 0x007cd5e0... (42 %)
Writing at 0x007d1d2b... (42 %)
Writing at 0x007d6494... (42 %)
Writing at 0x007dab9f... (42 %)
Writing at 0x007df2ac... (42 %)
Writing at 0x007e3986... (42 %)
Writing at 0x007e8106... (43 %)
Writing at 0x007ec874... (43 %)
Writing at 0x007f0f8e... (43 %)
Writing at 0x007f56ae... (43 %)
Writing at 0x007f9e0f... (43 %)
Writing at 0x007fe567... (43 %)
Writing at 0x00802c7c... (43 %)
Writing at 0x008073b4... (43 %)
Writing at 0x0080badc... (44 %)
Writing at 0x008101d4... (44 %)
Writing at 0x0081494c... (44 %)
Writing at 0x00819085... (44 %)
Writing at 0x0081d829... (44 %)
Writing at 0x00821faa... (44 %)
Writing at 0x00826738... (44 %)
Writing at 0x0082ae8a... (44 %)
Writing at 0x0082f5b9... (45 %)
Writing at 0x00833ceb... (45 %)
Writing at 0x008383ee... (45 %)
Writing at 0x0083ca7e... (45 %)
Writing at 0x0084117c... (45 %)
Writing at 0x008458c7... (45 %)
Writing at 0x0084a039... (45 %)
Writing at 0x0084e7b8... (45 %)
Writing at 0x00852f10... (46 %)
Writing at 0x0085767f... (46 %)
Writing at 0x0085bdb0... (46 %)
Writing at 0x00860503... (46 %)
Writing at 0x00864c81... (46 %)
Writing at 0x0086935f... (46 %)
Writing at 0x0086dade... (46 %)
Writing at 0x0087226b... (46 %)
Writing at 0x008769ec... (46 %)
Writing at 0x0087b141... (47 %)
Writing at 0x0087f87b... (47 %)
Writing at 0x00883fb9... (47 %)
Writing at 0x0088871c... (47 %)
Writing at 0x0088ce74... (47 %)
Writing at 0x008915cb... (47 %)
Writing at 0x00895cf5... (47 %)
Writing at 0x0089a480... (47 %)
Writing at 0x0089ebd5... (48 %)
Writing at 0x008a3329... (48 %)
Writing at 0x008a7aab... (48 %)
Writing at 0x008ac1f6... (48 %)
Writing at 0x008b095f... (48 %)
Writing at 0x008b5097... (48 %)
Writing at 0x008b9822... (48 %)
Writing at 0x008bdfbf... (48 %)
Writing at 0x008c26a6... (49 %)
Writing at 0x008c6e2a... (49 %)
Writing at 0x008cb595... (49 %)
Writing at 0x008cfcc3... (49 %)
Writing at 0x008d43e6... (49 %)
Writing at 0x008d8b30... (49 %)
Writing at 0x008dd26e... (49 %)
Writing at 0x008e19c1... (49 %)
Writing at 0x008e611f... (50 %)
Writing at 0x008ea85a... (50 %)
Writing at 0x008eeed9... (50 %)
Writing at 0x008f3616... (50 %)
Writing at 0x008f7d60... (50 %)
Writing at 0x008fc4bc... (50 %)
Writing at 0x00900c3b... (50 %)
Writing at 0x0090536d... (50 %)
Writing at 0x00909ab2... (51 %)
Writing at 0x0090e1c8... (51 %)
Writing at 0x00912921... (51 %)
Writing at 0x009170b3... (51 %)
Writing at 0x0091b7e7... (51 %)
Writing at 0x0091ff51... (51 %)
Writing at 0x00924717... (51 %)
Writing at 0x00928e9c... (51 %)
Writing at 0x0092d632... (52 %)
Writing at 0x00931d84... (52 %)
Writing at 0x009364d5... (52 %)
Writing at 0x0093abae... (52 %)
Writing at 0x0093f2d4... (52 %)
Writing at 0x009439e0... (52 %)
Writing at 0x00948033... (52 %)
Writing at 0x0094c797... (52 %)
Writing at 0x00950f0d... (53 %)
Writing at 0x00955634... (53 %)
Writing at 0x00959d61... (53 %)
Writing at 0x0095e4b6... (53 %)
Writing at 0x00962c33... (53 %)
Writing at 0x009673a4... (53 %)
Writing at 0x0096bb03... (53 %)
Writing at 0x00970226... (53 %)
Writing at 0x009748e1... (53 %)
Writing at 0x0097905b... (54 %)
Writing at 0x0097d797... (54 %)
Writing at 0x00981f2e... (54 %)
Writing at 0x00986646... (54 %)
Writing at 0x0098ada0... (54 %)
Writing at 0x0098f4df... (54 %)
Writing at 0x00993c5a... (54 %)
Writing at 0x009983d5... (54 %)
Writing at 0x0099cb4c... (55 %)
Writing at 0x009a1234... (55 %)
Writing at 0x009a5987... (55 %)
Writing at 0x009aa14f... (55 %)
Writing at 0x009ae8bf... (55 %)
Writing at 0x009b3046... (55 %)
Writing at 0x009b77a0... (55 %)
Writing at 0x009bbf02... (55 %)
Writing at 0x009c063e... (56 %)
Writing at 0x009c4d94... (56 %)
Writing at 0x009c94ff... (56 %)
Writing at 0x009cdbe8... (56 %)
Writing at 0x009d232f... (56 %)
Writing at 0x009d6aa5... (56 %)
Writing at 0x009db21a... (56 %)
Writing at 0x009df979... (56 %)
Writing at 0x009e414a... (57 %)
Writing at 0x009e8887... (57 %)
Writing at 0x009ecfaf... (57 %)
Writing at 0x009f16ca... (57 %)
Writing at 0x009f5dd0... (57 %)
Writing at 0x009fa463... (57 %)
Writing at 0x009febc8... (57 %)
Writing at 0x00a0332d... (57 %)
Writing at 0x00a07a5f... (58 %)
Writing at 0x00a0c197... (58 %)
Writing at 0x00a108ce... (58 %)
Writing at 0x00a14fd0... (58 %)
Writing at 0x00a19763... (58 %)
Writing at 0x00a1dee9... (58 %)
Writing at 0x00a226c6... (58 %)
Writing at 0x00a26dcc... (58 %)
Writing at 0x00a2b59a... (59 %)
Writing at 0x00a2fd6f... (59 %)
Writing at 0x00a344b6... (59 %)
Writing at 0x00a38be8... (59 %)
Writing at 0x00a3d328... (59 %)
Writing at 0x00a41a5e... (59 %)
Writing at 0x00a46163... (59 %)
Writing at 0x00a4a89c... (59 %)
Writing at 0x00a4ef8f... (60 %)
Writing at 0x00a53668... (60 %)
Writing at 0x00a57dbd... (60 %)
Writing at 0x00a5c4eb... (60 %)
Writing at 0x00a60c14... (60 %)
Writing at 0x00a653a6... (60 %)
Writing at 0x00a69b15... (60 %)
Writing at 0x00a6e271... (60 %)
Writing at 0x00a729c3... (60 %)
Writing at 0x00a77170... (61 %)
Writing at 0x00a7b8fc... (61 %)
Writing at 0x00a7ffee... (61 %)
Writing at 0x00a8476c... (61 %)
Writing at 0x00a88ea9... (61 %)
Writing at 0x00a8d5f5... (61 %)
Writing at 0x00a91d4b... (61 %)
Writing at 0x00a9649b... (61 %)
Writing at 0x00a9abf4... (62 %)
Writing at 0x00a9f364... (62 %)
Writing at 0x00aa3af0... (62 %)
Writing at 0x00aa827e... (62 %)
Writing at 0x00aac92e... (62 %)
Writing at 0x00ab10c1... (62 %)
Writing at 0x00ab57fa... (62 %)
Writing at 0x00ab9f57... (62 %)
Writing at 0x00abe6af... (63 %)
Writing at 0x00ac2e21... (63 %)
Writing at 0x00ac7593... (63 %)
Writing at 0x00acbce3... (63 %)
Writing at 0x00ad0416... (63 %)
Writing at 0x00ad4b7b... (63 %)
Writing at 0x00ad9288... (63 %)
Writing at 0x00adda00... (63 %)
Writing at 0x00ae2142... (64 %)
Writing at 0x00ae682c... (64 %)
Writing at 0x00aeafc4... (64 %)
Writing at 0x00aef6d0... (64 %)
Writing at 0x00af3e12... (64 %)
Writing at 0x00af850c... (64 %)
Writing at 0x00afcc23... (64 %)
Writing at 0x00b0136c... (64 %)
Writing at 0x00b059fb... (65 %)
Writing at 0x00b0a119... (65 %)
Writing at 0x00b0e818... (65 %)
Writing at 0x00b12f44... (65 %)
Writing at 0x00b17698... (65 %)
Writing at 0x00b1bdf9... (65 %)
Writing at 0x00b20576... (65 %)
Writing at 0x00b24cce... (65 %)
Writing at 0x00b294a9... (66 %)
Writing at 0x00b2dc18... (66 %)
Writing at 0x00b3230b... (66 %)
Writing at 0x00b36a94... (66 %)
Writing at 0x00b3b1c4... (66 %)
Writing at 0x00b3f8e0... (66 %)
Writing at 0x00b4403c... (66 %)
Writing at 0x00b4878e... (66 %)
Writing at 0x00b4cee1... (66 %)
Writing at 0x00b5162f... (67 %)
Writing at 0x00b55d89... (67 %)
Writing at 0x00b5a4ee... (67 %)
Writing at 0x00b5ebf4... (67 %)
Writing at 0x00b6334d... (67 %)
Writing at 0x00b67a8d... (67 %)
Writing at 0x00b6c1bb... (67 %)
Writing at 0x00b708ea... (67 %)
Writing at 0x00b75044... (68 %)
Writing at 0x00b797aa... (68 %)
Writing at 0x00b7df00... (68 %)
Writing at 0x00b82679... (68 %)
Writing at 0x00b86dd0... (68 %)
Writing at 0x00b8b493... (68 %)
Writing at 0x00b8fbe7... (68 %)
Writing at 0x00b94337... (68 %)
Writing at 0x00b98ac3... (69 %)
Writing at 0x00b9d22c... (69 %)
Writing at 0x00ba196f... (69 %)
Writing at 0x00ba608a... (69 %)
Writing at 0x00baa7fb... (69 %)
Writing at 0x00baef59... (69 %)
Writing at 0x00bb36c2... (69 %)
Writing at 0x00bb7dae... (69 %)
Writing at 0x00bbc52a... (70 %)
Writing at 0x00bc0c9a... (70 %)
Writing at 0x00bc53dd... (70 %)
Writing at 0x00bc9b5a... (70 %)
Writing at 0x00bce298... (70 %)
Writing at 0x00bd2a18... (70 %)
Writing at 0x00bd7194... (70 %)
Writing at 0x00bdb91d... (70 %)
Writing at 0x00be008c... (71 %)
Writing at 0x00be4747... (71 %)
Writing at 0x00be8ea6... (71 %)
Writing at 0x00bed624... (71 %)
Writing at 0x00bf1dad... (71 %)
Writing at 0x00bf6501... (71 %)
Writing at 0x00bfac4b... (71 %)
Writing at 0x00bff35c... (71 %)
Writing at 0x00c03a8c... (72 %)
Writing at 0x00c081ce... (72 %)
Writing at 0x00c0c915... (72 %)
Writing at 0x00c10fe5... (72 %)
Writing at 0x00c15726... (72 %)
Writing at 0x00c19e60... (72 %)
Writing at 0x00c1e5b4... (72 %)
Writing at 0x00c22d1e... (72 %)
Writing at 0x00c274cb... (73 %)
Writing at 0x00c2bc92... (73 %)
Writing at 0x00c30406... (73 %)
Writing at 0x00c34b81... (73 %)
Writing at 0x00c3930f... (73 %)
Writing at 0x00c3d9e3... (73 %)
Writing at 0x00c42139... (73 %)
Writing at 0x00c4687d... (73 %)
Writing at 0x00c4afb9... (73 %)
Writing at 0x00c4f70a... (74 %)
Writing at 0x00c53e56... (74 %)
Writing at 0x00c5857b... (74 %)
Writing at 0x00c5cccd... (74 %)
Writing at 0x00c613ed... (74 %)
Writing at 0x00c65b45... (74 %)
Writing at 0x00c6a203... (74 %)
Writing at 0x00c6e967... (74 %)
Writing at 0x00c730cb... (75 %)
Writing at 0x00c7782c... (75 %)
Writing at 0x00c7bf6d... (75 %)
Writing at 0x00c80702... (75 %)
Writing at 0x00c84e68... (75 %)
Writing at 0x00c895e9... (75 %)
Writing at 0x00c8dd32... (75 %)
Writing at 0x00c924b6... (75 %)
Writing at 0x00c96b8e... (76 %)
Writing at 0x00c9b2f4... (76 %)
Writing at 0x00c9fa67... (76 %)
Writing at 0x00ca41a0... (76 %)
Writing at 0x00ca890c... (76 %)
Writing at 0x00cad096... (76 %)
Writing at 0x00cb17e3... (76 %)
Writing at 0x00cb5f46... (76 %)
Writing at 0x00cba6bb... (77 %)
Writing at 0x00cbee13... (77 %)
Writing at 0x00cc34c1... (77 %)
Writing at 0x00cc7c22... (77 %)
Writing at 0x00ccc345... (77 %)
Writing at 0x00cd0ad9... (77 %)
Writing at 0x00cd5227... (77 %)
Writing at 0x00cd9992... (77 %)
Writing at 0x00cde12f... (78 %)
Writing at 0x00ce287d... (78 %)
Writing at 0x00ce6fe7... (78 %)
Writing at 0x00ceb758... (78 %)
Writing at 0x00cefe0b... (78 %)
Writing at 0x00cf453f... (78 %)
Writing at 0x00cf8c5a... (78 %)
Writing at 0x00cfd39b... (78 %)
Writing at 0x00d01ac4... (79 %)
Writing at 0x00d061d7... (79 %)
Writing at 0x00d0a938... (79 %)
Writing at 0x00d0f095... (79 %)
Writing at 0x00d13807... (79 %)
Writing at 0x00d17f44... (79 %)
Writing at 0x00d1c5d7... (79 %)
Writing at 0x00d20d01... (79 %)
Writing at 0x00d2544a... (80 %)
Writing at 0x00d29c05... (80 %)
Writing at 0x00d2e390... (80 %)
Writing at 0x00d32b3e... (80 %)
Writing at 0x00d372f5... (80 %)
Writing at 0x00d3ba5a... (80 %)
Writing at 0x00d401f4... (80 %)
Writing at 0x00d44928... (80 %)
Writing at 0x00d49008... (80 %)
Writing at 0x00d4d764... (81 %)
Writing at 0x00d51eb9... (81 %)
Writing at 0x00d56603... (81 %)
Writing at 0x00d5ad3e... (81 %)
Writing at 0x00d5f456... (81 %)
Writing at 0x00d63b94... (81 %)
Writing at 0x00d6830f... (81 %)
Writing at 0x00d6ca4c... (81 %)
Writing at 0x00d711d5... (82 %)
Writing at 0x00d758bc... (82 %)
Writing at 0x00d79ff9... (82 %)
Writing at 0x00d7e78d... (82 %)
Writing at 0x00d82f10... (82 %)
Writing at 0x00d8769a... (82 %)
Writing at 0x00d8bdef... (82 %)
Writing at 0x00d9055f... (82 %)
Writing at 0x00d94ce9... (83 %)
Writing at 0x00d9947c... (83 %)
Writing at 0x00d9dbf2... (83 %)
Writing at 0x00da22d8... (83 %)
Writing at 0x00da6a19... (83 %)
Writing at 0x00dab181... (83 %)
Writing at 0x00daf8df... (83 %)
Writing at 0x00db4038... (83 %)
Writing at 0x00db874b... (84 %)
Writing at 0x00dbce98... (84 %)
Writing at 0x00dc15f5... (84 %)
Writing at 0x00dc5d37... (84 %)
Writing at 0x00dca47e... (84 %)
Writing at 0x00dceb68... (84 %)
Writing at 0x00dd32d3... (84 %)
Writing at 0x00dd7a50... (84 %)
Writing at 0x00ddc1b3... (85 %)
Writing at 0x00de08f8... (85 %)
Writing at 0x00de5058... (85 %)
Writing at 0x00de97cb... (85 %)
Writing at 0x00dedf38... (85 %)
Writing at 0x00df26ca... (85 %)
Writing at 0x00df6e62... (85 %)
Writing at 0x00dfb51b... (85 %)
Writing at 0x00dffc4e... (86 %)
Writing at 0x00e043a8... (86 %)
Writing at 0x00e08ad4... (86 %)
Writing at 0x00e0d226... (86 %)
Writing at 0x00e119a2... (86 %)
Writing at 0x00e160d0... (86 %)
Writing at 0x00e1a7fc... (86 %)
Writing at 0x00e1ef4a... (86 %)
Writing at 0x00e23682... (86 %)
Writing at 0x00e27d1e... (87 %)
Writing at 0x00e2c4ab... (87 %)
Writing at 0x00e30c1b... (87 %)
Writing at 0x00e353b1... (87 %)
Writing at 0x00e39b43... (87 %)
Writing at 0x00e3e2e3... (87 %)
Writing at 0x00e42a6c... (87 %)
Writing at 0x00e471bc... (87 %)
Writing at 0x00e4b901... (88 %)
Writing at 0x00e5002a... (88 %)
Writing at 0x00e546ef... (88 %)
Writing at 0x00e58e55... (88 %)
Writing at 0x00e5d5cf... (88 %)
Writing at 0x00e61cef... (88 %)
Writing at 0x00e66434... (88 %)
Writing at 0x00e6ab45... (88 %)
Writing at 0x00e6f28d... (89 %)
Writing at 0x00e739eb... (89 %)
Writing at 0x00e78131... (89 %)
Writing at 0x00e7c854... (89 %)
Writing at 0x00e80f4a... (89 %)
Writing at 0x00e856cb... (89 %)
Writing at 0x00e89e1a... (89 %)
Writing at 0x00e8e567... (89 %)
Writing at 0x00e92cc4... (90 %)
Writing at 0x00e9741f... (90 %)
Writing at 0x00e9bbc9... (90 %)
Writing at 0x00ea0341... (90 %)
Writing at 0x00ea4aa8... (90 %)
Writing at 0x00ea91f7... (90 %)
Writing at 0x00ead8a4... (90 %)
Writing at 0x00eb2006... (90 %)
Writing at 0x00eb674a... (91 %)
Writing at 0x00ebaeca... (91 %)
Writing at 0x00ebf622... (91 %)
Writing at 0x00ec3d5b... (91 %)
Writing at 0x00ec84d0... (91 %)
Writing at 0x00eccc22... (91 %)
Writing at 0x00ed13a7... (91 %)
Writing at 0x00ed5b57... (91 %)
Writing at 0x00eda242... (92 %)
Writing at 0x00ede9c8... (92 %)
Writing at 0x00ee3121... (92 %)
Writing at 0x00ee78cb... (92 %)
Writing at 0x00eec062... (92 %)
Writing at 0x00ef07de... (92 %)
Writing at 0x00ef4f47... (92 %)
Writing at 0x00ef9697... (92 %)
Writing at 0x00efddda... (93 %)
Writing at 0x00f0255a... (93 %)
Writing at 0x00f06c6b... (93 %)
Writing at 0x00f0b3ce... (93 %)
Writing at 0x00f0fb37... (93 %)
Writing at 0x00f1423f... (93 %)
Writing at 0x00f18984... (93 %)
Writing at 0x00f1d0ee... (93 %)
Writing at 0x00f2184c... (93 %)
Writing at 0x00f25f85... (94 %)
Writing at 0x00f2a6c8... (94 %)
Writing at 0x00f2edeb... (94 %)
Writing at 0x00f334f3... (94 %)
Writing at 0x00f37c89... (94 %)
Writing at 0x00f3c3e6... (94 %)
Writing at 0x00f40b0e... (94 %)
Writing at 0x00f452d1... (94 %)
Writing at 0x00f49a73... (95 %)
Writing at 0x00f4e1f0... (95 %)
Writing at 0x00f5290b... (95 %)
Writing at 0x00f5708e... (95 %)
Writing at 0x00f5b7e8... (95 %)
Writing at 0x00f5fee2... (95 %)
Writing at 0x00f645f6... (95 %)
Writing at 0x00f68d55... (95 %)
Writing at 0x00f6d4a5... (96 %)
Writing at 0x00f71c26... (96 %)
Writing at 0x00f7637c... (96 %)
Writing at 0x00f7aad2... (96 %)
Writing at 0x00f7f221... (96 %)
Writing at 0x00f839c3... (96 %)
Writing at 0x00f880fb... (96 %)
Writing at 0x00f8c7e4... (96 %)
Writing at 0x00f90f8f... (97 %)
Writing at 0x00f956e6... (97 %)
Writing at 0x00f99e4d... (97 %)
Writing at 0x00f9e5cd... (97 %)
Writing at 0x00fa2d7b... (97 %)
Writing at 0x00fa750c... (97 %)
Writing at 0x00fabc43... (97 %)
Writing at 0x00fb039b... (97 %)
Writing at 0x00fb4afc... (98 %)
Writing at 0x00fb91be... (98 %)
Writing at 0x00fbd95d... (98 %)
Writing at 0x00fc20aa... (98 %)
Writing at 0x00fc684d... (98 %)
Writing at 0x00fcafb7... (98 %)
Writing at 0x00fcf735... (98 %)
Writing at 0x00fd3f07... (98 %)
Writing at 0x00fd86bc... (99 %)
Writing at 0x00fdce29... (99 %)
Writing at 0x00fe1559... (99 %)
Writing at 0x00fe5ccf... (99 %)
Writing at 0x00fea4be... (99 %)
Writing at 0x00feec24... (99 %)
Writing at 0x00ff33b2... (99 %)
Writing at 0x00ff7b32... (99 %)
Writing at 0x00ffc2eb... (100 %)
Wrote 15659904 bytes (13347730 compressed) at 0x00110000 in 192.8 seconds (effective 649.7 kbit/s)...
Hash of data verified.
Compressed 423156 bytes to 160260...
Writing at 0x01000000... (10 %)
Writing at 0x01009645... (20 %)
Writing at 0x010135c2... (30 %)
Writing at 0x0101d842... (40 %)
Writing at 0x01027924... (50 %)
Writing at 0x01031f16... (60 %)
Writing at 0x0103d5d5... (70 %)
Writing at 0x01048839... (80 %)
Writing at 0x01053a3c... (90 %)
Writing at 0x0105eb87... (100 %)
Wrote 423156 bytes (160260 compressed) at 0x01000000 in 3.7 seconds (effective 917.7 kbit/s)...
Hash of data verified.

Leaving...
Hard resetting via RTS pin...
