esptool.py v4.12.0
Serial port COM20
Connecting....
Chip is ESP32-S3 (QFN56) (revision v0.2)
Features: WiFi, BLE, Embedded PSRAM 16MB (AP_1v8)
Crystal is 40MHz
MAC: 90:e5:b1:d1:89:3c
Uploading stub...
Running stub...
Stub running...
Changing baud rate to 921600
Changed.
Configuring flash size...
Flash will be erased from 0x00110000 to 0x00ffffff...
Flash will be erased from 0x01000000 to 0x01067fff...
Compressed 15659904 bytes to 13346877...
Writing at 0x00110000... (0 %)
Writing at 0x0011641b... (0 %)
Writing at 0x0011bd20... (0 %)
Writing at 0x00123615... (0 %)
Writing at 0x001285fc... (0 %)
Writing at 0x0012d3e7... (0 %)
Writing at 0x00131f19... (0 %)
Writing at 0x00136a54... (0 %)
Writing at 0x0013b548... (1 %)
Writing at 0x00140145... (1 %)
Writing at 0x00144d1c... (1 %)
Writing at 0x001498f1... (1 %)
Writing at 0x0014e3e6... (1 %)
Writing at 0x00153049... (1 %)
Writing at 0x00157d53... (1 %)
Writing at 0x0015ca22... (1 %)
Writing at 0x00161750... (2 %)
Writing at 0x001663be... (2 %)
Writing at 0x0016afd3... (2 %)
Writing at 0x0016fd42... (2 %)
Writing at 0x00174a79... (2 %)
Writing at 0x001797ea... (2 %)
Writing at 0x0017e578... (2 %)
Writing at 0x00183453... (2 %)
Writing at 0x0018820a... (3 %)
Writing at 0x0018d0f1... (3 %)
Writing at 0x00191fed... (3 %)
Writing at 0x00196e86... (3 %)
Writing at 0x0019bd08... (3 %)
Writing at 0x001a0bc7... (3 %)
Writing at 0x001a5ab8... (3 %)
Writing at 0x001aaa1b... (3 %)
Writing at 0x001af987... (4 %)
Writing at 0x001b490f... (4 %)
Writing at 0x001b98fd... (4 %)
Writing at 0x001bea0c... (4 %)
Writing at 0x001c3bad... (4 %)
Writing at 0x001c8cf3... (4 %)
Writing at 0x001cde35... (4 %)
Writing at 0x001d2e5f... (4 %)
Writing at 0x001d7fe0... (5 %)
Writing at 0x001dd15d... (5 %)
Writing at 0x001e224f... (5 %)
Writing at 0x001e750f... (5 %)
Writing at 0x001ed08e... (5 %)
Writing at 0x001f2250... (5 %)
Writing at 0x001f777e... (5 %)
Writing at 0x001fca67... (5 %)
Writing at 0x00201d63... (6 %)
Writing at 0x002071d7... (6 %)
Writing at 0x0020c6f7... (6 %)
Writing at 0x00211da0... (6 %)
Writing at 0x002171e7... (6 %)
Writing at 0x0021c6e1... (6 %)
Writing at 0x00221cb3... (6 %)
Writing at 0x00227288... (6 %)
Writing at 0x0022c663... (6 %)
Writing at 0x00231a75... (7 %)
Writing at 0x00236e71... (7 %)
Writing at 0x0023c29d... (7 %)
Writing at 0x0024179c... (7 %)
Writing at 0x00246af8... (7 %)
Writing at 0x0024be0b... (7 %)
Writing at 0x00251353... (7 %)
Writing at 0x002569e5... (7 %)
Writing at 0x0025c284... (8 %)
Writing at 0x0026173f... (8 %)
Writing at 0x00266e1b... (8 %)
Writing at 0x0026c1cb... (8 %)
Writing at 0x002715cd... (8 %)
Writing at 0x002769c8... (8 %)
Writing at 0x0027bf3d... (8 %)
Writing at 0x00281604... (8 %)
Writing at 0x00286fd4... (9 %)
Writing at 0x0028c4ea... (9 %)
Writing at 0x00291d78... (9 %)
Writing at 0x00297469... (9 %)
Writing at 0x0029c97b... (9 %)
Writing at 0x002a1eea... (9 %)
Writing at 0x002a77fb... (9 %)
Writing at 0x002ad1d4... (9 %)
Writing at 0x002b2963... (10 %)
Writing at 0x002b800c... (10 %)
Writing at 0x002bd607... (10 %)
Writing at 0x002c2d50... (10 %)
Writing at 0x002c85ac... (10 %)
Writing at 0x002cdd97... (10 %)
Writing at 0x002d3539... (10 %)
Writing at 0x002d8e48... (10 %)
Writing at 0x002de96c... (11 %)
Writing at 0x002e4363... (11 %)
Writing at 0x002e9d2b... (11 %)
Writing at 0x002ef2d7... (11 %)
Writing at 0x002f4dce... (11 %)
Writing at 0x002fa679... (11 %)
Writing at 0x0030021a... (11 %)
Writing at 0x00305c4e... (11 %)
Writing at 0x0030ba12... (12 %)
Writing at 0x003118ce... (12 %)
Writing at 0x003171b5... (12 %)
Writing at 0x0031cb1f... (12 %)
Writing at 0x003225fd... (12 %)
Writing at 0x00328351... (12 %)
Writing at 0x0032e022... (12 %)
Writing at 0x00333e3f... (12 %)
Writing at 0x00339b89... (13 %)
Writing at 0x0033f695... (13 %)
Writing at 0x00345156... (13 %)
Writing at 0x0034aaa6... (13 %)
Writing at 0x00350983... (13 %)
Writing at 0x003565c8... (13 %)
Writing at 0x0035c1a7... (13 %)
Writing at 0x00361e38... (13 %)
Writing at 0x00367bfb... (13 %)
Writing at 0x0036db49... (14 %)
Writing at 0x00373523... (14 %)
Writing at 0x003792c7... (14 %)
Writing at 0x0037f221... (14 %)
Writing at 0x003852df... (14 %)
Writing at 0x0038b246... (14 %)
Writing at 0x00391250... (14 %)
Writing at 0x00397133... (14 %)
Writing at 0x0039cf30... (15 %)
Writing at 0x003a30e9... (15 %)
Writing at 0x003a8c51... (15 %)
Writing at 0x003aea53... (15 %)
Writing at 0x003b4753... (15 %)
Writing at 0x003ba77f... (15 %)
Writing at 0x003c08e7... (15 %)
Writing at 0x003c69e5... (15 %)
Writing at 0x003cca1c... (16 %)
Writing at 0x003d2b43... (16 %)
Writing at 0x003d8deb... (16 %)
Writing at 0x003dec43... (16 %)
Writing at 0x003e4d0f... (16 %)
Writing at 0x003eaffb... (16 %)
Writing at 0x003f108a... (16 %)
Writing at 0x003f7460... (16 %)
Writing at 0x003fd660... (17 %)
Writing at 0x0040348e... (17 %)
Writing at 0x0040926d... (17 %)
Writing at 0x0040f3b0... (17 %)
Writing at 0x00415498... (17 %)
Writing at 0x0041b7b5... (17 %)
Writing at 0x00421a4f... (17 %)
Writing at 0x00427b03... (17 %)
Writing at 0x0042dc31... (18 %)
Writing at 0x00433f74... (18 %)
Writing at 0x0043a4c3... (18 %)
Writing at 0x00440b38... (18 %)
Writing at 0x00446ebf... (18 %)
Writing at 0x0044d38c... (18 %)
Writing at 0x00453893... (18 %)
Writing at 0x00459d48... (18 %)
Writing at 0x004601cf... (19 %)
Writing at 0x00466883... (19 %)
Writing at 0x0046cc87... (19 %)
Writing at 0x00472edc... (19 %)
Writing at 0x0047945a... (19 %)
Writing at 0x0047fa8f... (19 %)
Writing at 0x004860ac... (19 %)
Writing at 0x0048c1ed... (19 %)
Writing at 0x004925b1... (20 %)
Writing at 0x00498ac7... (20 %)
Writing at 0x0049ee4b... (20 %)
Writing at 0x004a5306... (20 %)
Writing at 0x004ab6bd... (20 %)
Writing at 0x004b1c30... (20 %)
Writing at 0x004b7fa0... (20 %)
Writing at 0x004be9af... (20 %)
Writing at 0x004c4f9d... (20 %)
Writing at 0x004cae4e... (21 %)
Writing at 0x004cf505... (21 %)
Writing at 0x004d3c52... (21 %)
Writing at 0x004d8361... (21 %)
Writing at 0x004dca86... (21 %)
Writing at 0x004e11dc... (21 %)
Writing at 0x004e5902... (21 %)
Writing at 0x004ea066... (21 %)
Writing at 0x004ee7a1... (22 %)
Writing at 0x004f2e3f... (22 %)
Writing at 0x004f756f... (22 %)
Writing at 0x004fbcb4... (22 %)
Writing at 0x0050042c... (22 %)
Writing at 0x00504ba2... (22 %)
Writing at 0x0050932c... (22 %)
Writing at 0x0050da68... (22 %)
Writing at 0x00512223... (23 %)
Writing at 0x005169ee... (23 %)
Writing at 0x0051b117... (23 %)
Writing at 0x0051f8a8... (23 %)
Writing at 0x00524000... (23 %)
Writing at 0x005287b2... (23 %)
Writing at 0x0052cf24... (23 %)
Writing at 0x005316b6... (23 %)
Writing at 0x00535db9... (24 %)
Writing at 0x0053a4eb... (24 %)
Writing at 0x0053ec3d... (24 %)
Writing at 0x00543397... (24 %)
Writing at 0x00547a6f... (24 %)
Writing at 0x0054c1c1... (24 %)
Writing at 0x00550942... (24 %)
Writing at 0x0055507c... (24 %)
Writing at 0x005597d2... (25 %)
Writing at 0x0055df47... (25 %)
Writing at 0x00562658... (25 %)
Writing at 0x00566dc5... (25 %)
Writing at 0x0056b4fa... (25 %)
Writing at 0x0056fc6b... (25 %)
Writing at 0x00574318... (25 %)
Writing at 0x00578a2e... (25 %)
Writing at 0x0057d178... (26 %)
Writing at 0x005818c9... (26 %)
Writing at 0x00586016... (26 %)
Writing at 0x0058a73e... (26 %)
Writing at 0x0058ee82... (26 %)
Writing at 0x005935d4... (26 %)
Writing at 0x00597d09... (26 %)
Writing at 0x0059c452... (26 %)
Writing at 0x005a0bfd... (26 %)
Writing at 0x005a52e9... (27 %)
Writing at 0x005a9a7f... (27 %)
Writing at 0x005ae1ea... (27 %)
Writing at 0x005b294b... (27 %)
Writing at 0x005b70c1... (27 %)
Writing at 0x005bb81c... (27 %)
Writing at 0x005bffb2... (27 %)
Writing at 0x005c4741... (27 %)
Writing at 0x005c8eba... (28 %)
Writing at 0x005cd5c7... (28 %)
Writing at 0x005d1c82... (28 %)
Writing at 0x005d63cf... (28 %)
Writing at 0x005daaff... (28 %)
Writing at 0x005df250... (28 %)
Writing at 0x005e3969... (28 %)
Writing at 0x005e80ae... (28 %)
Writing at 0x005ec7f4... (29 %)
Writing at 0x005f0f0e... (29 %)
Writing at 0x005f566c... (29 %)
Writing at 0x005f9dc9... (29 %)
Writing at 0x005fe45b... (29 %)
Writing at 0x00602bf7... (29 %)
Writing at 0x00607347... (29 %)
Writing at 0x0060ba9c... (29 %)
Writing at 0x0061021a... (30 %)
Writing at 0x006149b5... (30 %)
Writing at 0x0061910b... (30 %)
Writing at 0x0061d857... (30 %)
Writing at 0x00621f60... (30 %)
Writing at 0x0062666c... (30 %)
Writing at 0x0062ad0c... (30 %)
Writing at 0x0062f43b... (30 %)
Writing at 0x00633b92... (31 %)
Writing at 0x00638287... (31 %)
Writing at 0x0063c9e5... (31 %)
Writing at 0x0064113d... (31 %)
Writing at 0x0064585d... (31 %)
Writing at 0x00649f95... (31 %)
Writing at 0x0064e6e1... (31 %)
Writing at 0x00652e1a... (31 %)
Writing at 0x006574f8... (32 %)
Writing at 0x0065bc45... (32 %)
Writing at 0x00660379... (32 %)
Writing at 0x00664aa2... (32 %)
Writing at 0x00669224... (32 %)
Writing at 0x0066d97f... (32 %)
Writing at 0x006720a8... (32 %)
Writing at 0x00676808... (32 %)
Writing at 0x0067af46... (33 %)
Writing at 0x0067f6a7... (33 %)
Writing at 0x00683d77... (33 %)
Writing at 0x00688502... (33 %)
Writing at 0x0068cc15... (33 %)
Writing at 0x0069137f... (33 %)
Writing at 0x00695b08... (33 %)
Writing at 0x0069a270... (33 %)
Writing at 0x0069e9e4... (33 %)
Writing at 0x006a3112... (34 %)
Writing at 0x006a7839... (34 %)
Writing at 0x006abf60... (34 %)
Writing at 0x006b065c... (34 %)
Writing at 0x006b4dba... (34 %)
Writing at 0x006b9536... (34 %)
Writing at 0x006bdca0... (34 %)
Writing at 0x006c23ff... (34 %)
Writing at 0x006c6b7a... (35 %)
Writing at 0x006cb2c1... (35 %)
Writing at 0x006cfa06... (35 %)
Writing at 0x006d40fc... (35 %)
Writing at 0x006d87dc... (35 %)
Writing at 0x006dce6a... (35 %)
Writing at 0x006e15b5... (35 %)
Writing at 0x006e5cf0... (35 %)
Writing at 0x006ea462... (36 %)
Writing at 0x006eebc4... (36 %)
Writing at 0x006f3311... (36 %)
Writing at 0x006f7a72... (36 %)
Writing at 0x006fc1fc... (36 %)
Writing at 0x0070092e... (36 %)
Writing at 0x00705058... (36 %)
Writing at 0x00709734... (36 %)
Writing at 0x0070de9b... (37 %)
Writing at 0x0071264c... (37 %)
Writing at 0x00716da5... (37 %)
Writing at 0x0071b557... (37 %)
Writing at 0x0071fce9... (37 %)
Writing at 0x00724439... (37 %)
Writing at 0x00728b97... (37 %)
Writing at 0x0072d28c... (37 %)
Writing at 0x00731979... (38 %)
Writing at 0x00736019... (38 %)
Writing at 0x0073a753... (38 %)
Writing at 0x0073ee54... (38 %)
Writing at 0x00743595... (38 %)
Writing at 0x00747d03... (38 %)
Writing at 0x0074c426... (38 %)
Writing at 0x00750b57... (38 %)
Writing at 0x007552c0... (39 %)
Writing at 0x007599f4... (39 %)
Writing at 0x0075e158... (39 %)
Writing at 0x00762813... (39 %)
Writing at 0x00766f3f... (39 %)
Writing at 0x0076b6b0... (39 %)
Writing at 0x0076fe37... (39 %)
Writing at 0x00774584... (39 %)
Writing at 0x00778cdf... (40 %)
Writing at 0x0077d430... (40 %)
Writing at 0x00781bb7... (40 %)
Writing at 0x007862e6... (40 %)
Writing at 0x0078aa98... (40 %)
Writing at 0x0078f17f... (40 %)
Writing at 0x007938df... (40 %)
Writing at 0x00798057... (40 %)
Writing at 0x0079c7ce... (40 %)
Writing at 0x007a0f25... (41 %)
Writing at 0x007a5659... (41 %)
Writing at 0x007a9dc3... (41 %)
Writing at 0x007ae51c... (41 %)
Writing at 0x007b2c97... (41 %)
Writing at 0x007b7428... (41 %)
Writing at 0x007bbafe... (41 %)
Writing at 0x007c024c... (41 %)
Writing at 0x007c49ae... (42 %)
Writing at 0x007c90f4... (42 %)
Writing at 0x007cd859... (42 %)
Writing at 0x007d1f9c... (42 %)
Writing at 0x007d670e... (42 %)
Writing at 0x007dae18... (42 %)
Writing at 0x007df512... (42 %)
Writing at 0x007e3c7d... (42 %)
Writing at 0x007e836b... (43 %)
Writing at 0x007ecae5... (43 %)
Writing at 0x007f11fa... (43 %)
Writing at 0x007f590c... (43 %)
Writing at 0x007fa076... (43 %)
Writing at 0x007fe7c8... (43 %)
Writing at 0x00802edb... (43 %)
Writing at 0x0080761d... (43 %)
Writing at 0x0080bd39... (44 %)
Writing at 0x008104c5... (44 %)
Writing at 0x00814bb8... (44 %)
Writing at 0x00819307... (44 %)
Writing at 0x0081da9f... (44 %)
Writing at 0x0082221a... (44 %)
Writing at 0x008269ae... (44 %)
Writing at 0x0082b108... (44 %)
Writing at 0x0082f837... (45 %)
Writing at 0x00833f59... (45 %)
Writing at 0x0083866f... (45 %)
Writing at 0x0083cd85... (45 %)
Writing at 0x008413da... (45 %)
Writing at 0x00845b27... (45 %)
Writing at 0x0084a2b1... (45 %)
Writing at 0x0084ea28... (45 %)
Writing at 0x00853180... (46 %)
Writing at 0x008578fb... (46 %)
Writing at 0x0085c03d... (46 %)
Writing at 0x00860786... (46 %)
Writing at 0x00864efe... (46 %)
Writing at 0x0086966d... (46 %)
Writing at 0x0086dd57... (46 %)
Writing at 0x008724f0... (46 %)
Writing at 0x00876c5f... (46 %)
Writing at 0x0087b3d1... (47 %)
Writing at 0x0087fb0b... (47 %)
Writing at 0x0088425a... (47 %)
Writing at 0x008889b9... (47 %)
Writing at 0x0088d0fd... (47 %)
Writing at 0x00891862... (47 %)
Writing at 0x00896009... (47 %)
Writing at 0x0089a6f5... (47 %)
Writing at 0x0089ee5c... (48 %)
Writing at 0x008a35a4... (48 %)
Writing at 0x008a7d20... (48 %)
Writing at 0x008ac46e... (48 %)
Writing at 0x008b0bd0... (48 %)
Writing at 0x008b52f2... (48 %)
Writing at 0x008b9a8b... (48 %)
Writing at 0x008be220... (48 %)
Writing at 0x008c299e... (49 %)
Writing at 0x008c70b2... (49 %)
Writing at 0x008cb7ea... (49 %)
Writing at 0x008cff0c... (49 %)
Writing at 0x008d463b... (49 %)
Writing at 0x008d8d8b... (49 %)
Writing at 0x008dd4cd... (49 %)
Writing at 0x008e1c0d... (49 %)
Writing at 0x008e6373... (50 %)
Writing at 0x008eaab1... (50 %)
Writing at 0x008ef1c2... (50 %)
Writing at 0x008f38b5... (50 %)
Writing at 0x008f7fc7... (50 %)
Writing at 0x008fc713... (50 %)
Writing at 0x00900e82... (50 %)
Writing at 0x009055c2... (50 %)
Writing at 0x00909cfc... (51 %)
Writing at 0x0090e416... (51 %)
Writing at 0x00912b77... (51 %)
Writing at 0x00917312... (51 %)
Writing at 0x0091bac4... (51 %)
Writing at 0x009201b0... (51 %)
Writing at 0x00924988... (51 %)
Writing at 0x0092910a... (51 %)
Writing at 0x0092d89e... (52 %)
Writing at 0x00931fe0... (52 %)
Writing at 0x00936731... (52 %)
Writing at 0x0093ae0e... (52 %)
Writing at 0x0093f548... (52 %)
Writing at 0x00943c41... (52 %)
Writing at 0x0094831c... (52 %)
Writing at 0x0094ca1b... (52 %)
Writing at 0x0095119a... (53 %)
Writing at 0x009558bf... (53 %)
Writing at 0x00959fe9... (53 %)
Writing at 0x0095e74d... (53 %)
Writing at 0x00962ec4... (53 %)
Writing at 0x0096762a... (53 %)
Writing at 0x0096bd95... (53 %)
Writing at 0x009704ba... (53 %)
Writing at 0x00974bf7... (53 %)
Writing at 0x009792e3... (54 %)
Writing at 0x0097da22... (54 %)
Writing at 0x009821c6... (54 %)
Writing at 0x009868e9... (54 %)
Writing at 0x0098b046... (54 %)
Writing at 0x0098f78f... (54 %)
Writing at 0x00993efe... (54 %)
Writing at 0x0099867f... (54 %)
Writing at 0x0099cde8... (55 %)
Writing at 0x009a155a... (55 %)
Writing at 0x009a5c3b... (55 %)
Writing at 0x009aa3f3... (55 %)
Writing at 0x009aeb66... (55 %)
Writing at 0x009b32f7... (55 %)
Writing at 0x009b7a52... (55 %)
Writing at 0x009bc1c5... (55 %)
Writing at 0x009c08f9... (56 %)
Writing at 0x009c5051... (56 %)
Writing at 0x009c97bc... (56 %)
Writing at 0x009cdf24... (56 %)
Writing at 0x009d25df... (56 %)
Writing at 0x009d6d43... (56 %)
Writing at 0x009db4dd... (56 %)
Writing at 0x009dfc20... (56 %)
Writing at 0x009e43b1... (57 %)
Writing at 0x009e8b1d... (57 %)
Writing at 0x009ed248... (57 %)
Writing at 0x009f1960... (57 %)
Writing at 0x009f6069... (57 %)
Writing at 0x009fa77c... (57 %)
Writing at 0x009feedd... (57 %)
Writing at 0x00a035b2... (57 %)
Writing at 0x00a07cd2... (58 %)
Writing at 0x00a0c404... (58 %)
Writing at 0x00a10b46... (58 %)
Writing at 0x00a15249... (58 %)
Writing at 0x00a199da... (58 %)
Writing at 0x00a1e17e... (58 %)
Writing at 0x00a22954... (58 %)
Writing at 0x00a270e2... (58 %)
Writing at 0x00a2b8ba... (59 %)
Writing at 0x00a2fff7... (59 %)
Writing at 0x00a34730... (59 %)
Writing at 0x00a38e6d... (59 %)
Writing at 0x00a3d5ab... (59 %)
Writing at 0x00a41cef... (59 %)
Writing at 0x00a463ed... (59 %)
Writing at 0x00a4ab24... (59 %)
Writing at 0x00a4f210... (60 %)
Writing at 0x00a5396b... (60 %)
Writing at 0x00a580c3... (60 %)
Writing at 0x00a5c76a... (60 %)
Writing at 0x00a60eb1... (60 %)
Writing at 0x00a65633... (60 %)
Writing at 0x00a69d96... (60 %)
Writing at 0x00a6e4eb... (60 %)
Writing at 0x00a72c42... (60 %)
Writing at 0x00a773ea... (61 %)
Writing at 0x00a7bb87... (61 %)
Writing at 0x00a80301... (61 %)
Writing at 0x00a84a6c... (61 %)
Writing at 0x00a89123... (61 %)
Writing at 0x00a8d869... (61 %)
Writing at 0x00a91fd4... (61 %)
Writing at 0x00a9672a... (61 %)
Writing at 0x00a9ae87... (62 %)
Writing at 0x00a9f5ef... (62 %)
Writing at 0x00aa3d6f... (62 %)
Writing at 0x00aa84f2... (62 %)
Writing at 0x00aacc29... (62 %)
Writing at 0x00ab13ad... (62 %)
Writing at 0x00ab5a64... (62 %)
Writing at 0x00aba1cf... (62 %)
Writing at 0x00abe92b... (63 %)
Writing at 0x00ac3099... (63 %)
Writing at 0x00ac781b... (63 %)
Writing at 0x00acbf5c... (63 %)
Writing at 0x00ad06a2... (63 %)
Writing at 0x00ad4e0d... (63 %)
Writing at 0x00ad9597... (63 %)
Writing at 0x00addceb... (63 %)
Writing at 0x00ae23cf... (64 %)
Writing at 0x00ae6add... (64 %)
Writing at 0x00aeb262... (64 %)
Writing at 0x00aef97e... (64 %)
Writing at 0x00af40a9... (64 %)
Writing at 0x00af87a7... (64 %)
Writing at 0x00afcec2... (64 %)
Writing at 0x00b01606... (64 %)
Writing at 0x00b05d09... (65 %)
Writing at 0x00b0a42f... (65 %)
Writing at 0x00b0eaab... (65 %)
Writing at 0x00b131d1... (65 %)
Writing at 0x00b17923... (65 %)
Writing at 0x00b1c097... (65 %)
Writing at 0x00b20807... (65 %)
Writing at 0x00b24f7d... (65 %)
Writing at 0x00b29764... (66 %)
Writing at 0x00b2deb7... (66 %)
Writing at 0x00b32625... (66 %)
Writing at 0x00b36d8b... (66 %)
Writing at 0x00b3b42a... (66 %)
Writing at 0x00b3fb45... (66 %)
Writing at 0x00b4429e... (66 %)
Writing at 0x00b489eb... (66 %)
Writing at 0x00b4d131... (66 %)
Writing at 0x00b5188e... (67 %)
Writing at 0x00b55fe8... (67 %)
Writing at 0x00b5a744... (67 %)
Writing at 0x00b5eed1... (67 %)
Writing at 0x00b63632... (67 %)
Writing at 0x00b67cfb... (67 %)
Writing at 0x00b6c423... (67 %)
Writing at 0x00b70b67... (67 %)
Writing at 0x00b752b1... (68 %)
Writing at 0x00b79a11... (68 %)
Writing at 0x00b7e16b... (68 %)
Writing at 0x00b828e1... (68 %)
Writing at 0x00b8703b... (68 %)
Writing at 0x00b8b796... (68 %)
Writing at 0x00b8fedb... (68 %)
Writing at 0x00b9459e... (68 %)
Writing at 0x00b98d39... (69 %)
Writing at 0x00b9d4ad... (69 %)
Writing at 0x00ba1bf1... (69 %)
Writing at 0x00ba6302... (69 %)
Writing at 0x00baaa6d... (69 %)
Writing at 0x00baf1cd... (69 %)
Writing at 0x00bb3935... (69 %)
Writing at 0x00bb80a0... (69 %)
Writing at 0x00bbc819... (70 %)
Writing at 0x00bc0eec... (70 %)
Writing at 0x00bc5643... (70 %)
Writing at 0x00bc9dbf... (70 %)
Writing at 0x00bce4fe... (70 %)
Writing at 0x00bd2c72... (70 %)
Writing at 0x00bd73fd... (70 %)
Writing at 0x00bdbb8b... (70 %)
Writing at 0x00be02eb... (71 %)
Writing at 0x00be4a36... (71 %)
Writing at 0x00be91b1... (71 %)
Writing at 0x00bed892... (71 %)
Writing at 0x00bf203a... (71 %)
Writing at 0x00bf6790... (71 %)
Writing at 0x00bfaeec... (71 %)
Writing at 0x00bff5ea... (71 %)
Writing at 0x00c03d27... (72 %)
Writing at 0x00c0846f... (72 %)
Writing at 0x00c0cbca... (72 %)
Writing at 0x00c11312... (72 %)
Writing at 0x00c15a5b... (72 %)
Writing at 0x00c1a0fe... (72 %)
Writing at 0x00c1e838... (72 %)
Writing at 0x00c22fbb... (72 %)
Writing at 0x00c27779... (73 %)
Writing at 0x00c2bf4e... (73 %)
Writing at 0x00c306bf... (73 %)
Writing at 0x00c34e54... (73 %)
Writing at 0x00c395e3... (73 %)
Writing at 0x00c3dd45... (73 %)
Writing at 0x00c424b5... (73 %)
Writing at 0x00c46b78... (73 %)
Writing at 0x00c4b2bd... (73 %)
Writing at 0x00c4fa12... (74 %)
Writing at 0x00c5415a... (74 %)
Writing at 0x00c5887c... (74 %)
Writing at 0x00c5cfbe... (74 %)
Writing at 0x00c616e0... (74 %)
Writing at 0x00c65e3b... (74 %)
Writing at 0x00c6a581... (74 %)
Writing at 0x00c6ecf2... (74 %)
Writing at 0x00c733d8... (75 %)
Writing at 0x00c77b35... (75 %)
Writing at 0x00c7c272... (75 %)
Writing at 0x00c809f0... (75 %)
Writing at 0x00c85160... (75 %)
Writing at 0x00c898ec... (75 %)
Writing at 0x00c8e02e... (75 %)
Writing at 0x00c927af... (75 %)
Writing at 0x00c96f0a... (76 %)
Writing at 0x00c9b65f... (76 %)
Writing at 0x00c9fd56... (76 %)
Writing at 0x00ca4480... (76 %)
Writing at 0x00ca8bee... (76 %)
Writing at 0x00cad376... (76 %)
Writing at 0x00cb1aba... (76 %)
Writing at 0x00cb6227... (76 %)
Writing at 0x00cba9a1... (77 %)
Writing at 0x00cbf0fd... (77 %)
Writing at 0x00cc382e... (77 %)
Writing at 0x00cc7f97... (77 %)
Writing at 0x00ccc61d... (77 %)
Writing at 0x00cd0db0... (77 %)
Writing at 0x00cd550e... (77 %)
Writing at 0x00cd9c85... (77 %)
Writing at 0x00cde420... (78 %)
Writing at 0x00ce2b75... (78 %)
Writing at 0x00ce72e4... (78 %)
Writing at 0x00ceba49... (78 %)
Writing at 0x00cf0187... (78 %)
Writing at 0x00cf48a1... (78 %)
Writing at 0x00cf8f34... (78 %)
Writing at 0x00cfd678... (78 %)
Writing at 0x00d01d85... (79 %)
Writing at 0x00d064ac... (79 %)
Writing at 0x00d0ac06... (79 %)
Writing at 0x00d0f367... (79 %)
Writing at 0x00d13acc... (79 %)
Writing at 0x00d1821a... (79 %)
Writing at 0x00d1c919... (79 %)
Writing at 0x00d21067... (79 %)
Writing at 0x00d2572f... (80 %)
Writing at 0x00d29eee... (80 %)
Writing at 0x00d2e680... (80 %)
Writing at 0x00d32e43... (80 %)
Writing at 0x00d375fe... (80 %)
Writing at 0x00d3bd5f... (80 %)
Writing at 0x00d404fc... (80 %)
Writing at 0x00d44c2b... (80 %)
Writing at 0x00d49396... (80 %)
Writing at 0x00d4dae1... (81 %)
Writing at 0x00d5219f... (81 %)
Writing at 0x00d568fd... (81 %)
Writing at 0x00d5b033... (81 %)
Writing at 0x00d5f75d... (81 %)
Writing at 0x00d63e9f... (81 %)
Writing at 0x00d68624... (81 %)
Writing at 0x00d6cd4c... (81 %)
Writing at 0x00d714ca... (82 %)
Writing at 0x00d75c3e... (82 %)
Writing at 0x00d7a37a... (82 %)
Writing at 0x00d7ea72... (82 %)
Writing at 0x00d831e3... (82 %)
Writing at 0x00d87976... (82 %)
Writing at 0x00d8c0c9... (82 %)
Writing at 0x00d90832... (82 %)
Writing at 0x00d94fc1... (83 %)
Writing at 0x00d99752... (83 %)
Writing at 0x00d9ded1... (83 %)
Writing at 0x00da262f... (83 %)
Writing at 0x00da6d77... (83 %)
Writing at 0x00dab44b... (83 %)
Writing at 0x00dafb8b... (83 %)
Writing at 0x00db42f9... (83 %)
Writing at 0x00db8a1e... (84 %)
Writing at 0x00dbd185... (84 %)
Writing at 0x00dc18ce... (84 %)
Writing at 0x00dc6024... (84 %)
Writing at 0x00dca778... (84 %)
Writing at 0x00dceeea... (84 %)
Writing at 0x00dd364d... (84 %)
Writing at 0x00dd7d47... (84 %)
Writing at 0x00ddc494... (85 %)
Writing at 0x00de0bf4... (85 %)
Writing at 0x00de534f... (85 %)
Writing at 0x00de9aab... (85 %)
Writing at 0x00dee224... (85 %)
Writing at 0x00df29bb... (85 %)
Writing at 0x00df716a... (85 %)
Writing at 0x00dfb8ae... (85 %)
Writing at 0x00dfffcd... (86 %)
Writing at 0x00e046ab... (86 %)
Writing at 0x00e08dda... (86 %)
Writing at 0x00e0d511... (86 %)
Writing at 0x00e11c9d... (86 %)
Writing at 0x00e163ca... (86 %)
Writing at 0x00e1ab0c... (86 %)
Writing at 0x00e1f24a... (86 %)
Writing at 0x00e2399f... (86 %)
Writing at 0x00e280b9... (87 %)
Writing at 0x00e2c830... (87 %)
Writing at 0x00e30f23... (87 %)
Writing at 0x00e356c7... (87 %)
Writing at 0x00e39e49... (87 %)
Writing at 0x00e3e5eb... (87 %)
Writing at 0x00e42d76... (87 %)
Writing at 0x00e474da... (87 %)
Writing at 0x00e4bc11... (88 %)
Writing at 0x00e50331... (88 %)
Writing at 0x00e54a80... (88 %)
Writing at 0x00e591f5... (88 %)
Writing at 0x00e5d8c3... (88 %)
Writing at 0x00e61ffe... (88 %)
Writing at 0x00e6672e... (88 %)
Writing at 0x00e6ae55... (88 %)
Writing at 0x00e6f59e... (89 %)
Writing at 0x00e73d0e... (89 %)
Writing at 0x00e7844c... (89 %)
Writing at 0x00e7cb81... (89 %)
Writing at 0x00e8131a... (89 %)
Writing at 0x00e85a87... (89 %)
Writing at 0x00e8a14d... (89 %)
Writing at 0x00e8e89e... (89 %)
Writing at 0x00e92ff3... (90 %)
Writing at 0x00e97750... (90 %)
Writing at 0x00e9bf09... (90 %)
Writing at 0x00ea067c... (90 %)
Writing at 0x00ea4ddb... (90 %)
Writing at 0x00ea9520... (90 %)
Writing at 0x00eadc5b... (90 %)
Writing at 0x00eb232e... (90 %)
Writing at 0x00eb6a89... (91 %)
Writing at 0x00ebb21d... (91 %)
Writing at 0x00ebf96d... (91 %)
Writing at 0x00ec40b2... (91 %)
Writing at 0x00ec8829... (91 %)
Writing at 0x00eccf79... (91 %)
Writing at 0x00ed16e7... (91 %)
Writing at 0x00ed5eb0... (91 %)
Writing at 0x00eda608... (92 %)
Writing at 0x00eded01... (92 %)
Writing at 0x00ee3461... (92 %)
Writing at 0x00ee7c08... (92 %)
Writing at 0x00eec39a... (92 %)
Writing at 0x00ef0b16... (92 %)
Writing at 0x00ef5289... (92 %)
Writing at 0x00ef99b5... (92 %)
Writing at 0x00efe131... (93 %)
Writing at 0x00f028bc... (93 %)
Writing at 0x00f07068... (93 %)
Writing at 0x00f0b749... (93 %)
Writing at 0x00f0fe9d... (93 %)
Writing at 0x00f145a7... (93 %)
Writing at 0x00f18ce2... (93 %)
Writing at 0x00f1d454... (93 %)
Writing at 0x00f21ba5... (93 %)
Writing at 0x00f262f3... (94 %)
Writing at 0x00f2aa2b... (94 %)
Writing at 0x00f2f144... (94 %)
Writing at 0x00f338cc... (94 %)
Writing at 0x00f37fd6... (94 %)
Writing at 0x00f3c72a... (94 %)
Writing at 0x00f40e5a... (94 %)
Writing at 0x00f4561d... (94 %)
Writing at 0x00f49dbc... (95 %)
Writing at 0x00f4e52e... (95 %)
Writing at 0x00f52c52... (95 %)
Writing at 0x00f573cd... (95 %)
Writing at 0x00f5bb28... (95 %)
Writing at 0x00f602c4... (95 %)
Writing at 0x00f64949... (95 %)
Writing at 0x00f690ab... (95 %)
Writing at 0x00f6d801... (96 %)
Writing at 0x00f71f8d... (96 %)
Writing at 0x00f766d8... (96 %)
Writing at 0x00f7ae21... (96 %)
Writing at 0x00f7f590... (96 %)
Writing at 0x00f83d39... (96 %)
Writing at 0x00f88465... (96 %)
Writing at 0x00f8cbce... (96 %)
Writing at 0x00f912ee... (97 %)
Writing at 0x00f95a5f... (97 %)
Writing at 0x00f9a1b9... (97 %)
Writing at 0x00f9e93d... (97 %)
Writing at 0x00fa30e9... (97 %)
Writing at 0x00fa787c... (97 %)
Writing at 0x00fabfb8... (97 %)
Writing at 0x00fb071f... (97 %)
Writing at 0x00fb4e7c... (98 %)
Writing at 0x00fb95cd... (98 %)
Writing at 0x00fbdcd8... (98 %)
Writing at 0x00fc2433... (98 %)
Writing at 0x00fc6bcf... (98 %)
Writing at 0x00fcb33b... (98 %)
Writing at 0x00fcfabc... (98 %)
Writing at 0x00fd428b... (98 %)
Writing at 0x00fd8a46... (99 %)
Writing at 0x00fdd1c2... (99 %)
Writing at 0x00fe196e... (99 %)
Writing at 0x00fe60f6... (99 %)
Writing at 0x00fea852... (99 %)
Writing at 0x00feefbc... (99 %)
Writing at 0x00ff3739... (99 %)
Writing at 0x00ff7eb6... (99 %)
Writing at 0x00ffc65a... (100 %)
Wrote 15659904 bytes (13346877 compressed) at 0x00110000 in 192.9 seconds (effective 649.4 kbit/s)...
Hash of data verified.
Compressed 423156 bytes to 160260...
Writing at 0x01000000... (10 %)
Writing at 0x01009645... (20 %)
Writing at 0x010135c2... (30 %)
Writing at 0x0101d842... (40 %)
Writing at 0x01027924... (50 %)
Writing at 0x01031f16... (60 %)
Writing at 0x0103d5d5... (70 %)
Writing at 0x01048839... (80 %)
Writing at 0x01053a3c... (90 %)
Writing at 0x0105eb87... (100 %)
Wrote 423156 bytes (160260 compressed) at 0x01000000 in 3.7 seconds (effective 914.0 kbit/s)...
Hash of data verified.

Leaving...
Hard resetting via RTS pin...
