esptool.py v4.12.0
Serial port COM20
Connecting...
Chip is ESP32-S3 (QFN56) (revision v0.2)
Features: WiFi, BLE, Embedded PSRAM 16MB (AP_1v8)
Crystal is 40MHz
MAC: 90:e5:b1:d1:89:3c
Uploading stub...
Running stub...
Stub running...
Changing baud rate to 921600
Changed.
Configuring flash size...
Flash will be erased from 0x00110000 to 0x00ffffff...
Flash will be erased from 0x01000000 to 0x01067fff...
Compressed 15659904 bytes to 13345317...
Writing at 0x00110000... (0 %)
Writing at 0x00116424... (0 %)
Writing at 0x0011bd0f... (0 %)
Writing at 0x00123623... (0 %)
Writing at 0x001285fc... (0 %)
Writing at 0x0012d3f1... (0 %)
Writing at 0x00131f2b... (0 %)
Writing at 0x00136a77... (0 %)
Writing at 0x0013b579... (1 %)
Writing at 0x0014017b... (1 %)
Writing at 0x00144d58... (1 %)
Writing at 0x00149934... (1 %)
Writing at 0x0014e429... (1 %)
Writing at 0x001530a4... (1 %)
Writing at 0x00157dbe... (1 %)
Writing at 0x0015ca92... (1 %)
Writing at 0x001617d3... (2 %)
Writing at 0x00166441... (2 %)
Writing at 0x0016b062... (2 %)
Writing at 0x0016fdeb... (2 %)
Writing at 0x00174b28... (2 %)
Writing at 0x0017988d... (2 %)
Writing at 0x0017e632... (2 %)
Writing at 0x00183529... (2 %)
Writing at 0x001882e8... (3 %)
Writing at 0x0018d1d8... (3 %)
Writing at 0x001920d9... (3 %)
Writing at 0x00196f4f... (3 %)
Writing at 0x0019bdd2... (3 %)
Writing at 0x001a0c91... (3 %)
Writing at 0x001a5b8b... (3 %)
Writing at 0x001aaaf4... (3 %)
Writing at 0x001afa50... (4 %)
Writing at 0x001b49d5... (4 %)
Writing at 0x001b99fc... (4 %)
Writing at 0x001beb0d... (4 %)
Writing at 0x001c3c5f... (4 %)
Writing at 0x001c8dc2... (4 %)
Writing at 0x001cdf0a... (4 %)
Writing at 0x001d2f85... (4 %)
Writing at 0x001d80f1... (5 %)
Writing at 0x001dd267... (5 %)
Writing at 0x001e232d... (5 %)
Writing at 0x001e75e8... (5 %)
Writing at 0x001ed150... (5 %)
Writing at 0x001f2322... (5 %)
Writing at 0x001f7861... (5 %)
Writing at 0x001fcb1f... (5 %)
Writing at 0x00201e53... (6 %)
Writing at 0x002072bd... (6 %)
Writing at 0x0020c7f1... (6 %)
Writing at 0x00211e76... (6 %)
Writing at 0x00217308... (6 %)
Writing at 0x0021c81f... (6 %)
Writing at 0x00221dce... (6 %)
Writing at 0x002273c2... (6 %)
Writing at 0x0022c7a4... (6 %)
Writing at 0x00231b87... (7 %)
Writing at 0x00236f87... (7 %)
Writing at 0x0023c3ad... (7 %)
Writing at 0x0024188b... (7 %)
Writing at 0x00246bc7... (7 %)
Writing at 0x0024bee5... (7 %)
Writing at 0x00251452... (7 %)
Writing at 0x00256b31... (7 %)
Writing at 0x0025c3b1... (8 %)
Writing at 0x0026189e... (8 %)
Writing at 0x00266f66... (8 %)
Writing at 0x0026c309... (8 %)
Writing at 0x002716df... (8 %)
Writing at 0x00276b6b... (8 %)
Writing at 0x0027c0a5... (8 %)
Writing at 0x00281772... (8 %)
Writing at 0x00287167... (9 %)
Writing at 0x0028c687... (9 %)
Writing at 0x00291f3c... (9 %)
Writing at 0x00297671... (9 %)
Writing at 0x0029cb5a... (9 %)
Writing at 0x002a20c1... (9 %)
Writing at 0x002a7a44... (9 %)
Writing at 0x002ad37a... (9 %)
Writing at 0x002b2b4b... (10 %)
Writing at 0x002b8243... (10 %)
Writing at 0x002bd815... (10 %)
Writing at 0x002c2f4e... (10 %)
Writing at 0x002c87cc... (10 %)
Writing at 0x002cdfb2... (10 %)
Writing at 0x002d3774... (10 %)
Writing at 0x002d9079... (10 %)
Writing at 0x002deb3c... (11 %)
Writing at 0x002e4591... (11 %)
Writing at 0x002e9f0c... (11 %)
Writing at 0x002ef4f8... (11 %)
Writing at 0x002f4fa2... (11 %)
Writing at 0x002fa94e... (11 %)
Writing at 0x00300499... (11 %)
Writing at 0x00305f71... (11 %)
Writing at 0x0030bd11... (12 %)
Writing at 0x00311bac... (12 %)
Writing at 0x0031743f... (12 %)
Writing at 0x0031ce32... (12 %)
Writing at 0x003228ed... (12 %)
Writing at 0x00328660... (12 %)
Writing at 0x0032e329... (12 %)
Writing at 0x0033423f... (12 %)
Writing at 0x00339ec3... (13 %)
Writing at 0x0033f9b5... (13 %)
Writing at 0x00345442... (13 %)
Writing at 0x0034add4... (13 %)
Writing at 0x00350d32... (13 %)
Writing at 0x003568ff... (13 %)
Writing at 0x0035c49c... (13 %)
Writing at 0x0036215d... (13 %)
Writing at 0x00368080... (13 %)
Writing at 0x0036defa... (14 %)
Writing at 0x00373906... (14 %)
Writing at 0x003796f1... (14 %)
Writing at 0x0037f5bd... (14 %)
Writing at 0x003856ed... (14 %)
Writing at 0x0038b656... (14 %)
Writing at 0x003915ee... (14 %)
Writing at 0x0039753b... (14 %)
Writing at 0x0039d321... (15 %)
Writing at 0x003a34c2... (15 %)
Writing at 0x003a906b... (15 %)
Writing at 0x003aee7a... (15 %)
Writing at 0x003b4b69... (15 %)
Writing at 0x003bac0a... (15 %)
Writing at 0x003c0df6... (15 %)
Writing at 0x003c6f24... (15 %)
Writing at 0x003cce43... (16 %)
Writing at 0x003d2ff5... (16 %)
Writing at 0x003d9286... (16 %)
Writing at 0x003df0df... (16 %)
Writing at 0x003e52a1... (16 %)
Writing at 0x003eb586... (16 %)
Writing at 0x003f1604... (16 %)
Writing at 0x003f7aa5... (16 %)
Writing at 0x003fdc76... (17 %)
Writing at 0x00403a2a... (17 %)
Writing at 0x00409835... (17 %)
Writing at 0x0040f910... (17 %)
Writing at 0x00415a0d... (17 %)
Writing at 0x0041bd73... (17 %)
Writing at 0x004220a2... (17 %)
Writing at 0x00428198... (17 %)
Writing at 0x0042e1df... (18 %)
Writing at 0x004346e0... (18 %)
Writing at 0x0043ad01... (18 %)
Writing at 0x00441466... (18 %)
Writing at 0x004476c9... (18 %)
Writing at 0x0044dbd1... (18 %)
Writing at 0x00454072... (18 %)
Writing at 0x0045a4c2... (18 %)
Writing at 0x004609a5... (19 %)
Writing at 0x00467016... (19 %)
Writing at 0x0046d507... (19 %)
Writing at 0x00473715... (19 %)
Writing at 0x00479b56... (19 %)
Writing at 0x004802ff... (19 %)
Writing at 0x004868d6... (19 %)
Writing at 0x0048ca04... (19 %)
Writing at 0x00492d95... (20 %)
Writing at 0x0049939d... (20 %)
Writing at 0x0049f87c... (20 %)
Writing at 0x004a5b7b... (20 %)
Writing at 0x004abfee... (20 %)
Writing at 0x004b248d... (20 %)
Writing at 0x004b8a23... (20 %)
Writing at 0x004bf506... (20 %)
Writing at 0x004c5a97... (20 %)
Writing at 0x004cb4ab... (21 %)
Writing at 0x004cfbdc... (21 %)
Writing at 0x004d4301... (21 %)
Writing at 0x004d8a11... (21 %)
Writing at 0x004dd150... (21 %)
Writing at 0x004e18a5... (21 %)
Writing at 0x004e5fc7... (21 %)
Writing at 0x004ea727... (21 %)
Writing at 0x004eee58... (22 %)
Writing at 0x004f3506... (22 %)
Writing at 0x004f7c46... (22 %)
Writing at 0x004fc38e... (22 %)
Writing at 0x00500af0... (22 %)
Writing at 0x00505256... (22 %)
Writing at 0x005099ea... (22 %)
Writing at 0x0050e127... (22 %)
Writing at 0x005128c9... (23 %)
Writing at 0x005170a8... (23 %)
Writing at 0x0051b853... (23 %)
Writing at 0x0051ff63... (23 %)
Writing at 0x005246a8... (23 %)
Writing at 0x00528e69... (23 %)
Writing at 0x0052d5d5... (23 %)
Writing at 0x00531d69... (23 %)
Writing at 0x0053645d... (24 %)
Writing at 0x0053aba8... (24 %)
Writing at 0x0053f2f9... (24 %)
Writing at 0x00543a4b... (24 %)
Writing at 0x005481a9... (24 %)
Writing at 0x0054c870... (24 %)
Writing at 0x00550ff2... (24 %)
Writing at 0x00555734... (24 %)
Writing at 0x00559e81... (25 %)
Writing at 0x0055e5ff... (25 %)
Writing at 0x00562d1a... (25 %)
Writing at 0x0056747a... (25 %)
Writing at 0x0056bbce... (25 %)
Writing at 0x0057031d... (25 %)
Writing at 0x00574a35... (25 %)
Writing at 0x005790f3... (25 %)
Writing at 0x0057d835... (26 %)
Writing at 0x00581f96... (26 %)
Writing at 0x005866d5... (26 %)
Writing at 0x0058adeb... (26 %)
Writing at 0x0058f53c... (26 %)
Writing at 0x00593c85... (26 %)
Writing at 0x005983be... (26 %)
Writing at 0x0059cb2a... (26 %)
Writing at 0x005a12da... (26 %)
Writing at 0x005a59b8... (27 %)
Writing at 0x005aa12f... (27 %)
Writing at 0x005ae8c0... (27 %)
Writing at 0x005b301b... (27 %)
Writing at 0x005b7783... (27 %)
Writing at 0x005bbedf... (27 %)
Writing at 0x005c0672... (27 %)
Writing at 0x005c4e0d... (27 %)
Writing at 0x005c9589... (28 %)
Writing at 0x005cdd22... (28 %)
Writing at 0x005d234b... (28 %)
Writing at 0x005d6aa9... (28 %)
Writing at 0x005db1c2... (28 %)
Writing at 0x005df91e... (28 %)
Writing at 0x005e402e... (28 %)
Writing at 0x005e876d... (28 %)
Writing at 0x005ecec1... (29 %)
Writing at 0x005f15f4... (29 %)
Writing at 0x005f5d3b... (29 %)
Writing at 0x005fa492... (29 %)
Writing at 0x005feb3e... (29 %)
Writing at 0x006032c3... (29 %)
Writing at 0x00607a2c... (29 %)
Writing at 0x0060c18b... (29 %)
Writing at 0x00610905... (30 %)
Writing at 0x006150a0... (30 %)
Writing at 0x006197e7... (30 %)
Writing at 0x0061df44... (30 %)
Writing at 0x00622639... (30 %)
Writing at 0x00626d4c... (30 %)
Writing at 0x0062b3ed... (30 %)
Writing at 0x0062fb24... (30 %)
Writing at 0x0063427a... (31 %)
Writing at 0x0063896f... (31 %)
Writing at 0x0063d0d6... (31 %)
Writing at 0x00641817... (31 %)
Writing at 0x00645f48... (31 %)
Writing at 0x0064a671... (31 %)
Writing at 0x0064edc0... (31 %)
Writing at 0x00653512... (31 %)
Writing at 0x00657bfa... (32 %)
Writing at 0x0065c341... (32 %)
Writing at 0x00660a72... (32 %)
Writing at 0x0066519b... (32 %)
Writing at 0x0066991b... (32 %)
Writing at 0x0066e07d... (32 %)
Writing at 0x0067279d... (32 %)
Writing at 0x00676ef8... (32 %)
Writing at 0x0067b641... (33 %)
Writing at 0x0067fdb8... (33 %)
Writing at 0x00684482... (33 %)
Writing at 0x00688bf4... (33 %)
Writing at 0x0068d303... (33 %)
Writing at 0x00691a87... (33 %)
Writing at 0x00696202... (33 %)
Writing at 0x0069a97b... (33 %)
Writing at 0x0069f0f1... (33 %)
Writing at 0x006a381b... (34 %)
Writing at 0x006a7f19... (34 %)
Writing at 0x006ac64c... (34 %)
Writing at 0x006b0d55... (34 %)
Writing at 0x006b549d... (34 %)
Writing at 0x006b9c1d... (34 %)
Writing at 0x006be380... (34 %)
Writing at 0x006c2ada... (34 %)
Writing at 0x006c7260... (35 %)
Writing at 0x006cb9a6... (35 %)
Writing at 0x006d00f2... (35 %)
Writing at 0x006d47eb... (35 %)
Writing at 0x006d8ec9... (35 %)
Writing at 0x006dd564... (35 %)
Writing at 0x006e1c9e... (35 %)
Writing at 0x006e63e0... (35 %)
Writing at 0x006eab63... (36 %)
Writing at 0x006ef2b1... (36 %)
Writing at 0x006f3a05... (36 %)
Writing at 0x006f816a... (36 %)
Writing at 0x006fc8f6... (36 %)
Writing at 0x00701020... (36 %)
Writing at 0x00705747... (36 %)
Writing at 0x00709e2a... (36 %)
Writing at 0x0070e58d... (37 %)
Writing at 0x00712d2f... (37 %)
Writing at 0x007174af... (37 %)
Writing at 0x0071bc51... (37 %)
Writing at 0x007203d8... (37 %)
Writing at 0x00724b27... (37 %)
Writing at 0x00729270... (37 %)
Writing at 0x0072d987... (37 %)
Writing at 0x0073204f... (38 %)
Writing at 0x00736709... (38 %)
Writing at 0x0073ae3d... (38 %)
Writing at 0x0073f52e... (38 %)
Writing at 0x00743c8f... (38 %)
Writing at 0x007483e6... (38 %)
Writing at 0x0074cb0e... (38 %)
Writing at 0x0075124d... (38 %)
Writing at 0x007559b1... (39 %)
Writing at 0x0075a0f7... (39 %)
Writing at 0x0075e84e... (39 %)
Writing at 0x00762f09... (39 %)
Writing at 0x00767642... (39 %)
Writing at 0x0076bdb1... (39 %)
Writing at 0x0077051c... (39 %)
Writing at 0x00774c78... (39 %)
Writing at 0x007793cd... (40 %)
Writing at 0x0077db18... (40 %)
Writing at 0x007822a8... (40 %)
Writing at 0x007869c8... (40 %)
Writing at 0x0078b17b... (40 %)
Writing at 0x0078f86e... (40 %)
Writing at 0x00793fd4... (40 %)
Writing at 0x0079873e... (40 %)
Writing at 0x0079cec1... (40 %)
Writing at 0x007a160e... (41 %)
Writing at 0x007a5d54... (41 %)
Writing at 0x007aa4a8... (41 %)
Writing at 0x007aec00... (41 %)
Writing at 0x007b338d... (41 %)
Writing at 0x007b7b0f... (41 %)
Writing at 0x007bc1dc... (41 %)
Writing at 0x007c093e... (41 %)
Writing at 0x007c5092... (42 %)
Writing at 0x007c97c4... (42 %)
Writing at 0x007cdf2f... (42 %)
Writing at 0x007d266e... (42 %)
Writing at 0x007d6dd0... (42 %)
Writing at 0x007db4ea... (42 %)
Writing at 0x007dfbed... (42 %)
Writing at 0x007e4362... (42 %)
Writing at 0x007e8a87... (43 %)
Writing at 0x007ed1cb... (43 %)
Writing at 0x007f18e3... (43 %)
Writing at 0x007f5fec... (43 %)
Writing at 0x007fa75f... (43 %)
Writing at 0x007feea4... (43 %)
Writing at 0x008035b8... (43 %)
Writing at 0x00807d0a... (43 %)
Writing at 0x0080c416... (44 %)
Writing at 0x00810baa... (44 %)
Writing at 0x00815321... (44 %)
Writing at 0x00819a11... (44 %)
Writing at 0x0081e187... (44 %)
Writing at 0x008228f8... (44 %)
Writing at 0x0082709a... (44 %)
Writing at 0x0082b7ea... (44 %)
Writing at 0x0082ff21... (45 %)
Writing at 0x00834652... (45 %)
Writing at 0x00838d55... (45 %)
Writing at 0x0083d466... (45 %)
Writing at 0x00841b4b... (45 %)
Writing at 0x00846212... (45 %)
Writing at 0x0084a9a0... (45 %)
Writing at 0x0084f101... (45 %)
Writing at 0x0085386e... (46 %)
Writing at 0x00857ff1... (46 %)
Writing at 0x0085c713... (46 %)
Writing at 0x00860e5b... (46 %)
Writing at 0x008655df... (46 %)
Writing at 0x00869d4c... (46 %)
Writing at 0x0086e493... (46 %)
Writing at 0x00872bdb... (46 %)
Writing at 0x0087734b... (46 %)
Writing at 0x0087babc... (47 %)
Writing at 0x008801f4... (47 %)
Writing at 0x0088492b... (47 %)
Writing at 0x00889095... (47 %)
Writing at 0x0088d7dc... (47 %)
Writing at 0x00891f32... (47 %)
Writing at 0x008966ef... (47 %)
Writing at 0x0089ade4... (47 %)
Writing at 0x0089f546... (48 %)
Writing at 0x008a3c96... (48 %)
Writing at 0x008a840f... (48 %)
Writing at 0x008acb48... (48 %)
Writing at 0x008b129e... (48 %)
Writing at 0x008b59e4... (48 %)
Writing at 0x008ba159... (48 %)
Writing at 0x008be902... (48 %)
Writing at 0x008c3073... (49 %)
Writing at 0x008c7785... (49 %)
Writing at 0x008cbebb... (49 %)
Writing at 0x008d05e2... (49 %)
Writing at 0x008d4d19... (49 %)
Writing at 0x008d946a... (49 %)
Writing at 0x008ddbbe... (49 %)
Writing at 0x008e22e6... (49 %)
Writing at 0x008e6a4f... (50 %)
Writing at 0x008eb193... (50 %)
Writing at 0x008ef89b... (50 %)
Writing at 0x008f3fcb... (50 %)
Writing at 0x008f86af... (50 %)
Writing at 0x008fcdfb... (50 %)
Writing at 0x00901575... (50 %)
Writing at 0x00905ca4... (50 %)
Writing at 0x0090a3e6... (51 %)
Writing at 0x0090eafc... (51 %)
Writing at 0x00913276... (51 %)
Writing at 0x00917a13... (51 %)
Writing at 0x0091c1c2... (51 %)
Writing at 0x0092093c... (51 %)
Writing at 0x0092508e... (51 %)
Writing at 0x00929815... (51 %)
Writing at 0x0092df8f... (52 %)
Writing at 0x009326e1... (52 %)
Writing at 0x00936e2b... (52 %)
Writing at 0x0093b527... (52 %)
Writing at 0x0093fc62... (52 %)
Writing at 0x00944363... (52 %)
Writing at 0x00948a41... (52 %)
Writing at 0x0094d1d7... (52 %)
Writing at 0x009518c8... (53 %)
Writing at 0x00955fe1... (53 %)
Writing at 0x0095a72e... (53 %)
Writing at 0x0095ee63... (53 %)
Writing at 0x009635d8... (53 %)
Writing at 0x00967d39... (53 %)
Writing at 0x0096c4b2... (53 %)
Writing at 0x00970bd0... (53 %)
Writing at 0x0097530e... (53 %)
Writing at 0x00979a7f... (54 %)
Writing at 0x0097e14a... (54 %)
Writing at 0x009828e7... (54 %)
Writing at 0x0098700b... (54 %)
Writing at 0x0098b754... (54 %)
Writing at 0x0098feae... (54 %)
Writing at 0x0099461e... (54 %)
Writing at 0x00998d87... (54 %)
Writing at 0x0099d4fc... (55 %)
Writing at 0x009a1c84... (55 %)
Writing at 0x009a63ea... (55 %)
Writing at 0x009aab1b... (55 %)
Writing at 0x009af28a... (55 %)
Writing at 0x009b3a0d... (55 %)
Writing at 0x009b8159... (55 %)
Writing at 0x009bc8d1... (55 %)
Writing at 0x009c100b... (56 %)
Writing at 0x009c5773... (56 %)
Writing at 0x009c9ed8... (56 %)
Writing at 0x009ce631... (56 %)
Writing at 0x009d2d73... (56 %)
Writing at 0x009d7457... (56 %)
Writing at 0x009dbbe8... (56 %)
Writing at 0x009e0330... (56 %)
Writing at 0x009e4ac6... (57 %)
Writing at 0x009e9234... (57 %)
Writing at 0x009ed974... (57 %)
Writing at 0x009f207c... (57 %)
Writing at 0x009f677c... (57 %)
Writing at 0x009faea6... (57 %)
Writing at 0x009ff60e... (57 %)
Writing at 0x00a03ce1... (57 %)
Writing at 0x00a083ed... (58 %)
Writing at 0x00a0cb1c... (58 %)
Writing at 0x00a1125d... (58 %)
Writing at 0x00a1595d... (58 %)
Writing at 0x00a1a0e6... (58 %)
Writing at 0x00a1e88b... (58 %)
Writing at 0x00a23050... (58 %)
Writing at 0x00a277ea... (58 %)
Writing at 0x00a2bfb7... (59 %)
Writing at 0x00a30710... (59 %)
Writing at 0x00a34e2c... (59 %)
Writing at 0x00a39579... (59 %)
Writing at 0x00a3dca2... (59 %)
Writing at 0x00a423e2... (59 %)
Writing at 0x00a46b00... (59 %)
Writing at 0x00a4b210... (59 %)
Writing at 0x00a4f91e... (60 %)
Writing at 0x00a54075... (60 %)
Writing at 0x00a587c4... (60 %)
Writing at 0x00a5ce73... (60 %)
Writing at 0x00a615b1... (60 %)
Writing at 0x00a65d41... (60 %)
Writing at 0x00a6a497... (60 %)
Writing at 0x00a6ebff... (60 %)
Writing at 0x00a73347... (60 %)
Writing at 0x00a77afe... (61 %)
Writing at 0x00a7c278... (61 %)
Writing at 0x00a80a01... (61 %)
Writing at 0x00a85170... (61 %)
Writing at 0x00a8981c... (61 %)
Writing at 0x00a8df59... (61 %)
Writing at 0x00a926c5... (61 %)
Writing at 0x00a96e14... (61 %)
Writing at 0x00a9b586... (62 %)
Writing at 0x00a9fce6... (62 %)
Writing at 0x00aa4470... (62 %)
Writing at 0x00aa8be5... (62 %)
Writing at 0x00aad321... (62 %)
Writing at 0x00ab1a93... (62 %)
Writing at 0x00ab6159... (62 %)
Writing at 0x00aba8c0... (62 %)
Writing at 0x00abeffd... (63 %)
Writing at 0x00ac3773... (63 %)
Writing at 0x00ac7ef6... (63 %)
Writing at 0x00acc625... (63 %)
Writing at 0x00ad0d7e... (63 %)
Writing at 0x00ad54e0... (63 %)
Writing at 0x00ad9c7e... (63 %)
Writing at 0x00ade3dd... (63 %)
Writing at 0x00ae2aa5... (64 %)
Writing at 0x00ae71ca... (64 %)
Writing at 0x00aeb926... (64 %)
Writing at 0x00af0045... (64 %)
Writing at 0x00af4784... (64 %)
Writing at 0x00af8e7d... (64 %)
Writing at 0x00afd57d... (64 %)
Writing at 0x00b01ccd... (64 %)
Writing at 0x00b063de... (65 %)
Writing at 0x00b0aafa... (65 %)
Writing at 0x00b0f162... (65 %)
Writing at 0x00b138ac... (65 %)
Writing at 0x00b1800f... (65 %)
Writing at 0x00b1c775... (65 %)
Writing at 0x00b20eea... (65 %)
Writing at 0x00b25674... (65 %)
Writing at 0x00b29e5f... (66 %)
Writing at 0x00b2e5a0... (66 %)
Writing at 0x00b32ced... (66 %)
Writing at 0x00b37466... (66 %)
Writing at 0x00b3bafa... (66 %)
Writing at 0x00b40227... (66 %)
Writing at 0x00b44978... (66 %)
Writing at 0x00b490bf... (66 %)
Writing at 0x00b4d80d... (66 %)
Writing at 0x00b51f70... (67 %)
Writing at 0x00b566b6... (67 %)
Writing at 0x00b5ae1f... (67 %)
Writing at 0x00b5f5ae... (67 %)
Writing at 0x00b63d06... (67 %)
Writing at 0x00b683be... (67 %)
Writing at 0x00b6caee... (67 %)
Writing at 0x00b71221... (67 %)
Writing at 0x00b75982... (68 %)
Writing at 0x00b7a0fa... (68 %)
Writing at 0x00b7e834... (68 %)
Writing at 0x00b82fb7... (68 %)
Writing at 0x00b87714... (68 %)
Writing at 0x00b8be6f... (68 %)
Writing at 0x00b905a7... (68 %)
Writing at 0x00b94c6a... (68 %)
Writing at 0x00b9940c... (69 %)
Writing at 0x00b9db6c... (69 %)
Writing at 0x00ba22ab... (69 %)
Writing at 0x00ba69ce... (69 %)
Writing at 0x00bab11b... (69 %)
Writing at 0x00baf885... (69 %)
Writing at 0x00bb3fe0... (69 %)
Writing at 0x00bb8768... (69 %)
Writing at 0x00bbceb7... (70 %)
Writing at 0x00bc1594... (70 %)
Writing at 0x00bc5ce8... (70 %)
Writing at 0x00bca46f... (70 %)
Writing at 0x00bcebaf... (70 %)
Writing at 0x00bd3331... (70 %)
Writing at 0x00bd7a94... (70 %)
Writing at 0x00bdc223... (70 %)
Writing at 0x00be0985... (71 %)
Writing at 0x00be50e0... (71 %)
Writing at 0x00be9853... (71 %)
Writing at 0x00bedf3e... (71 %)
Writing at 0x00bf26c5... (71 %)
Writing at 0x00bf6e32... (71 %)
Writing at 0x00bfb576... (71 %)
Writing at 0x00bffc81... (71 %)
Writing at 0x00c043c1... (72 %)
Writing at 0x00c08af6... (72 %)
Writing at 0x00c0d253... (72 %)
Writing at 0x00c119b4... (72 %)
Writing at 0x00c160e7... (72 %)
Writing at 0x00c1a786... (72 %)
Writing at 0x00c1eeae... (72 %)
Writing at 0x00c23635... (72 %)
Writing at 0x00c27e08... (73 %)
Writing at 0x00c2c5da... (73 %)
Writing at 0x00c30d3d... (73 %)
Writing at 0x00c354eb... (73 %)
Writing at 0x00c39c7d... (73 %)
Writing at 0x00c3e3dd... (73 %)
Writing at 0x00c42b46... (73 %)
Writing at 0x00c471ff... (73 %)
Writing at 0x00c4b955... (73 %)
Writing at 0x00c500a8... (74 %)
Writing at 0x00c547d6... (74 %)
Writing at 0x00c58f0c... (74 %)
Writing at 0x00c5d654... (74 %)
Writing at 0x00c61d8d... (74 %)
Writing at 0x00c664dd... (74 %)
Writing at 0x00c6ac20... (74 %)
Writing at 0x00c6f38e... (74 %)
Writing at 0x00c73a69... (75 %)
Writing at 0x00c781be... (75 %)
Writing at 0x00c7c90f... (75 %)
Writing at 0x00c81090... (75 %)
Writing at 0x00c857f3... (75 %)
Writing at 0x00c89f6c... (75 %)
Writing at 0x00c8e6a9... (75 %)
Writing at 0x00c92e35... (75 %)
Writing at 0x00c97588... (76 %)
Writing at 0x00c9bcf0... (76 %)
Writing at 0x00ca03df... (76 %)
Writing at 0x00ca4b17... (76 %)
Writing at 0x00ca927a... (76 %)
Writing at 0x00cada10... (76 %)
Writing at 0x00cb2156... (76 %)
Writing at 0x00cb68b8... (76 %)
Writing at 0x00cbb03d... (77 %)
Writing at 0x00cbf792... (77 %)
Writing at 0x00cc3eb1... (77 %)
Writing at 0x00cc8623... (77 %)
Writing at 0x00cccca7... (77 %)
Writing at 0x00cd1441... (77 %)
Writing at 0x00cd5b8a... (77 %)
Writing at 0x00cda30b... (77 %)
Writing at 0x00cdeab8... (78 %)
Writing at 0x00ce31f9... (78 %)
Writing at 0x00ce7973... (78 %)
Writing at 0x00cec0c5... (78 %)
Writing at 0x00cf07a4... (78 %)
Writing at 0x00cf4f14... (78 %)
Writing at 0x00cf95af... (78 %)
Writing at 0x00cfdcea... (78 %)
Writing at 0x00d0240e... (79 %)
Writing at 0x00d06b42... (79 %)
Writing at 0x00d0b293... (79 %)
Writing at 0x00d0f9f7... (79 %)
Writing at 0x00d1415f... (79 %)
Writing at 0x00d1889d... (79 %)
Writing at 0x00d1cf9b... (79 %)
Writing at 0x00d216e9... (79 %)
Writing at 0x00d25db9... (80 %)
Writing at 0x00d2a578... (80 %)
Writing at 0x00d2ed0f... (80 %)
Writing at 0x00d334c8... (80 %)
Writing at 0x00d37c6e... (80 %)
Writing at 0x00d3c3e0... (80 %)
Writing at 0x00d40b73... (80 %)
Writing at 0x00d452a6... (80 %)
Writing at 0x00d499fe... (80 %)
Writing at 0x00d4e140... (81 %)
Writing at 0x00d527f9... (81 %)
Writing at 0x00d56f70... (81 %)
Writing at 0x00d5b697... (81 %)
Writing at 0x00d5fdb0... (81 %)
Writing at 0x00d64509... (81 %)
Writing at 0x00d68c7a... (81 %)
Writing at 0x00d6d3bc... (81 %)
Writing at 0x00d71b49... (82 %)
Writing at 0x00d762ae... (82 %)
Writing at 0x00d7a9fa... (82 %)
Writing at 0x00d7f0e8... (82 %)
Writing at 0x00d8385e... (82 %)
Writing at 0x00d87fe4... (82 %)
Writing at 0x00d8c744... (82 %)
Writing at 0x00d90eb1... (82 %)
Writing at 0x00d95635... (83 %)
Writing at 0x00d99dd1... (83 %)
Writing at 0x00d9e54a... (83 %)
Writing at 0x00da2ca0... (83 %)
Writing at 0x00da73ed... (83 %)
Writing at 0x00dababa... (83 %)
Writing at 0x00db01f8... (83 %)
Writing at 0x00db496f... (83 %)
Writing at 0x00db9094... (84 %)
Writing at 0x00dbd7eb... (84 %)
Writing at 0x00dc1f31... (84 %)
Writing at 0x00dc66a1... (84 %)
Writing at 0x00dcadf2... (84 %)
Writing at 0x00dcf565... (84 %)
Writing at 0x00dd3cc2... (84 %)
Writing at 0x00dd83b8... (84 %)
Writing at 0x00ddcb0c... (85 %)
Writing at 0x00de1268... (85 %)
Writing at 0x00de59c7... (85 %)
Writing at 0x00dea134... (85 %)
Writing at 0x00dee8a3... (85 %)
Writing at 0x00df3046... (85 %)
Writing at 0x00df77e0... (85 %)
Writing at 0x00dfbf06... (85 %)
Writing at 0x00e00636... (86 %)
Writing at 0x00e04d14... (86 %)
Writing at 0x00e0943c... (86 %)
Writing at 0x00e0db89... (86 %)
Writing at 0x00e122f2... (86 %)
Writing at 0x00e16a41... (86 %)
Writing at 0x00e1b174... (86 %)
Writing at 0x00e1f8be... (86 %)
Writing at 0x00e24010... (86 %)
Writing at 0x00e28738... (87 %)
Writing at 0x00e2ceb2... (87 %)
Writing at 0x00e315c3... (87 %)
Writing at 0x00e35d66... (87 %)
Writing at 0x00e3a4d8... (87 %)
Writing at 0x00e3ec67... (87 %)
Writing at 0x00e433fb... (87 %)
Writing at 0x00e47b61... (87 %)
Writing at 0x00e4c287... (88 %)
Writing at 0x00e509c1... (88 %)
Writing at 0x00e5511c... (88 %)
Writing at 0x00e5987d... (88 %)
Writing at 0x00e5df3c... (88 %)
Writing at 0x00e62690... (88 %)
Writing at 0x00e66dbb... (88 %)
Writing at 0x00e6b4c7... (88 %)
Writing at 0x00e6fc3b... (89 %)
Writing at 0x00e74394... (89 %)
Writing at 0x00e78ad4... (89 %)
Writing at 0x00e7d20f... (89 %)
Writing at 0x00e819b9... (89 %)
Writing at 0x00e86121... (89 %)
Writing at 0x00e8a7ec... (89 %)
Writing at 0x00e8ef33... (89 %)
Writing at 0x00e936a2... (90 %)
Writing at 0x00e97e1f... (90 %)
Writing at 0x00e9c5a5... (90 %)
Writing at 0x00ea0d18... (90 %)
Writing at 0x00ea5496... (90 %)
Writing at 0x00ea9bc6... (90 %)
Writing at 0x00eae309... (90 %)
Writing at 0x00eb2a54... (90 %)
Writing at 0x00eb7139... (91 %)
Writing at 0x00ebb8b5... (91 %)
Writing at 0x00ec0012... (91 %)
Writing at 0x00ec4770... (91 %)
Writing at 0x00ec8ed0... (91 %)
Writing at 0x00ecd622... (91 %)
Writing at 0x00ed1da5... (91 %)
Writing at 0x00ed655b... (91 %)
Writing at 0x00edacc6... (92 %)
Writing at 0x00edf3af... (92 %)
Writing at 0x00ee3b16... (92 %)
Writing at 0x00ee82cb... (92 %)
Writing at 0x00eeca43... (92 %)
Writing at 0x00ef11c8... (92 %)
Writing at 0x00ef593b... (92 %)
Writing at 0x00efa06b... (92 %)
Writing at 0x00efe7e9... (93 %)
Writing at 0x00f02f6f... (93 %)
Writing at 0x00f07720... (93 %)
Writing at 0x00f0be84... (93 %)
Writing at 0x00f1053f... (93 %)
Writing at 0x00f14c5e... (93 %)
Writing at 0x00f19397... (93 %)
Writing at 0x00f1db05... (93 %)
Writing at 0x00f22249... (93 %)
Writing at 0x00f2698a... (94 %)
Writing at 0x00f2b0ce... (94 %)
Writing at 0x00f2f7dd... (94 %)
Writing at 0x00f33f93... (94 %)
Writing at 0x00f386e1... (94 %)
Writing at 0x00f3cdc2... (94 %)
Writing at 0x00f414e9... (94 %)
Writing at 0x00f45ccb... (94 %)
Writing at 0x00f4a463... (95 %)
Writing at 0x00f4ebcd... (95 %)
Writing at 0x00f532ea... (95 %)
Writing at 0x00f57a68... (95 %)
Writing at 0x00f5c1d9... (95 %)
Writing at 0x00f6094a... (95 %)
Writing at 0x00f64fd8... (95 %)
Writing at 0x00f6972d... (95 %)
Writing at 0x00f6de7d... (96 %)
Writing at 0x00f72611... (96 %)
Writing at 0x00f76d69... (96 %)
Writing at 0x00f7b4ae... (96 %)
Writing at 0x00f7fc25... (96 %)
Writing at 0x00f843bd... (96 %)
Writing at 0x00f88b08... (96 %)
Writing at 0x00f8d266... (96 %)
Writing at 0x00f91986... (97 %)
Writing at 0x00f960ed... (97 %)
Writing at 0x00f9a84a... (97 %)
Writing at 0x00f9efbf... (97 %)
Writing at 0x00fa3774... (97 %)
Writing at 0x00fa7eed... (97 %)
Writing at 0x00fac627... (97 %)
Writing at 0x00fb0d98... (97 %)
Writing at 0x00fb54f0... (98 %)
Writing at 0x00fb9c43... (98 %)
Writing at 0x00fbe350... (98 %)
Writing at 0x00fc2aae... (98 %)
Writing at 0x00fc7241... (98 %)
Writing at 0x00fcb9aa... (98 %)
Writing at 0x00fd0152... (98 %)
Writing at 0x00fd4907... (98 %)
Writing at 0x00fd90bd... (99 %)
Writing at 0x00fdd831... (99 %)
Writing at 0x00fe1fd5... (99 %)
Writing at 0x00fe6766... (99 %)
Writing at 0x00feaeb1... (99 %)
Writing at 0x00fef619... (99 %)
Writing at 0x00ff3d94... (99 %)
Writing at 0x00ff852c... (99 %)
Writing at 0x00ffccbe... (100 %)
Wrote 15659904 bytes (13345317 compressed) at 0x00110000 in 192.9 seconds (effective 649.5 kbit/s)...
Hash of data verified.
Compressed 423156 bytes to 160260...
Writing at 0x01000000... (10 %)
Writing at 0x01009645... (20 %)
Writing at 0x010135c2... (30 %)
Writing at 0x0101d842... (40 %)
Writing at 0x01027924... (50 %)
Writing at 0x01031f16... (60 %)
Writing at 0x0103d5d5... (70 %)
Writing at 0x01048839... (80 %)
Writing at 0x01053a3c... (90 %)
Writing at 0x0105eb87... (100 %)
Wrote 423156 bytes (160260 compressed) at 0x01000000 in 3.7 seconds (effective 914.7 kbit/s)...
Hash of data verified.

Leaving...
Hard resetting via RTS pin...
