esptool.py v4.12.0
Serial port COM20
Connecting....
Chip is ESP32-S3 (QFN56) (revision v0.2)
Features: WiFi, BLE, Embedded PSRAM 16MB (AP_1v8)
Crystal is 40MHz
MAC: 90:e5:b1:d1:89:3c
Uploading stub...
Running stub...
Stub running...
Changing baud rate to 921600
Changed.
Configuring flash size...
Flash will be erased from 0x00110000 to 0x00ffffff...
Flash will be erased from 0x01000000 to 0x01067fff...
Compressed 15659904 bytes to 13349594...
Writing at 0x00110000... (0 %)
Writing at 0x00116443... (0 %)
Writing at 0x0011bd2c... (0 %)
Writing at 0x001235e9... (0 %)
Writing at 0x001285c5... (0 %)
Writing at 0x0012d3c7... (0 %)
Writing at 0x00131f10... (0 %)
Writing at 0x00136a64... (0 %)
Writing at 0x0013b568... (1 %)
Writing at 0x0014015b... (1 %)
Writing at 0x00144d2b... (1 %)
Writing at 0x001498f5... (1 %)
Writing at 0x0014e3eb... (1 %)
Writing at 0x00153064... (1 %)
Writing at 0x00157d87... (1 %)
Writing at 0x0015ca77... (1 %)
Writing at 0x001617d5... (2 %)
Writing at 0x00166437... (2 %)
Writing at 0x0016b05c... (2 %)
Writing at 0x0016fdc3... (2 %)
Writing at 0x00174ae8... (2 %)
Writing at 0x00179852... (2 %)
Writing at 0x0017e5d7... (2 %)
Writing at 0x001834e2... (2 %)
Writing at 0x001882af... (3 %)
Writing at 0x0018d199... (3 %)
Writing at 0x0019207c... (3 %)
Writing at 0x00196f2e... (3 %)
Writing at 0x0019bdc5... (3 %)
Writing at 0x001a0c52... (3 %)
Writing at 0x001a5b39... (3 %)
Writing at 0x001aaaae... (3 %)
Writing at 0x001afa17... (4 %)
Writing at 0x001b4996... (4 %)
Writing at 0x001b99c3... (4 %)
Writing at 0x001beaef... (4 %)
Writing at 0x001c3be5... (4 %)
Writing at 0x001c8d25... (4 %)
Writing at 0x001cde7f... (4 %)
Writing at 0x001d2e9a... (4 %)
Writing at 0x001d802d... (5 %)
Writing at 0x001dd1ab... (5 %)
Writing at 0x001e228a... (5 %)
Writing at 0x001e753c... (5 %)
Writing at 0x001ed0aa... (5 %)
Writing at 0x001f225b... (5 %)
Writing at 0x001f7754... (5 %)
Writing at 0x001fca0a... (5 %)
Writing at 0x00201d01... (6 %)
Writing at 0x00207190... (6 %)
Writing at 0x0020c6bf... (6 %)
Writing at 0x00211cae... (6 %)
Writing at 0x00217173... (6 %)
Writing at 0x0021c68d... (6 %)
Writing at 0x00221c43... (6 %)
Writing at 0x00227214... (6 %)
Writing at 0x0022c5ed... (6 %)
Writing at 0x002319c2... (7 %)
Writing at 0x00236d71... (7 %)
Writing at 0x0023c151... (7 %)
Writing at 0x00241671... (7 %)
Writing at 0x002469a7... (7 %)
Writing at 0x0024bd10... (7 %)
Writing at 0x00251279... (7 %)
Writing at 0x00256906... (7 %)
Writing at 0x0025c0a0... (8 %)
Writing at 0x0026159b... (8 %)
Writing at 0x00266cb0... (8 %)
Writing at 0x0026c01c... (8 %)
Writing at 0x0027141a... (8 %)
Writing at 0x0027685a... (8 %)
Writing at 0x0027be01... (8 %)
Writing at 0x00281452... (8 %)
Writing at 0x00286dc9... (9 %)
Writing at 0x0028c2d9... (9 %)
Writing at 0x00291b0e... (9 %)
Writing at 0x0029715e... (9 %)
Writing at 0x0029c6ec... (9 %)
Writing at 0x002a1c1e... (9 %)
Writing at 0x002a7456... (9 %)
Writing at 0x002acdd9... (9 %)
Writing at 0x002b2657... (10 %)
Writing at 0x002b7ced... (10 %)
Writing at 0x002bd32a... (10 %)
Writing at 0x002c2a78... (10 %)
Writing at 0x002c81aa... (10 %)
Writing at 0x002cd949... (10 %)
Writing at 0x002d3177... (10 %)
Writing at 0x002d89ab... (10 %)
Writing at 0x002de4af... (11 %)
Writing at 0x002e3ebd... (11 %)
Writing at 0x002e98f8... (11 %)
Writing at 0x002eee97... (11 %)
Writing at 0x002f497d... (11 %)
Writing at 0x002fa1af... (11 %)
Writing at 0x002ffe10... (11 %)
Writing at 0x003057fd... (11 %)
Writing at 0x0030b53f... (12 %)
Writing at 0x00311442... (12 %)
Writing at 0x00316cf8... (12 %)
Writing at 0x0031c60a... (12 %)
Writing at 0x00322061... (12 %)
Writing at 0x00327cd9... (12 %)
Writing at 0x0032db00... (12 %)
Writing at 0x0033388d... (12 %)
Writing at 0x003396c3... (13 %)
Writing at 0x0033f0fc... (13 %)
Writing at 0x00344cb1... (13 %)
Writing at 0x0034a545... (13 %)
Writing at 0x00350351... (13 %)
Writing at 0x003560a7... (13 %)
Writing at 0x0035bb59... (13 %)
Writing at 0x0036184d... (13 %)
Writing at 0x003675e5... (13 %)
Writing at 0x0036d5e8... (14 %)
Writing at 0x00372ef0... (14 %)
Writing at 0x00378b0a... (14 %)
Writing at 0x0037ec49... (14 %)
Writing at 0x00384cae... (14 %)
Writing at 0x0038abbc... (14 %)
Writing at 0x00390c17... (14 %)
Writing at 0x003969af... (14 %)
Writing at 0x0039c799... (15 %)
Writing at 0x003a2980... (15 %)
Writing at 0x003a8528... (15 %)
Writing at 0x003ae2cb... (15 %)
Writing at 0x003b3f87... (15 %)
Writing at 0x003b9f0c... (15 %)
Writing at 0x003c0003... (15 %)
Writing at 0x003c6055... (15 %)
Writing at 0x003cc1ee... (16 %)
Writing at 0x003d21d7... (16 %)
Writing at 0x003d84ce... (16 %)
Writing at 0x003de389... (16 %)
Writing at 0x003e441a... (16 %)
Writing at 0x003ea7a6... (16 %)
Writing at 0x003f06c1... (16 %)
Writing at 0x003f68df... (16 %)
Writing at 0x003fcca1... (17 %)
Writing at 0x00402a09... (17 %)
Writing at 0x00408847... (17 %)
Writing at 0x0040e8f3... (17 %)
Writing at 0x00414b25... (17 %)
Writing at 0x0041ac8f... (17 %)
Writing at 0x00420ebb... (17 %)
Writing at 0x00427092... (17 %)
Writing at 0x0042d009... (18 %)
Writing at 0x00433312... (18 %)
Writing at 0x00439829... (18 %)
Writing at 0x0043ffe2... (18 %)
Writing at 0x00446445... (18 %)
Writing at 0x0044c81a... (18 %)
Writing at 0x00452d13... (18 %)
Writing at 0x004591a8... (18 %)
Writing at 0x0045f5ba... (19 %)
Writing at 0x00465a8f... (19 %)
Writing at 0x0046bf7c... (19 %)
Writing at 0x004722fa... (19 %)
Writing at 0x004787f8... (19 %)
Writing at 0x0047eda2... (19 %)
Writing at 0x004852ff... (19 %)
Writing at 0x0048b49d... (19 %)
Writing at 0x004916c1... (20 %)
Writing at 0x00497d22... (20 %)
Writing at 0x0049e086... (20 %)
Writing at 0x004a45a6... (20 %)
Writing at 0x004aa8aa... (20 %)
Writing at 0x004b0c97... (20 %)
Writing at 0x004b6ff4... (20 %)
Writing at 0x004bd8eb... (20 %)
Writing at 0x004c3fc3... (20 %)
Writing at 0x004ca2d4... (21 %)
Writing at 0x004ce90c... (21 %)
Writing at 0x004d3030... (21 %)
Writing at 0x004d7744... (21 %)
Writing at 0x004dbe88... (21 %)
Writing at 0x004e05de... (21 %)
Writing at 0x004e4cfc... (21 %)
Writing at 0x004e9449... (21 %)
Writing at 0x004edaf7... (22 %)
Writing at 0x004f222b... (22 %)
Writing at 0x004f695a... (22 %)
Writing at 0x004fb097... (22 %)
Writing at 0x004ff7f2... (22 %)
Writing at 0x00503f83... (22 %)
Writing at 0x00508712... (22 %)
Writing at 0x0050ce69... (22 %)
Writing at 0x005115fe... (23 %)
Writing at 0x00515dc9... (23 %)
Writing at 0x0051a528... (23 %)
Writing at 0x0051ec88... (23 %)
Writing at 0x00523402... (23 %)
Writing at 0x00527bb3... (23 %)
Writing at 0x0052c325... (23 %)
Writing at 0x00530abb... (23 %)
Writing at 0x005351e5... (24 %)
Writing at 0x0053992e... (24 %)
Writing at 0x0053e069... (24 %)
Writing at 0x005427d8... (24 %)
Writing at 0x00546e8c... (24 %)
Writing at 0x0054b5f8... (24 %)
Writing at 0x0054fd5f... (24 %)
Writing at 0x0055449e... (24 %)
Writing at 0x00558beb... (25 %)
Writing at 0x0055d361... (25 %)
Writing at 0x00561aaa... (25 %)
Writing at 0x005661e4... (25 %)
Writing at 0x0056a908... (25 %)
Writing at 0x0056f0a0... (25 %)
Writing at 0x00573735... (25 %)
Writing at 0x00577e49... (25 %)
Writing at 0x0057c5a9... (26 %)
Writing at 0x00580d0b... (26 %)
Writing at 0x00585449... (26 %)
Writing at 0x00589b74... (26 %)
Writing at 0x0058e2b7... (26 %)
Writing at 0x005929eb... (26 %)
Writing at 0x00597129... (26 %)
Writing at 0x0059b868... (26 %)
Writing at 0x0059ffb6... (26 %)
Writing at 0x005a4703... (27 %)
Writing at 0x005a8eb0... (27 %)
Writing at 0x005ad5fa... (27 %)
Writing at 0x005b1d74... (27 %)
Writing at 0x005b64cc... (27 %)
Writing at 0x005bac16... (27 %)
Writing at 0x005bf3b6... (27 %)
Writing at 0x005c3b45... (27 %)
Writing at 0x005c82dd... (28 %)
Writing at 0x005cc9ad... (28 %)
Writing at 0x005d1080... (28 %)
Writing at 0x005d57a7... (28 %)
Writing at 0x005d9f01... (28 %)
Writing at 0x005de639... (28 %)
Writing at 0x005e2d76... (28 %)
Writing at 0x005e74a1... (28 %)
Writing at 0x005ebc08... (29 %)
Writing at 0x005f032b... (29 %)
Writing at 0x005f4a7d... (29 %)
Writing at 0x005f9152... (29 %)
Writing at 0x005fd88e... (29 %)
Writing at 0x00602018... (29 %)
Writing at 0x00606754... (29 %)
Writing at 0x0060aec4... (29 %)
Writing at 0x0060f647... (30 %)
Writing at 0x00613de0... (30 %)
Writing at 0x0061853b... (30 %)
Writing at 0x0061cc9c... (30 %)
Writing at 0x006213bb... (30 %)
Writing at 0x00625a43... (30 %)
Writing at 0x0062a156... (30 %)
Writing at 0x0062e854... (30 %)
Writing at 0x00632fbf... (31 %)
Writing at 0x006376f6... (31 %)
Writing at 0x0063be35... (31 %)
Writing at 0x00640572... (31 %)
Writing at 0x00644ca6... (31 %)
Writing at 0x006493e8... (31 %)
Writing at 0x0064db29... (31 %)
Writing at 0x006521dd... (31 %)
Writing at 0x0065695a... (32 %)
Writing at 0x0065b0b7... (32 %)
Writing at 0x0065f7e7... (32 %)
Writing at 0x00663f00... (32 %)
Writing at 0x0066866f... (32 %)
Writing at 0x0066cde2... (32 %)
Writing at 0x00671500... (32 %)
Writing at 0x00675c84... (32 %)
Writing at 0x0067a3b7... (33 %)
Writing at 0x0067ea91... (33 %)
Writing at 0x006831d4... (33 %)
Writing at 0x00687953... (33 %)
Writing at 0x0068c086... (33 %)
Writing at 0x006907e6... (33 %)
Writing at 0x00694f44... (33 %)
Writing at 0x006996b9... (33 %)
Writing at 0x0069de25... (33 %)
Writing at 0x006a2566... (34 %)
Writing at 0x006a6c7e... (34 %)
Writing at 0x006ab311... (34 %)
Writing at 0x006afa80... (34 %)
Writing at 0x006b41da... (34 %)
Writing at 0x006b895a... (34 %)
Writing at 0x006bd0c3... (34 %)
Writing at 0x006c1810... (34 %)
Writing at 0x006c5f87... (35 %)
Writing at 0x006ca6d3... (35 %)
Writing at 0x006cee1c... (35 %)
Writing at 0x006d3568... (35 %)
Writing at 0x006d7b86... (35 %)
Writing at 0x006dc290... (35 %)
Writing at 0x006e09f5... (35 %)
Writing at 0x006e5139... (35 %)
Writing at 0x006e98ad... (36 %)
Writing at 0x006ee003... (36 %)
Writing at 0x006f2753... (36 %)
Writing at 0x006f6ec3... (36 %)
Writing at 0x006fb641... (36 %)
Writing at 0x006ffd88... (36 %)
Writing at 0x0070441e... (36 %)
Writing at 0x00708b7d... (36 %)
Writing at 0x0070d305... (37 %)
Writing at 0x00711ab0... (37 %)
Writing at 0x0071621f... (37 %)
Writing at 0x0071a9bd... (37 %)
Writing at 0x0071f14b... (37 %)
Writing at 0x007238bc... (37 %)
Writing at 0x00728005... (37 %)
Writing at 0x0072c71c... (37 %)
Writing at 0x00730d79... (38 %)
Writing at 0x0073547c... (38 %)
Writing at 0x00739bd5... (38 %)
Writing at 0x0073e2ee... (38 %)
Writing at 0x00742a2e... (38 %)
Writing at 0x00747187... (38 %)
Writing at 0x0074b8c8... (38 %)
Writing at 0x0074ffe6... (38 %)
Writing at 0x0075473d... (39 %)
Writing at 0x00758e93... (39 %)
Writing at 0x0075d559... (39 %)
Writing at 0x00761cb0... (39 %)
Writing at 0x007663f6... (39 %)
Writing at 0x0076ab64... (39 %)
Writing at 0x0076f2e3... (39 %)
Writing at 0x00773a31... (39 %)
Writing at 0x0077818f... (40 %)
Writing at 0x0077c8f2... (40 %)
Writing at 0x00781054... (40 %)
Writing at 0x00785782... (40 %)
Writing at 0x00789e9b... (40 %)
Writing at 0x0078e620... (40 %)
Writing at 0x00792d8d... (40 %)
Writing at 0x0079751e... (40 %)
Writing at 0x0079bc7e... (40 %)
Writing at 0x007a03d9... (41 %)
Writing at 0x007a4b2d... (41 %)
Writing at 0x007a927d... (41 %)
Writing at 0x007ad9ed... (41 %)
Writing at 0x007b214e... (41 %)
Writing at 0x007b6878... (41 %)
Writing at 0x007bafd0... (41 %)
Writing at 0x007bf717... (41 %)
Writing at 0x007c3e89... (42 %)
Writing at 0x007c85a7... (42 %)
Writing at 0x007ccd0c... (42 %)
Writing at 0x007d144d... (42 %)
Writing at 0x007d5bbd... (42 %)
Writing at 0x007da2dd... (42 %)
Writing at 0x007de9c8... (42 %)
Writing at 0x007e30a4... (42 %)
Writing at 0x007e780a... (43 %)
Writing at 0x007ebf80... (43 %)
Writing at 0x007f06a9... (43 %)
Writing at 0x007f4deb... (43 %)
Writing at 0x007f9529... (43 %)
Writing at 0x007fdc88... (43 %)
Writing at 0x0080239b... (43 %)
Writing at 0x00806ad0... (43 %)
Writing at 0x0080b214... (44 %)
Writing at 0x0080f8f2... (44 %)
Writing at 0x00814080... (44 %)
Writing at 0x008187bc... (44 %)
Writing at 0x0081cf46... (44 %)
Writing at 0x008216c5... (44 %)
Writing at 0x00825e57... (44 %)
Writing at 0x0082a5aa... (44 %)
Writing at 0x0082ecdc... (45 %)
Writing at 0x0083340d... (45 %)
Writing at 0x00837b0c... (45 %)
Writing at 0x0083c198... (45 %)
Writing at 0x008408a1... (45 %)
Writing at 0x00844fe7... (45 %)
Writing at 0x00849747... (45 %)
Writing at 0x0084ded7... (45 %)
Writing at 0x0085261a... (46 %)
Writing at 0x00856d8e... (46 %)
Writing at 0x0085b4ce... (46 %)
Writing at 0x0085fc23... (46 %)
Writing at 0x00864379... (46 %)
Writing at 0x00868a56... (46 %)
Writing at 0x0086d1ec... (46 %)
Writing at 0x0087196b... (46 %)
Writing at 0x008760eb... (46 %)
Writing at 0x0087a83d... (47 %)
Writing at 0x0087ef9a... (47 %)
Writing at 0x008836db... (47 %)
Writing at 0x00887e35... (47 %)
Writing at 0x0088c59c... (47 %)
Writing at 0x00890cf4... (47 %)
Writing at 0x008953fe... (47 %)
Writing at 0x00899b9b... (47 %)
Writing at 0x0089e301... (48 %)
Writing at 0x008a2a34... (48 %)
Writing at 0x008a71b0... (48 %)
Writing at 0x008ab900... (48 %)
Writing at 0x008b0075... (48 %)
Writing at 0x008b47b2... (48 %)
Writing at 0x008b8f1a... (48 %)
Writing at 0x008bd6c7... (48 %)
Writing at 0x008c1da3... (49 %)
Writing at 0x008c651a... (49 %)
Writing at 0x008cac9f... (49 %)
Writing at 0x008cf3cb... (49 %)
Writing at 0x008d3aee... (49 %)
Writing at 0x008d8233... (49 %)
Writing at 0x008dc97f... (49 %)
Writing at 0x008e10cb... (49 %)
Writing at 0x008e5837... (50 %)
Writing at 0x008e9f86... (50 %)
Writing at 0x008ee688... (50 %)
Writing at 0x008f2d25... (50 %)
Writing at 0x008f7465... (50 %)
Writing at 0x008fbbd5... (50 %)
Writing at 0x00900333... (50 %)
Writing at 0x00904a80... (50 %)
Writing at 0x009091cc... (51 %)
Writing at 0x0090d8d7... (51 %)
Writing at 0x0091202b... (51 %)
Writing at 0x009167be... (51 %)
Writing at 0x0091af3b... (51 %)
Writing at 0x0091f669... (51 %)
Writing at 0x00923e1a... (51 %)
Writing at 0x009285a4... (51 %)
Writing at 0x0092cd3e... (52 %)
Writing at 0x0093149b... (52 %)
Writing at 0x00935bf3... (52 %)
Writing at 0x0093a2e0... (52 %)
Writing at 0x0093ea00... (52 %)
Writing at 0x00943108... (52 %)
Writing at 0x0094777d... (52 %)
Writing at 0x0094bebe... (52 %)
Writing at 0x0095066c... (53 %)
Writing at 0x00954d8d... (53 %)
Writing at 0x009594ab... (53 %)
Writing at 0x0095dbe9... (53 %)
Writing at 0x0096236b... (53 %)
Writing at 0x00966b02... (53 %)
Writing at 0x0096b246... (53 %)
Writing at 0x0096f97b... (53 %)
Writing at 0x0097402c... (53 %)
Writing at 0x009787b9... (54 %)
Writing at 0x0097cf16... (54 %)
Writing at 0x00981680... (54 %)
Writing at 0x00985dbd... (54 %)
Writing at 0x0098a50b... (54 %)
Writing at 0x0098ec49... (54 %)
Writing at 0x009933b7... (54 %)
Writing at 0x00997b33... (54 %)
Writing at 0x0099c2ab... (55 %)
Writing at 0x009a0976... (55 %)
Writing at 0x009a50f8... (55 %)
Writing at 0x009a98a6... (55 %)
Writing at 0x009ae02f... (55 %)
Writing at 0x009b27af... (55 %)
Writing at 0x009b6f01... (55 %)
Writing at 0x009bb66e... (55 %)
Writing at 0x009bfdbd... (56 %)
Writing at 0x009c4513... (56 %)
Writing at 0x009c8c67... (56 %)
Writing at 0x009cd361... (56 %)
Writing at 0x009d1ab9... (56 %)
Writing at 0x009d622e... (56 %)
Writing at 0x009da99a... (56 %)
Writing at 0x009df0f5... (56 %)
Writing at 0x009e38c4... (57 %)
Writing at 0x009e8002... (57 %)
Writing at 0x009ec732... (57 %)
Writing at 0x009f0e64... (57 %)
Writing at 0x009f557f... (57 %)
Writing at 0x009f9c84... (57 %)
Writing at 0x009fe361... (57 %)
Writing at 0x00a02ab7... (57 %)
Writing at 0x00a071db... (58 %)
Writing at 0x00a0b916... (58 %)
Writing at 0x00a1003e... (58 %)
Writing at 0x00a1477a... (58 %)
Writing at 0x00a18ef7... (58 %)
Writing at 0x00a1d674... (58 %)
Writing at 0x00a21e69... (58 %)
Writing at 0x00a265ef... (58 %)
Writing at 0x00a2ad2b... (59 %)
Writing at 0x00a2f505... (59 %)
Writing at 0x00a33c51... (59 %)
Writing at 0x00a38384... (59 %)
Writing at 0x00a3cabe... (59 %)
Writing at 0x00a41200... (59 %)
Writing at 0x00a45916... (59 %)
Writing at 0x00a4a063... (59 %)
Writing at 0x00a4e74b... (60 %)
Writing at 0x00a52ead... (60 %)
Writing at 0x00a57575... (60 %)
Writing at 0x00a5bca9... (60 %)
Writing at 0x00a603cf... (60 %)
Writing at 0x00a64b4e... (60 %)
Writing at 0x00a692c2... (60 %)
Writing at 0x00a6da23... (60 %)
Writing at 0x00a7216c... (60 %)
Writing at 0x00a7690e... (61 %)
Writing at 0x00a7b0bf... (61 %)
Writing at 0x00a7f831... (61 %)
Writing at 0x00a83f37... (61 %)
Writing at 0x00a88673... (61 %)
Writing at 0x00a8cdb9... (61 %)
Writing at 0x00a91507... (61 %)
Writing at 0x00a95c6b... (61 %)
Writing at 0x00a9a3cc... (62 %)
Writing at 0x00a9eb21... (62 %)
Writing at 0x00aa32ac... (62 %)
Writing at 0x00aa7a40... (62 %)
Writing at 0x00aac177... (62 %)
Writing at 0x00ab0883... (62 %)
Writing at 0x00ab4fb8... (62 %)
Writing at 0x00ab971f... (62 %)
Writing at 0x00abde6f... (63 %)
Writing at 0x00ac25e3... (63 %)
Writing at 0x00ac6d68... (63 %)
Writing at 0x00acb4b6... (63 %)
Writing at 0x00acfbdb... (63 %)
Writing at 0x00ad4359... (63 %)
Writing at 0x00ad8aa3... (63 %)
Writing at 0x00add1c6... (63 %)
Writing at 0x00ae18fe... (64 %)
Writing at 0x00ae6022... (64 %)
Writing at 0x00aea795... (64 %)
Writing at 0x00aeeeb4... (64 %)
Writing at 0x00af35db... (64 %)
Writing at 0x00af7ce7... (64 %)
Writing at 0x00afc406... (64 %)
Writing at 0x00b00b2c... (64 %)
Writing at 0x00b0524b... (65 %)
Writing at 0x00b098fc... (65 %)
Writing at 0x00b0dfec... (65 %)
Writing at 0x00b1270d... (65 %)
Writing at 0x00b16e50... (65 %)
Writing at 0x00b1b5a5... (65 %)
Writing at 0x00b1fd31... (65 %)
Writing at 0x00b24492... (65 %)
Writing at 0x00b28c4b... (66 %)
Writing at 0x00b2d3cc... (66 %)
Writing at 0x00b31b43... (66 %)
Writing at 0x00b36220... (66 %)
Writing at 0x00b3a979... (66 %)
Writing at 0x00b3f079... (66 %)
Writing at 0x00b437c3... (66 %)
Writing at 0x00b47f1e... (66 %)
Writing at 0x00b4c676... (66 %)
Writing at 0x00b50dba... (67 %)
Writing at 0x00b5552c... (67 %)
Writing at 0x00b59c9c... (67 %)
Writing at 0x00b5e3fc... (67 %)
Writing at 0x00b62ad9... (67 %)
Writing at 0x00b67210... (67 %)
Writing at 0x00b6b929... (67 %)
Writing at 0x00b70071... (67 %)
Writing at 0x00b747bf... (68 %)
Writing at 0x00b78f25... (68 %)
Writing at 0x00b7d67a... (68 %)
Writing at 0x00b81e03... (68 %)
Writing at 0x00b86564... (68 %)
Writing at 0x00b8acb3... (68 %)
Writing at 0x00b8f373... (68 %)
Writing at 0x00b93ac5... (68 %)
Writing at 0x00b9822d... (69 %)
Writing at 0x00b9c99d... (69 %)
Writing at 0x00ba10d9... (69 %)
Writing at 0x00ba57ff... (69 %)
Writing at 0x00ba9f75... (69 %)
Writing at 0x00bae6b8... (69 %)
Writing at 0x00bb2e3c... (69 %)
Writing at 0x00bb7583... (69 %)
Writing at 0x00bbbc60... (70 %)
Writing at 0x00bc03ea... (70 %)
Writing at 0x00bc4b22... (70 %)
Writing at 0x00bc9299... (70 %)
Writing at 0x00bcd9f4... (70 %)
Writing at 0x00bd2175... (70 %)
Writing at 0x00bd68f4... (70 %)
Writing at 0x00bdb081... (70 %)
Writing at 0x00bdf7d3... (71 %)
Writing at 0x00be3f32... (71 %)
Writing at 0x00be8604... (71 %)
Writing at 0x00becd65... (71 %)
Writing at 0x00bf14ff... (71 %)
Writing at 0x00bf5c4a... (71 %)
Writing at 0x00bfa3aa... (71 %)
Writing at 0x00bfeaa5... (71 %)
Writing at 0x00c031d2... (72 %)
Writing at 0x00c0791a... (72 %)
Writing at 0x00c0c079... (72 %)
Writing at 0x00c107bc... (72 %)
Writing at 0x00c14e93... (72 %)
Writing at 0x00c195b5... (72 %)
Writing at 0x00c1dcfa... (72 %)
Writing at 0x00c22470... (72 %)
Writing at 0x00c26c35... (73 %)
Writing at 0x00c2b3f7... (73 %)
Writing at 0x00c2fb77... (73 %)
Writing at 0x00c342ee... (73 %)
Writing at 0x00c38a8a... (73 %)
Writing at 0x00c3d1fc... (73 %)
Writing at 0x00c418d0... (73 %)
Writing at 0x00c46009... (73 %)
Writing at 0x00c4a75c... (73 %)
Writing at 0x00c4ee9f... (74 %)
Writing at 0x00c535f0... (74 %)
Writing at 0x00c57d07... (74 %)
Writing at 0x00c5c45b... (74 %)
Writing at 0x00c60b8d... (74 %)
Writing at 0x00c652f1... (74 %)
Writing at 0x00c69a30... (74 %)
Writing at 0x00c6e109... (74 %)
Writing at 0x00c7286f... (75 %)
Writing at 0x00c76fc8... (75 %)
Writing at 0x00c7b710... (75 %)
Writing at 0x00c7fe8c... (75 %)
Writing at 0x00c84603... (75 %)
Writing at 0x00c88d7a... (75 %)
Writing at 0x00c8d4df... (75 %)
Writing at 0x00c91c5d... (75 %)
Writing at 0x00c963c0... (76 %)
Writing at 0x00c9aa93... (76 %)
Writing at 0x00c9f211... (76 %)
Writing at 0x00ca395d... (76 %)
Writing at 0x00ca80b6... (76 %)
Writing at 0x00cac82e... (76 %)
Writing at 0x00cb0f8c... (76 %)
Writing at 0x00cb56fa... (76 %)
Writing at 0x00cb9e60... (77 %)
Writing at 0x00cbe5b7... (77 %)
Writing at 0x00cc2cdf... (77 %)
Writing at 0x00cc73c5... (77 %)
Writing at 0x00ccbae7... (77 %)
Writing at 0x00cd0257... (77 %)
Writing at 0x00cd49a7... (77 %)
Writing at 0x00cd9140... (77 %)
Writing at 0x00cdd8b7... (78 %)
Writing at 0x00ce201d... (78 %)
Writing at 0x00ce678f... (78 %)
Writing at 0x00ceaee5... (78 %)
Writing at 0x00cef61e... (78 %)
Writing at 0x00cf3cd3... (78 %)
Writing at 0x00cf83ed... (78 %)
Writing at 0x00cfcb30... (78 %)
Writing at 0x00d0124a... (79 %)
Writing at 0x00d05962... (79 %)
Writing at 0x00d0a0bb... (79 %)
Writing at 0x00d0e80d... (79 %)
Writing at 0x00d12f89... (79 %)
Writing at 0x00d176bf... (79 %)
Writing at 0x00d1bde2... (79 %)
Writing at 0x00d2047f... (79 %)
Writing at 0x00d24bcd... (80 %)
Writing at 0x00d2937f... (80 %)
Writing at 0x00d2db07... (80 %)
Writing at 0x00d322cf... (80 %)
Writing at 0x00d36a73... (80 %)
Writing at 0x00d3b1e8... (80 %)
Writing at 0x00d3f983... (80 %)
Writing at 0x00d440b6... (80 %)
Writing at 0x00d48820... (80 %)
Writing at 0x00d4ceff... (81 %)
Writing at 0x00d51642... (81 %)
Writing at 0x00d55da4... (81 %)
Writing at 0x00d5a4d8... (81 %)
Writing at 0x00d5ebf4... (81 %)
Writing at 0x00d6332a... (81 %)
Writing at 0x00d67aa8... (81 %)
Writing at 0x00d6c1f6... (81 %)
Writing at 0x00d70977... (82 %)
Writing at 0x00d750d3... (82 %)
Writing at 0x00d7978f... (82 %)
Writing at 0x00d7df12... (82 %)
Writing at 0x00d8268e... (82 %)
Writing at 0x00d86e10... (82 %)
Writing at 0x00d8b569... (82 %)
Writing at 0x00d8fcfb... (82 %)
Writing at 0x00d9446b... (83 %)
Writing at 0x00d98bfb... (83 %)
Writing at 0x00d9d367... (83 %)
Writing at 0x00da1ad9... (83 %)
Writing at 0x00da617b... (83 %)
Writing at 0x00daa8f0... (83 %)
Writing at 0x00daf065... (83 %)
Writing at 0x00db37bd... (83 %)
Writing at 0x00db7ecc... (84 %)
Writing at 0x00dbc631... (84 %)
Writing at 0x00dc0d70... (84 %)
Writing at 0x00dc54c2... (84 %)
Writing at 0x00dc9c08... (84 %)
Writing at 0x00dce369... (84 %)
Writing at 0x00dd2a54... (84 %)
Writing at 0x00dd71cf... (84 %)
Writing at 0x00ddb928... (85 %)
Writing at 0x00de006a... (85 %)
Writing at 0x00de47e4... (85 %)
Writing at 0x00de8f47... (85 %)
Writing at 0x00ded6a5... (85 %)
Writing at 0x00df1e4b... (85 %)
Writing at 0x00df65ef... (85 %)
Writing at 0x00dfad36... (85 %)
Writing at 0x00dff3ec... (86 %)
Writing at 0x00e03b3a... (86 %)
Writing at 0x00e0825b... (86 %)
Writing at 0x00e0c9b4... (86 %)
Writing at 0x00e11122... (86 %)
Writing at 0x00e15871... (86 %)
Writing at 0x00e19f8f... (86 %)
Writing at 0x00e1e6ea... (86 %)
Writing at 0x00e22e1c... (86 %)
Writing at 0x00e2752b... (87 %)
Writing at 0x00e2bc2c... (87 %)
Writing at 0x00e30395... (87 %)
Writing at 0x00e34b23... (87 %)
Writing at 0x00e392bf... (87 %)
Writing at 0x00e3da56... (87 %)
Writing at 0x00e421ec... (87 %)
Writing at 0x00e4693e... (87 %)
Writing at 0x00e4b06a... (88 %)
Writing at 0x00e4f792... (88 %)
Writing at 0x00e53eca... (88 %)
Writing at 0x00e585cc... (88 %)
Writing at 0x00e5cd30... (88 %)
Writing at 0x00e61462... (88 %)
Writing at 0x00e65b9b... (88 %)
Writing at 0x00e6a2ba... (88 %)
Writing at 0x00e6ea00... (89 %)
Writing at 0x00e7315c... (89 %)
Writing at 0x00e778b3... (89 %)
Writing at 0x00e7bfdf... (89 %)
Writing at 0x00e80769... (89 %)
Writing at 0x00e84e66... (89 %)
Writing at 0x00e895af... (89 %)
Writing at 0x00e8dcf6... (89 %)
Writing at 0x00e92437... (90 %)
Writing at 0x00e96baf... (90 %)
Writing at 0x00e9b350... (90 %)
Writing at 0x00e9fac1... (90 %)
Writing at 0x00ea4234... (90 %)
Writing at 0x00ea8966... (90 %)
Writing at 0x00ead0a5... (90 %)
Writing at 0x00eb1770... (90 %)
Writing at 0x00eb5ebd... (91 %)
Writing at 0x00eba64f... (91 %)
Writing at 0x00ebeda1... (91 %)
Writing at 0x00ec34e9... (91 %)
Writing at 0x00ec7c59... (91 %)
Writing at 0x00ecc3ba... (91 %)
Writing at 0x00ed0b28... (91 %)
Writing at 0x00ed52ee... (91 %)
Writing at 0x00ed9a34... (92 %)
Writing at 0x00ede154... (92 %)
Writing at 0x00ee28a1... (92 %)
Writing at 0x00ee7048... (92 %)
Writing at 0x00eeb7e8... (92 %)
Writing at 0x00eeff53... (92 %)
Writing at 0x00ef46c4... (92 %)
Writing at 0x00ef8e29... (92 %)
Writing at 0x00efd597... (93 %)
Writing at 0x00f01d02... (93 %)
Writing at 0x00f0649c... (93 %)
Writing at 0x00f0ab84... (93 %)
Writing at 0x00f0f2e4... (93 %)
Writing at 0x00f139f8... (93 %)
Writing at 0x00f1813f... (93 %)
Writing at 0x00f1c8a4... (93 %)
Writing at 0x00f21007... (93 %)
Writing at 0x00f25745... (94 %)
Writing at 0x00f29e87... (94 %)
Writing at 0x00f2e5aa... (94 %)
Writing at 0x00f32d0e... (94 %)
Writing at 0x00f3741f... (94 %)
Writing at 0x00f3bb91... (94 %)
Writing at 0x00f402a6... (94 %)
Writing at 0x00f44a57... (94 %)
Writing at 0x00f49215... (95 %)
Writing at 0x00f4d97b... (95 %)
Writing at 0x00f520ad... (95 %)
Writing at 0x00f56814... (95 %)
Writing at 0x00f5af8a... (95 %)
Writing at 0x00f5f677... (95 %)
Writing at 0x00f63d95... (95 %)
Writing at 0x00f684ef... (95 %)
Writing at 0x00f6cc5c... (96 %)
Writing at 0x00f713b8... (96 %)
Writing at 0x00f75b30... (96 %)
Writing at 0x00f7a28a... (96 %)
Writing at 0x00f7e9dc... (96 %)
Writing at 0x00f8317b... (96 %)
Writing at 0x00f878b2... (96 %)
Writing at 0x00f8bfba... (96 %)
Writing at 0x00f90746... (97 %)
Writing at 0x00f94eba... (97 %)
Writing at 0x00f99625... (97 %)
Writing at 0x00f9dda2... (97 %)
Writing at 0x00fa2552... (97 %)
Writing at 0x00fa6cd1... (97 %)
Writing at 0x00fab417... (97 %)
Writing at 0x00fafb7f... (97 %)
Writing at 0x00fb42dd... (98 %)
Writing at 0x00fb89b0... (98 %)
Writing at 0x00fbd146... (98 %)
Writing at 0x00fc1882... (98 %)
Writing at 0x00fc600f... (98 %)
Writing at 0x00fca78d... (98 %)
Writing at 0x00fceef8... (98 %)
Writing at 0x00fd36d0... (98 %)
Writing at 0x00fd7e70... (99 %)
Writing at 0x00fdc60c... (99 %)
Writing at 0x00fe0db0... (99 %)
Writing at 0x00fe5499... (99 %)
Writing at 0x00fe9c7d... (99 %)
Writing at 0x00fee403... (99 %)
Writing at 0x00ff2b84... (99 %)
Writing at 0x00ff730a... (99 %)
Writing at 0x00ffbabd... (100 %)
Wrote 15659904 bytes (13349594 compressed) at 0x00110000 in 192.7 seconds (effective 650.0 kbit/s)...
Hash of data verified.
Compressed 423156 bytes to 160260...
Writing at 0x01000000... (10 %)
Writing at 0x01009645... (20 %)
Writing at 0x010135c2... (30 %)
Writing at 0x0101d842... (40 %)
Writing at 0x01027924... (50 %)
Writing at 0x01031f16... (60 %)
Writing at 0x0103d5d5... (70 %)
Writing at 0x01048839... (80 %)
Writing at 0x01053a3c... (90 %)
Writing at 0x0105eb87... (100 %)
Wrote 423156 bytes (160260 compressed) at 0x01000000 in 3.7 seconds (effective 918.5 kbit/s)...
Hash of data verified.

Leaving...
Hard resetting via RTS pin...
