esptool.py v4.12.0
Serial port COM20
Connecting....
Chip is ESP32-S3 (QFN56) (revision v0.2)
Features: WiFi, BLE, Embedded PSRAM 16MB (AP_1v8)
Crystal is 40MHz
MAC: 90:e5:b1:d1:89:3c
Uploading stub...
Running stub...
Stub running...
Changing baud rate to 921600
Changed.
Configuring flash size...
Flash will be erased from 0x00110000 to 0x00ffffff...
Flash will be erased from 0x01000000 to 0x01067fff...
Compressed 15659904 bytes to 13344963...
Writing at 0x00110000... (0 %)
Writing at 0x00116418... (0 %)
Writing at 0x0011bd1c... (0 %)
Writing at 0x00123635... (0 %)
Writing at 0x00128626... (0 %)
Writing at 0x0012d414... (0 %)
Writing at 0x00131f61... (0 %)
Writing at 0x00136a8c... (0 %)
Writing at 0x0013b597... (1 %)
Writing at 0x00140192... (1 %)
Writing at 0x00144d62... (1 %)
Writing at 0x00149926... (1 %)
Writing at 0x0014e400... (1 %)
Writing at 0x0015306a... (1 %)
Writing at 0x00157d6b... (1 %)
Writing at 0x0015ca63... (1 %)
Writing at 0x0016179a... (2 %)
Writing at 0x0016641e... (2 %)
Writing at 0x0016b03f... (2 %)
Writing at 0x0016fdb1... (2 %)
Writing at 0x00174af7... (2 %)
Writing at 0x0017983f... (2 %)
Writing at 0x0017e5c8... (2 %)
Writing at 0x001834cd... (2 %)
Writing at 0x00188297... (3 %)
Writing at 0x0018d17c... (3 %)
Writing at 0x0019204b... (3 %)
Writing at 0x00196ee4... (3 %)
Writing at 0x0019bd66... (3 %)
Writing at 0x001a0c00... (3 %)
Writing at 0x001a5af9... (3 %)
Writing at 0x001aaa57... (3 %)
Writing at 0x001af9c0... (4 %)
Writing at 0x001b4941... (4 %)
Writing at 0x001b9919... (4 %)
Writing at 0x001bea29... (4 %)
Writing at 0x001c3bb8... (4 %)
Writing at 0x001c8d27... (4 %)
Writing at 0x001cde58... (4 %)
Writing at 0x001d2e59... (4 %)
Writing at 0x001d7fea... (5 %)
Writing at 0x001dd156... (5 %)
Writing at 0x001e2238... (5 %)
Writing at 0x001e7514... (5 %)
Writing at 0x001ed0c0... (5 %)
Writing at 0x001f228f... (5 %)
Writing at 0x001f77ba... (5 %)
Writing at 0x001fca7a... (5 %)
Writing at 0x00201d52... (6 %)
Writing at 0x002071ef... (6 %)
Writing at 0x0020c712... (6 %)
Writing at 0x00211d34... (6 %)
Writing at 0x0021723c... (6 %)
Writing at 0x0021c77f... (6 %)
Writing at 0x00221d8c... (6 %)
Writing at 0x00227389... (6 %)
Writing at 0x0022c740... (6 %)
Writing at 0x00231b49... (7 %)
Writing at 0x00236f21... (7 %)
Writing at 0x0023c311... (7 %)
Writing at 0x0024183b... (7 %)
Writing at 0x00246b84... (7 %)
Writing at 0x0024beaf... (7 %)
Writing at 0x002513f4... (7 %)
Writing at 0x00256b04... (7 %)
Writing at 0x0025c270... (8 %)
Writing at 0x00261823... (8 %)
Writing at 0x00266ef4... (8 %)
Writing at 0x0026c2d3... (8 %)
Writing at 0x00271690... (8 %)
Writing at 0x00276a8b... (8 %)
Writing at 0x0027bfe8... (8 %)
Writing at 0x002816b4... (8 %)
Writing at 0x0028706f... (9 %)
Writing at 0x0028c54e... (9 %)
Writing at 0x00291df7... (9 %)
Writing at 0x002973f9... (9 %)
Writing at 0x0029c9b5... (9 %)
Writing at 0x002a1f0d... (9 %)
Writing at 0x002a7859... (9 %)
Writing at 0x002ad25e... (9 %)
Writing at 0x002b2a3c... (10 %)
Writing at 0x002b80e6... (10 %)
Writing at 0x002bd6db... (10 %)
Writing at 0x002c2e2b... (10 %)
Writing at 0x002c8689... (10 %)
Writing at 0x002cdde0... (10 %)
Writing at 0x002d3611... (10 %)
Writing at 0x002d8f01... (10 %)
Writing at 0x002dea1a... (11 %)
Writing at 0x002e443d... (11 %)
Writing at 0x002e9e45... (11 %)
Writing at 0x002ef3fc... (11 %)
Writing at 0x002f4f05... (11 %)
Writing at 0x002fa7fe... (11 %)
Writing at 0x003003f5... (11 %)
Writing at 0x00305e93... (11 %)
Writing at 0x0030bc53... (12 %)
Writing at 0x00311af9... (12 %)
Writing at 0x0031739b... (12 %)
Writing at 0x0031cd3b... (12 %)
Writing at 0x003227b6... (12 %)
Writing at 0x0032847a... (12 %)
Writing at 0x0032e276... (12 %)
Writing at 0x0033414a... (12 %)
Writing at 0x00339e2d... (13 %)
Writing at 0x0033f8c1... (13 %)
Writing at 0x003453a3... (13 %)
Writing at 0x0034ad03... (13 %)
Writing at 0x00350b67... (13 %)
Writing at 0x00356874... (13 %)
Writing at 0x0035c456... (13 %)
Writing at 0x003620fe... (13 %)
Writing at 0x0036805b... (13 %)
Writing at 0x0036df04... (14 %)
Writing at 0x0037394a... (14 %)
Writing at 0x0037970b... (14 %)
Writing at 0x0037f618... (14 %)
Writing at 0x0038583f... (14 %)
Writing at 0x0038b78a... (14 %)
Writing at 0x0039173c... (14 %)
Writing at 0x0039768c... (14 %)
Writing at 0x0039d327... (15 %)
Writing at 0x003a3584... (15 %)
Writing at 0x003a90f9... (15 %)
Writing at 0x003aeea7... (15 %)
Writing at 0x003b4ba2... (15 %)
Writing at 0x003bac4c... (15 %)
Writing at 0x003c0e4e... (15 %)
Writing at 0x003c6fb3... (15 %)
Writing at 0x003ccedc... (16 %)
Writing at 0x003d30ce... (16 %)
Writing at 0x003d9346... (16 %)
Writing at 0x003df1c0... (16 %)
Writing at 0x003e5344... (16 %)
Writing at 0x003eb780... (16 %)
Writing at 0x003f1707... (16 %)
Writing at 0x003f7b67... (16 %)
Writing at 0x003fdd27... (17 %)
Writing at 0x00403b1e... (17 %)
Writing at 0x004098dc... (17 %)
Writing at 0x0040fabe... (17 %)
Writing at 0x00415b69... (17 %)
Writing at 0x0041bf29... (17 %)
Writing at 0x004221ef... (17 %)
Writing at 0x0042830d... (17 %)
Writing at 0x0042e2c5... (18 %)
Writing at 0x0043492a... (18 %)
Writing at 0x0043af2e... (18 %)
Writing at 0x0044165a... (18 %)
Writing at 0x004478f7... (18 %)
Writing at 0x0044dd01... (18 %)
Writing at 0x00454323... (18 %)
Writing at 0x0045a725... (18 %)
Writing at 0x00460c6b... (19 %)
Writing at 0x00467270... (19 %)
Writing at 0x0046d68c... (19 %)
Writing at 0x00473a51... (19 %)
Writing at 0x00479daf... (19 %)
Writing at 0x00480542... (19 %)
Writing at 0x00486ad7... (19 %)
Writing at 0x0048cc2e... (19 %)
Writing at 0x00492ffc... (20 %)
Writing at 0x004995b4... (20 %)
Writing at 0x0049fa20... (20 %)
Writing at 0x004a5d4c... (20 %)
Writing at 0x004ac14b... (20 %)
Writing at 0x004b2596... (20 %)
Writing at 0x004b8b43... (20 %)
Writing at 0x004bf699... (20 %)
Writing at 0x004c5c88... (20 %)
Writing at 0x004cb65e... (21 %)
Writing at 0x004cfd7d... (21 %)
Writing at 0x004d449f... (21 %)
Writing at 0x004d8bad... (21 %)
Writing at 0x004dd2ed... (21 %)
Writing at 0x004e1a44... (21 %)
Writing at 0x004e6152... (21 %)
Writing at 0x004ea8c1... (21 %)
Writing at 0x004eef5e... (22 %)
Writing at 0x004f368c... (22 %)
Writing at 0x004f7dd2... (22 %)
Writing at 0x004fc512... (22 %)
Writing at 0x00500c7b... (22 %)
Writing at 0x005053e6... (22 %)
Writing at 0x00509b84... (22 %)
Writing at 0x0050e2c2... (22 %)
Writing at 0x00512a86... (23 %)
Writing at 0x00517255... (23 %)
Writing at 0x0051b97b... (23 %)
Writing at 0x00520107... (23 %)
Writing at 0x00524861... (23 %)
Writing at 0x0052900b... (23 %)
Writing at 0x0052d782... (23 %)
Writing at 0x00531f15... (23 %)
Writing at 0x00536609... (24 %)
Writing at 0x0053ad5e... (24 %)
Writing at 0x0053f4ad... (24 %)
Writing at 0x00543bfe... (24 %)
Writing at 0x005482d8... (24 %)
Writing at 0x0054ca2e... (24 %)
Writing at 0x005511ab... (24 %)
Writing at 0x005558e5... (24 %)
Writing at 0x0055a027... (25 %)
Writing at 0x0055e7a5... (25 %)
Writing at 0x00562eba... (25 %)
Writing at 0x0056760e... (25 %)
Writing at 0x0056bd6a... (25 %)
Writing at 0x005704c2... (25 %)
Writing at 0x00574b4e... (25 %)
Writing at 0x00579290... (25 %)
Writing at 0x0057d9cd... (26 %)
Writing at 0x00582135... (26 %)
Writing at 0x00586887... (26 %)
Writing at 0x0058af8f... (26 %)
Writing at 0x0058f6da... (26 %)
Writing at 0x00593e24... (26 %)
Writing at 0x00598562... (26 %)
Writing at 0x0059cceb... (26 %)
Writing at 0x005a1404... (26 %)
Writing at 0x005a5b78... (27 %)
Writing at 0x005aa2e2... (27 %)
Writing at 0x005aea5f... (27 %)
Writing at 0x005b31c6... (27 %)
Writing at 0x005b793a... (27 %)
Writing at 0x005bc084... (27 %)
Writing at 0x005c0817... (27 %)
Writing at 0x005c4fb4... (27 %)
Writing at 0x005c9737... (28 %)
Writing at 0x005cde35... (28 %)
Writing at 0x005d24d7... (28 %)
Writing at 0x005d6c31... (28 %)
Writing at 0x005db345... (28 %)
Writing at 0x005dfaaf... (28 %)
Writing at 0x005e41bf... (28 %)
Writing at 0x005e8901... (28 %)
Writing at 0x005ed04c... (29 %)
Writing at 0x005f178e... (29 %)
Writing at 0x005f5ecc... (29 %)
Writing at 0x005fa58f... (29 %)
Writing at 0x005fecc1... (29 %)
Writing at 0x0060343b... (29 %)
Writing at 0x00607bb1... (29 %)
Writing at 0x0060c308... (29 %)
Writing at 0x00610a95... (30 %)
Writing at 0x0061522a... (30 %)
Writing at 0x00619971... (30 %)
Writing at 0x0061e0c3... (30 %)
Writing at 0x006227be... (30 %)
Writing at 0x00626e40... (30 %)
Writing at 0x0062b563... (30 %)
Writing at 0x0062fc9d... (30 %)
Writing at 0x006343f8... (31 %)
Writing at 0x00638af5... (31 %)
Writing at 0x0063d25a... (31 %)
Writing at 0x006419a5... (31 %)
Writing at 0x006460d6... (31 %)
Writing at 0x0064a7fd... (31 %)
Writing at 0x0064ef41... (31 %)
Writing at 0x0065361c... (31 %)
Writing at 0x00657d89... (32 %)
Writing at 0x0065c4ce... (32 %)
Writing at 0x00660c02... (32 %)
Writing at 0x0066532e... (32 %)
Writing at 0x00669ab4... (32 %)
Writing at 0x0066e212... (32 %)
Writing at 0x00672935... (32 %)
Writing at 0x00677087... (32 %)
Writing at 0x0067b7d0... (33 %)
Writing at 0x0067fec6... (33 %)
Writing at 0x0068461b... (33 %)
Writing at 0x00688d83... (33 %)
Writing at 0x0068d499... (33 %)
Writing at 0x00691bfd... (33 %)
Writing at 0x00696378... (33 %)
Writing at 0x0069aaf1... (33 %)
Writing at 0x0069f27d... (33 %)
Writing at 0x006a39a0... (34 %)
Writing at 0x006a80a4... (34 %)
Writing at 0x006ac753... (34 %)
Writing at 0x006b0edc... (34 %)
Writing at 0x006b561a... (34 %)
Writing at 0x006b9d96... (34 %)
Writing at 0x006be4f4... (34 %)
Writing at 0x006c2c5f... (34 %)
Writing at 0x006c73d8... (35 %)
Writing at 0x006cbb0f... (35 %)
Writing at 0x006d0261... (35 %)
Writing at 0x006d4952... (35 %)
Writing at 0x006d8fa9... (35 %)
Writing at 0x006dd6ca... (35 %)
Writing at 0x006e1e11... (35 %)
Writing at 0x006e654e... (35 %)
Writing at 0x006eacd9... (36 %)
Writing at 0x006ef431... (36 %)
Writing at 0x006f3b7d... (36 %)
Writing at 0x006f82e0... (36 %)
Writing at 0x006fca77... (36 %)
Writing at 0x00701192... (36 %)
Writing at 0x00705822... (36 %)
Writing at 0x00709f83... (36 %)
Writing at 0x0070e6fb... (37 %)
Writing at 0x00712e84... (37 %)
Writing at 0x00717616... (37 %)
Writing at 0x0071bdbf... (37 %)
Writing at 0x00720567... (37 %)
Writing at 0x00724ca5... (37 %)
Writing at 0x007293ee... (37 %)
Writing at 0x0072daf6... (37 %)
Writing at 0x00732144... (38 %)
Writing at 0x0073687c... (38 %)
Writing at 0x0073afc2... (38 %)
Writing at 0x0073f6c1... (38 %)
Writing at 0x00743e05... (38 %)
Writing at 0x00748567... (38 %)
Writing at 0x0074cc8e... (38 %)
Writing at 0x007513c4... (38 %)
Writing at 0x00755b25... (39 %)
Writing at 0x0075a268... (39 %)
Writing at 0x0075e939... (39 %)
Writing at 0x00763080... (39 %)
Writing at 0x007677c8... (39 %)
Writing at 0x0076bf35... (39 %)
Writing at 0x007706a9... (39 %)
Writing at 0x00774df8... (39 %)
Writing at 0x00779556... (40 %)
Writing at 0x0077dc9c... (40 %)
Writing at 0x00782422... (40 %)
Writing at 0x00786b4a... (40 %)
Writing at 0x0078b280... (40 %)
Writing at 0x0078fa03... (40 %)
Writing at 0x00794165... (40 %)
Writing at 0x007988d3... (40 %)
Writing at 0x0079d04e... (40 %)
Writing at 0x007a179a... (41 %)
Writing at 0x007a5ee2... (41 %)
Writing at 0x007aa638... (41 %)
Writing at 0x007aed92... (41 %)
Writing at 0x007b3523... (41 %)
Writing at 0x007b7c1f... (41 %)
Writing at 0x007bc37c... (41 %)
Writing at 0x007c0ae3... (41 %)
Writing at 0x007c5237... (42 %)
Writing at 0x007c9973... (42 %)
Writing at 0x007ce0df... (42 %)
Writing at 0x007d2823... (42 %)
Writing at 0x007d6f85... (42 %)
Writing at 0x007db692... (42 %)
Writing at 0x007dfda2... (42 %)
Writing at 0x007e4510... (42 %)
Writing at 0x007e8c1b... (43 %)
Writing at 0x007ed37c... (43 %)
Writing at 0x007f1a9a... (43 %)
Writing at 0x007f61af... (43 %)
Writing at 0x007fa91d... (43 %)
Writing at 0x007ff05f... (43 %)
Writing at 0x00803786... (43 %)
Writing at 0x00807ecc... (43 %)
Writing at 0x0080c5d9... (44 %)
Writing at 0x00810d69... (44 %)
Writing at 0x0081545e... (44 %)
Writing at 0x00819be0... (44 %)
Writing at 0x0081e349... (44 %)
Writing at 0x00822ac1... (44 %)
Writing at 0x00827267... (44 %)
Writing at 0x0082b9a5... (44 %)
Writing at 0x008300d9... (45 %)
Writing at 0x00834805... (45 %)
Writing at 0x00838efd... (45 %)
Writing at 0x0083d600... (45 %)
Writing at 0x00841c66... (45 %)
Writing at 0x008463cd... (45 %)
Writing at 0x0084ab43... (45 %)
Writing at 0x0084f2a3... (45 %)
Writing at 0x00853a09... (46 %)
Writing at 0x00858189... (46 %)
Writing at 0x0085c8ac... (46 %)
Writing at 0x00860ffb... (46 %)
Writing at 0x00865782... (46 %)
Writing at 0x00869ef5... (46 %)
Writing at 0x0086e5e6... (46 %)
Writing at 0x00872d76... (46 %)
Writing at 0x008774e8... (46 %)
Writing at 0x0087bc43... (47 %)
Writing at 0x0088038b... (47 %)
Writing at 0x00884ac9... (47 %)
Writing at 0x00889234... (47 %)
Writing at 0x0088d983... (47 %)
Writing at 0x008920d6... (47 %)
Writing at 0x0089682f... (47 %)
Writing at 0x0089af83... (47 %)
Writing at 0x0089f6e7... (48 %)
Writing at 0x008a3e45... (48 %)
Writing at 0x008a85c0... (48 %)
Writing at 0x008acd09... (48 %)
Writing at 0x008b1469... (48 %)
Writing at 0x008b5ba3... (48 %)
Writing at 0x008ba324... (48 %)
Writing at 0x008beaba... (48 %)
Writing at 0x008c31a5... (49 %)
Writing at 0x008c7933... (49 %)
Writing at 0x008cc071... (49 %)
Writing at 0x008d079e... (49 %)
Writing at 0x008d4ed6... (49 %)
Writing at 0x008d9626... (49 %)
Writing at 0x008ddd75... (49 %)
Writing at 0x008e24a2... (49 %)
Writing at 0x008e6c03... (50 %)
Writing at 0x008eb344... (50 %)
Writing at 0x008efa49... (50 %)
Writing at 0x008f40ea... (50 %)
Writing at 0x008f8864... (50 %)
Writing at 0x008fcfa0... (50 %)
Writing at 0x0090172c... (50 %)
Writing at 0x00905e5b... (50 %)
Writing at 0x0090a58d... (51 %)
Writing at 0x0090ecac... (51 %)
Writing at 0x00913438... (51 %)
Writing at 0x00917bce... (51 %)
Writing at 0x0091c36c... (51 %)
Writing at 0x00920a65... (51 %)
Writing at 0x00925235... (51 %)
Writing at 0x009299bc... (51 %)
Writing at 0x0092e13b... (52 %)
Writing at 0x0093288d... (52 %)
Writing at 0x00936fe5... (52 %)
Writing at 0x0093b6cb... (52 %)
Writing at 0x0093fe00... (52 %)
Writing at 0x0094450e... (52 %)
Writing at 0x00948be2... (52 %)
Writing at 0x0094d2e8... (52 %)
Writing at 0x00951a5d... (53 %)
Writing at 0x00956163... (53 %)
Writing at 0x0095a8c3... (53 %)
Writing at 0x0095eff1... (53 %)
Writing at 0x00963770... (53 %)
Writing at 0x00967ed1... (53 %)
Writing at 0x0096c646... (53 %)
Writing at 0x00970d59... (53 %)
Writing at 0x00975493... (53 %)
Writing at 0x00979b72... (54 %)
Writing at 0x0097e2cf... (54 %)
Writing at 0x00982a59... (54 %)
Writing at 0x0098717c... (54 %)
Writing at 0x0098b8c3... (54 %)
Writing at 0x0099001a... (54 %)
Writing at 0x00994789... (54 %)
Writing at 0x00998efc... (54 %)
Writing at 0x0099d682... (55 %)
Writing at 0x009a1e02... (55 %)
Writing at 0x009a64f0... (55 %)
Writing at 0x009aacb1... (55 %)
Writing at 0x009af41b... (55 %)
Writing at 0x009b3ba2... (55 %)
Writing at 0x009b82f4... (55 %)
Writing at 0x009bca6e... (55 %)
Writing at 0x009c11a5... (56 %)
Writing at 0x009c5914... (56 %)
Writing at 0x009ca081... (56 %)
Writing at 0x009ce7d6... (56 %)
Writing at 0x009d2e93... (56 %)
Writing at 0x009d760c... (56 %)
Writing at 0x009dbd87... (56 %)
Writing at 0x009e04c3... (56 %)
Writing at 0x009e4c74... (57 %)
Writing at 0x009e93d2... (57 %)
Writing at 0x009edb14... (57 %)
Writing at 0x009f2215... (57 %)
Writing at 0x009f6908... (57 %)
Writing at 0x009fb033... (57 %)
Writing at 0x009ff712... (57 %)
Writing at 0x00a03e74... (57 %)
Writing at 0x00a08597... (58 %)
Writing at 0x00a0ccbc... (58 %)
Writing at 0x00a113ff... (58 %)
Writing at 0x00a15b0d... (58 %)
Writing at 0x00a1a29f... (58 %)
Writing at 0x00a1ea40... (58 %)
Writing at 0x00a2320e... (58 %)
Writing at 0x00a279b0... (58 %)
Writing at 0x00a2c0fe... (59 %)
Writing at 0x00a308e2... (59 %)
Writing at 0x00a34ff0... (59 %)
Writing at 0x00a3973b... (59 %)
Writing at 0x00a3de54... (59 %)
Writing at 0x00a42593... (59 %)
Writing at 0x00a46caf... (59 %)
Writing at 0x00a4b3c5... (59 %)
Writing at 0x00a4fae0... (60 %)
Writing at 0x00a54231... (60 %)
Writing at 0x00a588fb... (60 %)
Writing at 0x00a5d027... (60 %)
Writing at 0x00a6176b... (60 %)
Writing at 0x00a65ee8... (60 %)
Writing at 0x00a6a649... (60 %)
Writing at 0x00a6edac... (60 %)
Writing at 0x00a734f7... (60 %)
Writing at 0x00a77cc0... (61 %)
Writing at 0x00a7c435... (61 %)
Writing at 0x00a80bb8... (61 %)
Writing at 0x00a852ae... (61 %)
Writing at 0x00a899e6... (61 %)
Writing at 0x00a8e12e... (61 %)
Writing at 0x00a92885... (61 %)
Writing at 0x00a96fe5... (61 %)
Writing at 0x00a9b754... (62 %)
Writing at 0x00a9fec1... (62 %)
Writing at 0x00aa464a... (62 %)
Writing at 0x00aa8db4... (62 %)
Writing at 0x00aad4ff... (62 %)
Writing at 0x00ab1be9... (62 %)
Writing at 0x00ab6347... (62 %)
Writing at 0x00abaab3... (62 %)
Writing at 0x00abf1fd... (63 %)
Writing at 0x00ac3979... (63 %)
Writing at 0x00ac80f0... (63 %)
Writing at 0x00acc80d... (63 %)
Writing at 0x00ad0f65... (63 %)
Writing at 0x00ad56c7... (63 %)
Writing at 0x00ad9e67... (63 %)
Writing at 0x00ade52f... (63 %)
Writing at 0x00ae2c7c... (64 %)
Writing at 0x00ae73dd... (64 %)
Writing at 0x00aebb07... (64 %)
Writing at 0x00af0236... (64 %)
Writing at 0x00af496d... (64 %)
Writing at 0x00af9065... (64 %)
Writing at 0x00afd761... (64 %)
Writing at 0x00b01eae... (64 %)
Writing at 0x00b065cc... (65 %)
Writing at 0x00b0ac60... (65 %)
Writing at 0x00b0f348... (65 %)
Writing at 0x00b13a8f... (65 %)
Writing at 0x00b181fa... (65 %)
Writing at 0x00b1c96c... (65 %)
Writing at 0x00b210d1... (65 %)
Writing at 0x00b2585f... (65 %)
Writing at 0x00b2a059... (66 %)
Writing at 0x00b2e7ab... (66 %)
Writing at 0x00b32f12... (66 %)
Writing at 0x00b3760d... (66 %)
Writing at 0x00b3bd1a... (66 %)
Writing at 0x00b40446... (66 %)
Writing at 0x00b44b87... (66 %)
Writing at 0x00b492d0... (66 %)
Writing at 0x00b4da1a... (66 %)
Writing at 0x00b5217f... (67 %)
Writing at 0x00b568b2... (67 %)
Writing at 0x00b5b02d... (67 %)
Writing at 0x00b5f7a9... (67 %)
Writing at 0x00b63e81... (67 %)
Writing at 0x00b685b6... (67 %)
Writing at 0x00b6ccf1... (67 %)
Writing at 0x00b7140f... (67 %)
Writing at 0x00b75b74... (68 %)
Writing at 0x00b7a2dc... (68 %)
Writing at 0x00b7ea2a... (68 %)
Writing at 0x00b831b8... (68 %)
Writing at 0x00b87913... (68 %)
Writing at 0x00b8c073... (68 %)
Writing at 0x00b90731... (68 %)
Writing at 0x00b94e71... (68 %)
Writing at 0x00b99610... (69 %)
Writing at 0x00b9dd73... (69 %)
Writing at 0x00ba24b7... (69 %)
Writing at 0x00ba6be0... (69 %)
Writing at 0x00bab33b... (69 %)
Writing at 0x00bafaaa... (69 %)
Writing at 0x00bb4205... (69 %)
Writing at 0x00bb8981... (69 %)
Writing at 0x00bbd059... (70 %)
Writing at 0x00bc17c2... (70 %)
Writing at 0x00bc5f0c... (70 %)
Writing at 0x00bca69f... (70 %)
Writing at 0x00bcedef... (70 %)
Writing at 0x00bd3572... (70 %)
Writing at 0x00bd7cc8... (70 %)
Writing at 0x00bdc465... (70 %)
Writing at 0x00be0bb7... (71 %)
Writing at 0x00be5300... (71 %)
Writing at 0x00be99f6... (71 %)
Writing at 0x00bee16c... (71 %)
Writing at 0x00bf28eb... (71 %)
Writing at 0x00bf7068... (71 %)
Writing at 0x00bfb793... (71 %)
Writing at 0x00bffeaa... (71 %)
Writing at 0x00c045f0... (72 %)
Writing at 0x00c08d1e... (72 %)
Writing at 0x00c0d460... (72 %)
Writing at 0x00c11bc9... (72 %)
Writing at 0x00c1627c... (72 %)
Writing at 0x00c1a9a2... (72 %)
Writing at 0x00c1f0cf... (72 %)
Writing at 0x00c2385d... (72 %)
Writing at 0x00c28023... (73 %)
Writing at 0x00c2c7eb... (73 %)
Writing at 0x00c30f47... (73 %)
Writing at 0x00c356f4... (73 %)
Writing at 0x00c39e81... (73 %)
Writing at 0x00c3e5d8... (73 %)
Writing at 0x00c42caa... (73 %)
Writing at 0x00c473ec... (73 %)
Writing at 0x00c4bb3c... (73 %)
Writing at 0x00c5028e... (74 %)
Writing at 0x00c549b6... (74 %)
Writing at 0x00c590f1... (74 %)
Writing at 0x00c5d836... (74 %)
Writing at 0x00c61f63... (74 %)
Writing at 0x00c666ba... (74 %)
Writing at 0x00c6ae03... (74 %)
Writing at 0x00c6f4ee... (74 %)
Writing at 0x00c73c39... (75 %)
Writing at 0x00c78399... (75 %)
Writing at 0x00c7caf7... (75 %)
Writing at 0x00c81271... (75 %)
Writing at 0x00c859e6... (75 %)
Writing at 0x00c8a159... (75 %)
Writing at 0x00c8e89a... (75 %)
Writing at 0x00c93031... (75 %)
Writing at 0x00c97774... (76 %)
Writing at 0x00c9be57... (76 %)
Writing at 0x00ca05d9... (76 %)
Writing at 0x00ca4cf7... (76 %)
Writing at 0x00ca9465... (76 %)
Writing at 0x00cadc00... (76 %)
Writing at 0x00cb233d... (76 %)
Writing at 0x00cb6aa2... (76 %)
Writing at 0x00cbb22e... (77 %)
Writing at 0x00cbf984... (77 %)
Writing at 0x00cc40bb... (77 %)
Writing at 0x00cc8799... (77 %)
Writing at 0x00ccceac... (77 %)
Writing at 0x00cd1641... (77 %)
Writing at 0x00cd5d7f... (77 %)
Writing at 0x00cda500... (77 %)
Writing at 0x00cdeca2... (78 %)
Writing at 0x00ce33e3... (78 %)
Writing at 0x00ce7b69... (78 %)
Writing at 0x00cec2b8... (78 %)
Writing at 0x00cf09a1... (78 %)
Writing at 0x00cf505b... (78 %)
Writing at 0x00cf9777... (78 %)
Writing at 0x00cfdeb1... (78 %)
Writing at 0x00d025cf... (79 %)
Writing at 0x00d06d02... (79 %)
Writing at 0x00d0b451... (79 %)
Writing at 0x00d0fbb2... (79 %)
Writing at 0x00d14311... (79 %)
Writing at 0x00d18a68... (79 %)
Writing at 0x00d1d167... (79 %)
Writing at 0x00d21832... (79 %)
Writing at 0x00d25f7e... (80 %)
Writing at 0x00d2a740... (80 %)
Writing at 0x00d2eed2... (80 %)
Writing at 0x00d33672... (80 %)
Writing at 0x00d37e20... (80 %)
Writing at 0x00d3c597... (80 %)
Writing at 0x00d40d30... (80 %)
Writing at 0x00d45459... (80 %)
Writing at 0x00d49baa... (80 %)
Writing at 0x00d4e264... (81 %)
Writing at 0x00d529b6... (81 %)
Writing at 0x00d57126... (81 %)
Writing at 0x00d5b84c... (81 %)
Writing at 0x00d5ff65... (81 %)
Writing at 0x00d646b8... (81 %)
Writing at 0x00d68e18... (81 %)
Writing at 0x00d6d55a... (81 %)
Writing at 0x00d71cf1... (82 %)
Writing at 0x00d76449... (82 %)
Writing at 0x00d7ab0d... (82 %)
Writing at 0x00d7f28b... (82 %)
Writing at 0x00d83a17... (82 %)
Writing at 0x00d88198... (82 %)
Writing at 0x00d8c8f7... (82 %)
Writing at 0x00d91065... (82 %)
Writing at 0x00d957ed... (83 %)
Writing at 0x00d99f78... (83 %)
Writing at 0x00d9e6f5... (83 %)
Writing at 0x00da2e4b... (83 %)
Writing at 0x00da751d... (83 %)
Writing at 0x00dabc82... (83 %)
Writing at 0x00db03c4... (83 %)
Writing at 0x00db4b38... (83 %)
Writing at 0x00db9252... (84 %)
Writing at 0x00dbd9a5... (84 %)
Writing at 0x00dc20eb... (84 %)
Writing at 0x00dc6869... (84 %)
Writing at 0x00dcafa5... (84 %)
Writing at 0x00dcf711... (84 %)
Writing at 0x00dd3df0... (84 %)
Writing at 0x00dd856f... (84 %)
Writing at 0x00ddccd4... (85 %)
Writing at 0x00de1432... (85 %)
Writing at 0x00de5b97... (85 %)
Writing at 0x00dea30b... (85 %)
Writing at 0x00deea6c... (85 %)
Writing at 0x00df3215... (85 %)
Writing at 0x00df79b2... (85 %)
Writing at 0x00dfc0da... (85 %)
Writing at 0x00e0077d... (86 %)
Writing at 0x00e04eed... (86 %)
Writing at 0x00e09610... (86 %)
Writing at 0x00e0dd65... (86 %)
Writing at 0x00e124d6... (86 %)
Writing at 0x00e16c23... (86 %)
Writing at 0x00e1b350... (86 %)
Writing at 0x00e1fa8b... (86 %)
Writing at 0x00e241df... (86 %)
Writing at 0x00e28902... (87 %)
Writing at 0x00e2cff3... (87 %)
Writing at 0x00e31786... (87 %)
Writing at 0x00e35f2e... (87 %)
Writing at 0x00e3a6ab... (87 %)
Writing at 0x00e3ee39... (87 %)
Writing at 0x00e435d0... (87 %)
Writing at 0x00e47d2e... (87 %)
Writing at 0x00e4c469... (88 %)
Writing at 0x00e50b9b... (88 %)
Writing at 0x00e552fc... (88 %)
Writing at 0x00e599d7... (88 %)
Writing at 0x00e5e0f5... (88 %)
Writing at 0x00e6285f... (88 %)
Writing at 0x00e66fa1... (88 %)
Writing at 0x00e6b69a... (88 %)
Writing at 0x00e6fe1f... (89 %)
Writing at 0x00e74569... (89 %)
Writing at 0x00e78ca4... (89 %)
Writing at 0x00e7d3dc... (89 %)
Writing at 0x00e81b80... (89 %)
Writing at 0x00e86260... (89 %)
Writing at 0x00e8a9aa... (89 %)
Writing at 0x00e8f0e4... (89 %)
Writing at 0x00e93860... (90 %)
Writing at 0x00e97fd2... (90 %)
Writing at 0x00e9c75d... (90 %)
Writing at 0x00ea0ede... (90 %)
Writing at 0x00ea565d... (90 %)
Writing at 0x00ea9d7a... (90 %)
Writing at 0x00eae4b3... (90 %)
Writing at 0x00eb2b80... (90 %)
Writing at 0x00eb72f4... (91 %)
Writing at 0x00ebba6b... (91 %)
Writing at 0x00ec01cc... (91 %)
Writing at 0x00ec492f... (91 %)
Writing at 0x00ec9091... (91 %)
Writing at 0x00ecd7ea... (91 %)
Writing at 0x00ed1f89... (91 %)
Writing at 0x00ed671b... (91 %)
Writing at 0x00edae91... (92 %)
Writing at 0x00edf579... (92 %)
Writing at 0x00ee3ce0... (92 %)
Writing at 0x00ee847d... (92 %)
Writing at 0x00eecbeb... (92 %)
Writing at 0x00ef137f... (92 %)
Writing at 0x00ef5ae6... (92 %)
Writing at 0x00efa213... (92 %)
Writing at 0x00efe98e... (93 %)
Writing at 0x00f0311b... (93 %)
Writing at 0x00f078cb... (93 %)
Writing at 0x00f0bfab... (93 %)
Writing at 0x00f10703... (93 %)
Writing at 0x00f14e13... (93 %)
Writing at 0x00f19551... (93 %)
Writing at 0x00f1dcd0... (93 %)
Writing at 0x00f22411... (93 %)
Writing at 0x00f26b55... (94 %)
Writing at 0x00f2b2a4... (94 %)
Writing at 0x00f2f9a9... (94 %)
Writing at 0x00f34159... (94 %)
Writing at 0x00f3883c... (94 %)
Writing at 0x00f3cf86... (94 %)
Writing at 0x00f416ac... (94 %)
Writing at 0x00f45e9f... (94 %)
Writing at 0x00f4a62f... (95 %)
Writing at 0x00f4ed96... (95 %)
Writing at 0x00f534bc... (95 %)
Writing at 0x00f57c3c... (95 %)
Writing at 0x00f5c3b4... (95 %)
Writing at 0x00f60b14... (95 %)
Writing at 0x00f651a1... (95 %)
Writing at 0x00f698f8... (95 %)
Writing at 0x00f6e041... (96 %)
Writing at 0x00f727cd... (96 %)
Writing at 0x00f76f42... (96 %)
Writing at 0x00f7b68f... (96 %)
Writing at 0x00f7fe05... (96 %)
Writing at 0x00f8459c... (96 %)
Writing at 0x00f88cdb... (96 %)
Writing at 0x00f8d42e... (96 %)
Writing at 0x00f91b32... (97 %)
Writing at 0x00f962aa... (97 %)
Writing at 0x00f9aa09... (97 %)
Writing at 0x00f9f17c... (97 %)
Writing at 0x00fa3924... (97 %)
Writing at 0x00fa80b3... (97 %)
Writing at 0x00fac7e0... (97 %)
Writing at 0x00fb0f4f... (97 %)
Writing at 0x00fb56b5... (98 %)
Writing at 0x00fb9e18... (98 %)
Writing at 0x00fbe518... (98 %)
Writing at 0x00fc2c6f... (98 %)
Writing at 0x00fc7411... (98 %)
Writing at 0x00fcbb67... (98 %)
Writing at 0x00fd0304... (98 %)
Writing at 0x00fd4aba... (98 %)
Writing at 0x00fd9271... (99 %)
Writing at 0x00fdd9d9... (99 %)
Writing at 0x00fe2178... (99 %)
Writing at 0x00fe688c... (99 %)
Writing at 0x00feb05f... (99 %)
Writing at 0x00fef7c0... (99 %)
Writing at 0x00ff3f56... (99 %)
Writing at 0x00ff86d3... (99 %)
Writing at 0x00ffce8e... (100 %)
Wrote 15659904 bytes (13344963 compressed) at 0x00110000 in 192.6 seconds (effective 650.4 kbit/s)...
Hash of data verified.
Compressed 423156 bytes to 160260...
Writing at 0x01000000... (10 %)
Writing at 0x01009645... (20 %)
Writing at 0x010135c2... (30 %)
Writing at 0x0101d842... (40 %)
Writing at 0x01027924... (50 %)
Writing at 0x01031f16... (60 %)
Writing at 0x0103d5d5... (70 %)
Writing at 0x01048839... (80 %)
Writing at 0x01053a3c... (90 %)
Writing at 0x0105eb87... (100 %)
Wrote 423156 bytes (160260 compressed) at 0x01000000 in 3.7 seconds (effective 916.2 kbit/s)...
Hash of data verified.

Leaving...
Hard resetting via RTS pin...
