
Loading weights:   0%|          | 0/123 [00:00<?, ?it/s]
Loading weights: 100%|██████████| 123/123 [00:00<00:00, 1297.86it/s]
model D:\wt\feng-distill-30m\v3_6\release: 11L hidden=448 heads=7x64
  fp32      ~ 3584.0 B/token/layer  (ctx1024 all-layers 38.50 MiB)
  int8      ~  924.0 B/token/layer  (ctx1024 all-layers 9.93 MiB)
  sym2b16   ~  336.0 B/token/layer  (ctx1024 all-layers 3.61 MiB)
  asym2b16h ~  448.0 B/token/layer  (ctx1024 all-layers 4.81 MiB)
  sym2b8    ~  448.0 B/token/layer  (ctx1024 all-layers 4.81 MiB)
  asym2b8h  ~  672.0 B/token/layer  (ctx1024 all-layers 7.22 MiB)
  asym2b8   ~  448.0 B/token/layer  (ctx1024 all-layers 4.81 MiB)
  q3b16     ~  448.0 B/token/layer  (ctx1024 all-layers 4.81 MiB)
[needle 2400c pos=0.25] fp32      OK  (1.8s) '456794'
[needle 2400c pos=0.25] int8      OK  (0.9s) '456794'
[needle 2400c pos=0.25] sym2b16   OK  (0.9s) '456794'
[needle 2400c pos=0.25] asym2b16h OK  (0.9s) '456794'
[needle 2400c pos=0.25] sym2b8    OK  (0.9s) '456794'
[needle 2400c pos=0.25] asym2b8h  OK  (0.9s) '456794'
[needle 2400c pos=0.25] asym2b8   OK  (0.8s) '456794'
[needle 2400c pos=0.25] q3b16     OK  (0.9s) '456794'
[needle 2400c pos=0.7] fp32      OK  (0.7s) '459854'
[needle 2400c pos=0.7] int8      OK  (0.8s) '459854'
[needle 2400c pos=0.7] sym2b16   OK  (0.9s) '459854'
[needle 2400c pos=0.7] asym2b16h OK  (0.9s) '459854'
[needle 2400c pos=0.7] sym2b8    OK  (0.9s) '459854'
[needle 2400c pos=0.7] asym2b8h  OK  (0.9s) '459854'
[needle 2400c pos=0.7] asym2b8   OK  (0.8s) '459854'
[needle 2400c pos=0.7] q3b16     OK  (0.9s) '459854'
[needle 9600c pos=0.25] fp32      MISS (2.3s) '29456'
[needle 9600c pos=0.25] int8      MISS (2.7s) '29456'
[needle 9600c pos=0.25] sym2b16   MISS (2.9s) '74456'
[needle 9600c pos=0.25] asym2b16h MISS (3.2s) '294456'
[needle 9600c pos=0.25] sym2b8    MISS (2.9s) '294456'
[needle 9600c pos=0.25] asym2b8h  MISS (3.1s) '29456'
[needle 9600c pos=0.25] asym2b8   MISS (2.9s) '29456'
[needle 9600c pos=0.25] q3b16     MISS (2.8s) '29456'
[needle 9600c pos=0.7] fp32      OK  (2.2s) '317337'
[needle 9600c pos=0.7] int8      OK  (2.7s) '317337'
[needle 9600c pos=0.7] sym2b16   MISS (3.0s) '31733337'
[needle 9600c pos=0.7] asym2b16h OK  (3.1s) '317337'
[needle 9600c pos=0.7] sym2b8    OK  (2.9s) '317337'
[needle 9600c pos=0.7] asym2b8h  OK  (3.1s) '317337'
[needle 9600c pos=0.7] asym2b8   OK  (2.9s) '317337'
[needle 9600c pos=0.7] q3b16     OK  (3.1s) '317337'
[prose] fp32      first_div=15/15 match=1.00 '在遥远山谷里，风过了一半，长起来。'
[prose] int8      first_div=15/15 match=1.00 '在遥远山谷里，风过了一半，长起来。'
[prose] sym2b16   first_div=5/15 match=0.33 '在遥远山谷上，风过了一半，看不到风。'
[prose] asym2b16h first_div=9/15 match=0.60 '在遥远山谷里，风过路又走几次，同桌人一起看重了。'
[prose] sym2b8    first_div=11/15 match=0.73 '在遥远山谷里，风过了一半。'
[prose] asym2b8h  first_div=12/15 match=0.80 '在遥远山谷里，风过了一半，学生们一起看重物。'
[prose] asym2b8   first_div=12/15 match=0.80 '在遥远山谷里，风过了一半，学生们也一起看鱼。'
[prose] q3b16     first_div=11/15 match=0.73 '在遥远山谷里，风过了一半。'
-> eval\kv_quant_meta.json
