
Loading weights:   0%|          | 0/123 [00:00<?, ?it/s]
Loading weights: 100%|██████████| 123/123 [00:00<00:00, 1277.19it/s]
model D:\wt\feng-distill-30m\v3_6\release: 11L hidden=448 heads=7x64
  fp32      ~ 3584.0 B/token/layer  (ctx1024 all-layers 38.50 MiB)
  int8      ~  924.0 B/token/layer  (ctx1024 all-layers 9.93 MiB)
  sym2b16   ~  336.0 B/token/layer  (ctx1024 all-layers 3.61 MiB)
  asym2b16  ~  336.0 B/token/layer  (ctx1024 all-layers 3.61 MiB)
  asym2b8   ~  448.0 B/token/layer  (ctx1024 all-layers 4.81 MiB)
  q3b16     ~  448.0 B/token/layer  (ctx1024 all-layers 4.81 MiB)
  kivi32    ~  308.0 B/token/layer  (ctx1024 all-layers 3.31 MiB)
  kivi128   ~  286.0 B/token/layer  (ctx1024 all-layers 3.07 MiB)
  k8v2      ~  630.0 B/token/layer  (ctx1024 all-layers 6.77 MiB)
  k2v8      ~  630.0 B/token/layer  (ctx1024 all-layers 6.77 MiB)
[needle 600c pos=0.25] fp32      OK  (2.4s) '494450'
[needle 600c pos=0.25] int8      OK  (0.2s) '494450'
[needle 600c pos=0.25] sym2b16   OK  (0.1s) '494450'
[needle 600c pos=0.25] asym2b16  OK  (0.2s) '494450'
[needle 600c pos=0.25] asym2b8   OK  (0.2s) '494450'
[needle 600c pos=0.25] q3b16     OK  (0.2s) '494450。'
[needle 600c pos=0.25] kivi32    OK  (0.2s) '494450'
[needle 600c pos=0.25] kivi128   OK  (0.1s) '494450'
[needle 600c pos=0.25] k8v2      OK  (0.1s) '494450'
[needle 600c pos=0.25] k2v8      OK  (0.1s) '494450'
[needle 600c pos=0.7] fp32      OK  (0.1s) '422198'
[needle 600c pos=0.7] int8      OK  (0.1s) '422198'
[needle 600c pos=0.7] sym2b16   OK  (0.1s) '422198'
[needle 600c pos=0.7] asym2b16  OK  (0.1s) '422198'
[needle 600c pos=0.7] asym2b8   OK  (0.1s) '422198'
[needle 600c pos=0.7] q3b16     OK  (0.1s) '422198'
[needle 600c pos=0.7] kivi32    OK  (0.2s) '422198'
[needle 600c pos=0.7] kivi128   OK  (0.2s) '422198'
[needle 600c pos=0.7] k8v2      OK  (0.1s) '422198'
[needle 600c pos=0.7] k2v8      OK  (0.1s) '422198'
[needle 2400c pos=0.25] fp32      OK  (0.3s) '456794'
[needle 2400c pos=0.25] int8      OK  (0.3s) '456794'
[needle 2400c pos=0.25] sym2b16   OK  (0.4s) '456794'
[needle 2400c pos=0.25] asym2b16  OK  (0.4s) '456794'
[needle 2400c pos=0.25] asym2b8   OK  (0.4s) '456794'
[needle 2400c pos=0.25] q3b16     OK  (0.4s) '456794'
[needle 2400c pos=0.25] kivi32    OK  (0.5s) '456794'
[needle 2400c pos=0.25] kivi128   OK  (0.4s) '456794'
[needle 2400c pos=0.25] k8v2      OK  (0.4s) '456794'
[needle 2400c pos=0.25] k2v8      OK  (0.4s) '456794'
[needle 2400c pos=0.7] fp32      OK  (0.3s) '459854'
[needle 2400c pos=0.7] int8      OK  (0.3s) '459854'
[needle 2400c pos=0.7] sym2b16   OK  (0.4s) '459854'
[needle 2400c pos=0.7] asym2b16  OK  (0.4s) '459854'
[needle 2400c pos=0.7] asym2b8   OK  (0.4s) '459854'
[needle 2400c pos=0.7] q3b16     OK  (0.4s) '459854'
[needle 2400c pos=0.7] kivi32    OK  (0.5s) '459854'
[needle 2400c pos=0.7] kivi128   OK  (0.4s) '459854'
[needle 2400c pos=0.7] k8v2      OK  (0.3s) '459854'
[needle 2400c pos=0.7] k2v8      OK  (0.4s) '459854'
[needle 4800c pos=0.25] fp32      OK  (0.5s) '787825'
[needle 4800c pos=0.25] int8      OK  (0.6s) '787825'
[needle 4800c pos=0.25] sym2b16   OK  (0.6s) '787825'
[needle 4800c pos=0.25] asym2b16  OK  (0.7s) '787825'
[needle 4800c pos=0.25] asym2b8   OK  (0.7s) '787825'
[needle 4800c pos=0.25] q3b16     OK  (0.7s) '787825'
[needle 4800c pos=0.25] kivi32    OK  (0.9s) '787825'
[needle 4800c pos=0.25] kivi128   OK  (0.7s) '787825'
[needle 4800c pos=0.25] k8v2      OK  (0.6s) '787825'
[needle 4800c pos=0.25] k2v8      OK  (0.6s) '787825'
[needle 4800c pos=0.7] fp32      OK  (0.5s) '560695'
[needle 4800c pos=0.7] int8      OK  (0.6s) '560695'
[needle 4800c pos=0.7] sym2b16   OK  (0.7s) '560695'
[needle 4800c pos=0.7] asym2b16  OK  (0.7s) '560695'
[needle 4800c pos=0.7] asym2b8   OK  (0.7s) '560695'
[needle 4800c pos=0.7] q3b16     OK  (0.7s) '560695'
[needle 4800c pos=0.7] kivi32    OK  (0.9s) '560695'
[needle 4800c pos=0.7] kivi128   OK  (0.7s) '560695'
[needle 4800c pos=0.7] k8v2      OK  (0.7s) '560695'
[needle 4800c pos=0.7] k2v8      OK  (0.7s) '560695'
[prose] fp32      first_div=15/15 match=1.00 '在遥远山谷里，风过了一半，长起来。'
[prose] int8      first_div=15/15 match=1.00 '在遥远山谷里，风过了一半，长起来。'
[prose] sym2b16   first_div=5/15 match=0.33 '在遥远山谷上，风过了一半，看不到风。'
[prose] asym2b16  first_div=9/15 match=0.60 '在遥远山谷里，风过路着，看不到风。'
[prose] asym2b8   first_div=12/15 match=0.80 '在遥远山谷里，风过了一半，学生们也一起看鱼。'
[prose] q3b16     first_div=11/15 match=0.73 '在遥远山谷里，风过了一半。'
[prose] kivi32    first_div=9/15 match=0.60 '在遥远山谷里，风过着。'
[prose] kivi128   first_div=9/15 match=0.60 '在遥远山谷里，风过着了，人会看不到。'
[prose] k8v2      first_div=9/15 match=0.60 '在遥远山谷里，风过松林，村里人说时间像河水一样一去不'
[prose] k2v8      first_div=9/15 match=0.60 '在遥远山谷里，风过着了很远，看不到时间。'
-> eval\kv_quant_experiment.json
