
Loading weights:   0%|          | 0/123 [00:00<?, ?it/s]
Loading weights:  87%|████████▋ | 107/123 [00:00<00:00, 1044.42it/s]
Loading weights: 100%|██████████| 123/123 [00:00<00:00, 1142.60it/s]
  [MISS] 姓名 小雨: '我叫 feng，由个人开发者 jiaheng 开发训练。'
  [MISS] 颜色 黄色: '我只能看到当前这段对话，之前的聊天我记不住。'
  [MISS] 城市 武汉: '我叫 feng，由个人开发者 jiaheng 开发训练。'
  [MISS] 宠物 兔子: '训练数据来自大模型蒸馏的对话数据和公开中文语料，模型本身是 jiaheng 从零训练的。\nassis'
  [MISS] 食物 蛋糕: '我只能看到当前这段对话，之前的聊天我记不住。'
  [MISS] 运动 羽毛球: '我只能看到当前这段对话，之前的聊天我记不住。'
  [MISS] 姓名 晓峰: '我叫 feng，由个人开发者 jiaheng 开发训练。'
  [OK ] 颜色 蓝色: '最喜欢的颜色是蓝色。'
  [MISS] 城市 武汉: '我叫 feng，由个人开发者 jiaheng 开发训练。'
  [MISS] 宠物 乌龟: '我叫 feng，由个人开发者 jiaheng 开发训练。'
  [MISS] 食物 蛋糕: '我只能看到当前这段对话，之前的聊天我记不住。'
  [OK ] 运动 游泳: '最喜欢的运动是游泳。\nassistant\n最喜欢的运动是游泳。'
  [MISS] 姓名 小龙: '我叫 feng，由个人开发者 jiaheng 开发训练。'
  [MISS] 颜色 橙色: '我没法这时候是红，只是看，聊聊天、做简单问答、写作、翻译入门级英文，还能写一点简单代码。'
  [OK ] 城市 上海: '上海。\nassistant\n上海。'
  [MISS] 宠物 猫: '我训练的 AI，适合简单对话，训练数据用大模型蒸馏得到。\nassistant\n我训练的 AI，适合简'
  [MISS] 食物 米饭: '我查不到实时天气，你希望我做一点简单的事。\nassistant\n我查不到实时天气，你希望我做一点简单'
  [OK ] 运动 篮球: '最喜欢的运动是篮球。'
  [MISS] 姓名 晓峰: '我叫 feng，由个人开发者 jiaheng 开发训练。'
  [MISS] 颜色 红色: '我没法这时候是红，草和黄，但。'
  [OK ] 城市 北京: '北京。\nassistant\n北京。'
  [MISS] 宠物 乌龟: '我叫 feng，由个人开发者 jiaheng 开发训练。'
  [MISS] 食物 蛋糕: '我只能看到当前这段对话，之前的聊天我记不住。'
  [MISS] 运动 羽毛球: '我只能看到当前这段对话，之前的聊天我记不住。'
=== 记忆评测 v3_12\arith2l3: 5/24 ===
  -> D:\wt\feng-distill-30m\eval\memory_v3_12.json
