
Loading weights:   0%|          | 0/123 [00:00<?, ?it/s]
Loading weights: 100%|██████████| 123/123 [00:00<00:00, 1380.63it/s]
  [OK ] 姓名 小雨: '你叫小雨。\nassistant\n记住了，你叫小雨。'
  [OK ] 颜色 黄色: '你最喜欢黄色。'
  [OK ] 城市 武汉: '你住在武汉。'
  [OK ] 宠物 兔子: '你养了一只兔子。'
  [OK ] 食物 蛋糕: '你最喜欢蛋糕。\nassistant\n你最喜欢蛋糕。'
  [OK ] 运动 羽毛球: '你最喜欢羽毛球。'
  [OK ] 姓名 晓峰: '你叫晓峰。'
  [OK ] 颜色 蓝色: '你最喜欢蓝色。'
  [OK ] 城市 武汉: '你住在武汉。'
  [OK ] 宠物 乌龟: '你养了一只乌龟。'
  [OK ] 食物 蛋糕: '你最喜欢蛋糕。\nassistant\n你最喜欢蛋糕。'
  [OK ] 运动 游泳: '你最喜欢游泳。\nassistant\n你最喜欢游泳。'
  [OK ] 姓名 小龙: '你叫小龙。'
  [OK ] 颜色 橙色: '你最喜欢橙色。'
  [OK ] 城市 上海: '你住在上海。\nassistant\n你住在上海。'
  [OK ] 宠物 猫: '你养了一只猫。'
  [OK ] 食物 米饭: '你最喜欢米饭。\nassistant\n记住了，你最喜欢米饭。'
  [OK ] 运动 篮球: '你最喜欢篮球。'
  [OK ] 姓名 晓峰: '你叫晓峰。'
  [OK ] 颜色 红色: '你最喜欢红色。'
  [OK ] 城市 北京: '你住在北京。\nassistant\n你住在北京。'
  [OK ] 宠物 乌龟: '你养了一只乌龟。'
  [OK ] 食物 蛋糕: '你最喜欢蛋糕。\nassistant\n你最喜欢蛋糕。'
  [OK ] 运动 羽毛球: '你最喜欢羽毛球。'
=== 记忆评测 v3_13\mem_pc: 24/24 ===
  -> D:\wt\feng-distill-30m\eval\memory_v3_13pc.json
