[15:27:18] corpus 4513 seqs x 8193 | 131072 tok/step | 282 steps/epoch | total 564 steps (74M tokens)
[15:27:20] resumed weights from D:\wt\feng-distill-30m\student\stageA\step289.pt (step 289)
[15:27:20] model 30.75M params on cuda
[15:27:26] step 1/564 loss 5.1587 lr 2.00e-05 gnorm 0.27 20235 tok/s 0.1min vram 1.08GiB
[15:29:01] step 20/564 loss 5.1762 lr 4.00e-04 gnorm 0.38 25902 tok/s 1.7min vram 1.31GiB
[15:30:40] step 40/564 loss 5.2998 lr 8.00e-04 gnorm 0.75 26095 tok/s 3.3min vram 1.31GiB
[15:32:21] step 60/564 loss 5.0734 lr 7.98e-04 gnorm 0.46 26116 tok/s 5.0min vram 1.31GiB
[15:34:01] step 80/564 loss 5.0501 lr 7.90e-04 gnorm 0.50 26149 tok/s 6.7min vram 1.31GiB
[15:35:41] step 100/564 loss 4.9904 lr 7.78e-04 gnorm 0.46 26164 tok/s 8.3min vram 1.31GiB
[15:37:21] step 120/564 loss 4.9213 lr 7.60e-04 gnorm 0.46 26171 tok/s 10.0min vram 1.31GiB
[15:39:01] step 140/564 loss 4.8160 lr 7.38e-04 gnorm 0.48 26179 tok/s 11.7min vram 1.31GiB
[15:40:40] step 160/564 loss 4.8013 lr 7.12e-04 gnorm 0.53 26186 tok/s 13.3min vram 1.31GiB
[15:42:20] step 180/564 loss 4.6877 lr 6.82e-04 gnorm 0.50 26195 tok/s 15.0min vram 1.31GiB
[15:44:01] step 200/564 loss 4.6068 lr 6.48e-04 gnorm 0.56 26176 tok/s 16.7min vram 1.31GiB
[15:44:03]   [eval] step 200 val_loss 4.6031
[15:44:04]   [sample] '1. \n1. \n1. \n1. \n1. \n1. \n1. \n1. \n1. \n1. \n1. \n1.'
[15:44:04]   saved D:\wt\feng-distill-30m\student\stageA2\step200.pt
[15:45:44] step 220/564 loss 4.5391 lr 6.12e-04 gnorm 0.75 26106 tok/s 18.4min vram 1.31GiB
[15:47:24] step 240/564 loss 4.4895 lr 5.73e-04 gnorm 0.46 26124 tok/s 20.1min vram 1.31GiB
[15:49:03] step 260/564 loss 4.3476 lr 5.32e-04 gnorm 0.42 26137 tok/s 21.7min vram 1.31GiB
[15:50:43] step 280/564 loss 4.2958 lr 4.89e-04 gnorm 0.45 26142 tok/s 23.4min vram 1.31GiB
[15:52:24] step 300/564 loss 4.3393 lr 4.46e-04 gnorm 0.47 26144 tok/s 25.1min vram 1.31GiB
[15:54:04] step 320/564 loss 4.1092 lr 4.03e-04 gnorm 0.45 26135 tok/s 26.7min vram 1.31GiB
[15:55:45] step 340/564 loss 4.0310 lr 3.61e-04 gnorm 0.49 26137 tok/s 28.4min vram 1.31GiB
[15:57:25] step 360/564 loss 4.0381 lr 3.19e-04 gnorm 0.47 26135 tok/s 30.1min vram 1.31GiB
[15:59:05] step 380/564 loss 4.0427 lr 2.80e-04 gnorm 0.41 26137 tok/s 31.8min vram 1.31GiB
[16:00:45] step 400/564 loss 3.9932 lr 2.42e-04 gnorm 0.44 26139 tok/s 33.4min vram 1.31GiB
[16:00:47]   [eval] step 400 val_loss 4.0141
[16:00:48]   [sample] '《《《《《《《《《《《《《《《《《《《《《《《《《《《《《《《《《《《《《《《《《《《《《《《《'
[16:00:48]   saved D:\wt\feng-distill-30m\student\stageA2\step400.pt
[16:02:28] step 420/564 loss 3.9538 lr 2.08e-04 gnorm 0.44 26109 tok/s 35.1min vram 1.31GiB
[16:04:08] step 440/564 loss 3.9374 lr 1.76e-04 gnorm 0.40 26118 tok/s 36.8min vram 1.31GiB
[16:05:47] step 460/564 loss 3.7985 lr 1.49e-04 gnorm 0.41 26125 tok/s 38.5min vram 1.31GiB
[16:07:27] step 480/564 loss 4.0053 lr 1.26e-04 gnorm 0.40 26134 tok/s 40.1min vram 1.31GiB
[16:09:07] step 500/564 loss 3.8563 lr 1.07e-04 gnorm 0.40 26140 tok/s 41.8min vram 1.31GiB
[16:10:47] step 520/564 loss 3.8474 lr 9.30e-05 gnorm 0.39 26140 tok/s 43.5min vram 1.31GiB
[16:12:27] step 540/564 loss 3.8545 lr 8.40e-05 gnorm 0.37 26142 tok/s 45.1min vram 1.31GiB
[16:14:07] step 560/564 loss 3.7367 lr 8.02e-05 gnorm 0.37 26143 tok/s 46.8min vram 1.31GiB
[16:14:27]   saved D:\wt\feng-distill-30m\student\stageA2\step564.pt
[16:14:27] saving final model ...

Writing model shards:   0%|          | 0/1 [00:00<?, ?it/s]
Writing model shards: 100%|██████████| 1/1 [00:00<00:00,  7.11it/s]
Writing model shards: 100%|██████████| 1/1 [00:00<00:00,  7.11it/s]
[16:14:29] {"steps": 564, "tokens_seen": 73924608, "final_loss": 3.821159243583679, "params": 30745024, "elapsed_min": 47.1, "val_loss": 3.8557676618749444}
