[16:15:13] long corpus: 361 seqs x 32768 tokens (11.8M tokens), val 7

Loading weights:   0%|          | 0/90 [00:00<?, ?it/s]
Loading weights: 100%|██████████| 90/90 [00:00<00:00, 2396.01it/s]
[16:15:14] loaded 30.75M params, native ctx 32768
D:\wt\feng-distill-30m\scripts\train_longctx.py:113: UserWarning: Converting a tensor with requires_grad=True to a scalar may lead to unexpected behavior.
Consider using tensor.detach() first. (Triggered internally at C:\actions-runner\_work\pytorch\pytorch\torch\csrc\autograd\generated\python_variable_methods.cpp:823.)
  loss_sum += float(loss)
[16:15:20] step 1/120 loss 3.9465 lr 2.00e-06 gnorm 2.53 11755 tok/s 0.1min peak 7.82GiB
[16:16:47] step 20/120 loss 3.9698 lr 3.76e-05 gnorm 0.89 14135 tok/s 1.5min peak 8.05GiB
[16:18:19] step 40/120 loss 4.6316 lr 3.10e-05 gnorm 1.46 14204 tok/s 3.1min peak 8.05GiB
[16:19:51] step 60/120 loss 4.7357 lr 2.20e-05 gnorm 1.61 14224 tok/s 4.6min peak 8.05GiB

Writing model shards:   0%|          | 0/1 [00:00<?, ?it/s]
Writing model shards: 100%|██████████| 1/1 [00:00<00:00,  7.61it/s]
Writing model shards: 100%|██████████| 1/1 [00:00<00:00,  7.61it/s]
[16:19:51]   saved D:\wt\feng-distill-30m\student\stageC\step60
[16:21:23] step 80/120 loss 3.4972 lr 1.30e-05 gnorm 15.17 14214 tok/s 6.1min peak 8.05GiB
[16:22:56] step 100/120 loss 3.9547 lr 6.41e-06 gnorm 0.66 14206 tok/s 7.7min peak 8.05GiB
[16:24:28] step 120/120 loss 3.8468 lr 4.00e-06 gnorm 0.51 14195 tok/s 9.2min peak 8.05GiB

Writing model shards:   0%|          | 0/1 [00:00<?, ?it/s]
Writing model shards: 100%|██████████| 1/1 [00:00<00:00,  7.84it/s]
Writing model shards: 100%|██████████| 1/1 [00:00<00:00,  7.84it/s]
[16:24:28]   saved D:\wt\feng-distill-30m\student\stageC\step120

Writing model shards:   0%|          | 0/1 [00:00<?, ?it/s]
Writing model shards: 100%|██████████| 1/1 [00:00<00:00,  7.95it/s]
Writing model shards: 100%|██████████| 1/1 [00:00<00:00,  7.95it/s]
[16:24:28] {"steps": 120, "ctx": 32768, "yarn_factor": 0.0, "tokens_seen": 7864080, "final_loss": 3.846789002418518, "elapsed_min": 9.2}
