[15:03:12] long corpus: 540 seqs x 32768 tokens (17.7M tokens), val 11

Loading weights:   0%|          | 0/90 [00:00<?, ?it/s]
Loading weights: 100%|██████████| 90/90 [00:00<00:00, 2439.13it/s]
[15:03:13] loaded 30.75M params, native ctx 32768
D:\wt\feng-distill-30m\scripts\train_longctx.py:113: UserWarning: Converting a tensor with requires_grad=True to a scalar may lead to unexpected behavior.
Consider using tensor.detach() first. (Triggered internally at C:\actions-runner\_work\pytorch\pytorch\torch\csrc\autograd\generated\python_variable_methods.cpp:823.)
  loss_sum += float(loss)
[15:03:19] step 1/270 loss 6.5480 lr 5.00e-06 gnorm 8.88 11849 tok/s 0.1min peak 7.82GiB
[15:04:45] step 20/270 loss 5.4206 lr 9.88e-05 gnorm 0.99 14216 tok/s 1.5min peak 8.05GiB
[15:06:17] step 40/270 loss 6.1256 lr 9.52e-05 gnorm 1.00 14260 tok/s 3.1min peak 8.05GiB
[15:07:49] step 60/270 loss 5.2926 lr 8.95e-05 gnorm 0.45 14271 tok/s 4.6min peak 8.05GiB
[15:09:20] step 80/270 loss 5.9179 lr 8.19e-05 gnorm 0.56 14276 tok/s 6.1min peak 8.05GiB
[15:10:52] step 100/270 loss 5.9319 lr 7.28e-05 gnorm 0.59 14279 tok/s 7.6min peak 8.05GiB

Writing model shards:   0%|          | 0/1 [00:00<?, ?it/s]
Writing model shards: 100%|██████████| 1/1 [00:00<00:00,  8.70it/s]
Writing model shards: 100%|██████████| 1/1 [00:00<00:00,  8.70it/s]
[15:10:52]   saved D:\wt\feng-distill-30m\student\stageB\step100
[15:12:24] step 120/270 loss 5.9224 lr 6.28e-05 gnorm 0.80 14274 tok/s 9.2min peak 8.05GiB
[15:13:56] step 140/270 loss 5.2502 lr 5.24e-05 gnorm 0.42 14273 tok/s 10.7min peak 8.05GiB
[15:15:28] step 160/270 loss 5.8765 lr 4.21e-05 gnorm 0.40 14267 tok/s 12.2min peak 8.05GiB
[15:17:01] step 180/270 loss 5.4119 lr 3.25e-05 gnorm 0.43 14251 tok/s 13.8min peak 8.05GiB
[15:18:34] step 200/270 loss 6.4488 lr 2.41e-05 gnorm 0.72 14229 tok/s 15.4min peak 8.05GiB

Writing model shards:   0%|          | 0/1 [00:00<?, ?it/s]
Writing model shards: 100%|██████████| 1/1 [00:00<00:00,  7.40it/s]
Writing model shards: 100%|██████████| 1/1 [00:00<00:00,  7.40it/s]
[15:18:34]   saved D:\wt\feng-distill-30m\student\stageB\step200
[15:20:08] step 220/270 loss 5.3280 lr 1.74e-05 gnorm 0.38 14213 tok/s 16.9min peak 8.05GiB
[15:21:41] step 240/270 loss 5.7552 lr 1.27e-05 gnorm 0.46 14200 tok/s 18.5min peak 8.05GiB
[15:23:14] step 260/270 loss 3.6385 lr 1.03e-05 gnorm 5.15 14188 tok/s 20.0min peak 8.05GiB

Writing model shards:   0%|          | 0/1 [00:00<?, ?it/s]
Writing model shards: 100%|██████████| 1/1 [00:00<00:00,  6.35it/s]
Writing model shards: 100%|██████████| 1/1 [00:00<00:00,  6.31it/s]
[15:24:01]   saved D:\wt\feng-distill-30m\student\stageB\step270

Writing model shards:   0%|          | 0/1 [00:00<?, ?it/s]
Writing model shards: 100%|██████████| 1/1 [00:00<00:00,  8.70it/s]
Writing model shards: 100%|██████████| 1/1 [00:00<00:00,  8.62it/s]
[15:24:01] {"steps": 270, "ctx": 32768, "yarn_factor": 0.0, "tokens_seen": 17694180, "final_loss": 5.267875909805298, "elapsed_min": 20.8}
