
Loading weights:   0%|          | 0/123 [00:00<?, ?it/s]
Loading weights: 100%|██████████| 123/123 [00:00<00:00, 2362.51it/s]
[20:04:23] [32k] seqs 2015 x 32768 | total 150 steps | native ctx 32768
[20:04:30] step 1/150 loss 7.9655 lr 2.67e-06 gnorm 20.68 9197 tok/s 0.1min peak 10.05GiB
[20:06:51] step 25/150 loss 6.2994 lr 3.95e-05 gnorm 4.05 11065 tok/s 2.5min peak 10.28GiB
[20:09:19] step 50/150 loss 6.8922 lr 3.44e-05 gnorm 8.19 11078 tok/s 4.9min peak 10.28GiB
[20:11:47] step 75/150 loss 5.1294 lr 2.51e-05 gnorm 2.06 11073 tok/s 7.4min peak 10.28GiB

Writing model shards:   0%|          | 0/1 [00:00<?, ?it/s]
Writing model shards: 100%|██████████| 1/1 [00:00<00:00,  7.36it/s]
Writing model shards: 100%|██████████| 1/1 [00:00<00:00,  7.31it/s]
[20:11:47]   saved D:\wt\feng-distill-30m\v2\stage_32k\step75
[20:14:14] step 100/150 loss 5.5506 lr 1.49e-05 gnorm 2.15 11079 tok/s 9.9min peak 10.28GiB
[20:16:41] step 125/150 loss 4.791 lr 6.96e-06 gnorm 1.76 11093 tok/s 12.3min peak 10.28GiB
[20:19:07] step 150/150 loss 6.331 lr 4.00e-06 gnorm 3.33 11115 tok/s 14.7min peak 10.28GiB

Writing model shards:   0%|          | 0/1 [00:00<?, ?it/s]
Writing model shards: 100%|██████████| 1/1 [00:00<00:00, 10.01it/s]
[20:19:07]   saved D:\wt\feng-distill-30m\v2\stage_32k\step150

Writing model shards:   0%|          | 0/1 [00:00<?, ?it/s]
Writing model shards: 100%|██████████| 1/1 [00:00<00:00,  8.84it/s]
Writing model shards: 100%|██████████| 1/1 [00:00<00:00,  8.84it/s]
[20:19:07] done 32k: 150 steps, 9.8M tokens, 14.7 min -> D:\wt\feng-distill-30m\v2\stage_32k\final
