[17:26:29] [pretrain] seqs 98401 x 2049 | 4x4 | 6150 steps/epoch | total 6150 | params 29.43M
[17:26:32] step 1/6150 loss 9.8002 lr 3.00e-05 gnorm 3.15 9971 tok/s 0.1min peak 3.14GiB
[17:26:49] step 25/6150 loss 8.1454 lr 7.50e-04 gnorm 0.36 41748 tok/s 0.3min peak 3.36GiB
[17:27:06] step 50/6150 loss 7.8704 lr 1.50e-03 gnorm 0.53 44688 tok/s 0.6min peak 3.36GiB
[17:27:23] step 75/6150 loss 7.6427 lr 2.25e-03 gnorm 0.68 45734 tok/s 0.9min peak 3.36GiB
[17:27:40] step 100/6150 loss 7.4223 lr 3.00e-03 gnorm 0.50 46269 tok/s 1.2min peak 3.36GiB
[17:27:57] step 125/6150 loss 6.8043 lr 3.00e-03 gnorm 0.58 46590 tok/s 1.5min peak 3.36GiB
[17:28:14] step 150/6150 loss 7.0034 lr 3.00e-03 gnorm 0.37 46807 tok/s 1.7min peak 3.36GiB
[17:28:31] step 175/6150 loss 6.8086 lr 3.00e-03 gnorm 0.35 46948 tok/s 2.0min peak 3.36GiB
[17:28:48] step 200/6150 loss 6.4369 lr 3.00e-03 gnorm 0.32 47049 tok/s 2.3min peak 3.36GiB
[17:29:05] step 225/6150 loss 6.43 lr 3.00e-03 gnorm 0.37 47128 tok/s 2.6min peak 3.36GiB
[17:29:23] step 250/6150 loss 6.2561 lr 3.00e-03 gnorm 0.32 47187 tok/s 2.9min peak 3.36GiB
[17:29:40] step 275/6150 loss 6.306 lr 2.99e-03 gnorm 0.33 47235 tok/s 3.2min peak 3.36GiB
[17:29:57] step 300/6150 loss 5.9151 lr 2.99e-03 gnorm 0.26 47281 tok/s 3.5min peak 3.36GiB
[17:30:14] step 325/6150 loss 6.0213 lr 2.99e-03 gnorm 0.25 47325 tok/s 3.7min peak 3.36GiB
[17:30:31] step 350/6150 loss 5.9022 lr 2.99e-03 gnorm 0.29 47358 tok/s 4.0min peak 3.36GiB
[17:30:48] step 375/6150 loss 5.7117 lr 2.99e-03 gnorm 0.25 47386 tok/s 4.3min peak 3.36GiB
[17:31:06] step 400/6150 loss 5.7975 lr 2.98e-03 gnorm 0.25 47368 tok/s 4.6min peak 3.36GiB
[17:31:23] step 425/6150 loss 5.7732 lr 2.98e-03 gnorm 0.33 47377 tok/s 4.9min peak 3.36GiB
[17:31:40] step 450/6150 loss 5.6309 lr 2.98e-03 gnorm 0.25 47390 tok/s 5.2min peak 3.36GiB
[17:31:58] step 475/6150 loss 5.4807 lr 2.97e-03 gnorm 0.29 47257 tok/s 5.5min peak 3.36GiB
[17:32:17] step 500/6150 loss 5.484 lr 2.97e-03 gnorm 0.24 47035 tok/s 5.8min peak 3.36GiB
[17:32:36] step 525/6150 loss 5.6102 lr 2.97e-03 gnorm 0.26 46931 tok/s 6.1min peak 3.36GiB
[17:32:53] step 550/6150 loss 5.3784 lr 2.96e-03 gnorm 0.25 46939 tok/s 6.4min peak 3.36GiB
[17:33:10] step 575/6150 loss 5.2743 lr 2.96e-03 gnorm 0.24 46970 tok/s 6.7min peak 3.36GiB
[17:33:27] step 600/6150 loss 5.1355 lr 2.95e-03 gnorm 0.25 46999 tok/s 7.0min peak 3.36GiB
[17:33:45] step 625/6150 loss 4.8772 lr 2.95e-03 gnorm 0.27 47015 tok/s 7.3min peak 3.36GiB
[17:34:02] step 650/6150 loss 4.8969 lr 2.95e-03 gnorm 0.27 47000 tok/s 7.5min peak 3.36GiB
[17:34:20] step 675/6150 loss 4.9407 lr 2.94e-03 gnorm 0.27 46984 tok/s 7.8min peak 3.36GiB
[17:34:37] step 700/6150 loss 4.8493 lr 2.94e-03 gnorm 0.21 46983 tok/s 8.1min peak 3.36GiB
[17:34:55] step 725/6150 loss 4.9255 lr 2.93e-03 gnorm 0.21 46978 tok/s 8.4min peak 3.36GiB
[17:35:12] step 750/6150 loss 4.7402 lr 2.92e-03 gnorm 0.21 46969 tok/s 8.7min peak 3.36GiB
[17:35:30] step 775/6150 loss 4.6839 lr 2.92e-03 gnorm 0.22 46956 tok/s 9.0min peak 3.36GiB
[17:35:47] step 800/6150 loss 4.4773 lr 2.91e-03 gnorm 0.23 46948 tok/s 9.3min peak 3.36GiB
[17:36:05] step 825/6150 loss 4.5569 lr 2.91e-03 gnorm 0.23 46950 tok/s 9.6min peak 3.36GiB
[17:36:22] step 850/6150 loss 4.6753 lr 2.90e-03 gnorm 0.21 46954 tok/s 9.9min peak 3.36GiB
[17:36:39] step 875/6150 loss 4.4841 lr 2.89e-03 gnorm 0.23 46960 tok/s 10.2min peak 3.36GiB
[17:36:57] step 900/6150 loss 4.4195 lr 2.89e-03 gnorm 0.20 46964 tok/s 10.5min peak 3.36GiB
[17:37:14] step 925/6150 loss 4.2177 lr 2.88e-03 gnorm 0.20 46969 tok/s 10.8min peak 3.36GiB
[17:37:32] step 950/6150 loss 4.5429 lr 2.87e-03 gnorm 0.19 46972 tok/s 11.0min peak 3.36GiB
[17:37:49] step 975/6150 loss 4.3277 lr 2.86e-03 gnorm 0.19 46976 tok/s 11.3min peak 3.36GiB
[17:38:06] step 1000/6150 loss 4.1728 lr 2.86e-03 gnorm 0.23 46984 tok/s 11.6min peak 3.36GiB

Writing model shards:   0%|          | 0/1 [00:00<?, ?it/s]
Writing model shards: 100%|██████████| 1/1 [00:00<00:00,  9.99it/s]
Writing model shards: 100%|██████████| 1/1 [00:00<00:00,  9.84it/s]
[17:38:06]   saved D:\wt\feng-distill-30m\v2\stage_pre\step1000
[17:38:24] step 1025/6150 loss 4.4318 lr 2.85e-03 gnorm 0.21 46991 tok/s 11.9min peak 3.36GiB
[17:38:41] step 1050/6150 loss 4.3126 lr 2.84e-03 gnorm 0.19 47010 tok/s 12.2min peak 3.36GiB
[17:38:58] step 1075/6150 loss 4.582 lr 2.83e-03 gnorm 0.19 47027 tok/s 12.5min peak 3.36GiB
[17:39:15] step 1100/6150 loss 4.3824 lr 2.82e-03 gnorm 0.19 47042 tok/s 12.8min peak 3.36GiB
[17:39:32] step 1125/6150 loss 4.1168 lr 2.81e-03 gnorm 0.19 47057 tok/s 13.1min peak 3.36GiB
[17:39:50] step 1150/6150 loss 4.0824 lr 2.80e-03 gnorm 0.19 47052 tok/s 13.3min peak 3.36GiB
[17:40:07] step 1175/6150 loss 4.2114 lr 2.80e-03 gnorm 0.18 47051 tok/s 13.6min peak 3.36GiB
[17:40:25] step 1200/6150 loss 4.0174 lr 2.79e-03 gnorm 0.19 47041 tok/s 13.9min peak 3.36GiB
[17:40:42] step 1225/6150 loss 4.1875 lr 2.78e-03 gnorm 0.18 47036 tok/s 14.2min peak 3.36GiB
[17:41:00] step 1250/6150 loss 4.3901 lr 2.77e-03 gnorm 0.21 47036 tok/s 14.5min peak 3.36GiB
[17:41:17] step 1275/6150 loss 3.8654 lr 2.76e-03 gnorm 0.17 47038 tok/s 14.8min peak 3.36GiB
[17:41:34] step 1300/6150 loss 4.3799 lr 2.75e-03 gnorm 0.18 47040 tok/s 15.1min peak 3.36GiB
[17:41:52] step 1325/6150 loss 4.3181 lr 2.74e-03 gnorm 0.20 47037 tok/s 15.4min peak 3.36GiB
[17:42:09] step 1350/6150 loss 4.1339 lr 2.73e-03 gnorm 0.20 47037 tok/s 15.7min peak 3.36GiB
[17:42:27] step 1375/6150 loss 3.8305 lr 2.71e-03 gnorm 0.17 47037 tok/s 16.0min peak 3.36GiB
[17:42:44] step 1400/6150 loss 4.1821 lr 2.70e-03 gnorm 0.19 47037 tok/s 16.2min peak 3.36GiB
[17:43:02] step 1425/6150 loss 4.1609 lr 2.69e-03 gnorm 0.18 47024 tok/s 16.5min peak 3.36GiB
[17:43:19] step 1450/6150 loss 4.2955 lr 2.68e-03 gnorm 0.18 47023 tok/s 16.8min peak 3.36GiB
[17:43:36] step 1475/6150 loss 4.0066 lr 2.67e-03 gnorm 0.17 47023 tok/s 17.1min peak 3.36GiB
[17:43:54] step 1500/6150 loss 3.9133 lr 2.66e-03 gnorm 0.18 47021 tok/s 17.4min peak 3.36GiB
[17:44:11] step 1525/6150 loss 4.0836 lr 2.65e-03 gnorm 0.20 47020 tok/s 17.7min peak 3.36GiB
[17:44:29] step 1550/6150 loss 4.1874 lr 2.64e-03 gnorm 0.18 47019 tok/s 18.0min peak 3.36GiB
[17:44:46] step 1575/6150 loss 4.1845 lr 2.62e-03 gnorm 0.17 47018 tok/s 18.3min peak 3.36GiB
[17:45:04] step 1600/6150 loss 3.8688 lr 2.61e-03 gnorm 0.19 47018 tok/s 18.6min peak 3.36GiB
[17:45:21] step 1625/6150 loss 3.8846 lr 2.60e-03 gnorm 0.18 47018 tok/s 18.9min peak 3.36GiB
[17:45:38] step 1650/6150 loss 3.7672 lr 2.59e-03 gnorm 0.17 47019 tok/s 19.2min peak 3.36GiB
[17:45:56] step 1675/6150 loss 3.6573 lr 2.57e-03 gnorm 0.18 47020 tok/s 19.4min peak 3.36GiB
[17:46:13] step 1700/6150 loss 3.9613 lr 2.56e-03 gnorm 0.18 47020 tok/s 19.7min peak 3.36GiB
[17:46:31] step 1725/6150 loss 3.9986 lr 2.55e-03 gnorm 0.18 47021 tok/s 20.0min peak 3.36GiB
[17:46:48] step 1750/6150 loss 3.9192 lr 2.53e-03 gnorm 0.16 47019 tok/s 20.3min peak 3.36GiB
[17:47:06] step 1775/6150 loss 3.7665 lr 2.52e-03 gnorm 0.18 47019 tok/s 20.6min peak 3.36GiB
[17:47:23] step 1800/6150 loss 4.1914 lr 2.51e-03 gnorm 0.16 47021 tok/s 20.9min peak 3.36GiB
[17:47:40] step 1825/6150 loss 3.8351 lr 2.49e-03 gnorm 0.16 47020 tok/s 21.2min peak 3.36GiB
[17:47:58] step 1850/6150 loss 3.9886 lr 2.48e-03 gnorm 0.18 47022 tok/s 21.5min peak 3.36GiB
[17:48:15] step 1875/6150 loss 3.7687 lr 2.47e-03 gnorm 0.17 47022 tok/s 21.8min peak 3.36GiB
[17:48:33] step 1900/6150 loss 3.9657 lr 2.45e-03 gnorm 0.17 47023 tok/s 22.1min peak 3.36GiB
[17:48:50] step 1925/6150 loss 3.554 lr 2.44e-03 gnorm 0.16 47024 tok/s 22.3min peak 3.36GiB
[17:49:07] step 1950/6150 loss 3.8875 lr 2.42e-03 gnorm 0.15 47025 tok/s 22.6min peak 3.36GiB
[17:49:25] step 1975/6150 loss 3.8876 lr 2.41e-03 gnorm 0.16 47025 tok/s 22.9min peak 3.36GiB
[17:49:42] step 2000/6150 loss 3.8375 lr 2.39e-03 gnorm 0.16 47026 tok/s 23.2min peak 3.36GiB

Writing model shards:   0%|          | 0/1 [00:00<?, ?it/s]
Writing model shards: 100%|██████████| 1/1 [00:00<00:00,  9.33it/s]
Writing model shards: 100%|██████████| 1/1 [00:00<00:00,  9.33it/s]
[17:49:42]   saved D:\wt\feng-distill-30m\v2\stage_pre\step2000
[17:50:00] step 2025/6150 loss 3.918 lr 2.38e-03 gnorm 0.16 47021 tok/s 23.5min peak 3.36GiB
[17:50:17] step 2050/6150 loss 3.6447 lr 2.37e-03 gnorm 0.22 47023 tok/s 23.8min peak 3.36GiB
[17:50:34] step 2075/6150 loss 3.9034 lr 2.35e-03 gnorm 0.17 47022 tok/s 24.1min peak 3.36GiB
[17:50:52] step 2100/6150 loss 3.7012 lr 2.34e-03 gnorm 0.16 47024 tok/s 24.4min peak 3.36GiB
[17:51:09] step 2125/6150 loss 3.8367 lr 2.32e-03 gnorm 0.18 47025 tok/s 24.7min peak 3.36GiB
[17:51:27] step 2150/6150 loss 3.9993 lr 2.30e-03 gnorm 0.16 47025 tok/s 25.0min peak 3.36GiB
[17:51:44] step 2175/6150 loss 3.9661 lr 2.29e-03 gnorm 0.19 47025 tok/s 25.2min peak 3.36GiB
[17:52:01] step 2200/6150 loss 3.8994 lr 2.27e-03 gnorm 0.16 47026 tok/s 25.5min peak 3.36GiB
[17:52:19] step 2225/6150 loss 3.8203 lr 2.26e-03 gnorm 0.16 47026 tok/s 25.8min peak 3.36GiB
[17:52:36] step 2250/6150 loss 3.8073 lr 2.24e-03 gnorm 0.17 47026 tok/s 26.1min peak 3.36GiB
[17:52:53] step 2275/6150 loss 3.6973 lr 2.23e-03 gnorm 0.16 47030 tok/s 26.4min peak 3.36GiB
[17:53:11] step 2300/6150 loss 3.4865 lr 2.21e-03 gnorm 0.17 47037 tok/s 26.7min peak 3.36GiB
[17:53:28] step 2325/6150 loss 3.8212 lr 2.19e-03 gnorm 0.17 47043 tok/s 27.0min peak 3.36GiB
[17:53:45] step 2350/6150 loss 3.9416 lr 2.18e-03 gnorm 0.16 47050 tok/s 27.3min peak 3.36GiB
[17:54:02] step 2375/6150 loss 3.5369 lr 2.16e-03 gnorm 0.16 47058 tok/s 27.5min peak 3.36GiB
[17:54:19] step 2400/6150 loss 3.6946 lr 2.15e-03 gnorm 0.18 47061 tok/s 27.8min peak 3.36GiB
[17:54:37] step 2425/6150 loss 3.8617 lr 2.13e-03 gnorm 0.16 47057 tok/s 28.1min peak 3.36GiB
[17:54:54] step 2450/6150 loss 3.5895 lr 2.11e-03 gnorm 0.16 47056 tok/s 28.4min peak 3.36GiB
[17:55:12] step 2475/6150 loss 3.7488 lr 2.10e-03 gnorm 0.17 47056 tok/s 28.7min peak 3.36GiB
[17:55:29] step 2500/6150 loss 3.7553 lr 2.08e-03 gnorm 0.16 47055 tok/s 29.0min peak 3.36GiB
[17:55:47] step 2525/6150 loss 3.287 lr 2.06e-03 gnorm 0.16 47053 tok/s 29.3min peak 3.36GiB
[17:56:04] step 2550/6150 loss 3.6321 lr 2.05e-03 gnorm 0.15 47049 tok/s 29.6min peak 3.36GiB
[17:56:22] step 2575/6150 loss 3.799 lr 2.03e-03 gnorm 0.16 47044 tok/s 29.9min peak 3.36GiB
[17:56:39] step 2600/6150 loss 3.8297 lr 2.01e-03 gnorm 0.16 47038 tok/s 30.2min peak 3.36GiB
[17:56:57] step 2625/6150 loss 3.5339 lr 2.00e-03 gnorm 0.16 47033 tok/s 30.5min peak 3.36GiB
[17:57:15] step 2650/6150 loss 3.799 lr 1.98e-03 gnorm 0.16 47029 tok/s 30.8min peak 3.36GiB
[17:57:32] step 2675/6150 loss 3.7108 lr 1.96e-03 gnorm 0.16 47025 tok/s 31.1min peak 3.36GiB
[17:57:50] step 2700/6150 loss 3.194 lr 1.95e-03 gnorm 0.16 47022 tok/s 31.3min peak 3.36GiB
[17:58:07] step 2725/6150 loss 3.6516 lr 1.93e-03 gnorm 0.17 47017 tok/s 31.6min peak 3.36GiB
[17:58:25] step 2750/6150 loss 3.4073 lr 1.91e-03 gnorm 0.18 47013 tok/s 31.9min peak 3.36GiB
[17:58:42] step 2775/6150 loss 3.5601 lr 1.89e-03 gnorm 0.19 47014 tok/s 32.2min peak 3.36GiB
[17:59:00] step 2800/6150 loss 3.4129 lr 1.88e-03 gnorm 0.17 47015 tok/s 32.5min peak 3.36GiB
[17:59:17] step 2825/6150 loss 3.4494 lr 1.86e-03 gnorm 0.16 47015 tok/s 32.8min peak 3.36GiB
[17:59:35] step 2850/6150 loss 3.8177 lr 1.84e-03 gnorm 0.18 47015 tok/s 33.1min peak 3.36GiB
[17:59:52] step 2875/6150 loss 3.3136 lr 1.82e-03 gnorm 0.16 47016 tok/s 33.4min peak 3.36GiB
[18:00:09] step 2900/6150 loss 3.6835 lr 1.81e-03 gnorm 0.18 47016 tok/s 33.7min peak 3.36GiB
[18:00:27] step 2925/6150 loss 3.4436 lr 1.79e-03 gnorm 0.17 47014 tok/s 34.0min peak 3.36GiB
[18:00:44] step 2950/6150 loss 3.3724 lr 1.77e-03 gnorm 0.17 47014 tok/s 34.3min peak 3.36GiB
[18:01:02] step 2975/6150 loss 3.3705 lr 1.76e-03 gnorm 0.16 47015 tok/s 34.5min peak 3.36GiB
[18:01:19] step 3000/6150 loss 3.7571 lr 1.74e-03 gnorm 0.18 47015 tok/s 34.8min peak 3.36GiB

Writing model shards:   0%|          | 0/1 [00:00<?, ?it/s]
Writing model shards: 100%|██████████| 1/1 [00:00<00:00,  9.98it/s]
Writing model shards: 100%|██████████| 1/1 [00:00<00:00,  9.98it/s]
[18:01:19]   saved D:\wt\feng-distill-30m\v2\stage_pre\step3000
[18:01:37] step 3025/6150 loss 3.8467 lr 1.72e-03 gnorm 0.17 47012 tok/s 35.1min peak 3.36GiB
[18:01:54] step 3050/6150 loss 3.3307 lr 1.70e-03 gnorm 0.17 47012 tok/s 35.4min peak 3.36GiB
[18:02:11] step 3075/6150 loss 3.4026 lr 1.69e-03 gnorm 0.17 47013 tok/s 35.7min peak 3.36GiB
[18:02:29] step 3100/6150 loss 3.2516 lr 1.67e-03 gnorm 0.17 47012 tok/s 36.0min peak 3.36GiB
[18:02:46] step 3125/6150 loss 3.6252 lr 1.65e-03 gnorm 0.16 47012 tok/s 36.3min peak 3.36GiB
[18:03:04] step 3150/6150 loss 3.6587 lr 1.63e-03 gnorm 0.16 47013 tok/s 36.6min peak 3.36GiB
[18:03:21] step 3175/6150 loss 3.6743 lr 1.61e-03 gnorm 0.18 47012 tok/s 36.9min peak 3.36GiB
[18:03:38] step 3200/6150 loss 3.5706 lr 1.60e-03 gnorm 0.17 47012 tok/s 37.2min peak 3.36GiB
[18:03:56] step 3225/6150 loss 3.3901 lr 1.58e-03 gnorm 0.17 47012 tok/s 37.4min peak 3.36GiB
[18:04:13] step 3250/6150 loss 3.3058 lr 1.56e-03 gnorm 0.16 47013 tok/s 37.7min peak 3.36GiB
[18:04:31] step 3275/6150 loss 3.5415 lr 1.54e-03 gnorm 0.18 47013 tok/s 38.0min peak 3.36GiB
[18:04:48] step 3300/6150 loss 3.3925 lr 1.53e-03 gnorm 0.16 47014 tok/s 38.3min peak 3.36GiB
[18:05:05] step 3325/6150 loss 3.6968 lr 1.51e-03 gnorm 0.17 47014 tok/s 38.6min peak 3.36GiB
[18:05:23] step 3350/6150 loss 3.5572 lr 1.49e-03 gnorm 0.17 47014 tok/s 38.9min peak 3.36GiB
[18:05:40] step 3375/6150 loss 3.7002 lr 1.48e-03 gnorm 0.17 47014 tok/s 39.2min peak 3.36GiB
[18:05:58] step 3400/6150 loss 3.4268 lr 1.46e-03 gnorm 0.20 47014 tok/s 39.5min peak 3.36GiB
[18:06:15] step 3425/6150 loss 3.5061 lr 1.44e-03 gnorm 0.16 47014 tok/s 39.8min peak 3.36GiB
[18:06:33] step 3450/6150 loss 3.6316 lr 1.42e-03 gnorm 0.17 47014 tok/s 40.1min peak 3.36GiB
[18:06:50] step 3475/6150 loss 3.4669 lr 1.41e-03 gnorm 0.17 47015 tok/s 40.3min peak 3.36GiB
[18:07:07] step 3500/6150 loss 3.5038 lr 1.39e-03 gnorm 0.17 47020 tok/s 40.6min peak 3.36GiB
[18:07:24] step 3525/6150 loss 3.7275 lr 1.37e-03 gnorm 0.21 47025 tok/s 40.9min peak 3.36GiB
[18:07:41] step 3550/6150 loss 3.3958 lr 1.35e-03 gnorm 0.16 47029 tok/s 41.2min peak 3.36GiB
[18:07:59] step 3575/6150 loss 3.1924 lr 1.34e-03 gnorm 0.17 47033 tok/s 41.5min peak 3.36GiB
[18:08:16] step 3600/6150 loss 3.3436 lr 1.32e-03 gnorm 0.18 47037 tok/s 41.8min peak 3.36GiB
[18:08:33] step 3625/6150 loss 3.5282 lr 1.30e-03 gnorm 0.19 47041 tok/s 42.1min peak 3.36GiB
[18:08:50] step 3650/6150 loss 3.6091 lr 1.29e-03 gnorm 0.17 47046 tok/s 42.4min peak 3.36GiB
[18:09:07] step 3675/6150 loss 3.6307 lr 1.27e-03 gnorm 0.19 47051 tok/s 42.6min peak 3.36GiB
[18:09:24] step 3700/6150 loss 3.3533 lr 1.25e-03 gnorm 0.17 47055 tok/s 42.9min peak 3.36GiB
[18:09:42] step 3725/6150 loss 3.4424 lr 1.24e-03 gnorm 0.18 47059 tok/s 43.2min peak 3.36GiB
[18:09:59] step 3750/6150 loss 3.7524 lr 1.22e-03 gnorm 0.19 47063 tok/s 43.5min peak 3.36GiB
[18:10:16] step 3775/6150 loss 3.5085 lr 1.20e-03 gnorm 0.19 47067 tok/s 43.8min peak 3.36GiB
[18:10:33] step 3800/6150 loss 3.3936 lr 1.19e-03 gnorm 0.18 47071 tok/s 44.1min peak 3.36GiB
[18:10:50] step 3825/6150 loss 3.4795 lr 1.17e-03 gnorm 0.18 47075 tok/s 44.4min peak 3.36GiB
[18:11:07] step 3850/6150 loss 3.2338 lr 1.15e-03 gnorm 0.18 47080 tok/s 44.6min peak 3.36GiB
[18:11:25] step 3875/6150 loss 3.5273 lr 1.14e-03 gnorm 0.18 47084 tok/s 44.9min peak 3.36GiB
[18:11:42] step 3900/6150 loss 3.591 lr 1.12e-03 gnorm 0.18 47087 tok/s 45.2min peak 3.36GiB
[18:11:59] step 3925/6150 loss 3.5822 lr 1.11e-03 gnorm 0.18 47091 tok/s 45.5min peak 3.36GiB
[18:12:16] step 3950/6150 loss 3.6069 lr 1.09e-03 gnorm 0.18 47091 tok/s 45.8min peak 3.36GiB
[18:12:34] step 3975/6150 loss 3.5469 lr 1.07e-03 gnorm 0.18 47090 tok/s 46.1min peak 3.36GiB
[18:12:51] step 4000/6150 loss 3.6026 lr 1.06e-03 gnorm 0.18 47089 tok/s 46.4min peak 3.36GiB

Writing model shards:   0%|          | 0/1 [00:00<?, ?it/s]
Writing model shards: 100%|██████████| 1/1 [00:00<00:00,  8.74it/s]
Writing model shards: 100%|██████████| 1/1 [00:00<00:00,  8.66it/s]
[18:12:51]   saved D:\wt\feng-distill-30m\v2\stage_pre\step4000
[18:13:09] step 4025/6150 loss 3.3082 lr 1.04e-03 gnorm 0.17 47086 tok/s 46.7min peak 3.36GiB
[18:13:26] step 4050/6150 loss 3.3748 lr 1.03e-03 gnorm 0.17 47085 tok/s 47.0min peak 3.36GiB
[18:13:44] step 4075/6150 loss 3.4176 lr 1.01e-03 gnorm 0.17 47085 tok/s 47.2min peak 3.36GiB
[18:14:01] step 4100/6150 loss 3.2415 lr 9.95e-04 gnorm 0.17 47085 tok/s 47.5min peak 3.36GiB
[18:14:18] step 4125/6150 loss 3.6916 lr 9.80e-04 gnorm 0.18 47085 tok/s 47.8min peak 3.36GiB
[18:14:36] step 4150/6150 loss 3.5218 lr 9.65e-04 gnorm 0.19 47085 tok/s 48.1min peak 3.36GiB
[18:14:53] step 4175/6150 loss 3.054 lr 9.50e-04 gnorm 0.18 47084 tok/s 48.4min peak 3.36GiB
[18:15:11] step 4200/6150 loss 3.1948 lr 9.35e-04 gnorm 0.17 47084 tok/s 48.7min peak 3.36GiB
[18:15:28] step 4225/6150 loss 3.4694 lr 9.20e-04 gnorm 0.18 47084 tok/s 49.0min peak 3.36GiB
[18:15:45] step 4250/6150 loss 3.5758 lr 9.05e-04 gnorm 0.18 47084 tok/s 49.3min peak 3.36GiB
[18:16:03] step 4275/6150 loss 3.282 lr 8.91e-04 gnorm 0.19 47086 tok/s 49.6min peak 3.36GiB
[18:16:20] step 4300/6150 loss 3.2614 lr 8.76e-04 gnorm 0.19 47090 tok/s 49.8min peak 3.36GiB
[18:16:37] step 4325/6150 loss 3.2863 lr 8.62e-04 gnorm 0.18 47093 tok/s 50.1min peak 3.36GiB
[18:16:54] step 4350/6150 loss 3.4356 lr 8.48e-04 gnorm 0.18 47097 tok/s 50.4min peak 3.36GiB
[18:17:11] step 4375/6150 loss 3.6221 lr 8.34e-04 gnorm 0.19 47100 tok/s 50.7min peak 3.36GiB
[18:17:29] step 4400/6150 loss 3.7078 lr 8.20e-04 gnorm 0.20 47103 tok/s 51.0min peak 3.36GiB
[18:17:46] step 4425/6150 loss 3.6559 lr 8.06e-04 gnorm 0.19 47107 tok/s 51.3min peak 3.36GiB
[18:18:03] step 4450/6150 loss 3.6299 lr 7.93e-04 gnorm 0.19 47110 tok/s 51.6min peak 3.36GiB
[18:18:20] step 4475/6150 loss 2.9863 lr 7.79e-04 gnorm 0.18 47113 tok/s 51.8min peak 3.36GiB
[18:18:37] step 4500/6150 loss 3.5146 lr 7.66e-04 gnorm 0.17 47117 tok/s 52.1min peak 3.36GiB
[18:18:54] step 4525/6150 loss 3.3517 lr 7.53e-04 gnorm 0.19 47120 tok/s 52.4min peak 3.36GiB
[18:19:11] step 4550/6150 loss 3.5956 lr 7.40e-04 gnorm 0.18 47124 tok/s 52.7min peak 3.36GiB
[18:19:29] step 4575/6150 loss 3.1076 lr 7.27e-04 gnorm 0.17 47127 tok/s 53.0min peak 3.36GiB
[18:19:46] step 4600/6150 loss 3.0412 lr 7.14e-04 gnorm 0.18 47129 tok/s 53.3min peak 3.36GiB
[18:20:03] step 4625/6150 loss 3.3768 lr 7.02e-04 gnorm 0.19 47132 tok/s 53.6min peak 3.36GiB
[18:20:20] step 4650/6150 loss 3.4122 lr 6.89e-04 gnorm 0.19 47134 tok/s 53.9min peak 3.36GiB
[18:20:37] step 4675/6150 loss 3.5566 lr 6.77e-04 gnorm 0.19 47137 tok/s 54.1min peak 3.36GiB
[18:20:55] step 4700/6150 loss 3.3084 lr 6.65e-04 gnorm 0.18 47140 tok/s 54.4min peak 3.36GiB
[18:21:12] step 4725/6150 loss 3.2089 lr 6.53e-04 gnorm 0.19 47143 tok/s 54.7min peak 3.36GiB
[18:21:29] step 4750/6150 loss 3.3579 lr 6.41e-04 gnorm 0.19 47145 tok/s 55.0min peak 3.36GiB
[18:21:46] step 4775/6150 loss 3.1324 lr 6.30e-04 gnorm 0.20 47148 tok/s 55.3min peak 3.36GiB
[18:22:03] step 4800/6150 loss 3.2044 lr 6.18e-04 gnorm 0.20 47151 tok/s 55.6min peak 3.36GiB
[18:22:20] step 4825/6150 loss 3.2405 lr 6.07e-04 gnorm 0.19 47154 tok/s 55.9min peak 3.36GiB
[18:22:38] step 4850/6150 loss 3.286 lr 5.96e-04 gnorm 0.19 47157 tok/s 56.1min peak 3.36GiB
[18:22:55] step 4875/6150 loss 3.232 lr 5.85e-04 gnorm 0.18 47159 tok/s 56.4min peak 3.36GiB
[18:23:12] step 4900/6150 loss 3.1465 lr 5.75e-04 gnorm 0.18 47162 tok/s 56.7min peak 3.36GiB
[18:23:29] step 4925/6150 loss 3.3286 lr 5.64e-04 gnorm 0.20 47165 tok/s 57.0min peak 3.36GiB
[18:23:46] step 4950/6150 loss 3.144 lr 5.54e-04 gnorm 0.19 47167 tok/s 57.3min peak 3.36GiB
[18:24:03] step 4975/6150 loss 3.1756 lr 5.44e-04 gnorm 0.18 47170 tok/s 57.6min peak 3.36GiB
[18:24:21] step 5000/6150 loss 3.3171 lr 5.34e-04 gnorm 0.20 47173 tok/s 57.9min peak 3.36GiB

Writing model shards:   0%|          | 0/1 [00:00<?, ?it/s]
Writing model shards: 100%|██████████| 1/1 [00:00<00:00, 11.82it/s]
[18:24:21]   saved D:\wt\feng-distill-30m\v2\stage_pre\step5000
[18:24:38] step 5025/6150 loss 3.2114 lr 5.24e-04 gnorm 0.19 47174 tok/s 58.1min peak 3.36GiB
[18:24:55] step 5050/6150 loss 3.137 lr 5.14e-04 gnorm 0.18 47176 tok/s 58.4min peak 3.36GiB
[18:25:12] step 5075/6150 loss 3.1486 lr 5.05e-04 gnorm 0.19 47179 tok/s 58.7min peak 3.36GiB
[18:25:29] step 5100/6150 loss 3.3865 lr 4.96e-04 gnorm 0.20 47181 tok/s 59.0min peak 3.36GiB
[18:25:47] step 5125/6150 loss 3.4109 lr 4.87e-04 gnorm 0.19 47183 tok/s 59.3min peak 3.36GiB
[18:26:04] step 5150/6150 loss 3.3525 lr 4.78e-04 gnorm 0.19 47185 tok/s 59.6min peak 3.36GiB
[18:26:21] step 5175/6150 loss 3.2643 lr 4.69e-04 gnorm 0.18 47186 tok/s 59.9min peak 3.36GiB
[18:26:38] step 5200/6150 loss 3.4159 lr 4.61e-04 gnorm 0.19 47189 tok/s 60.2min peak 3.36GiB
[18:26:55] step 5225/6150 loss 3.2479 lr 4.53e-04 gnorm 0.20 47191 tok/s 60.4min peak 3.36GiB
[18:27:13] step 5250/6150 loss 3.2848 lr 4.45e-04 gnorm 0.19 47192 tok/s 60.7min peak 3.36GiB
[18:27:30] step 5275/6150 loss 3.4188 lr 4.37e-04 gnorm 0.20 47194 tok/s 61.0min peak 3.36GiB
[18:27:47] step 5300/6150 loss 3.0438 lr 4.29e-04 gnorm 0.18 47197 tok/s 61.3min peak 3.36GiB
[18:28:04] step 5325/6150 loss 3.3104 lr 4.22e-04 gnorm 0.20 47200 tok/s 61.6min peak 3.36GiB
[18:28:21] step 5350/6150 loss 3.1534 lr 4.15e-04 gnorm 0.19 47202 tok/s 61.9min peak 3.36GiB
[18:28:38] step 5375/6150 loss 3.1839 lr 4.08e-04 gnorm 0.20 47205 tok/s 62.2min peak 3.36GiB
[18:28:56] step 5400/6150 loss 3.3764 lr 4.01e-04 gnorm 0.19 47207 tok/s 62.4min peak 3.36GiB
[18:29:13] step 5425/6150 loss 3.2239 lr 3.95e-04 gnorm 0.21 47209 tok/s 62.7min peak 3.36GiB
[18:29:30] step 5450/6150 loss 3.3631 lr 3.88e-04 gnorm 0.19 47212 tok/s 63.0min peak 3.36GiB
[18:29:47] step 5475/6150 loss 3.3357 lr 3.82e-04 gnorm 0.20 47214 tok/s 63.3min peak 3.36GiB
[18:30:04] step 5500/6150 loss 3.3302 lr 3.76e-04 gnorm 0.19 47216 tok/s 63.6min peak 3.36GiB
[18:30:21] step 5525/6150 loss 2.8809 lr 3.70e-04 gnorm 0.18 47218 tok/s 63.9min peak 3.36GiB
[18:30:39] step 5550/6150 loss 3.3843 lr 3.65e-04 gnorm 0.19 47220 tok/s 64.2min peak 3.36GiB
[18:30:56] step 5575/6150 loss 3.1716 lr 3.60e-04 gnorm 0.20 47223 tok/s 64.4min peak 3.36GiB
[18:31:13] step 5600/6150 loss 3.1953 lr 3.55e-04 gnorm 0.19 47225 tok/s 64.7min peak 3.36GiB
[18:31:30] step 5625/6150 loss 3.259 lr 3.50e-04 gnorm 0.19 47227 tok/s 65.0min peak 3.36GiB
[18:31:47] step 5650/6150 loss 3.5572 lr 3.45e-04 gnorm 0.21 47228 tok/s 65.3min peak 3.36GiB
[18:32:04] step 5675/6150 loss 3.4436 lr 3.41e-04 gnorm 0.21 47230 tok/s 65.6min peak 3.36GiB
[18:32:22] step 5700/6150 loss 3.2955 lr 3.37e-04 gnorm 0.20 47232 tok/s 65.9min peak 3.36GiB
[18:32:39] step 5725/6150 loss 3.2997 lr 3.33e-04 gnorm 0.21 47234 tok/s 66.2min peak 3.36GiB
[18:32:56] step 5750/6150 loss 3.1244 lr 3.29e-04 gnorm 0.19 47236 tok/s 66.4min peak 3.36GiB
[18:33:13] step 5775/6150 loss 3.4634 lr 3.26e-04 gnorm 0.21 47238 tok/s 66.7min peak 3.36GiB
[18:33:30] step 5800/6150 loss 3.2977 lr 3.22e-04 gnorm 0.20 47240 tok/s 67.0min peak 3.36GiB
[18:33:48] step 5825/6150 loss 3.2158 lr 3.19e-04 gnorm 0.19 47242 tok/s 67.3min peak 3.36GiB
[18:34:05] step 5850/6150 loss 3.3985 lr 3.16e-04 gnorm 0.20 47244 tok/s 67.6min peak 3.36GiB
[18:34:22] step 5875/6150 loss 3.1932 lr 3.14e-04 gnorm 0.21 47246 tok/s 67.9min peak 3.36GiB
[18:34:39] step 5900/6150 loss 3.0461 lr 3.11e-04 gnorm 0.19 47248 tok/s 68.2min peak 3.36GiB
[18:34:56] step 5925/6150 loss 3.1592 lr 3.09e-04 gnorm 0.21 47250 tok/s 68.4min peak 3.36GiB
[18:35:13] step 5950/6150 loss 3.3226 lr 3.07e-04 gnorm 0.20 47252 tok/s 68.7min peak 3.36GiB
[18:35:30] step 5975/6150 loss 3.0871 lr 3.06e-04 gnorm 0.19 47253 tok/s 69.0min peak 3.36GiB
[18:35:48] step 6000/6150 loss 3.5599 lr 3.04e-04 gnorm 0.21 47254 tok/s 69.3min peak 3.36GiB

Writing model shards:   0%|          | 0/1 [00:00<?, ?it/s]
Writing model shards: 100%|██████████| 1/1 [00:00<00:00, 10.55it/s]
[18:35:48]   saved D:\wt\feng-distill-30m\v2\stage_pre\step6000
[18:36:05] step 6025/6150 loss 3.3975 lr 3.03e-04 gnorm 0.20 47255 tok/s 69.6min peak 3.36GiB
[18:36:22] step 6050/6150 loss 3.1812 lr 3.02e-04 gnorm 0.20 47258 tok/s 69.9min peak 3.36GiB
[18:36:39] step 6075/6150 loss 2.984 lr 3.01e-04 gnorm 0.20 47260 tok/s 70.2min peak 3.36GiB
[18:36:56] step 6100/6150 loss 3.2161 lr 3.00e-04 gnorm 0.19 47261 tok/s 70.5min peak 3.36GiB
[18:37:14] step 6125/6150 loss 2.7572 lr 3.00e-04 gnorm 0.18 47263 tok/s 70.7min peak 3.36GiB
[18:37:31] step 6150/6150 loss 3.0891 lr 3.00e-04 gnorm 0.20 47264 tok/s 71.0min peak 3.36GiB

Writing model shards:   0%|          | 0/1 [00:00<?, ?it/s]
Writing model shards: 100%|██████████| 1/1 [00:00<00:00, 12.56it/s]
[18:37:31]   saved D:\wt\feng-distill-30m\v2\stage_pre\step6150

Writing model shards:   0%|          | 0/1 [00:00<?, ?it/s]
Writing model shards: 100%|██████████| 1/1 [00:00<00:00, 12.54it/s]
[18:37:31] done pretrain: 6150 steps, 201.4M tokens, 71.0 min -> D:\wt\feng-distill-30m\v2\stage_pre\final
