
Loading weights:   0%|          | 0/123 [00:00<?, ?it/s]
Loading weights: 100%|██████████| 123/123 [00:00<00:00, 2114.52it/s]
[22:15:59] [sft] conversations 74926 | avg len 296 | steps/epoch 2341 | total 2341
[22:16:00] step 1/2341 loss 5.1122 lr 1.00e-05 gnorm 8.29 223 tok/s 0.0min peak 0.5GiB
[22:16:05] step 25/2341 loss 1.3579 lr 2.50e-04 gnorm 2.33 2326 tok/s 0.1min peak 0.64GiB
[22:16:10] step 50/2341 loss 1.2891 lr 5.00e-04 gnorm 1.08 2975 tok/s 0.2min peak 0.65GiB
[22:16:15] step 75/2341 loss 1.0647 lr 6.00e-04 gnorm 1.02 3380 tok/s 0.3min peak 0.66GiB
[22:16:20] step 100/2341 loss 1.4282 lr 6.00e-04 gnorm 1.06 3676 tok/s 0.4min peak 0.67GiB
[22:16:25] step 125/2341 loss 0.9026 lr 5.99e-04 gnorm 0.78 3909 tok/s 0.4min peak 0.67GiB
[22:16:30] step 150/2341 loss 1.0188 lr 5.98e-04 gnorm 0.78 4097 tok/s 0.5min peak 0.68GiB
[22:16:35] step 175/2341 loss 1.1841 lr 5.97e-04 gnorm 0.92 4249 tok/s 0.6min peak 0.68GiB
[22:16:40] step 200/2341 loss 0.9885 lr 5.95e-04 gnorm 0.75 4396 tok/s 0.7min peak 0.69GiB
[22:16:45] step 225/2341 loss 0.9845 lr 5.93e-04 gnorm 0.75 4524 tok/s 0.8min peak 0.69GiB
[22:16:50] step 250/2341 loss 1.141 lr 5.91e-04 gnorm 0.87 4627 tok/s 0.9min peak 0.69GiB
[22:16:55] step 275/2341 loss 0.9917 lr 5.88e-04 gnorm 0.78 4734 tok/s 0.9min peak 0.7GiB
[22:17:00] step 300/2341 loss 1.3049 lr 5.85e-04 gnorm 0.80 4832 tok/s 1.0min peak 0.7GiB
[22:17:05] step 325/2341 loss 0.9584 lr 5.82e-04 gnorm 0.71 4925 tok/s 1.1min peak 0.71GiB
[22:17:10] step 350/2341 loss 1.9158 lr 5.79e-04 gnorm 1.05 5018 tok/s 1.2min peak 0.71GiB
[22:17:15] step 375/2341 loss 1.8585 lr 5.75e-04 gnorm 0.99 5114 tok/s 1.3min peak 0.72GiB
[22:17:21] step 400/2341 loss 2.0027 lr 5.71e-04 gnorm 1.00 5211 tok/s 1.4min peak 0.72GiB
[22:17:26] step 425/2341 loss 2.7559 lr 5.67e-04 gnorm 1.16 5309 tok/s 1.5min peak 0.73GiB
[22:17:31] step 450/2341 loss 1.881 lr 5.62e-04 gnorm 0.97 5415 tok/s 1.5min peak 0.73GiB
[22:17:36] step 475/2341 loss 2.5578 lr 5.57e-04 gnorm 1.09 5522 tok/s 1.6min peak 0.74GiB
[22:17:41] step 500/2341 loss 1.8015 lr 5.52e-04 gnorm 0.87 5624 tok/s 1.7min peak 0.74GiB
[22:17:46] step 525/2341 loss 2.1862 lr 5.46e-04 gnorm 0.97 5729 tok/s 1.8min peak 0.75GiB
[22:17:51] step 550/2341 loss 3.4911 lr 5.41e-04 gnorm 1.46 5835 tok/s 1.9min peak 0.76GiB
[22:17:56] step 575/2341 loss 3.1225 lr 5.35e-04 gnorm 1.32 5952 tok/s 2.0min peak 0.77GiB
[22:18:01] step 600/2341 loss 3.3075 lr 5.29e-04 gnorm 1.22 6074 tok/s 2.0min peak 0.77GiB

Writing model shards:   0%|          | 0/1 [00:00<?, ?it/s]
Writing model shards: 100%|██████████| 1/1 [00:00<00:00, 13.09it/s]
[22:18:01]   saved D:\wt\feng-distill-30m\v2\stage_planA\step600
[22:18:06] step 625/2341 loss 2.8357 lr 5.22e-04 gnorm 1.23 6193 tok/s 2.1min peak 0.78GiB
[22:18:11] step 650/2341 loss 2.9112 lr 5.16e-04 gnorm 1.14 6321 tok/s 2.2min peak 0.79GiB
[22:18:16] step 675/2341 loss 3.0656 lr 5.09e-04 gnorm 0.96 6453 tok/s 2.3min peak 0.8GiB
[22:18:21] step 700/2341 loss 3.2602 lr 5.02e-04 gnorm 1.00 6587 tok/s 2.4min peak 0.81GiB
[22:18:26] step 725/2341 loss 3.5141 lr 4.94e-04 gnorm 1.19 6726 tok/s 2.5min peak 0.82GiB
[22:18:31] step 750/2341 loss 3.0756 lr 4.87e-04 gnorm 1.02 6871 tok/s 2.5min peak 0.83GiB
[22:18:36] step 775/2341 loss 3.3919 lr 4.79e-04 gnorm 1.12 7022 tok/s 2.6min peak 0.86GiB
[22:18:41] step 800/2341 loss 3.5624 lr 4.71e-04 gnorm 0.95 7180 tok/s 2.7min peak 0.87GiB
[22:18:47] step 825/2341 loss 3.1489 lr 4.63e-04 gnorm 0.87 7345 tok/s 2.8min peak 0.88GiB
[22:18:52] step 850/2341 loss 3.2873 lr 4.55e-04 gnorm 0.93 7516 tok/s 2.9min peak 0.89GiB
[22:18:57] step 875/2341 loss 3.4395 lr 4.47e-04 gnorm 0.88 7694 tok/s 3.0min peak 0.9GiB
[22:19:02] step 900/2341 loss 3.6323 lr 4.39e-04 gnorm 0.87 7879 tok/s 3.1min peak 0.92GiB
[22:19:07] step 925/2341 loss 3.2656 lr 4.30e-04 gnorm 0.90 8071 tok/s 3.1min peak 0.93GiB
[22:19:12] step 950/2341 loss 3.3093 lr 4.21e-04 gnorm 0.87 8271 tok/s 3.2min peak 0.95GiB
[22:19:17] step 975/2341 loss 3.4932 lr 4.13e-04 gnorm 1.00 8478 tok/s 3.3min peak 0.96GiB
[22:19:22] step 1000/2341 loss 3.5843 lr 4.04e-04 gnorm 0.77 8693 tok/s 3.4min peak 0.98GiB
[22:19:27] step 1025/2341 loss 3.7803 lr 3.95e-04 gnorm 0.87 8914 tok/s 3.5min peak 1.0GiB
[22:19:32] step 1050/2341 loss 3.4335 lr 3.86e-04 gnorm 0.81 9143 tok/s 3.6min peak 1.02GiB
[22:19:37] step 1075/2341 loss 3.5155 lr 3.76e-04 gnorm 0.79 9379 tok/s 3.6min peak 1.04GiB
[22:19:44] step 1100/2341 loss 3.5467 lr 3.67e-04 gnorm 0.85 9539 tok/s 3.8min peak 1.06GiB
[22:19:55] step 1125/2341 loss 3.1828 lr 3.58e-04 gnorm 0.74 9555 tok/s 3.9min peak 1.08GiB
[22:20:05] step 1150/2341 loss 3.5582 lr 3.49e-04 gnorm 0.68 9590 tok/s 4.1min peak 1.11GiB
[22:20:16] step 1175/2341 loss 3.5857 lr 3.39e-04 gnorm 0.70 9645 tok/s 4.3min peak 1.14GiB
[22:20:27] step 1200/2341 loss 3.4485 lr 3.30e-04 gnorm 0.76 9713 tok/s 4.5min peak 1.17GiB

Writing model shards:   0%|          | 0/1 [00:00<?, ?it/s]
Writing model shards: 100%|██████████| 1/1 [00:00<00:00,  7.19it/s]
Writing model shards: 100%|██████████| 1/1 [00:00<00:00,  7.19it/s]
[22:20:27]   saved D:\wt\feng-distill-30m\v2\stage_planA\step1200
[22:20:38] step 1225/2341 loss 3.4218 lr 3.21e-04 gnorm 0.66 9794 tok/s 4.7min peak 1.2GiB
[22:20:48] step 1250/2341 loss 3.5203 lr 3.12e-04 gnorm 0.61 9893 tok/s 4.8min peak 1.23GiB
[22:20:59] step 1275/2341 loss 3.2276 lr 3.02e-04 gnorm 0.75 10001 tok/s 5.0min peak 1.26GiB
[22:21:10] step 1300/2341 loss 3.2369 lr 2.93e-04 gnorm 0.65 10121 tok/s 5.2min peak 1.28GiB
[22:21:21] step 1325/2341 loss 3.5311 lr 2.84e-04 gnorm 0.70 10258 tok/s 5.4min peak 1.31GiB
[22:21:32] step 1350/2341 loss 3.3382 lr 2.75e-04 gnorm 0.61 10414 tok/s 5.6min peak 1.34GiB
[22:21:43] step 1375/2341 loss 3.5179 lr 2.66e-04 gnorm 0.65 10567 tok/s 5.7min peak 1.38GiB
[22:21:53] step 1400/2341 loss 3.4637 lr 2.57e-04 gnorm 0.57 10732 tok/s 5.9min peak 1.41GiB
[22:22:04] step 1425/2341 loss 3.2689 lr 2.48e-04 gnorm 0.61 10909 tok/s 6.1min peak 1.44GiB
[22:22:15] step 1450/2341 loss 3.1391 lr 2.39e-04 gnorm 0.61 11096 tok/s 6.3min peak 1.49GiB
[22:22:26] step 1475/2341 loss 3.4196 lr 2.30e-04 gnorm 0.60 11295 tok/s 6.5min peak 1.54GiB
[22:22:37] step 1500/2341 loss 3.4507 lr 2.22e-04 gnorm 0.60 11504 tok/s 6.6min peak 1.58GiB
[22:22:49] step 1525/2341 loss 3.0746 lr 2.13e-04 gnorm 0.74 11707 tok/s 6.8min peak 1.63GiB
[22:23:17] step 1550/2341 loss 3.203 lr 2.05e-04 gnorm 0.59 11485 tok/s 7.3min peak 1.69GiB
[22:24:22] step 1575/2341 loss 3.3983 lr 1.97e-04 gnorm 0.49 10475 tok/s 8.4min peak 1.74GiB
[22:25:50] step 1600/2341 loss 3.1549 lr 1.89e-04 gnorm 0.47 9339 tok/s 9.9min peak 1.79GiB
[22:27:22] step 1625/2341 loss 3.1915 lr 1.81e-04 gnorm 0.48 8470 tok/s 11.4min peak 1.86GiB
[22:29:05] step 1650/2341 loss 3.2273 lr 1.73e-04 gnorm 0.50 7716 tok/s 13.1min peak 1.92GiB
[22:30:54] step 1675/2341 loss 3.3705 lr 1.66e-04 gnorm 0.49 7101 tok/s 14.9min peak 1.99GiB
[22:32:47] step 1700/2341 loss 3.0414 lr 1.59e-04 gnorm 0.45 6607 tok/s 16.8min peak 2.05GiB
[W1001 22:33:45.000000000 CUDACachingAllocator.cpp:3933] memory allocation failed with OOM on device 0 while trying to allocate 211812352 bytes (free: 0, total: 17074421760).
[22:33:55] step 1725/2341 loss 3.0639 lr 1.51e-04 gnorm 0.45 6488 tok/s 17.9min peak 2.13GiB
[22:34:01] step 1750/2341 loss 3.096 lr 1.45e-04 gnorm 0.42 6763 tok/s 18.0min peak 2.2GiB
[22:34:07] step 1775/2341 loss 3.1925 lr 1.38e-04 gnorm 0.43 7049 tok/s 18.1min peak 2.28GiB
[22:34:13] step 1800/2341 loss 2.9985 lr 1.32e-04 gnorm 0.40 7346 tok/s 18.2min peak 2.36GiB

Writing model shards:   0%|          | 0/1 [00:00<?, ?it/s]
Writing model shards: 100%|██████████| 1/1 [00:00<00:00, 12.48it/s]
[22:34:13]   saved D:\wt\feng-distill-30m\v2\stage_planA\step1800
[22:34:38] step 1825/2341 loss 2.9509 lr 1.25e-04 gnorm 0.48 7531 tok/s 18.6min peak 2.45GiB
[22:35:17] step 1850/2341 loss 3.0662 lr 1.19e-04 gnorm 0.40 7626 tok/s 19.3min peak 2.56GiB
[22:35:57] step 1875/2341 loss 3.1125 lr 1.14e-04 gnorm 0.40 7723 tok/s 20.0min peak 2.6GiB
[22:36:37] step 1900/2341 loss 3.0081 lr 1.08e-04 gnorm 0.40 7826 tok/s 20.6min peak 2.65GiB
[22:37:19] step 1925/2341 loss 3.062 lr 1.03e-04 gnorm 0.42 7928 tok/s 21.3min peak 2.71GiB
