
Loading weights:   0%|          | 0/123 [00:00<?, ?it/s]
Loading weights: 100%|██████████| 123/123 [00:00<00:00, 2107.93it/s]
[22:39:44] [sft] conversations 94478 | avg len 240 | steps/epoch 2952 | total 2952
[22:39:45] step 1/2952 loss 5.1441 lr 1.00e-05 gnorm 8.19 304 tok/s 0.0min peak 0.5GiB
[22:39:50] step 25/2952 loss 0.8946 lr 2.50e-04 gnorm 2.26 2471 tok/s 0.1min peak 0.64GiB
[22:39:55] step 50/2952 loss 0.7624 lr 5.00e-04 gnorm 1.29 2995 tok/s 0.2min peak 0.65GiB
[22:40:00] step 75/2952 loss 0.8544 lr 6.00e-04 gnorm 1.00 3307 tok/s 0.3min peak 0.66GiB
[22:40:05] step 100/2952 loss 0.9265 lr 6.00e-04 gnorm 1.69 3546 tok/s 0.4min peak 0.66GiB
[22:40:10] step 125/2952 loss 0.4833 lr 5.99e-04 gnorm 0.60 3735 tok/s 0.4min peak 0.67GiB
[22:40:15] step 150/2952 loss 0.5554 lr 5.99e-04 gnorm 0.95 3881 tok/s 0.5min peak 0.67GiB
[22:40:20] step 175/2952 loss 0.4808 lr 5.98e-04 gnorm 0.56 4007 tok/s 0.6min peak 0.67GiB
[22:40:25] step 200/2952 loss 0.4858 lr 5.97e-04 gnorm 0.56 4116 tok/s 0.7min peak 0.67GiB
[22:40:30] step 225/2952 loss 0.7166 lr 5.96e-04 gnorm 0.63 4208 tok/s 0.8min peak 0.67GiB
[22:40:35] step 250/2952 loss 0.6094 lr 5.94e-04 gnorm 0.64 4291 tok/s 0.9min peak 0.68GiB
[22:40:40] step 275/2952 loss 0.2863 lr 5.93e-04 gnorm 0.43 4366 tok/s 0.9min peak 0.68GiB
[22:40:45] step 300/2952 loss 0.3343 lr 5.91e-04 gnorm 0.47 4438 tok/s 1.0min peak 0.68GiB
[22:40:50] step 325/2952 loss 0.8197 lr 5.89e-04 gnorm 0.70 4503 tok/s 1.1min peak 0.69GiB
[22:40:55] step 350/2952 loss 0.2605 lr 5.87e-04 gnorm 0.43 4569 tok/s 1.2min peak 0.69GiB
[22:41:00] step 375/2952 loss 0.4135 lr 5.84e-04 gnorm 0.50 4625 tok/s 1.3min peak 0.69GiB
[22:41:05] step 400/2952 loss 0.3773 lr 5.82e-04 gnorm 0.48 4680 tok/s 1.4min peak 0.69GiB
[22:41:10] step 425/2952 loss 0.3423 lr 5.79e-04 gnorm 0.48 4732 tok/s 1.4min peak 0.69GiB
[22:41:15] step 450/2952 loss 0.2845 lr 5.76e-04 gnorm 0.38 4780 tok/s 1.5min peak 0.69GiB
[22:41:20] step 475/2952 loss 0.5961 lr 5.73e-04 gnorm 0.59 4828 tok/s 1.6min peak 0.69GiB
[22:41:25] step 500/2952 loss 0.8457 lr 5.70e-04 gnorm 0.76 4876 tok/s 1.7min peak 0.7GiB
[22:41:30] step 525/2952 loss 0.9839 lr 5.66e-04 gnorm 0.92 4922 tok/s 1.8min peak 0.7GiB
[22:41:35] step 550/2952 loss 0.6965 lr 5.63e-04 gnorm 0.61 4970 tok/s 1.9min peak 0.7GiB
[22:41:40] step 575/2952 loss 1.346 lr 5.59e-04 gnorm 0.95 5015 tok/s 1.9min peak 0.71GiB
[22:41:45] step 600/2952 loss 1.0537 lr 5.55e-04 gnorm 0.76 5062 tok/s 2.0min peak 0.71GiB
[22:41:50] step 625/2952 loss 1.8827 lr 5.51e-04 gnorm 0.97 5106 tok/s 2.1min peak 0.71GiB
[22:41:56] step 650/2952 loss 0.8372 lr 5.46e-04 gnorm 0.78 5152 tok/s 2.2min peak 0.71GiB
[22:42:01] step 675/2952 loss 0.8121 lr 5.42e-04 gnorm 0.76 5199 tok/s 2.3min peak 0.71GiB
[22:42:06] step 700/2952 loss 0.9253 lr 5.37e-04 gnorm 0.75 5246 tok/s 2.4min peak 0.72GiB
[22:42:11] step 725/2952 loss 2.0322 lr 5.33e-04 gnorm 1.01 5296 tok/s 2.5min peak 0.72GiB
[22:42:16] step 750/2952 loss 2.6147 lr 5.28e-04 gnorm 1.28 5349 tok/s 2.5min peak 0.72GiB
[22:42:21] step 775/2952 loss 1.5691 lr 5.23e-04 gnorm 0.88 5404 tok/s 2.6min peak 0.73GiB
[22:42:26] step 800/2952 loss 1.4051 lr 5.17e-04 gnorm 0.79 5460 tok/s 2.7min peak 0.73GiB

Writing model shards:   0%|          | 0/1 [00:00<?, ?it/s]
Writing model shards: 100%|██████████| 1/1 [00:00<00:00, 11.28it/s]
[22:42:26]   saved D:\wt\feng-distill-30m\v2\stage_planA2\step800
[22:42:31] step 825/2952 loss 1.8897 lr 5.12e-04 gnorm 0.93 5516 tok/s 2.8min peak 0.74GiB
[22:42:36] step 850/2952 loss 1.5847 lr 5.07e-04 gnorm 0.90 5575 tok/s 2.9min peak 0.74GiB
[22:42:41] step 875/2952 loss 3.3971 lr 5.01e-04 gnorm 1.64 5636 tok/s 3.0min peak 0.75GiB
[22:42:46] step 900/2952 loss 2.8478 lr 4.95e-04 gnorm 1.35 5699 tok/s 3.0min peak 0.75GiB
[22:42:51] step 925/2952 loss 1.8536 lr 4.89e-04 gnorm 1.06 5763 tok/s 3.1min peak 0.75GiB
[22:42:56] step 950/2952 loss 2.4053 lr 4.83e-04 gnorm 1.19 5829 tok/s 3.2min peak 0.76GiB
[22:43:01] step 975/2952 loss 3.2481 lr 4.77e-04 gnorm 1.43 5898 tok/s 3.3min peak 0.77GiB
[22:43:07] step 1000/2952 loss 1.8749 lr 4.71e-04 gnorm 1.05 5970 tok/s 3.4min peak 0.77GiB
[22:43:12] step 1025/2952 loss 3.37 lr 4.65e-04 gnorm 1.21 6045 tok/s 3.5min peak 0.78GiB
[22:43:17] step 1050/2952 loss 2.6072 lr 4.58e-04 gnorm 1.13 6124 tok/s 3.6min peak 0.79GiB
[22:43:22] step 1075/2952 loss 2.7225 lr 4.52e-04 gnorm 1.19 6206 tok/s 3.6min peak 0.8GiB
[22:43:27] step 1100/2952 loss 3.1958 lr 4.45e-04 gnorm 1.21 6279 tok/s 3.7min peak 0.8GiB
[22:43:32] step 1125/2952 loss 3.5604 lr 4.39e-04 gnorm 1.29 6361 tok/s 3.8min peak 0.81GiB
[22:43:38] step 1150/2952 loss 3.5953 lr 4.32e-04 gnorm 1.55 6452 tok/s 3.9min peak 0.82GiB
[22:43:43] step 1175/2952 loss 3.9126 lr 4.25e-04 gnorm 1.43 6544 tok/s 4.0min peak 0.83GiB
[22:43:48] step 1200/2952 loss 3.5063 lr 4.18e-04 gnorm 1.26 6644 tok/s 4.1min peak 0.83GiB
[22:43:53] step 1225/2952 loss 3.4152 lr 4.11e-04 gnorm 1.16 6748 tok/s 4.2min peak 0.86GiB
[22:44:02] step 1250/2952 loss 3.1876 lr 4.04e-04 gnorm 1.08 6741 tok/s 4.3min peak 0.87GiB
[22:44:13] step 1275/2952 loss 3.1901 lr 3.97e-04 gnorm 1.51 6702 tok/s 4.5min peak 0.88GiB
[22:44:24] step 1300/2952 loss 2.8004 lr 3.90e-04 gnorm 0.99 6685 tok/s 4.7min peak 0.89GiB
[22:44:35] step 1325/2952 loss 3.4288 lr 3.83e-04 gnorm 1.17 6671 tok/s 4.9min peak 0.9GiB
[22:44:45] step 1350/2952 loss 4.1716 lr 3.76e-04 gnorm 1.53 6670 tok/s 5.0min peak 0.92GiB
[22:44:56] step 1375/2952 loss 3.8629 lr 3.68e-04 gnorm 1.30 6678 tok/s 5.2min peak 0.92GiB
[22:45:06] step 1400/2952 loss 3.823 lr 3.61e-04 gnorm 1.11 6693 tok/s 5.4min peak 0.93GiB
[22:45:17] step 1425/2952 loss 3.419 lr 3.54e-04 gnorm 0.98 6713 tok/s 5.6min peak 0.95GiB
[22:45:28] step 1450/2952 loss 3.6367 lr 3.46e-04 gnorm 1.16 6743 tok/s 5.7min peak 0.95GiB
[22:45:39] step 1475/2952 loss 4.2147 lr 3.39e-04 gnorm 1.13 6773 tok/s 5.9min peak 0.97GiB
[22:45:49] step 1500/2952 loss 3.8244 lr 3.32e-04 gnorm 1.24 6810 tok/s 6.1min peak 0.98GiB
[22:46:00] step 1525/2952 loss 3.9388 lr 3.24e-04 gnorm 1.22 6855 tok/s 6.3min peak 0.99GiB
[22:46:11] step 1550/2952 loss 3.7407 lr 3.17e-04 gnorm 0.91 6905 tok/s 6.5min peak 1.01GiB
[22:46:21] step 1575/2952 loss 3.4343 lr 3.10e-04 gnorm 1.05 6961 tok/s 6.6min peak 1.02GiB
[22:46:32] step 1600/2952 loss 3.941 lr 3.02e-04 gnorm 1.07 7022 tok/s 6.8min peak 1.05GiB

Writing model shards:   0%|          | 0/1 [00:00<?, ?it/s]
Writing model shards: 100%|██████████| 1/1 [00:00<00:00,  8.17it/s]
Writing model shards: 100%|██████████| 1/1 [00:00<00:00,  8.11it/s]
[22:46:32]   saved D:\wt\feng-distill-30m\v2\stage_planA2\step1600
[22:46:43] step 1625/2952 loss 3.2593 lr 2.95e-04 gnorm 0.95 7085 tok/s 7.0min peak 1.06GiB
[22:46:53] step 1650/2952 loss 4.0287 lr 2.88e-04 gnorm 0.87 7155 tok/s 7.2min peak 1.08GiB
[22:47:04] step 1675/2952 loss 3.6903 lr 2.81e-04 gnorm 1.11 7233 tok/s 7.3min peak 1.09GiB
[22:47:14] step 1700/2952 loss 3.2247 lr 2.74e-04 gnorm 1.09 7315 tok/s 7.5min peak 1.11GiB
[22:47:25] step 1725/2952 loss 3.7346 lr 2.66e-04 gnorm 0.85 7403 tok/s 7.7min peak 1.14GiB
[22:47:35] step 1750/2952 loss 3.874 lr 2.59e-04 gnorm 1.26 7497 tok/s 7.9min peak 1.17GiB
[22:47:46] step 1775/2952 loss 3.6039 lr 2.52e-04 gnorm 1.65 7596 tok/s 8.0min peak 1.18GiB
[22:47:56] step 1800/2952 loss 2.9961 lr 2.45e-04 gnorm 0.99 7700 tok/s 8.2min peak 1.21GiB
[22:48:07] step 1825/2952 loss 3.6488 lr 2.38e-04 gnorm 1.25 7809 tok/s 8.4min peak 1.24GiB
[22:48:17] step 1850/2952 loss 4.0623 lr 2.31e-04 gnorm 1.26 7923 tok/s 8.6min peak 1.25GiB
[22:48:27] step 1875/2952 loss 2.9741 lr 2.25e-04 gnorm 1.02 8041 tok/s 8.7min peak 1.28GiB
[22:48:38] step 1900/2952 loss 3.9169 lr 2.18e-04 gnorm 1.01 8164 tok/s 8.9min peak 1.29GiB
[22:48:48] step 1925/2952 loss 3.6044 lr 2.11e-04 gnorm 0.92 8290 tok/s 9.1min peak 1.31GiB
[22:48:59] step 1950/2952 loss 4.0124 lr 2.05e-04 gnorm 0.70 8421 tok/s 9.3min peak 1.34GiB
[22:49:09] step 1975/2952 loss 3.6937 lr 1.98e-04 gnorm 1.27 8556 tok/s 9.4min peak 1.37GiB
[22:49:20] step 2000/2952 loss 3.306 lr 1.92e-04 gnorm 1.05 8693 tok/s 9.6min peak 1.39GiB
[22:49:31] step 2025/2952 loss 3.2622 lr 1.86e-04 gnorm 0.94 8834 tok/s 9.8min peak 1.41GiB
[22:49:41] step 2050/2952 loss 3.475 lr 1.80e-04 gnorm 1.16 8979 tok/s 10.0min peak 1.43GiB
[22:49:52] step 2075/2952 loss 3.6064 lr 1.74e-04 gnorm 1.11 9124 tok/s 10.1min peak 1.46GiB
[22:50:03] step 2100/2952 loss 3.7698 lr 1.68e-04 gnorm 0.82 9272 tok/s 10.3min peak 1.49GiB
[22:50:14] step 2125/2952 loss 3.8097 lr 1.62e-04 gnorm 0.77 9429 tok/s 10.5min peak 1.53GiB
[22:50:25] step 2150/2952 loss 4.1296 lr 1.56e-04 gnorm 0.72 9593 tok/s 10.7min peak 1.56GiB
[22:50:35] step 2175/2952 loss 3.6188 lr 1.51e-04 gnorm 0.84 9764 tok/s 10.9min peak 1.62GiB
[22:50:56] step 2200/2952 loss 3.5873 lr 1.45e-04 gnorm 0.64 9796 tok/s 11.2min peak 1.66GiB
[22:51:26] step 2225/2952 loss 3.614 lr 1.40e-04 gnorm 0.61 9715 tok/s 11.7min peak 1.7GiB
[22:51:57] step 2250/2952 loss 3.4971 lr 1.35e-04 gnorm 0.58 9634 tok/s 12.2min peak 1.76GiB
[22:52:29] step 2275/2952 loss 3.7015 lr 1.30e-04 gnorm 0.51 9573 tok/s 12.8min peak 1.83GiB
[22:53:02] step 2300/2952 loss 3.6143 lr 1.25e-04 gnorm 0.57 9519 tok/s 13.3min peak 1.89GiB
[22:53:38] step 2325/2952 loss 3.5297 lr 1.20e-04 gnorm 0.56 9447 tok/s 13.9min peak 1.96GiB
[22:54:18] step 2350/2952 loss 3.2689 lr 1.16e-04 gnorm 0.52 9361 tok/s 14.6min peak 2.04GiB
[W1001 22:54:46.000000000 CUDACachingAllocator.cpp:3933] memory allocation failed with OOM on device 0 while trying to allocate 211812352 bytes (free: 0, total: 17074421760).
[22:54:55] step 2375/2952 loss 3.5731 lr 1.11e-04 gnorm 0.53 9327 tok/s 15.2min peak 2.11GiB
[22:55:06] step 2400/2952 loss 3.3819 lr 1.07e-04 gnorm 0.58 9582 tok/s 15.4min peak 2.19GiB

Writing model shards:   0%|          | 0/1 [00:00<?, ?it/s]
Writing model shards: 100%|██████████| 1/1 [00:00<00:00,  8.03it/s]
Writing model shards: 100%|██████████| 1/1 [00:00<00:00,  8.03it/s]
[22:55:06]   saved D:\wt\feng-distill-30m\v2\stage_planA2\step2400
[22:55:16] step 2425/2952 loss 3.4867 lr 1.03e-04 gnorm 0.53 9851 tok/s 15.5min peak 2.27GiB
[22:55:26] step 2450/2952 loss 3.0701 lr 9.92e-05 gnorm 0.49 10132 tok/s 15.7min peak 2.36GiB
[22:55:54] step 2475/2952 loss 3.523 lr 9.54e-05 gnorm 0.52 10245 tok/s 16.2min peak 2.45GiB
[22:56:34] step 2500/2952 loss 3.102 lr 9.19e-05 gnorm 0.45 10236 tok/s 16.8min peak 2.56GiB
[22:57:13] step 2525/2952 loss 3.2662 lr 8.85e-05 gnorm 0.51 10265 tok/s 17.5min peak 2.62GiB
[22:57:52] step 2550/2952 loss 3.1151 lr 8.53e-05 gnorm 0.47 10306 tok/s 18.1min peak 2.67GiB
[22:58:31] step 2575/2952 loss 3.0591 lr 8.23e-05 gnorm 0.42 10358 tok/s 18.8min peak 2.72GiB
[22:59:10] step 2600/2952 loss 3.111 lr 7.95e-05 gnorm 0.43 10419 tok/s 19.4min peak 2.78GiB
[22:59:50] step 2625/2952 loss 2.9761 lr 7.69e-05 gnorm 0.42 10490 tok/s 20.1min peak 2.83GiB
[23:00:30] step 2650/2952 loss 3.1092 lr 7.44e-05 gnorm 0.41 10568 tok/s 20.8min peak 2.9GiB
[23:01:11] step 2675/2952 loss 3.0492 lr 7.21e-05 gnorm 0.42 10653 tok/s 21.5min peak 2.95GiB
[23:01:52] step 2700/2952 loss 3.1728 lr 7.01e-05 gnorm 0.41 10747 tok/s 22.1min peak 3.02GiB
[23:02:33] step 2725/2952 loss 3.237 lr 6.82e-05 gnorm 0.40 10849 tok/s 22.8min peak 3.1GiB
[23:03:15] step 2750/2952 loss 2.9277 lr 6.65e-05 gnorm 0.38 10960 tok/s 23.5min peak 3.2GiB
[23:03:58] step 2775/2952 loss 3.3843 lr 6.50e-05 gnorm 0.40 11085 tok/s 24.2min peak 3.31GiB
[23:04:42] step 2800/2952 loss 2.8832 lr 6.37e-05 gnorm 0.33 11224 tok/s 25.0min peak 3.45GiB
[23:05:27] step 2825/2952 loss 3.0228 lr 6.26e-05 gnorm 0.34 11381 tok/s 25.7min peak 3.62GiB
[23:06:35] step 2850/2952 loss 3.2294 lr 6.17e-05 gnorm 0.32 11402 tok/s 26.9min peak 3.8GiB
[23:07:54] step 2875/2952 loss 2.9933 lr 6.09e-05 gnorm 0.32 11386 tok/s 28.2min peak 4.0GiB
[23:09:17] step 2900/2952 loss 3.1487 lr 6.04e-05 gnorm 0.31 11385 tok/s 29.6min peak 4.23GiB
[23:10:41] step 2925/2952 loss 3.1922 lr 6.01e-05 gnorm 0.33 11432 tok/s 30.9min peak 4.55GiB
[23:12:21] step 2950/2952 loss 3.2379 lr 6.00e-05 gnorm 0.41 11453 tok/s 32.6min peak 5.35GiB

Writing model shards:   0%|          | 0/1 [00:00<?, ?it/s]
Writing model shards: 100%|██████████| 1/1 [00:00<00:00, 10.73it/s]
[23:12:32]   saved D:\wt\feng-distill-30m\v2\stage_planA2\step2952

Writing model shards:   0%|          | 0/1 [00:00<?, ?it/s]
Writing model shards: 100%|██████████| 1/1 [00:00<00:00, 13.65it/s]
[23:12:32] done sft: 2952 steps, 22.5M tokens, 32.8 min -> D:\wt\feng-distill-30m\v2\stage_planA2\final
