pretrain batches: 168
  20/168 batches, 22M tokens
  40/168 batches, 43M tokens
  60/168 batches, 64M tokens
  80/168 batches, 84M tokens
  100/168 batches, 107M tokens
  120/168 batches, 136M tokens
  140/168 batches, 165M tokens
  160/168 batches, 191M tokens
pretrain tokens: 201.6M
pretrain sequences: 98401
SFT conversations to tokenize: 450966
  50000/450966 convs, 7.1M tokens
  100000/450966 convs, 14.2M tokens
  150000/450966 convs, 21.2M tokens
  200000/450966 convs, 28.3M tokens
  250000/450966 convs, 35.4M tokens
  300000/450966 convs, 42.5M tokens
  350000/450966 convs, 69.6M tokens
  400000/450966 convs, 90.6M tokens
  450000/450966 convs, 98.8M tokens
D:\wt\feng-distill-30m\scripts\v2_pack_parallel.py:112: RuntimeWarning: overflow encountered in scalar add
  f"supervised {sum(cmask)/1e6:.1f}M", flush=True)
SFT: 450861 convs, 98.9M tokens, supervised 0.0M
