[23:32:14] [pretrain] seqs 277929 x 2049 | 8x4 | 8685 steps/epoch | total 22841 | params 29.43M
[23:32:18] step 1/22841 loss 9.7867 lr 1.20e-06 gnorm 2.61 15755 tok/s 0.1min peak 5.91GiB
[23:33:34] step 50/22841 loss 8.7787 lr 6.00e-05 gnorm 1.04 40967 tok/s 1.3min peak 6.13GiB
[23:34:52] step 100/22841 loss 7.9625 lr 1.20e-04 gnorm 0.45 41545 tok/s 2.6min peak 6.13GiB
[23:36:10] step 150/22841 loss 7.5434 lr 1.80e-04 gnorm 0.74 41676 tok/s 3.9min peak 6.13GiB
[23:37:27] step 200/22841 loss 7.0751 lr 2.40e-04 gnorm 0.76 41799 tok/s 5.2min peak 6.13GiB
[23:38:44] step 250/22841 loss 6.7117 lr 3.00e-04 gnorm 0.63 41961 tok/s 6.5min peak 6.13GiB
[23:40:01] step 300/22841 loss 6.3895 lr 3.60e-04 gnorm 0.78 42073 tok/s 7.8min peak 6.13GiB
[23:41:18] step 350/22841 loss 6.3887 lr 4.20e-04 gnorm 0.82 42152 tok/s 9.1min peak 6.13GiB
[23:42:35] step 400/22841 loss 6.1788 lr 4.80e-04 gnorm 0.88 42211 tok/s 10.3min peak 6.13GiB
[23:43:52] step 450/22841 loss 5.8952 lr 5.40e-04 gnorm 0.69 42258 tok/s 11.6min peak 6.13GiB
[23:45:08] step 500/22841 loss 5.7368 lr 6.00e-04 gnorm 0.64 42296 tok/s 12.9min peak 6.13GiB
[23:46:25] step 550/22841 loss 5.7733 lr 6.00e-04 gnorm 0.55 42326 tok/s 14.2min peak 6.13GiB
[23:47:42] step 600/22841 loss 5.1376 lr 6.00e-04 gnorm 0.64 42360 tok/s 15.5min peak 6.13GiB
[23:48:57] step 650/22841 loss 5.3994 lr 6.00e-04 gnorm 0.59 42470 tok/s 16.7min peak 6.13GiB
[23:50:11] step 700/22841 loss 4.9687 lr 6.00e-04 gnorm 0.58 42565 tok/s 18.0min peak 6.13GiB
[23:51:26] step 750/22841 loss 4.5958 lr 6.00e-04 gnorm 0.58 42647 tok/s 19.2min peak 6.13GiB
[23:52:41] step 800/22841 loss 4.6758 lr 6.00e-04 gnorm 0.61 42721 tok/s 20.4min peak 6.13GiB
[23:53:55] step 850/22841 loss 4.6466 lr 6.00e-04 gnorm 0.52 42785 tok/s 21.7min peak 6.13GiB
[23:55:10] step 900/22841 loss 4.6372 lr 6.00e-04 gnorm 0.54 42843 tok/s 22.9min peak 6.13GiB
[23:56:25] step 950/22841 loss 4.4293 lr 5.99e-04 gnorm 0.53 42894 tok/s 24.2min peak 6.13GiB
[23:57:39] step 1000/22841 loss 4.3164 lr 5.99e-04 gnorm 0.48 42940 tok/s 25.4min peak 6.13GiB
[23:58:54] step 1050/22841 loss 4.2252 lr 5.99e-04 gnorm 0.51 42982 tok/s 26.7min peak 6.13GiB
[00:00:09] step 1100/22841 loss 4.297 lr 5.99e-04 gnorm 0.45 43019 tok/s 27.9min peak 6.13GiB
[00:01:25] step 1150/22841 loss 4.3124 lr 5.99e-04 gnorm 0.49 43024 tok/s 29.2min peak 6.13GiB
[00:02:42] step 1200/22841 loss 4.1513 lr 5.99e-04 gnorm 0.43 43007 tok/s 30.5min peak 6.13GiB
[00:03:58] step 1250/22841 loss 4.2149 lr 5.98e-04 gnorm 0.44 43002 tok/s 31.7min peak 6.13GiB
[00:05:15] step 1300/22841 loss 4.0044 lr 5.98e-04 gnorm 0.44 42994 tok/s 33.0min peak 6.13GiB
[00:06:31] step 1350/22841 loss 3.9392 lr 5.98e-04 gnorm 0.41 42984 tok/s 34.3min peak 6.13GiB
[00:07:48] step 1400/22841 loss 4.0394 lr 5.98e-04 gnorm 0.43 42971 tok/s 35.6min peak 6.13GiB
[00:09:04] step 1450/22841 loss 4.0598 lr 5.98e-04 gnorm 0.45 42969 tok/s 36.8min peak 6.13GiB
[00:10:21] step 1500/22841 loss 4.0235 lr 5.97e-04 gnorm 0.43 42957 tok/s 38.1min peak 6.13GiB
[00:11:36] step 1550/22841 loss 3.9813 lr 5.97e-04 gnorm 0.45 42977 tok/s 39.4min peak 6.13GiB
[00:12:51] step 1600/22841 loss 3.6281 lr 5.97e-04 gnorm 0.45 43002 tok/s 40.6min peak 6.13GiB
[00:14:06] step 1650/22841 loss 3.8333 lr 5.96e-04 gnorm 0.41 43027 tok/s 41.9min peak 6.13GiB
[00:15:21] step 1700/22841 loss 3.9944 lr 5.96e-04 gnorm 0.42 43050 tok/s 43.1min peak 6.13GiB
[00:16:35] step 1750/22841 loss 3.9343 lr 5.96e-04 gnorm 0.40 43073 tok/s 44.4min peak 6.13GiB
[00:17:50] step 1800/22841 loss 3.9747 lr 5.96e-04 gnorm 0.42 43094 tok/s 45.6min peak 6.13GiB
[00:19:05] step 1850/22841 loss 3.8846 lr 5.95e-04 gnorm 0.41 43114 tok/s 46.8min peak 6.13GiB
[00:20:19] step 1900/22841 loss 3.9218 lr 5.95e-04 gnorm 0.39 43132 tok/s 48.1min peak 6.13GiB
[00:21:34] step 1950/22841 loss 3.6503 lr 5.94e-04 gnorm 0.39 43150 tok/s 49.3min peak 6.13GiB
[00:22:49] step 2000/22841 loss 3.5725 lr 5.94e-04 gnorm 0.37 43168 tok/s 50.6min peak 6.13GiB
[00:24:04] step 2050/22841 loss 3.637 lr 5.94e-04 gnorm 0.46 43184 tok/s 51.8min peak 6.13GiB
[00:25:18] step 2100/22841 loss 3.8288 lr 5.93e-04 gnorm 0.38 43200 tok/s 53.1min peak 6.13GiB
[00:26:33] step 2150/22841 loss 3.9183 lr 5.93e-04 gnorm 0.38 43214 tok/s 54.3min peak 6.13GiB
[00:27:48] step 2200/22841 loss 3.5845 lr 5.92e-04 gnorm 0.40 43228 tok/s 55.6min peak 6.13GiB
[00:29:02] step 2250/22841 loss 3.7539 lr 5.92e-04 gnorm 0.41 43242 tok/s 56.8min peak 6.13GiB
[00:30:17] step 2300/22841 loss 3.6796 lr 5.91e-04 gnorm 0.40 43255 tok/s 58.1min peak 6.13GiB
[00:31:32] step 2350/22841 loss 3.706 lr 5.91e-04 gnorm 0.40 43267 tok/s 59.3min peak 6.13GiB
[00:32:47] step 2400/22841 loss 3.9424 lr 5.90e-04 gnorm 0.40 43279 tok/s 60.5min peak 6.13GiB
[00:34:01] step 2450/22841 loss 3.6394 lr 5.90e-04 gnorm 0.39 43290 tok/s 61.8min peak 6.13GiB
[00:35:16] step 2500/22841 loss 3.5446 lr 5.89e-04 gnorm 0.42 43301 tok/s 63.0min peak 6.13GiB
[00:36:31] step 2550/22841 loss 3.6195 lr 5.89e-04 gnorm 0.38 43312 tok/s 64.3min peak 6.13GiB
[00:37:45] step 2600/22841 loss 3.5725 lr 5.88e-04 gnorm 0.39 43322 tok/s 65.5min peak 6.13GiB
[00:39:00] step 2650/22841 loss 3.753 lr 5.88e-04 gnorm 0.39 43331 tok/s 66.8min peak 6.13GiB
[00:40:15] step 2700/22841 loss 3.3547 lr 5.87e-04 gnorm 0.36 43341 tok/s 68.0min peak 6.13GiB
[00:41:29] step 2750/22841 loss 3.6747 lr 5.87e-04 gnorm 0.39 43350 tok/s 69.3min peak 6.13GiB
[00:42:44] step 2800/22841 loss 3.7436 lr 5.86e-04 gnorm 0.40 43358 tok/s 70.5min peak 6.13GiB
[00:43:59] step 2850/22841 loss 3.6569 lr 5.85e-04 gnorm 0.37 43367 tok/s 71.7min peak 6.13GiB
[00:45:14] step 2900/22841 loss 3.4933 lr 5.85e-04 gnorm 0.36 43375 tok/s 73.0min peak 6.13GiB
[00:46:28] step 2950/22841 loss 3.6499 lr 5.84e-04 gnorm 0.37 43383 tok/s 74.2min peak 6.13GiB
[00:47:43] step 3000/22841 loss 3.7368 lr 5.83e-04 gnorm 0.38 43391 tok/s 75.5min peak 6.13GiB
[00:48:58] step 3050/22841 loss 3.7052 lr 5.83e-04 gnorm 0.38 43398 tok/s 76.7min peak 6.13GiB
[00:50:12] step 3100/22841 loss 3.684 lr 5.82e-04 gnorm 0.38 43405 tok/s 78.0min peak 6.13GiB
[00:51:27] step 3150/22841 loss 3.6807 lr 5.81e-04 gnorm 0.39 43412 tok/s 79.2min peak 6.13GiB
[00:52:42] step 3200/22841 loss 3.5896 lr 5.81e-04 gnorm 0.41 43419 tok/s 80.5min peak 6.13GiB
[00:53:56] step 3250/22841 loss 3.6331 lr 5.80e-04 gnorm 0.39 43426 tok/s 81.7min peak 6.13GiB
[00:55:11] step 3300/22841 loss 3.4626 lr 5.79e-04 gnorm 0.36 43432 tok/s 83.0min peak 6.13GiB
[00:56:26] step 3350/22841 loss 3.6027 lr 5.79e-04 gnorm 0.41 43438 tok/s 84.2min peak 6.13GiB
[00:57:40] step 3400/22841 loss 3.4354 lr 5.78e-04 gnorm 0.38 43444 tok/s 85.4min peak 6.13GiB
[00:58:55] step 3450/22841 loss 3.2115 lr 5.77e-04 gnorm 0.36 43450 tok/s 86.7min peak 6.13GiB
[01:00:10] step 3500/22841 loss 3.4672 lr 5.76e-04 gnorm 0.39 43455 tok/s 87.9min peak 6.13GiB
[01:01:25] step 3550/22841 loss 3.5229 lr 5.76e-04 gnorm 0.37 43461 tok/s 89.2min peak 6.13GiB
[01:02:39] step 3600/22841 loss 3.61 lr 5.75e-04 gnorm 0.36 43466 tok/s 90.4min peak 6.13GiB
[01:03:54] step 3650/22841 loss 3.4142 lr 5.74e-04 gnorm 0.38 43472 tok/s 91.7min peak 6.13GiB
[01:05:09] step 3700/22841 loss 3.5032 lr 5.73e-04 gnorm 0.36 43477 tok/s 92.9min peak 6.13GiB
[01:06:23] step 3750/22841 loss 3.4839 lr 5.72e-04 gnorm 0.35 43482 tok/s 94.2min peak 6.13GiB
[01:07:38] step 3800/22841 loss 3.535 lr 5.71e-04 gnorm 0.38 43486 tok/s 95.4min peak 6.13GiB
[01:08:53] step 3850/22841 loss 3.562 lr 5.71e-04 gnorm 0.36 43491 tok/s 96.6min peak 6.13GiB
[01:10:07] step 3900/22841 loss 3.5208 lr 5.70e-04 gnorm 0.36 43496 tok/s 97.9min peak 6.13GiB
[01:11:22] step 3950/22841 loss 3.5865 lr 5.69e-04 gnorm 0.37 43500 tok/s 99.1min peak 6.13GiB
[01:12:37] step 4000/22841 loss 3.6502 lr 5.68e-04 gnorm 0.39 43504 tok/s 100.4min peak 6.13GiB

Writing model shards:   0%|          | 0/1 [00:00<?, ?it/s]
Writing model shards: 100%|██████████| 1/1 [00:00<00:00, 12.27it/s]
[01:12:37]   saved D:\wt\feng-distill-30m\v2\stage_pre_v3\step4000
[01:13:52] step 4050/22841 loss 3.6175 lr 5.67e-04 gnorm 0.37 43508 tok/s 101.6min peak 6.13GiB
[01:15:06] step 4100/22841 loss 3.4878 lr 5.66e-04 gnorm 0.36 43512 tok/s 102.9min peak 6.13GiB
[01:16:21] step 4150/22841 loss 3.5413 lr 5.65e-04 gnorm 0.38 43516 tok/s 104.1min peak 6.13GiB
[01:17:36] step 4200/22841 loss 3.5856 lr 5.64e-04 gnorm 0.36 43520 tok/s 105.4min peak 6.13GiB
[01:18:50] step 4250/22841 loss 3.6698 lr 5.63e-04 gnorm 0.38 43524 tok/s 106.6min peak 6.13GiB
[01:20:05] step 4300/22841 loss 3.5775 lr 5.62e-04 gnorm 0.37 43527 tok/s 107.9min peak 6.13GiB
[01:21:20] step 4350/22841 loss 3.4161 lr 5.61e-04 gnorm 0.39 43531 tok/s 109.1min peak 6.13GiB
[01:22:34] step 4400/22841 loss 3.3861 lr 5.60e-04 gnorm 0.36 43535 tok/s 110.3min peak 6.13GiB
[01:23:49] step 4450/22841 loss 3.5201 lr 5.59e-04 gnorm 0.38 43538 tok/s 111.6min peak 6.13GiB
[01:25:04] step 4500/22841 loss 3.462 lr 5.58e-04 gnorm 0.37 43542 tok/s 112.8min peak 6.13GiB
[01:26:19] step 4550/22841 loss 3.5854 lr 5.57e-04 gnorm 0.38 43545 tok/s 114.1min peak 6.13GiB
[01:27:33] step 4600/22841 loss 3.5879 lr 5.56e-04 gnorm 0.36 43548 tok/s 115.3min peak 6.13GiB
[01:28:48] step 4650/22841 loss 3.5214 lr 5.55e-04 gnorm 0.37 43552 tok/s 116.6min peak 6.13GiB
[01:30:03] step 4700/22841 loss 3.3584 lr 5.54e-04 gnorm 0.35 43555 tok/s 117.8min peak 6.13GiB
[01:31:17] step 4750/22841 loss 3.4899 lr 5.53e-04 gnorm 0.36 43558 tok/s 119.1min peak 6.13GiB
[01:32:32] step 4800/22841 loss 3.182 lr 5.52e-04 gnorm 0.35 43561 tok/s 120.3min peak 6.13GiB
[01:33:47] step 4850/22841 loss 3.4389 lr 5.51e-04 gnorm 0.34 43564 tok/s 121.5min peak 6.13GiB
[01:35:01] step 4900/22841 loss 3.3366 lr 5.50e-04 gnorm 0.36 43567 tok/s 122.8min peak 6.13GiB
[01:36:16] step 4950/22841 loss 3.2917 lr 5.49e-04 gnorm 0.35 43569 tok/s 124.0min peak 6.13GiB
[01:37:31] step 5000/22841 loss 3.3613 lr 5.48e-04 gnorm 0.35 43572 tok/s 125.3min peak 6.13GiB
[01:38:45] step 5050/22841 loss 3.4913 lr 5.47e-04 gnorm 0.35 43575 tok/s 126.5min peak 6.13GiB
[01:40:00] step 5100/22841 loss 3.3589 lr 5.45e-04 gnorm 0.34 43578 tok/s 127.8min peak 6.13GiB
[01:41:15] step 5150/22841 loss 3.5577 lr 5.44e-04 gnorm 0.37 43580 tok/s 129.0min peak 6.13GiB
[01:42:29] step 5200/22841 loss 3.3538 lr 5.43e-04 gnorm 0.35 43583 tok/s 130.3min peak 6.13GiB
[01:43:44] step 5250/22841 loss 3.228 lr 5.42e-04 gnorm 0.34 43585 tok/s 131.5min peak 6.13GiB
[01:44:59] step 5300/22841 loss 3.364 lr 5.41e-04 gnorm 0.41 43588 tok/s 132.7min peak 6.13GiB
[01:46:14] step 5350/22841 loss 3.5643 lr 5.40e-04 gnorm 0.36 43590 tok/s 134.0min peak 6.13GiB
[01:47:28] step 5400/22841 loss 3.4353 lr 5.38e-04 gnorm 0.34 43593 tok/s 135.2min peak 6.13GiB
[01:48:43] step 5450/22841 loss 3.2546 lr 5.37e-04 gnorm 0.35 43595 tok/s 136.5min peak 6.13GiB
[01:49:58] step 5500/22841 loss 3.404 lr 5.36e-04 gnorm 0.34 43597 tok/s 137.7min peak 6.13GiB
[01:51:12] step 5550/22841 loss 3.3544 lr 5.35e-04 gnorm 0.35 43599 tok/s 139.0min peak 6.13GiB
[01:52:27] step 5600/22841 loss 3.4299 lr 5.33e-04 gnorm 0.34 43602 tok/s 140.2min peak 6.13GiB
[01:53:42] step 5650/22841 loss 3.4107 lr 5.32e-04 gnorm 0.37 43604 tok/s 141.5min peak 6.13GiB
[01:54:56] step 5700/22841 loss 3.5093 lr 5.31e-04 gnorm 0.34 43606 tok/s 142.7min peak 6.13GiB
[01:56:11] step 5750/22841 loss 3.2669 lr 5.30e-04 gnorm 0.34 43608 tok/s 144.0min peak 6.13GiB
[01:57:26] step 5800/22841 loss 3.3517 lr 5.28e-04 gnorm 0.38 43610 tok/s 145.2min peak 6.13GiB
[01:58:41] step 5850/22841 loss 3.5173 lr 5.27e-04 gnorm 0.38 43612 tok/s 146.4min peak 6.13GiB
[01:59:55] step 5900/22841 loss 3.4168 lr 5.26e-04 gnorm 0.36 43614 tok/s 147.7min peak 6.13GiB
[02:01:10] step 5950/22841 loss 3.375 lr 5.25e-04 gnorm 0.35 43616 tok/s 148.9min peak 6.13GiB
[02:02:25] step 6000/22841 loss 3.3196 lr 5.23e-04 gnorm 0.33 43618 tok/s 150.2min peak 6.13GiB
[02:03:39] step 6050/22841 loss 3.5446 lr 5.22e-04 gnorm 0.36 43620 tok/s 151.4min peak 6.13GiB
[02:04:54] step 6100/22841 loss 3.4308 lr 5.21e-04 gnorm 0.37 43622 tok/s 152.7min peak 6.13GiB
[02:06:09] step 6150/22841 loss 3.5546 lr 5.19e-04 gnorm 0.35 43624 tok/s 153.9min peak 6.13GiB
[02:07:23] step 6200/22841 loss 3.3948 lr 5.18e-04 gnorm 0.35 43626 tok/s 155.2min peak 6.13GiB
[02:08:38] step 6250/22841 loss 3.3007 lr 5.16e-04 gnorm 0.36 43627 tok/s 156.4min peak 6.13GiB
[02:09:53] step 6300/22841 loss 3.4483 lr 5.15e-04 gnorm 0.36 43629 tok/s 157.6min peak 6.13GiB
[02:11:07] step 6350/22841 loss 3.3936 lr 5.14e-04 gnorm 0.34 43631 tok/s 158.9min peak 6.13GiB
[02:12:22] step 6400/22841 loss 3.2524 lr 5.12e-04 gnorm 0.34 43632 tok/s 160.1min peak 6.13GiB
[02:13:37] step 6450/22841 loss 3.5309 lr 5.11e-04 gnorm 0.35 43634 tok/s 161.4min peak 6.13GiB
[02:14:52] step 6500/22841 loss 3.3163 lr 5.09e-04 gnorm 0.35 43636 tok/s 162.6min peak 6.13GiB
[02:16:06] step 6550/22841 loss 3.3037 lr 5.08e-04 gnorm 0.35 43637 tok/s 163.9min peak 6.13GiB
[02:17:21] step 6600/22841 loss 3.1085 lr 5.07e-04 gnorm 0.32 43639 tok/s 165.1min peak 6.13GiB
[02:18:36] step 6650/22841 loss 3.2361 lr 5.05e-04 gnorm 0.35 43640 tok/s 166.4min peak 6.13GiB
[02:19:50] step 6700/22841 loss 3.1959 lr 5.04e-04 gnorm 0.34 43642 tok/s 167.6min peak 6.13GiB
[02:21:05] step 6750/22841 loss 3.2379 lr 5.02e-04 gnorm 0.35 43643 tok/s 168.9min peak 6.13GiB
[02:22:20] step 6800/22841 loss 3.1799 lr 5.01e-04 gnorm 0.33 43645 tok/s 170.1min peak 6.13GiB
[02:23:34] step 6850/22841 loss 3.0779 lr 4.99e-04 gnorm 0.35 43646 tok/s 171.3min peak 6.13GiB
[02:24:49] step 6900/22841 loss 3.3296 lr 4.98e-04 gnorm 0.35 43648 tok/s 172.6min peak 6.13GiB
[02:26:04] step 6950/22841 loss 3.3842 lr 4.96e-04 gnorm 0.37 43649 tok/s 173.8min peak 6.13GiB
[02:27:19] step 7000/22841 loss 3.3439 lr 4.95e-04 gnorm 0.35 43651 tok/s 175.1min peak 6.13GiB
[02:28:33] step 7050/22841 loss 3.2801 lr 4.93e-04 gnorm 0.34 43652 tok/s 176.3min peak 6.13GiB
[02:29:48] step 7100/22841 loss 3.08 lr 4.92e-04 gnorm 0.34 43653 tok/s 177.6min peak 6.13GiB
[02:31:03] step 7150/22841 loss 3.1824 lr 4.90e-04 gnorm 0.33 43655 tok/s 178.8min peak 6.13GiB
[02:32:17] step 7200/22841 loss 3.2682 lr 4.89e-04 gnorm 0.37 43656 tok/s 180.1min peak 6.13GiB
[02:33:32] step 7250/22841 loss 3.1232 lr 4.87e-04 gnorm 0.35 43657 tok/s 181.3min peak 6.13GiB
[02:34:47] step 7300/22841 loss 3.4289 lr 4.86e-04 gnorm 0.35 43659 tok/s 182.5min peak 6.13GiB
[02:36:01] step 7350/22841 loss 3.2151 lr 4.84e-04 gnorm 0.33 43660 tok/s 183.8min peak 6.13GiB
[02:37:16] step 7400/22841 loss 3.2396 lr 4.83e-04 gnorm 0.34 43661 tok/s 185.0min peak 6.13GiB
[02:38:31] step 7450/22841 loss 3.3156 lr 4.81e-04 gnorm 0.34 43663 tok/s 186.3min peak 6.13GiB
[02:39:45] step 7500/22841 loss 3.4424 lr 4.79e-04 gnorm 0.35 43664 tok/s 187.5min peak 6.13GiB
[02:41:00] step 7550/22841 loss 3.2646 lr 4.78e-04 gnorm 0.34 43665 tok/s 188.8min peak 6.13GiB
[02:42:15] step 7600/22841 loss 3.2671 lr 4.76e-04 gnorm 0.35 43666 tok/s 190.0min peak 6.13GiB
[02:43:29] step 7650/22841 loss 3.3619 lr 4.75e-04 gnorm 0.35 43668 tok/s 191.3min peak 6.13GiB
[02:44:44] step 7700/22841 loss 3.3776 lr 4.73e-04 gnorm 0.35 43669 tok/s 192.5min peak 6.13GiB
[02:45:59] step 7750/22841 loss 3.34 lr 4.71e-04 gnorm 0.35 43670 tok/s 193.7min peak 6.13GiB
[02:47:13] step 7800/22841 loss 3.2998 lr 4.70e-04 gnorm 0.34 43671 tok/s 195.0min peak 6.13GiB
[02:48:28] step 7850/22841 loss 3.3474 lr 4.68e-04 gnorm 0.34 43672 tok/s 196.2min peak 6.13GiB
[02:49:43] step 7900/22841 loss 3.3192 lr 4.67e-04 gnorm 0.35 43674 tok/s 197.5min peak 6.13GiB
[02:50:58] step 7950/22841 loss 3.2504 lr 4.65e-04 gnorm 0.34 43675 tok/s 198.7min peak 6.13GiB
[02:52:12] step 8000/22841 loss 3.225 lr 4.63e-04 gnorm 0.34 43676 tok/s 200.0min peak 6.13GiB

Writing model shards:   0%|          | 0/1 [00:00<?, ?it/s]
Writing model shards: 100%|██████████| 1/1 [00:00<00:00, 11.73it/s]
[02:52:12]   saved D:\wt\feng-distill-30m\v2\stage_pre_v3\step8000
[02:53:27] step 8050/22841 loss 3.0812 lr 4.62e-04 gnorm 0.35 43677 tok/s 201.2min peak 6.13GiB
[02:54:42] step 8100/22841 loss 3.3763 lr 4.60e-04 gnorm 0.34 43678 tok/s 202.5min peak 6.13GiB
[02:55:56] step 8150/22841 loss 3.2692 lr 4.58e-04 gnorm 0.35 43679 tok/s 203.7min peak 6.13GiB
[02:57:11] step 8200/22841 loss 3.4564 lr 4.57e-04 gnorm 0.36 43680 tok/s 205.0min peak 6.13GiB
[02:58:26] step 8250/22841 loss 3.0991 lr 4.55e-04 gnorm 0.34 43681 tok/s 206.2min peak 6.13GiB
[02:59:40] step 8300/22841 loss 3.0449 lr 4.53e-04 gnorm 0.34 43682 tok/s 207.4min peak 6.13GiB
[03:00:55] step 8350/22841 loss 3.2178 lr 4.52e-04 gnorm 0.36 43683 tok/s 208.7min peak 6.13GiB
[03:02:10] step 8400/22841 loss 3.1842 lr 4.50e-04 gnorm 0.34 43684 tok/s 209.9min peak 6.13GiB
[03:03:24] step 8450/22841 loss 3.115 lr 4.48e-04 gnorm 0.35 43685 tok/s 211.2min peak 6.13GiB
[03:04:39] step 8500/22841 loss 3.2071 lr 4.46e-04 gnorm 0.34 43686 tok/s 212.4min peak 6.13GiB
[03:05:54] step 8550/22841 loss 3.3466 lr 4.45e-04 gnorm 0.35 43687 tok/s 213.7min peak 6.13GiB
[03:07:09] step 8600/22841 loss 3.2608 lr 4.43e-04 gnorm 0.37 43688 tok/s 214.9min peak 6.13GiB
[03:08:23] step 8650/22841 loss 3.0525 lr 4.41e-04 gnorm 0.35 43689 tok/s 216.2min peak 6.13GiB
[03:09:38] step 8700/22841 loss 3.372 lr 4.40e-04 gnorm 0.35 43690 tok/s 217.4min peak 6.13GiB
[03:10:53] step 8750/22841 loss 3.1439 lr 4.38e-04 gnorm 0.35 43691 tok/s 218.6min peak 6.13GiB
[03:12:07] step 8800/22841 loss 3.2538 lr 4.36e-04 gnorm 0.34 43692 tok/s 219.9min peak 6.13GiB
[03:13:22] step 8850/22841 loss 3.1297 lr 4.34e-04 gnorm 0.34 43693 tok/s 221.1min peak 6.13GiB
[03:14:37] step 8900/22841 loss 3.2372 lr 4.33e-04 gnorm 0.35 43693 tok/s 222.4min peak 6.13GiB
[03:15:51] step 8950/22841 loss 3.2914 lr 4.31e-04 gnorm 0.36 43694 tok/s 223.6min peak 6.13GiB
[03:17:06] step 9000/22841 loss 2.9883 lr 4.29e-04 gnorm 0.35 43695 tok/s 224.9min peak 6.13GiB
[03:18:21] step 9050/22841 loss 3.0528 lr 4.27e-04 gnorm 0.35 43696 tok/s 226.1min peak 6.13GiB
[03:19:35] step 9100/22841 loss 3.2646 lr 4.25e-04 gnorm 0.35 43697 tok/s 227.4min peak 6.13GiB
[03:20:50] step 9150/22841 loss 3.3775 lr 4.24e-04 gnorm 0.35 43698 tok/s 228.6min peak 6.13GiB
[03:22:05] step 9200/22841 loss 3.041 lr 4.22e-04 gnorm 0.34 43699 tok/s 229.8min peak 6.13GiB
[03:23:19] step 9250/22841 loss 3.1941 lr 4.20e-04 gnorm 0.36 43699 tok/s 231.1min peak 6.13GiB
[03:24:34] step 9300/22841 loss 3.2017 lr 4.18e-04 gnorm 0.33 43700 tok/s 232.3min peak 6.13GiB
[03:25:49] step 9350/22841 loss 3.3517 lr 4.17e-04 gnorm 0.36 43701 tok/s 233.6min peak 6.13GiB
[03:27:04] step 9400/22841 loss 3.1657 lr 4.15e-04 gnorm 0.34 43702 tok/s 234.8min peak 6.13GiB
[03:28:18] step 9450/22841 loss 3.3229 lr 4.13e-04 gnorm 0.35 43703 tok/s 236.1min peak 6.13GiB
[03:29:33] step 9500/22841 loss 3.2953 lr 4.11e-04 gnorm 0.35 43704 tok/s 237.3min peak 6.13GiB
[03:30:48] step 9550/22841 loss 3.185 lr 4.09e-04 gnorm 0.37 43704 tok/s 238.6min peak 6.13GiB
[03:32:02] step 9600/22841 loss 3.2132 lr 4.08e-04 gnorm 0.34 43705 tok/s 239.8min peak 6.13GiB
[03:33:17] step 9650/22841 loss 3.221 lr 4.06e-04 gnorm 0.34 43706 tok/s 241.0min peak 6.13GiB
[03:34:32] step 9700/22841 loss 3.2378 lr 4.04e-04 gnorm 0.33 43707 tok/s 242.3min peak 6.13GiB
[03:35:46] step 9750/22841 loss 3.0279 lr 4.02e-04 gnorm 0.36 43707 tok/s 243.5min peak 6.13GiB
[03:37:01] step 9800/22841 loss 3.3667 lr 4.00e-04 gnorm 0.35 43708 tok/s 244.8min peak 6.13GiB
[03:38:16] step 9850/22841 loss 3.2091 lr 3.98e-04 gnorm 0.34 43709 tok/s 246.0min peak 6.13GiB
[03:39:30] step 9900/22841 loss 3.2717 lr 3.97e-04 gnorm 0.38 43709 tok/s 247.3min peak 6.13GiB
[03:40:45] step 9950/22841 loss 3.2705 lr 3.95e-04 gnorm 0.34 43710 tok/s 248.5min peak 6.13GiB
[03:42:00] step 10000/22841 loss 3.2094 lr 3.93e-04 gnorm 0.34 43711 tok/s 249.8min peak 6.13GiB
[03:43:14] step 10050/22841 loss 3.1742 lr 3.91e-04 gnorm 0.35 43712 tok/s 251.0min peak 6.13GiB
[03:44:29] step 10100/22841 loss 3.0157 lr 3.89e-04 gnorm 0.33 43712 tok/s 252.3min peak 6.13GiB
[03:45:44] step 10150/22841 loss 3.4106 lr 3.87e-04 gnorm 0.37 43713 tok/s 253.5min peak 6.13GiB
[03:46:58] step 10200/22841 loss 3.2037 lr 3.85e-04 gnorm 0.34 43714 tok/s 254.7min peak 6.13GiB
[03:48:13] step 10250/22841 loss 3.2291 lr 3.84e-04 gnorm 0.35 43714 tok/s 256.0min peak 6.13GiB
[03:49:28] step 10300/22841 loss 3.3398 lr 3.82e-04 gnorm 0.35 43715 tok/s 257.2min peak 6.13GiB
[03:50:43] step 10350/22841 loss 3.2177 lr 3.80e-04 gnorm 0.34 43716 tok/s 258.5min peak 6.13GiB
[03:51:57] step 10400/22841 loss 3.1466 lr 3.78e-04 gnorm 0.35 43716 tok/s 259.7min peak 6.13GiB
[03:53:12] step 10450/22841 loss 3.0076 lr 3.76e-04 gnorm 0.34 43717 tok/s 261.0min peak 6.13GiB
[03:54:27] step 10500/22841 loss 3.2635 lr 3.74e-04 gnorm 0.36 43718 tok/s 262.2min peak 6.13GiB
[03:55:41] step 10550/22841 loss 3.089 lr 3.72e-04 gnorm 0.34 43718 tok/s 263.5min peak 6.13GiB
[03:56:56] step 10600/22841 loss 3.1855 lr 3.70e-04 gnorm 0.35 43719 tok/s 264.7min peak 6.13GiB
[03:58:11] step 10650/22841 loss 3.3114 lr 3.69e-04 gnorm 0.34 43720 tok/s 265.9min peak 6.13GiB
[03:59:25] step 10700/22841 loss 3.2243 lr 3.67e-04 gnorm 0.34 43720 tok/s 267.2min peak 6.13GiB
[04:00:40] step 10750/22841 loss 3.2704 lr 3.65e-04 gnorm 0.38 43721 tok/s 268.4min peak 6.13GiB
[04:01:55] step 10800/22841 loss 3.2837 lr 3.63e-04 gnorm 0.36 43722 tok/s 269.7min peak 6.13GiB
[04:03:09] step 10850/22841 loss 3.113 lr 3.61e-04 gnorm 0.33 43722 tok/s 270.9min peak 6.13GiB
[04:04:24] step 10900/22841 loss 3.2884 lr 3.59e-04 gnorm 0.37 43723 tok/s 272.2min peak 6.13GiB
[04:05:39] step 10950/22841 loss 2.9813 lr 3.57e-04 gnorm 0.34 43723 tok/s 273.4min peak 6.13GiB
[04:06:53] step 11000/22841 loss 3.1264 lr 3.55e-04 gnorm 0.35 43724 tok/s 274.7min peak 6.13GiB
[04:08:08] step 11050/22841 loss 3.2122 lr 3.54e-04 gnorm 0.34 43725 tok/s 275.9min peak 6.13GiB
[04:09:23] step 11100/22841 loss 3.3122 lr 3.52e-04 gnorm 0.35 43725 tok/s 277.1min peak 6.13GiB
[04:10:37] step 11150/22841 loss 2.9769 lr 3.50e-04 gnorm 0.35 43726 tok/s 278.4min peak 6.13GiB
[04:11:52] step 11200/22841 loss 3.3298 lr 3.48e-04 gnorm 0.37 43726 tok/s 279.6min peak 6.13GiB
[04:13:07] step 11250/22841 loss 3.1298 lr 3.46e-04 gnorm 0.36 43727 tok/s 280.9min peak 6.13GiB
[04:14:21] step 11300/22841 loss 3.0486 lr 3.44e-04 gnorm 0.36 43727 tok/s 282.1min peak 6.13GiB
[04:15:36] step 11350/22841 loss 3.0626 lr 3.42e-04 gnorm 0.36 43728 tok/s 283.4min peak 6.13GiB
[04:16:51] step 11400/22841 loss 3.1424 lr 3.40e-04 gnorm 0.34 43729 tok/s 284.6min peak 6.13GiB
[04:18:06] step 11450/22841 loss 3.2487 lr 3.38e-04 gnorm 0.35 43729 tok/s 285.9min peak 6.13GiB
[04:19:20] step 11500/22841 loss 3.1873 lr 3.36e-04 gnorm 0.35 43730 tok/s 287.1min peak 6.13GiB
[04:20:35] step 11550/22841 loss 3.2615 lr 3.35e-04 gnorm 0.36 43730 tok/s 288.3min peak 6.13GiB
[04:21:50] step 11600/22841 loss 2.9291 lr 3.33e-04 gnorm 0.34 43731 tok/s 289.6min peak 6.13GiB
[04:23:04] step 11650/22841 loss 3.0422 lr 3.31e-04 gnorm 0.34 43731 tok/s 290.8min peak 6.13GiB
[04:24:19] step 11700/22841 loss 3.2079 lr 3.29e-04 gnorm 0.35 43732 tok/s 292.1min peak 6.13GiB
[04:25:34] step 11750/22841 loss 3.1455 lr 3.27e-04 gnorm 0.36 43732 tok/s 293.3min peak 6.13GiB
[04:26:48] step 11800/22841 loss 3.0831 lr 3.25e-04 gnorm 0.35 43733 tok/s 294.6min peak 6.13GiB
[04:28:03] step 11850/22841 loss 3.254 lr 3.23e-04 gnorm 0.37 43733 tok/s 295.8min peak 6.13GiB
[04:29:18] step 11900/22841 loss 3.2097 lr 3.21e-04 gnorm 0.35 43734 tok/s 297.1min peak 6.13GiB
[04:30:32] step 11950/22841 loss 3.3743 lr 3.19e-04 gnorm 0.37 43734 tok/s 298.3min peak 6.13GiB
[04:31:47] step 12000/22841 loss 3.2838 lr 3.17e-04 gnorm 0.38 43735 tok/s 299.6min peak 6.13GiB

Writing model shards:   0%|          | 0/1 [00:00<?, ?it/s]
Writing model shards: 100%|██████████| 1/1 [00:00<00:00, 11.68it/s]
[04:31:47]   saved D:\wt\feng-distill-30m\v2\stage_pre_v3\step12000
[04:33:02] step 12050/22841 loss 3.3288 lr 3.16e-04 gnorm 0.35 43735 tok/s 300.8min peak 6.13GiB
[04:34:17] step 12100/22841 loss 3.0988 lr 3.14e-04 gnorm 0.36 43735 tok/s 302.0min peak 6.13GiB
[04:35:31] step 12150/22841 loss 3.1471 lr 3.12e-04 gnorm 0.37 43736 tok/s 303.3min peak 6.13GiB
[04:36:46] step 12200/22841 loss 3.1634 lr 3.10e-04 gnorm 0.37 43736 tok/s 304.5min peak 6.13GiB
[04:38:01] step 12250/22841 loss 3.2013 lr 3.08e-04 gnorm 0.36 43737 tok/s 305.8min peak 6.13GiB
[04:39:15] step 12300/22841 loss 3.3167 lr 3.06e-04 gnorm 0.36 43737 tok/s 307.0min peak 6.13GiB
[04:40:30] step 12350/22841 loss 3.0963 lr 3.04e-04 gnorm 0.35 43738 tok/s 308.3min peak 6.13GiB
[04:41:45] step 12400/22841 loss 3.0612 lr 3.02e-04 gnorm 0.35 43738 tok/s 309.5min peak 6.13GiB
[04:42:59] step 12450/22841 loss 3.2877 lr 3.00e-04 gnorm 0.38 43739 tok/s 310.8min peak 6.13GiB
[04:44:14] step 12500/22841 loss 3.3297 lr 2.99e-04 gnorm 0.37 43739 tok/s 312.0min peak 6.13GiB
[04:45:29] step 12550/22841 loss 3.1715 lr 2.97e-04 gnorm 0.36 43740 tok/s 313.2min peak 6.13GiB
[04:46:43] step 12600/22841 loss 2.9904 lr 2.95e-04 gnorm 0.35 43740 tok/s 314.5min peak 6.13GiB
[04:47:58] step 12650/22841 loss 3.1656 lr 2.93e-04 gnorm 0.38 43740 tok/s 315.7min peak 6.13GiB
[04:49:13] step 12700/22841 loss 3.1804 lr 2.91e-04 gnorm 0.35 43741 tok/s 317.0min peak 6.13GiB
[04:50:28] step 12750/22841 loss 3.1607 lr 2.89e-04 gnorm 0.35 43741 tok/s 318.2min peak 6.13GiB
[04:51:42] step 12800/22841 loss 3.2898 lr 2.87e-04 gnorm 0.38 43742 tok/s 319.5min peak 6.13GiB
[04:52:57] step 12850/22841 loss 3.2152 lr 2.85e-04 gnorm 0.36 43742 tok/s 320.7min peak 6.13GiB
[04:54:12] step 12900/22841 loss 3.1274 lr 2.84e-04 gnorm 0.37 43743 tok/s 322.0min peak 6.13GiB
[04:55:26] step 12950/22841 loss 2.7662 lr 2.82e-04 gnorm 0.34 43743 tok/s 323.2min peak 6.13GiB
[04:56:41] step 13000/22841 loss 3.2345 lr 2.80e-04 gnorm 0.37 43744 tok/s 324.4min peak 6.13GiB
[04:57:56] step 13050/22841 loss 3.2579 lr 2.78e-04 gnorm 0.36 43744 tok/s 325.7min peak 6.13GiB
[04:59:10] step 13100/22841 loss 3.1262 lr 2.76e-04 gnorm 0.35 43745 tok/s 326.9min peak 6.13GiB
[05:00:25] step 13150/22841 loss 3.1898 lr 2.74e-04 gnorm 0.36 43745 tok/s 328.2min peak 6.13GiB
[05:01:40] step 13200/22841 loss 3.1568 lr 2.72e-04 gnorm 0.39 43745 tok/s 329.4min peak 6.13GiB
[05:02:54] step 13250/22841 loss 3.1496 lr 2.71e-04 gnorm 0.35 43746 tok/s 330.7min peak 6.13GiB
[05:04:09] step 13300/22841 loss 3.0681 lr 2.69e-04 gnorm 0.39 43746 tok/s 331.9min peak 6.13GiB
[05:05:24] step 13350/22841 loss 3.0566 lr 2.67e-04 gnorm 0.36 43747 tok/s 333.2min peak 6.13GiB
[05:06:38] step 13400/22841 loss 3.1355 lr 2.65e-04 gnorm 0.37 43747 tok/s 334.4min peak 6.13GiB
[05:07:53] step 13450/22841 loss 2.9012 lr 2.63e-04 gnorm 0.36 43747 tok/s 335.7min peak 6.13GiB
[05:09:08] step 13500/22841 loss 3.0643 lr 2.61e-04 gnorm 0.35 43748 tok/s 336.9min peak 6.13GiB
[05:10:22] step 13550/22841 loss 3.0223 lr 2.59e-04 gnorm 0.36 43748 tok/s 338.1min peak 6.13GiB
[05:11:37] step 13600/22841 loss 2.8276 lr 2.58e-04 gnorm 0.34 43749 tok/s 339.4min peak 6.13GiB
[05:12:52] step 13650/22841 loss 3.135 lr 2.56e-04 gnorm 0.37 43749 tok/s 340.6min peak 6.13GiB
[05:14:06] step 13700/22841 loss 3.2679 lr 2.54e-04 gnorm 0.38 43749 tok/s 341.9min peak 6.13GiB
[05:15:21] step 13750/22841 loss 2.9923 lr 2.52e-04 gnorm 0.36 43750 tok/s 343.1min peak 6.13GiB
[05:16:36] step 13800/22841 loss 3.2647 lr 2.50e-04 gnorm 0.37 43750 tok/s 344.4min peak 6.13GiB
[05:17:50] step 13850/22841 loss 3.1533 lr 2.49e-04 gnorm 0.37 43751 tok/s 345.6min peak 6.13GiB
[05:19:05] step 13900/22841 loss 3.166 lr 2.47e-04 gnorm 0.35 43751 tok/s 346.9min peak 6.13GiB
[05:20:20] step 13950/22841 loss 3.1386 lr 2.45e-04 gnorm 0.36 43751 tok/s 348.1min peak 6.13GiB
[05:21:35] step 14000/22841 loss 3.011 lr 2.43e-04 gnorm 0.34 43752 tok/s 349.3min peak 6.13GiB
[05:22:49] step 14050/22841 loss 3.1543 lr 2.41e-04 gnorm 0.36 43752 tok/s 350.6min peak 6.13GiB
[05:24:04] step 14100/22841 loss 3.103 lr 2.40e-04 gnorm 0.38 43752 tok/s 351.8min peak 6.13GiB
[05:25:19] step 14150/22841 loss 3.2274 lr 2.38e-04 gnorm 0.38 43753 tok/s 353.1min peak 6.13GiB
[05:26:33] step 14200/22841 loss 3.1007 lr 2.36e-04 gnorm 0.35 43753 tok/s 354.3min peak 6.13GiB
[05:27:48] step 14250/22841 loss 3.2579 lr 2.34e-04 gnorm 0.36 43753 tok/s 355.6min peak 6.13GiB
[05:29:03] step 14300/22841 loss 3.0097 lr 2.32e-04 gnorm 0.36 43754 tok/s 356.8min peak 6.13GiB
[05:30:17] step 14350/22841 loss 3.0357 lr 2.31e-04 gnorm 0.37 43754 tok/s 358.1min peak 6.13GiB
[05:31:32] step 14400/22841 loss 3.0679 lr 2.29e-04 gnorm 0.37 43754 tok/s 359.3min peak 6.13GiB
[05:32:47] step 14450/22841 loss 3.0557 lr 2.27e-04 gnorm 0.37 43755 tok/s 360.5min peak 6.13GiB
[05:34:01] step 14500/22841 loss 2.9919 lr 2.25e-04 gnorm 0.36 43755 tok/s 361.8min peak 6.13GiB
[05:35:16] step 14550/22841 loss 3.0897 lr 2.24e-04 gnorm 0.36 43755 tok/s 363.0min peak 6.13GiB
[05:36:31] step 14600/22841 loss 2.9835 lr 2.22e-04 gnorm 0.36 43756 tok/s 364.3min peak 6.13GiB
[05:37:45] step 14650/22841 loss 3.0412 lr 2.20e-04 gnorm 0.37 43756 tok/s 365.5min peak 6.13GiB
[05:39:00] step 14700/22841 loss 3.0385 lr 2.18e-04 gnorm 0.36 43756 tok/s 366.8min peak 6.13GiB
[05:40:15] step 14750/22841 loss 3.1073 lr 2.17e-04 gnorm 0.38 43757 tok/s 368.0min peak 6.13GiB
[05:41:30] step 14800/22841 loss 3.0476 lr 2.15e-04 gnorm 0.36 43757 tok/s 369.3min peak 6.13GiB
[05:42:44] step 14850/22841 loss 3.0108 lr 2.13e-04 gnorm 0.37 43757 tok/s 370.5min peak 6.13GiB
[05:43:59] step 14900/22841 loss 3.0953 lr 2.12e-04 gnorm 0.36 43758 tok/s 371.7min peak 6.13GiB
[05:45:14] step 14950/22841 loss 3.2628 lr 2.10e-04 gnorm 0.38 43758 tok/s 373.0min peak 6.13GiB
[05:46:28] step 15000/22841 loss 3.3105 lr 2.08e-04 gnorm 0.38 43758 tok/s 374.2min peak 6.13GiB
[05:47:43] step 15050/22841 loss 3.3531 lr 2.06e-04 gnorm 0.37 43759 tok/s 375.5min peak 6.13GiB
[05:48:58] step 15100/22841 loss 3.1769 lr 2.05e-04 gnorm 0.40 43759 tok/s 376.7min peak 6.13GiB
[05:50:12] step 15150/22841 loss 3.104 lr 2.03e-04 gnorm 0.37 43759 tok/s 378.0min peak 6.13GiB
[05:51:27] step 15200/22841 loss 2.9786 lr 2.01e-04 gnorm 0.39 43760 tok/s 379.2min peak 6.13GiB
[05:52:42] step 15250/22841 loss 3.2051 lr 2.00e-04 gnorm 0.37 43760 tok/s 380.5min peak 6.13GiB
[05:53:56] step 15300/22841 loss 3.2765 lr 1.98e-04 gnorm 0.37 43760 tok/s 381.7min peak 6.13GiB
[05:55:11] step 15350/22841 loss 3.2264 lr 1.96e-04 gnorm 0.37 43760 tok/s 383.0min peak 6.13GiB
[05:56:26] step 15400/22841 loss 3.0412 lr 1.95e-04 gnorm 0.36 43761 tok/s 384.2min peak 6.13GiB
[05:57:40] step 15450/22841 loss 3.1919 lr 1.93e-04 gnorm 0.37 43761 tok/s 385.4min peak 6.13GiB
[05:58:55] step 15500/22841 loss 3.2252 lr 1.92e-04 gnorm 0.37 43761 tok/s 386.7min peak 6.13GiB
[06:00:10] step 15550/22841 loss 3.2564 lr 1.90e-04 gnorm 0.39 43762 tok/s 387.9min peak 6.13GiB
[06:01:24] step 15600/22841 loss 3.0337 lr 1.88e-04 gnorm 0.39 43762 tok/s 389.2min peak 6.13GiB
[06:02:39] step 15650/22841 loss 2.887 lr 1.87e-04 gnorm 0.35 43762 tok/s 390.4min peak 6.13GiB
[06:03:54] step 15700/22841 loss 3.1712 lr 1.85e-04 gnorm 0.37 43763 tok/s 391.7min peak 6.13GiB
[06:05:08] step 15750/22841 loss 3.0983 lr 1.83e-04 gnorm 0.37 43763 tok/s 392.9min peak 6.13GiB
[06:06:23] step 15800/22841 loss 3.029 lr 1.82e-04 gnorm 0.37 43763 tok/s 394.2min peak 6.13GiB
[06:07:38] step 15850/22841 loss 3.0113 lr 1.80e-04 gnorm 0.39 43763 tok/s 395.4min peak 6.13GiB
[06:08:53] step 15900/22841 loss 3.0615 lr 1.79e-04 gnorm 0.37 43764 tok/s 396.6min peak 6.13GiB
[06:10:07] step 15950/22841 loss 2.9997 lr 1.77e-04 gnorm 0.36 43764 tok/s 397.9min peak 6.13GiB
[06:11:22] step 16000/22841 loss 3.0305 lr 1.76e-04 gnorm 0.39 43764 tok/s 399.1min peak 6.13GiB

Writing model shards:   0%|          | 0/1 [00:00<?, ?it/s]
Writing model shards: 100%|██████████| 1/1 [00:00<00:00, 12.27it/s]
[06:11:22]   saved D:\wt\feng-distill-30m\v2\stage_pre_v3\step16000
[06:12:37] step 16050/22841 loss 3.1416 lr 1.74e-04 gnorm 0.37 43764 tok/s 400.4min peak 6.13GiB
[06:13:51] step 16100/22841 loss 2.9679 lr 1.72e-04 gnorm 0.37 43765 tok/s 401.6min peak 6.13GiB
[06:15:06] step 16150/22841 loss 3.0065 lr 1.71e-04 gnorm 0.41 43765 tok/s 402.9min peak 6.13GiB
[06:16:21] step 16200/22841 loss 3.1321 lr 1.69e-04 gnorm 0.38 43765 tok/s 404.1min peak 6.13GiB
[06:17:35] step 16250/22841 loss 3.1036 lr 1.68e-04 gnorm 0.39 43765 tok/s 405.4min peak 6.13GiB
[06:18:50] step 16300/22841 loss 3.0595 lr 1.66e-04 gnorm 0.38 43766 tok/s 406.6min peak 6.13GiB
[06:20:05] step 16350/22841 loss 3.045 lr 1.65e-04 gnorm 0.39 43766 tok/s 407.8min peak 6.13GiB
[06:21:20] step 16400/22841 loss 2.9219 lr 1.63e-04 gnorm 0.36 43766 tok/s 409.1min peak 6.13GiB
[06:22:34] step 16450/22841 loss 3.3056 lr 1.62e-04 gnorm 0.38 43766 tok/s 410.3min peak 6.13GiB
[06:23:49] step 16500/22841 loss 3.247 lr 1.60e-04 gnorm 0.38 43767 tok/s 411.6min peak 6.13GiB
[06:25:04] step 16550/22841 loss 2.9645 lr 1.59e-04 gnorm 0.35 43767 tok/s 412.8min peak 6.13GiB
[06:26:18] step 16600/22841 loss 2.8608 lr 1.57e-04 gnorm 0.36 43767 tok/s 414.1min peak 6.13GiB
[06:27:33] step 16650/22841 loss 3.229 lr 1.56e-04 gnorm 0.38 43767 tok/s 415.3min peak 6.13GiB
[06:28:48] step 16700/22841 loss 3.0828 lr 1.55e-04 gnorm 0.38 43768 tok/s 416.6min peak 6.13GiB
[06:30:02] step 16750/22841 loss 3.0554 lr 1.53e-04 gnorm 0.36 43768 tok/s 417.8min peak 6.13GiB
[06:31:17] step 16800/22841 loss 3.0133 lr 1.52e-04 gnorm 0.37 43768 tok/s 419.1min peak 6.13GiB
[06:32:32] step 16850/22841 loss 3.0667 lr 1.50e-04 gnorm 0.39 43768 tok/s 420.3min peak 6.13GiB
[06:33:46] step 16900/22841 loss 3.2943 lr 1.49e-04 gnorm 0.38 43769 tok/s 421.5min peak 6.13GiB
[06:35:01] step 16950/22841 loss 2.8972 lr 1.47e-04 gnorm 0.37 43769 tok/s 422.8min peak 6.13GiB
[06:36:16] step 17000/22841 loss 2.8377 lr 1.46e-04 gnorm 0.36 43769 tok/s 424.0min peak 6.13GiB
[06:37:31] step 17050/22841 loss 3.1265 lr 1.45e-04 gnorm 0.37 43769 tok/s 425.3min peak 6.13GiB
[06:38:45] step 17100/22841 loss 2.9482 lr 1.43e-04 gnorm 0.39 43770 tok/s 426.5min peak 6.13GiB
[06:40:00] step 17150/22841 loss 2.9964 lr 1.42e-04 gnorm 0.38 43770 tok/s 427.8min peak 6.13GiB
[06:41:15] step 17200/22841 loss 3.0498 lr 1.41e-04 gnorm 0.37 43770 tok/s 429.0min peak 6.13GiB
[06:42:29] step 17250/22841 loss 3.0915 lr 1.39e-04 gnorm 0.39 43770 tok/s 430.3min peak 6.13GiB
[06:43:44] step 17300/22841 loss 3.0838 lr 1.38e-04 gnorm 0.38 43771 tok/s 431.5min peak 6.13GiB
[06:44:59] step 17350/22841 loss 3.0854 lr 1.37e-04 gnorm 0.39 43771 tok/s 432.7min peak 6.13GiB
[06:46:13] step 17400/22841 loss 3.0168 lr 1.35e-04 gnorm 0.37 43771 tok/s 434.0min peak 6.13GiB
[06:47:28] step 17450/22841 loss 3.1482 lr 1.34e-04 gnorm 0.39 43771 tok/s 435.2min peak 6.13GiB
[06:48:43] step 17500/22841 loss 3.0559 lr 1.33e-04 gnorm 0.37 43772 tok/s 436.5min peak 6.13GiB
[06:49:57] step 17550/22841 loss 3.0965 lr 1.31e-04 gnorm 0.38 43772 tok/s 437.7min peak 6.13GiB
[06:51:12] step 17600/22841 loss 3.0941 lr 1.30e-04 gnorm 0.38 43772 tok/s 439.0min peak 6.13GiB
[06:52:27] step 17650/22841 loss 3.113 lr 1.29e-04 gnorm 0.39 43772 tok/s 440.2min peak 6.13GiB
[06:53:41] step 17700/22841 loss 3.1989 lr 1.28e-04 gnorm 0.38 43773 tok/s 441.5min peak 6.13GiB
[06:54:56] step 17750/22841 loss 2.9029 lr 1.26e-04 gnorm 0.38 43773 tok/s 442.7min peak 6.13GiB
[06:56:11] step 17800/22841 loss 3.0026 lr 1.25e-04 gnorm 0.40 43773 tok/s 443.9min peak 6.13GiB
[06:57:27] step 17850/22841 loss 3.0701 lr 1.24e-04 gnorm 0.40 43770 tok/s 445.2min peak 6.13GiB
[06:58:44] step 17900/22841 loss 3.1615 lr 1.23e-04 gnorm 0.38 43767 tok/s 446.5min peak 6.13GiB
[07:00:01] step 17950/22841 loss 2.9574 lr 1.21e-04 gnorm 0.37 43764 tok/s 447.8min peak 6.13GiB
[07:01:18] step 18000/22841 loss 3.1114 lr 1.20e-04 gnorm 0.39 43760 tok/s 449.1min peak 6.13GiB
[07:02:35] step 18050/22841 loss 2.9012 lr 1.19e-04 gnorm 0.37 43757 tok/s 450.3min peak 6.13GiB
[07:03:52] step 18100/22841 loss 2.9491 lr 1.18e-04 gnorm 0.38 43753 tok/s 451.6min peak 6.13GiB
[07:05:09] step 18150/22841 loss 3.0018 lr 1.17e-04 gnorm 0.37 43749 tok/s 452.9min peak 6.13GiB
[07:06:26] step 18200/22841 loss 2.8756 lr 1.15e-04 gnorm 0.38 43746 tok/s 454.2min peak 6.13GiB
[07:07:43] step 18250/22841 loss 2.9539 lr 1.14e-04 gnorm 0.38 43743 tok/s 455.5min peak 6.13GiB
[07:09:00] step 18300/22841 loss 3.0573 lr 1.13e-04 gnorm 0.40 43739 tok/s 456.8min peak 6.13GiB
[07:10:18] step 18350/22841 loss 2.9359 lr 1.12e-04 gnorm 0.37 43734 tok/s 458.1min peak 6.13GiB
[07:11:36] step 18400/22841 loss 3.1743 lr 1.11e-04 gnorm 0.40 43730 tok/s 459.4min peak 6.13GiB
[07:12:54] step 18450/22841 loss 3.0829 lr 1.10e-04 gnorm 0.38 43724 tok/s 460.7min peak 6.13GiB
[07:14:12] step 18500/22841 loss 3.1855 lr 1.09e-04 gnorm 0.39 43719 tok/s 462.0min peak 6.13GiB
[07:15:30] step 18550/22841 loss 2.975 lr 1.08e-04 gnorm 0.39 43715 tok/s 463.3min peak 6.13GiB
[07:16:48] step 18600/22841 loss 3.1088 lr 1.07e-04 gnorm 0.40 43710 tok/s 464.6min peak 6.13GiB
[07:18:06] step 18650/22841 loss 2.9495 lr 1.06e-04 gnorm 0.37 43706 tok/s 465.9min peak 6.13GiB
[07:19:23] step 18700/22841 loss 2.9747 lr 1.04e-04 gnorm 0.39 43702 tok/s 467.2min peak 6.13GiB
[07:20:41] step 18750/22841 loss 3.1847 lr 1.03e-04 gnorm 0.40 43698 tok/s 468.4min peak 6.13GiB
[07:21:59] step 18800/22841 loss 3.0798 lr 1.02e-04 gnorm 0.39 43693 tok/s 469.7min peak 6.13GiB
[07:23:18] step 18850/22841 loss 3.0734 lr 1.01e-04 gnorm 0.39 43686 tok/s 471.1min peak 6.13GiB
[07:24:51] step 18900/22841 loss 3.0867 lr 1.00e-04 gnorm 0.38 43658 tok/s 472.6min peak 6.13GiB
[07:26:15] step 18950/22841 loss 2.9246 lr 9.94e-05 gnorm 0.38 43644 tok/s 474.0min peak 6.13GiB
[07:27:33] step 19000/22841 loss 3.1558 lr 9.84e-05 gnorm 0.39 43640 tok/s 475.3min peak 6.13GiB
[07:28:51] step 19050/22841 loss 3.1903 lr 9.75e-05 gnorm 0.40 43636 tok/s 476.6min peak 6.13GiB
[07:30:08] step 19100/22841 loss 3.0157 lr 9.65e-05 gnorm 0.38 43632 tok/s 477.9min peak 6.13GiB
[07:31:26] step 19150/22841 loss 3.1051 lr 9.56e-05 gnorm 0.39 43628 tok/s 479.2min peak 6.13GiB
[07:32:44] step 19200/22841 loss 3.01 lr 9.46e-05 gnorm 0.39 43624 tok/s 480.5min peak 6.13GiB
[07:34:02] step 19250/22841 loss 2.9229 lr 9.37e-05 gnorm 0.39 43619 tok/s 481.8min peak 6.13GiB
[07:35:20] step 19300/22841 loss 3.1035 lr 9.28e-05 gnorm 0.38 43615 tok/s 483.1min peak 6.13GiB
[07:36:39] step 19350/22841 loss 3.072 lr 9.19e-05 gnorm 0.38 43610 tok/s 484.4min peak 6.13GiB
[07:37:57] step 19400/22841 loss 3.1079 lr 9.10e-05 gnorm 0.39 43605 tok/s 485.7min peak 6.13GiB
[07:39:15] step 19450/22841 loss 3.0363 lr 9.01e-05 gnorm 0.38 43601 tok/s 487.0min peak 6.13GiB
[07:40:33] step 19500/22841 loss 3.0032 lr 8.93e-05 gnorm 0.38 43596 tok/s 488.3min peak 6.13GiB
[07:41:51] step 19550/22841 loss 2.874 lr 8.84e-05 gnorm 0.38 43592 tok/s 489.6min peak 6.13GiB
[07:43:09] step 19600/22841 loss 2.98 lr 8.76e-05 gnorm 0.39 43588 tok/s 490.9min peak 6.13GiB
[07:44:26] step 19650/22841 loss 3.1336 lr 8.67e-05 gnorm 0.39 43584 tok/s 492.2min peak 6.13GiB
[07:45:44] step 19700/22841 loss 2.9958 lr 8.59e-05 gnorm 0.39 43581 tok/s 493.5min peak 6.13GiB
[07:47:02] step 19750/22841 loss 3.0667 lr 8.51e-05 gnorm 0.40 43577 tok/s 494.8min peak 6.13GiB
[07:48:19] step 19800/22841 loss 3.1765 lr 8.43e-05 gnorm 0.40 43574 tok/s 496.1min peak 6.13GiB
[07:49:37] step 19850/22841 loss 2.9717 lr 8.35e-05 gnorm 0.40 43569 tok/s 497.4min peak 6.13GiB
[07:50:55] step 19900/22841 loss 3.1051 lr 8.28e-05 gnorm 0.39 43566 tok/s 498.7min peak 6.13GiB
[07:52:12] step 19950/22841 loss 3.1598 lr 8.20e-05 gnorm 0.39 43562 tok/s 500.0min peak 6.13GiB
[07:53:30] step 20000/22841 loss 3.0684 lr 8.13e-05 gnorm 0.39 43559 tok/s 501.3min peak 6.13GiB

Writing model shards:   0%|          | 0/1 [00:00<?, ?it/s]
Writing model shards: 100%|██████████| 1/1 [00:00<00:00, 11.18it/s]
[07:53:30]   saved D:\wt\feng-distill-30m\v2\stage_pre_v3\step20000
[07:54:48] step 20050/22841 loss 3.2028 lr 8.05e-05 gnorm 0.39 43555 tok/s 502.6min peak 6.13GiB
[07:56:05] step 20100/22841 loss 2.6321 lr 7.98e-05 gnorm 0.37 43552 tok/s 503.9min peak 6.13GiB
[07:57:23] step 20150/22841 loss 2.8838 lr 7.91e-05 gnorm 0.40 43548 tok/s 505.2min peak 6.13GiB
[07:58:41] step 20200/22841 loss 3.1552 lr 7.84e-05 gnorm 0.40 43544 tok/s 506.5min peak 6.13GiB
[07:59:59] step 20250/22841 loss 3.0295 lr 7.77e-05 gnorm 0.38 43541 tok/s 507.7min peak 6.13GiB
[08:01:17] step 20300/22841 loss 2.9976 lr 7.71e-05 gnorm 0.38 43536 tok/s 509.1min peak 6.13GiB
[08:02:36] step 20350/22841 loss 2.9832 lr 7.64e-05 gnorm 0.39 43531 tok/s 510.4min peak 6.13GiB
[08:03:54] step 20400/22841 loss 2.9266 lr 7.58e-05 gnorm 0.39 43527 tok/s 511.7min peak 6.13GiB
[08:05:13] step 20450/22841 loss 2.9901 lr 7.51e-05 gnorm 0.38 43522 tok/s 513.0min peak 6.13GiB
[08:06:31] step 20500/22841 loss 2.9996 lr 7.45e-05 gnorm 0.39 43518 tok/s 514.3min peak 6.13GiB
[08:07:48] step 20550/22841 loss 2.8701 lr 7.39e-05 gnorm 0.37 43515 tok/s 515.6min peak 6.13GiB
[08:09:06] step 20600/22841 loss 2.913 lr 7.33e-05 gnorm 0.39 43511 tok/s 516.9min peak 6.13GiB
[08:10:42] step 20650/22841 loss 3.1231 lr 7.27e-05 gnorm 0.40 43483 tok/s 518.5min peak 6.13GiB
[08:12:00] step 20700/22841 loss 3.0526 lr 7.21e-05 gnorm 0.40 43479 tok/s 519.8min peak 6.13GiB
[08:13:18] step 20750/22841 loss 2.9665 lr 7.16e-05 gnorm 0.39 43475 tok/s 521.1min peak 6.13GiB
[08:14:36] step 20800/22841 loss 3.2097 lr 7.10e-05 gnorm 0.40 43471 tok/s 522.4min peak 6.13GiB
[08:15:55] step 20850/22841 loss 3.1581 lr 7.05e-05 gnorm 0.39 43467 tok/s 523.7min peak 6.13GiB
[08:17:13] step 20900/22841 loss 3.0425 lr 7.00e-05 gnorm 0.39 43463 tok/s 525.0min peak 6.13GiB
[08:18:31] step 20950/22841 loss 3.0732 lr 6.95e-05 gnorm 0.40 43459 tok/s 526.3min peak 6.13GiB
[08:19:50] step 21000/22841 loss 2.8987 lr 6.90e-05 gnorm 0.39 43455 tok/s 527.6min peak 6.13GiB
[08:21:07] step 21050/22841 loss 2.9268 lr 6.85e-05 gnorm 0.40 43452 tok/s 528.9min peak 6.13GiB
[08:22:24] step 21100/22841 loss 2.8486 lr 6.81e-05 gnorm 0.38 43449 tok/s 530.2min peak 6.13GiB
[08:23:42] step 21150/22841 loss 3.0195 lr 6.76e-05 gnorm 0.41 43447 tok/s 531.5min peak 6.13GiB
[08:24:59] step 21200/22841 loss 3.089 lr 6.72e-05 gnorm 0.40 43444 tok/s 532.7min peak 6.13GiB
[08:26:16] step 21250/22841 loss 2.9465 lr 6.67e-05 gnorm 0.40 43441 tok/s 534.0min peak 6.13GiB
[08:27:34] step 21300/22841 loss 2.926 lr 6.63e-05 gnorm 0.40 43439 tok/s 535.3min peak 6.13GiB
[08:28:51] step 21350/22841 loss 2.9715 lr 6.59e-05 gnorm 0.38 43436 tok/s 536.6min peak 6.13GiB
[08:30:08] step 21400/22841 loss 2.8509 lr 6.55e-05 gnorm 0.38 43433 tok/s 537.9min peak 6.13GiB
[08:31:26] step 21450/22841 loss 2.9234 lr 6.51e-05 gnorm 0.39 43431 tok/s 539.2min peak 6.13GiB
[08:32:43] step 21500/22841 loss 2.9672 lr 6.48e-05 gnorm 0.39 43428 tok/s 540.5min peak 6.13GiB
[08:34:00] step 21550/22841 loss 3.0199 lr 6.44e-05 gnorm 0.39 43426 tok/s 541.8min peak 6.13GiB
[08:35:18] step 21600/22841 loss 2.8656 lr 6.41e-05 gnorm 0.41 43423 tok/s 543.1min peak 6.13GiB
[08:36:36] step 21650/22841 loss 2.9285 lr 6.38e-05 gnorm 0.40 43419 tok/s 544.4min peak 6.13GiB
[08:38:01] step 21700/22841 loss 3.1339 lr 6.35e-05 gnorm 0.40 43407 tok/s 545.8min peak 6.13GiB
[08:39:20] step 21750/22841 loss 2.8857 lr 6.32e-05 gnorm 0.40 43402 tok/s 547.1min peak 6.13GiB
[08:40:39] step 21800/22841 loss 2.9639 lr 6.29e-05 gnorm 0.38 43398 tok/s 548.4min peak 6.13GiB
[08:41:57] step 21850/22841 loss 3.3518 lr 6.26e-05 gnorm 0.41 43394 tok/s 549.7min peak 6.13GiB
[08:43:15] step 21900/22841 loss 2.8713 lr 6.24e-05 gnorm 0.39 43391 tok/s 551.0min peak 6.13GiB
[08:44:32] step 21950/22841 loss 2.9737 lr 6.21e-05 gnorm 0.39 43388 tok/s 552.3min peak 6.13GiB
[08:45:50] step 22000/22841 loss 2.8073 lr 6.19e-05 gnorm 0.39 43385 tok/s 553.6min peak 6.13GiB
[08:47:08] step 22050/22841 loss 3.1994 lr 6.17e-05 gnorm 0.40 43382 tok/s 554.9min peak 6.13GiB
[08:48:25] step 22100/22841 loss 3.0081 lr 6.15e-05 gnorm 0.39 43380 tok/s 556.2min peak 6.13GiB
[08:49:42] step 22150/22841 loss 2.9775 lr 6.13e-05 gnorm 0.38 43378 tok/s 557.5min peak 6.13GiB
[08:50:58] step 22200/22841 loss 3.0612 lr 6.11e-05 gnorm 0.39 43377 tok/s 558.7min peak 6.13GiB
[08:52:15] step 22250/22841 loss 2.9801 lr 6.09e-05 gnorm 0.40 43376 tok/s 560.0min peak 6.13GiB
[08:53:32] step 22300/22841 loss 2.976 lr 6.08e-05 gnorm 0.39 43373 tok/s 561.3min peak 6.13GiB
[08:54:49] step 22350/22841 loss 2.8382 lr 6.06e-05 gnorm 0.40 43371 tok/s 562.6min peak 6.13GiB
[08:56:07] step 22400/22841 loss 3.1745 lr 6.05e-05 gnorm 0.41 43369 tok/s 563.9min peak 6.13GiB
[08:57:24] step 22450/22841 loss 2.9994 lr 6.04e-05 gnorm 0.40 43367 tok/s 565.2min peak 6.13GiB
[08:58:41] step 22500/22841 loss 2.9478 lr 6.03e-05 gnorm 0.42 43365 tok/s 566.4min peak 6.13GiB
[08:59:58] step 22550/22841 loss 3.2353 lr 6.02e-05 gnorm 0.42 43363 tok/s 567.7min peak 6.13GiB
[09:01:15] step 22600/22841 loss 3.0793 lr 6.02e-05 gnorm 0.41 43361 tok/s 569.0min peak 6.13GiB
[09:02:32] step 22650/22841 loss 3.0461 lr 6.01e-05 gnorm 0.40 43359 tok/s 570.3min peak 6.13GiB
[09:03:49] step 22700/22841 loss 2.9183 lr 6.01e-05 gnorm 0.40 43358 tok/s 571.6min peak 6.13GiB
[09:05:05] step 22750/22841 loss 3.1068 lr 6.00e-05 gnorm 0.40 43356 tok/s 572.9min peak 6.13GiB
[09:06:23] step 22800/22841 loss 2.8675 lr 6.00e-05 gnorm 0.39 43354 tok/s 574.1min peak 6.13GiB

Writing model shards:   0%|          | 0/1 [00:00<?, ?it/s]
Writing model shards: 100%|██████████| 1/1 [00:00<00:00,  4.00it/s]
Writing model shards: 100%|██████████| 1/1 [00:00<00:00,  4.00it/s]
[09:07:27]   saved D:\wt\feng-distill-30m\v2\stage_pre_v3\step22841

Writing model shards:   0%|          | 0/1 [00:00<?, ?it/s]
Writing model shards: 100%|██████████| 1/1 [00:00<00:00,  6.04it/s]
Writing model shards: 100%|██████████| 1/1 [00:00<00:00,  6.04it/s]
[09:07:27] done pretrain: 22841 steps, 1496.2M tokens, 575.2 min -> D:\wt\feng-distill-30m\v2\stage_pre_v3\final
