
Loading weights:   0%|          | 0/123 [00:00<?, ?it/s]
Loading weights: 100%|██████████| 123/123 [00:00<00:00, 2436.45it/s]
[18:39:31] [sft] conversations 450861 | avg len 219 | steps/epoch 14089 | total 14089
[18:39:33] step 1/14089 loss 5.1075 lr 5.00e-06 gnorm 8.25 272 tok/s 0.0min peak 0.5GiB
[18:39:37] step 25/14089 loss 1.3822 lr 1.25e-04 gnorm 2.74 2543 tok/s 0.1min peak 0.64GiB
[18:39:42] step 50/14089 loss 1.3551 lr 2.50e-04 gnorm 1.24 3129 tok/s 0.2min peak 0.65GiB
[18:39:47] step 75/14089 loss 1.4314 lr 3.75e-04 gnorm 1.17 3463 tok/s 0.3min peak 0.66GiB
[18:39:52] step 100/14089 loss 1.7681 lr 5.00e-04 gnorm 1.11 3689 tok/s 0.3min peak 0.66GiB
[18:39:56] step 125/14089 loss 1.7518 lr 5.00e-04 gnorm 1.15 3850 tok/s 0.4min peak 0.66GiB
[18:40:01] step 150/14089 loss 1.8134 lr 5.00e-04 gnorm 1.09 3982 tok/s 0.5min peak 0.66GiB
[18:40:06] step 175/14089 loss 1.779 lr 5.00e-04 gnorm 1.14 4090 tok/s 0.6min peak 0.67GiB
[18:40:11] step 200/14089 loss 1.6243 lr 5.00e-04 gnorm 0.92 4180 tok/s 0.7min peak 0.67GiB
[18:40:16] step 225/14089 loss 1.7718 lr 5.00e-04 gnorm 1.24 4259 tok/s 0.7min peak 0.67GiB
[18:40:20] step 250/14089 loss 2.0758 lr 5.00e-04 gnorm 1.04 4333 tok/s 0.8min peak 0.67GiB
[18:40:25] step 275/14089 loss 1.9088 lr 5.00e-04 gnorm 1.05 4388 tok/s 0.9min peak 0.67GiB
[18:40:30] step 300/14089 loss 1.7069 lr 5.00e-04 gnorm 0.99 4450 tok/s 1.0min peak 0.67GiB
[18:40:35] step 325/14089 loss 2.0838 lr 5.00e-04 gnorm 1.05 4506 tok/s 1.1min peak 0.67GiB
[18:40:40] step 350/14089 loss 1.7997 lr 5.00e-04 gnorm 1.06 4553 tok/s 1.1min peak 0.67GiB
[18:40:44] step 375/14089 loss 2.4242 lr 5.00e-04 gnorm 1.07 4598 tok/s 1.2min peak 0.68GiB
[18:40:49] step 400/14089 loss 2.2646 lr 4.99e-04 gnorm 3.33 4642 tok/s 1.3min peak 0.68GiB
[18:40:54] step 425/14089 loss 2.236 lr 4.99e-04 gnorm 1.15 4682 tok/s 1.4min peak 0.68GiB
[18:40:59] step 450/14089 loss 2.0263 lr 4.99e-04 gnorm 1.06 4718 tok/s 1.5min peak 0.68GiB
[18:41:04] step 475/14089 loss 1.8954 lr 4.99e-04 gnorm 1.03 4752 tok/s 1.5min peak 0.68GiB
[18:41:08] step 500/14089 loss 2.2294 lr 4.99e-04 gnorm 1.19 4788 tok/s 1.6min peak 0.68GiB
[18:41:13] step 525/14089 loss 2.0542 lr 4.99e-04 gnorm 0.98 4820 tok/s 1.7min peak 0.68GiB
[18:41:18] step 550/14089 loss 2.0698 lr 4.99e-04 gnorm 1.04 4850 tok/s 1.8min peak 0.68GiB
[18:41:23] step 575/14089 loss 1.8999 lr 4.99e-04 gnorm 1.22 4882 tok/s 1.9min peak 0.69GiB
[18:41:28] step 600/14089 loss 2.3513 lr 4.99e-04 gnorm 1.12 4913 tok/s 1.9min peak 0.69GiB
[18:41:33] step 625/14089 loss 1.8417 lr 4.98e-04 gnorm 1.11 4942 tok/s 2.0min peak 0.69GiB
[18:41:37] step 650/14089 loss 1.674 lr 4.98e-04 gnorm 1.04 4969 tok/s 2.1min peak 0.69GiB
[18:41:42] step 675/14089 loss 2.0831 lr 4.98e-04 gnorm 1.18 4999 tok/s 2.2min peak 0.69GiB
[18:41:47] step 700/14089 loss 1.8734 lr 4.98e-04 gnorm 1.29 5027 tok/s 2.3min peak 0.69GiB
[18:41:52] step 725/14089 loss 1.8674 lr 4.98e-04 gnorm 1.17 5055 tok/s 2.3min peak 0.69GiB
[18:41:57] step 750/14089 loss 1.653 lr 4.98e-04 gnorm 1.22 5081 tok/s 2.4min peak 0.69GiB
[18:42:01] step 775/14089 loss 1.8896 lr 4.97e-04 gnorm 1.28 5109 tok/s 2.5min peak 0.69GiB
[18:42:06] step 800/14089 loss 1.4614 lr 4.97e-04 gnorm 1.16 5136 tok/s 2.6min peak 0.69GiB
[18:42:11] step 825/14089 loss 2.0309 lr 4.97e-04 gnorm 1.11 5161 tok/s 2.7min peak 0.69GiB
[18:42:16] step 850/14089 loss 1.988 lr 4.97e-04 gnorm 1.15 5184 tok/s 2.7min peak 0.7GiB
[18:42:21] step 875/14089 loss 2.1544 lr 4.97e-04 gnorm 1.40 5211 tok/s 2.8min peak 0.7GiB
[18:42:26] step 900/14089 loss 1.8536 lr 4.96e-04 gnorm 1.34 5236 tok/s 2.9min peak 0.7GiB
[18:42:30] step 925/14089 loss 1.9871 lr 4.96e-04 gnorm 1.33 5260 tok/s 3.0min peak 0.7GiB
[18:42:35] step 950/14089 loss 1.9216 lr 4.96e-04 gnorm 1.36 5285 tok/s 3.1min peak 0.7GiB
[18:42:40] step 975/14089 loss 2.1176 lr 4.96e-04 gnorm 1.38 5311 tok/s 3.2min peak 0.7GiB
[18:42:45] step 1000/14089 loss 2.2996 lr 4.95e-04 gnorm 1.37 5335 tok/s 3.2min peak 0.7GiB

Writing model shards:   0%|          | 0/1 [00:00<?, ?it/s]
Writing model shards: 100%|██████████| 1/1 [00:00<00:00, 12.18it/s]
[18:42:45]   saved D:\wt\feng-distill-30m\v2\stage_sft\step1000
[18:42:50] step 1025/14089 loss 2.0096 lr 4.95e-04 gnorm 1.23 5356 tok/s 3.3min peak 0.7GiB
[18:42:55] step 1050/14089 loss 2.2 lr 4.95e-04 gnorm 1.27 5381 tok/s 3.4min peak 0.71GiB
[18:42:59] step 1075/14089 loss 1.9136 lr 4.95e-04 gnorm 1.30 5406 tok/s 3.5min peak 0.71GiB
[18:43:04] step 1100/14089 loss 1.5271 lr 4.94e-04 gnorm 1.22 5431 tok/s 3.6min peak 0.71GiB
[18:43:09] step 1125/14089 loss 1.8064 lr 4.94e-04 gnorm 1.17 5454 tok/s 3.6min peak 0.71GiB
[18:43:14] step 1150/14089 loss 1.8452 lr 4.94e-04 gnorm 1.17 5478 tok/s 3.7min peak 0.71GiB
[18:43:19] step 1175/14089 loss 2.1675 lr 4.93e-04 gnorm 1.15 5503 tok/s 3.8min peak 0.71GiB
[18:43:24] step 1200/14089 loss 2.1244 lr 4.93e-04 gnorm 1.12 5523 tok/s 3.9min peak 0.71GiB
[18:43:29] step 1225/14089 loss 1.4422 lr 4.93e-04 gnorm 1.17 5541 tok/s 4.0min peak 0.71GiB
[18:43:34] step 1250/14089 loss 1.6594 lr 4.93e-04 gnorm 1.45 5541 tok/s 4.1min peak 0.71GiB
[18:43:40] step 1275/14089 loss 2.0096 lr 4.92e-04 gnorm 1.25 5556 tok/s 4.1min peak 0.71GiB
[18:43:44] step 1300/14089 loss 1.8036 lr 4.92e-04 gnorm 1.15 5580 tok/s 4.2min peak 0.71GiB
[18:43:50] step 1325/14089 loss 1.9372 lr 4.92e-04 gnorm 1.22 5591 tok/s 4.3min peak 0.71GiB
[18:43:55] step 1350/14089 loss 2.3984 lr 4.91e-04 gnorm 1.24 5610 tok/s 4.4min peak 0.71GiB
[18:44:00] step 1375/14089 loss 2.1507 lr 4.91e-04 gnorm 1.17 5634 tok/s 4.5min peak 0.72GiB
[18:44:04] step 1400/14089 loss 2.4535 lr 4.90e-04 gnorm 1.20 5658 tok/s 4.6min peak 0.72GiB
[18:44:09] step 1425/14089 loss 2.6138 lr 4.90e-04 gnorm 1.65 5679 tok/s 4.6min peak 0.72GiB
[18:44:14] step 1450/14089 loss 1.9598 lr 4.90e-04 gnorm 1.23 5698 tok/s 4.7min peak 0.72GiB
[18:44:19] step 1475/14089 loss 1.3752 lr 4.89e-04 gnorm 1.16 5718 tok/s 4.8min peak 0.72GiB
[18:44:24] step 1500/14089 loss 2.1586 lr 4.89e-04 gnorm 1.39 5742 tok/s 4.9min peak 0.72GiB
[18:44:29] step 1525/14089 loss 2.3899 lr 4.89e-04 gnorm 2.36 5765 tok/s 5.0min peak 0.72GiB
[18:44:34] step 1550/14089 loss 2.1518 lr 4.88e-04 gnorm 1.38 5787 tok/s 5.0min peak 0.72GiB
[18:44:38] step 1575/14089 loss 2.2009 lr 4.88e-04 gnorm 1.24 5809 tok/s 5.1min peak 0.72GiB
[18:44:43] step 1600/14089 loss 2.2115 lr 4.87e-04 gnorm 1.30 5831 tok/s 5.2min peak 0.72GiB
[18:44:48] step 1625/14089 loss 2.2082 lr 4.87e-04 gnorm 1.38 5853 tok/s 5.3min peak 0.72GiB
[18:44:53] step 1650/14089 loss 2.0939 lr 4.87e-04 gnorm 1.45 5875 tok/s 5.4min peak 0.72GiB
[18:44:58] step 1675/14089 loss 2.8086 lr 4.86e-04 gnorm 1.49 5895 tok/s 5.4min peak 0.72GiB
[18:45:03] step 1700/14089 loss 1.5591 lr 4.86e-04 gnorm 1.39 5915 tok/s 5.5min peak 0.72GiB
[18:45:07] step 1725/14089 loss 2.8826 lr 4.85e-04 gnorm 1.63 5938 tok/s 5.6min peak 0.73GiB
[18:45:12] step 1750/14089 loss 1.9749 lr 4.85e-04 gnorm 1.63 5959 tok/s 5.7min peak 0.73GiB
[18:45:17] step 1775/14089 loss 3.2669 lr 4.84e-04 gnorm 1.57 5980 tok/s 5.8min peak 0.73GiB
[18:45:22] step 1800/14089 loss 2.7172 lr 4.84e-04 gnorm 1.33 6000 tok/s 5.8min peak 0.73GiB
[18:45:27] step 1825/14089 loss 2.2503 lr 4.83e-04 gnorm 1.23 6021 tok/s 5.9min peak 0.73GiB
[18:45:32] step 1850/14089 loss 2.0235 lr 4.83e-04 gnorm 1.23 6043 tok/s 6.0min peak 0.73GiB
[18:45:36] step 1875/14089 loss 2.4203 lr 4.82e-04 gnorm 1.31 6064 tok/s 6.1min peak 0.73GiB
[18:45:41] step 1900/14089 loss 2.2 lr 4.82e-04 gnorm 1.45 6084 tok/s 6.2min peak 0.73GiB
[18:45:46] step 1925/14089 loss 2.0788 lr 4.81e-04 gnorm 1.24 6104 tok/s 6.3min peak 0.74GiB
[18:45:51] step 1950/14089 loss 2.4311 lr 4.81e-04 gnorm 1.22 6125 tok/s 6.3min peak 0.74GiB
[18:45:56] step 1975/14089 loss 2.3215 lr 4.80e-04 gnorm 1.33 6146 tok/s 6.4min peak 0.74GiB
[18:46:01] step 2000/14089 loss 2.4432 lr 4.80e-04 gnorm 1.15 6166 tok/s 6.5min peak 0.74GiB

Writing model shards:   0%|          | 0/1 [00:00<?, ?it/s]
Writing model shards: 100%|██████████| 1/1 [00:00<00:00, 11.76it/s]
[18:46:01]   saved D:\wt\feng-distill-30m\v2\stage_sft\step2000
[18:46:06] step 2025/14089 loss 2.3263 lr 4.79e-04 gnorm 1.30 6185 tok/s 6.6min peak 0.74GiB
[18:46:10] step 2050/14089 loss 2.7724 lr 4.79e-04 gnorm 1.53 6205 tok/s 6.7min peak 0.74GiB
[18:46:15] step 2075/14089 loss 2.2986 lr 4.78e-04 gnorm 1.16 6226 tok/s 6.7min peak 0.74GiB
[18:46:20] step 2100/14089 loss 2.6895 lr 4.78e-04 gnorm 1.42 6246 tok/s 6.8min peak 0.74GiB
[18:46:25] step 2125/14089 loss 2.8305 lr 4.77e-04 gnorm 1.33 6265 tok/s 6.9min peak 0.74GiB
[18:46:30] step 2150/14089 loss 2.5969 lr 4.77e-04 gnorm 1.50 6286 tok/s 7.0min peak 0.74GiB
[18:46:35] step 2175/14089 loss 2.3798 lr 4.76e-04 gnorm 1.29 6307 tok/s 7.1min peak 0.74GiB
[18:46:39] step 2200/14089 loss 2.0268 lr 4.75e-04 gnorm 1.14 6327 tok/s 7.1min peak 0.74GiB
[18:46:44] step 2225/14089 loss 2.598 lr 4.75e-04 gnorm 1.36 6347 tok/s 7.2min peak 0.75GiB
[18:46:49] step 2250/14089 loss 2.3816 lr 4.74e-04 gnorm 1.25 6368 tok/s 7.3min peak 0.75GiB
[18:46:54] step 2275/14089 loss 2.4748 lr 4.74e-04 gnorm 1.30 6389 tok/s 7.4min peak 0.75GiB
[18:46:59] step 2300/14089 loss 2.9548 lr 4.73e-04 gnorm 1.41 6409 tok/s 7.5min peak 0.75GiB
[18:47:04] step 2325/14089 loss 3.0061 lr 4.72e-04 gnorm 1.44 6430 tok/s 7.5min peak 0.75GiB
[18:47:09] step 2350/14089 loss 2.322 lr 4.72e-04 gnorm 1.14 6451 tok/s 7.6min peak 0.75GiB
[18:47:13] step 2375/14089 loss 3.2923 lr 4.71e-04 gnorm 1.32 6472 tok/s 7.7min peak 0.75GiB
[18:47:18] step 2400/14089 loss 2.6065 lr 4.71e-04 gnorm 1.26 6492 tok/s 7.8min peak 0.75GiB
[18:47:23] step 2425/14089 loss 3.0213 lr 4.70e-04 gnorm 1.34 6513 tok/s 7.9min peak 0.75GiB
[18:47:28] step 2450/14089 loss 3.5295 lr 4.69e-04 gnorm 1.30 6534 tok/s 7.9min peak 0.75GiB
[18:47:33] step 2475/14089 loss 2.9354 lr 4.69e-04 gnorm 1.36 6555 tok/s 8.0min peak 0.75GiB
[18:47:38] step 2500/14089 loss 2.5495 lr 4.68e-04 gnorm 1.23 6575 tok/s 8.1min peak 0.75GiB
[18:47:42] step 2525/14089 loss 3.2801 lr 4.67e-04 gnorm 1.33 6596 tok/s 8.2min peak 0.76GiB
[18:47:47] step 2550/14089 loss 2.1355 lr 4.67e-04 gnorm 1.27 6617 tok/s 8.3min peak 0.76GiB
[18:47:52] step 2575/14089 loss 2.8498 lr 4.66e-04 gnorm 1.29 6639 tok/s 8.4min peak 0.76GiB
[18:47:57] step 2600/14089 loss 3.1159 lr 4.65e-04 gnorm 1.25 6660 tok/s 8.4min peak 0.77GiB
[18:48:02] step 2625/14089 loss 2.5704 lr 4.65e-04 gnorm 1.17 6682 tok/s 8.5min peak 0.77GiB
[18:48:07] step 2650/14089 loss 2.805 lr 4.64e-04 gnorm 1.20 6703 tok/s 8.6min peak 0.77GiB
[18:48:11] step 2675/14089 loss 2.9331 lr 4.63e-04 gnorm 1.30 6724 tok/s 8.7min peak 0.77GiB
[18:48:16] step 2700/14089 loss 2.6284 lr 4.63e-04 gnorm 1.36 6746 tok/s 8.8min peak 0.77GiB
[18:48:21] step 2725/14089 loss 3.0045 lr 4.62e-04 gnorm 1.28 6768 tok/s 8.8min peak 0.77GiB
[18:48:26] step 2750/14089 loss 3.45 lr 4.61e-04 gnorm 1.22 6789 tok/s 8.9min peak 0.77GiB
[18:48:31] step 2775/14089 loss 3.287 lr 4.61e-04 gnorm 1.23 6812 tok/s 9.0min peak 0.77GiB
[18:48:35] step 2800/14089 loss 2.8942 lr 4.60e-04 gnorm 1.20 6834 tok/s 9.1min peak 0.77GiB
[18:48:40] step 2825/14089 loss 2.2763 lr 4.59e-04 gnorm 1.29 6856 tok/s 9.2min peak 0.77GiB
[18:48:45] step 2850/14089 loss 3.4439 lr 4.58e-04 gnorm 1.30 6879 tok/s 9.2min peak 0.77GiB
[18:48:50] step 2875/14089 loss 2.9754 lr 4.58e-04 gnorm 1.16 6901 tok/s 9.3min peak 0.77GiB
[18:48:54] step 2900/14089 loss 3.2314 lr 4.57e-04 gnorm 1.38 6924 tok/s 9.4min peak 0.77GiB
[18:48:59] step 2925/14089 loss 3.3592 lr 4.56e-04 gnorm 1.33 6946 tok/s 9.5min peak 0.78GiB
[18:49:04] step 2950/14089 loss 3.0682 lr 4.55e-04 gnorm 1.23 6969 tok/s 9.6min peak 0.78GiB
[18:49:09] step 2975/14089 loss 3.393 lr 4.55e-04 gnorm 1.27 6991 tok/s 9.6min peak 0.78GiB
[18:49:14] step 3000/14089 loss 2.7902 lr 4.54e-04 gnorm 1.43 7014 tok/s 9.7min peak 0.78GiB

Writing model shards:   0%|          | 0/1 [00:00<?, ?it/s]
Writing model shards: 100%|██████████| 1/1 [00:00<00:00, 11.15it/s]
[18:49:14]   saved D:\wt\feng-distill-30m\v2\stage_sft\step3000
[18:49:19] step 3025/14089 loss 3.2339 lr 4.53e-04 gnorm 1.21 7036 tok/s 9.8min peak 0.78GiB
[18:49:24] step 3050/14089 loss 3.0975 lr 4.52e-04 gnorm 1.25 7046 tok/s 9.9min peak 0.78GiB
[18:49:30] step 3075/14089 loss 3.5385 lr 4.52e-04 gnorm 1.31 7065 tok/s 10.0min peak 0.79GiB
[18:49:35] step 3100/14089 loss 3.0779 lr 4.51e-04 gnorm 1.28 7081 tok/s 10.1min peak 0.79GiB
[18:49:40] step 3125/14089 loss 2.8143 lr 4.50e-04 gnorm 1.26 7103 tok/s 10.1min peak 0.79GiB
[18:49:45] step 3150/14089 loss 3.6372 lr 4.49e-04 gnorm 1.39 7121 tok/s 10.2min peak 0.79GiB
[18:49:50] step 3175/14089 loss 3.4982 lr 4.48e-04 gnorm 1.42 7140 tok/s 10.3min peak 0.79GiB
[18:49:55] step 3200/14089 loss 3.5547 lr 4.48e-04 gnorm 1.20 7163 tok/s 10.4min peak 0.8GiB
[18:50:00] step 3225/14089 loss 3.1055 lr 4.47e-04 gnorm 1.30 7186 tok/s 10.5min peak 0.8GiB
[18:50:05] step 3250/14089 loss 3.6855 lr 4.46e-04 gnorm 1.29 7210 tok/s 10.6min peak 0.8GiB
[18:50:10] step 3275/14089 loss 3.1385 lr 4.45e-04 gnorm 1.32 7234 tok/s 10.6min peak 0.8GiB
[18:50:15] step 3300/14089 loss 3.6636 lr 4.44e-04 gnorm 1.23 7258 tok/s 10.7min peak 0.8GiB
[18:50:19] step 3325/14089 loss 3.6615 lr 4.44e-04 gnorm 1.17 7281 tok/s 10.8min peak 0.8GiB
[18:50:24] step 3350/14089 loss 3.2213 lr 4.43e-04 gnorm 1.22 7305 tok/s 10.9min peak 0.8GiB
[18:50:29] step 3375/14089 loss 3.672 lr 4.42e-04 gnorm 1.16 7329 tok/s 11.0min peak 0.8GiB
[18:50:34] step 3400/14089 loss 3.1971 lr 4.41e-04 gnorm 1.19 7353 tok/s 11.1min peak 0.8GiB
[18:50:39] step 3425/14089 loss 3.7421 lr 4.40e-04 gnorm 1.06 7378 tok/s 11.1min peak 0.8GiB
[18:50:44] step 3450/14089 loss 3.7216 lr 4.39e-04 gnorm 1.28 7402 tok/s 11.2min peak 0.81GiB
[18:50:49] step 3475/14089 loss 3.1789 lr 4.38e-04 gnorm 1.07 7427 tok/s 11.3min peak 0.81GiB
[18:50:54] step 3500/14089 loss 3.0126 lr 4.38e-04 gnorm 1.33 7451 tok/s 11.4min peak 0.81GiB
[18:50:58] step 3525/14089 loss 3.7036 lr 4.37e-04 gnorm 1.23 7476 tok/s 11.5min peak 0.81GiB
[18:51:03] step 3550/14089 loss 3.7351 lr 4.36e-04 gnorm 1.19 7500 tok/s 11.5min peak 0.81GiB
[18:51:08] step 3575/14089 loss 3.3867 lr 4.35e-04 gnorm 1.22 7525 tok/s 11.6min peak 0.82GiB
[18:51:13] step 3600/14089 loss 3.109 lr 4.34e-04 gnorm 1.33 7550 tok/s 11.7min peak 0.82GiB
[18:51:18] step 3625/14089 loss 3.3706 lr 4.33e-04 gnorm 1.05 7575 tok/s 11.8min peak 0.82GiB
[18:51:23] step 3650/14089 loss 3.5867 lr 4.32e-04 gnorm 1.16 7600 tok/s 11.9min peak 0.82GiB
[18:51:28] step 3675/14089 loss 3.5674 lr 4.31e-04 gnorm 1.16 7626 tok/s 11.9min peak 0.82GiB
[18:51:32] step 3700/14089 loss 3.5396 lr 4.30e-04 gnorm 1.00 7651 tok/s 12.0min peak 0.83GiB
[18:51:37] step 3725/14089 loss 3.3203 lr 4.29e-04 gnorm 1.29 7677 tok/s 12.1min peak 0.83GiB
[18:51:42] step 3750/14089 loss 3.862 lr 4.29e-04 gnorm 1.17 7702 tok/s 12.2min peak 0.83GiB
[18:51:47] step 3775/14089 loss 3.4457 lr 4.28e-04 gnorm 1.20 7728 tok/s 12.3min peak 0.83GiB
[18:51:52] step 3800/14089 loss 3.567 lr 4.27e-04 gnorm 1.04 7754 tok/s 12.3min peak 0.83GiB
[18:51:57] step 3825/14089 loss 3.5177 lr 4.26e-04 gnorm 1.15 7780 tok/s 12.4min peak 0.83GiB
[18:52:02] step 3850/14089 loss 3.5433 lr 4.25e-04 gnorm 1.06 7806 tok/s 12.5min peak 0.83GiB
[18:52:07] step 3875/14089 loss 3.7971 lr 4.24e-04 gnorm 1.20 7832 tok/s 12.6min peak 0.83GiB
[18:52:11] step 3900/14089 loss 4.0163 lr 4.23e-04 gnorm 1.02 7858 tok/s 12.7min peak 0.83GiB
[18:52:16] step 3925/14089 loss 3.7034 lr 4.22e-04 gnorm 1.09 7885 tok/s 12.8min peak 0.83GiB
[18:52:21] step 3950/14089 loss 3.0106 lr 4.21e-04 gnorm 1.08 7911 tok/s 12.8min peak 0.85GiB
[18:52:26] step 3975/14089 loss 3.5117 lr 4.20e-04 gnorm 1.15 7938 tok/s 12.9min peak 0.85GiB
[18:52:31] step 4000/14089 loss 3.5108 lr 4.19e-04 gnorm 1.06 7966 tok/s 13.0min peak 0.85GiB

Writing model shards:   0%|          | 0/1 [00:00<?, ?it/s]
Writing model shards: 100%|██████████| 1/1 [00:00<00:00, 10.69it/s]
[18:52:31]   saved D:\wt\feng-distill-30m\v2\stage_sft\step4000
[18:52:36] step 4025/14089 loss 3.1802 lr 4.18e-04 gnorm 1.15 7992 tok/s 13.1min peak 0.85GiB
[18:52:41] step 4050/14089 loss 3.4879 lr 4.17e-04 gnorm 1.03 8019 tok/s 13.2min peak 0.86GiB
[18:52:46] step 4075/14089 loss 3.2999 lr 4.16e-04 gnorm 1.10 8047 tok/s 13.2min peak 0.86GiB
[18:52:50] step 4100/14089 loss 3.0996 lr 4.15e-04 gnorm 1.12 8074 tok/s 13.3min peak 0.86GiB
[18:52:55] step 4125/14089 loss 3.4434 lr 4.14e-04 gnorm 1.09 8102 tok/s 13.4min peak 0.86GiB
[18:53:00] step 4150/14089 loss 3.0473 lr 4.13e-04 gnorm 1.04 8129 tok/s 13.5min peak 0.86GiB
[18:53:05] step 4175/14089 loss 3.6279 lr 4.12e-04 gnorm 1.06 8158 tok/s 13.6min peak 0.87GiB
[18:53:10] step 4200/14089 loss 3.7975 lr 4.11e-04 gnorm 1.13 8185 tok/s 13.6min peak 0.87GiB
[18:53:15] step 4225/14089 loss 3.6005 lr 4.10e-04 gnorm 0.99 8214 tok/s 13.7min peak 0.87GiB
[18:53:20] step 4250/14089 loss 3.5758 lr 4.09e-04 gnorm 1.15 8242 tok/s 13.8min peak 0.87GiB
[18:53:24] step 4275/14089 loss 4.1084 lr 4.08e-04 gnorm 1.12 8270 tok/s 13.9min peak 0.87GiB
[18:53:29] step 4300/14089 loss 3.8704 lr 4.07e-04 gnorm 1.01 8299 tok/s 14.0min peak 0.87GiB
[18:53:34] step 4325/14089 loss 3.6412 lr 4.06e-04 gnorm 1.11 8327 tok/s 14.1min peak 0.88GiB
[18:53:39] step 4350/14089 loss 4.1156 lr 4.05e-04 gnorm 1.05 8356 tok/s 14.1min peak 0.88GiB
[18:53:44] step 4375/14089 loss 3.6871 lr 4.04e-04 gnorm 1.13 8385 tok/s 14.2min peak 0.88GiB
[18:53:49] step 4400/14089 loss 3.6116 lr 4.03e-04 gnorm 1.17 8414 tok/s 14.3min peak 0.88GiB
[18:53:53] step 4425/14089 loss 3.7502 lr 4.02e-04 gnorm 1.01 8443 tok/s 14.4min peak 0.88GiB
[18:53:58] step 4450/14089 loss 3.8716 lr 4.01e-04 gnorm 1.00 8472 tok/s 14.5min peak 0.89GiB
[18:54:03] step 4475/14089 loss 3.6207 lr 4.00e-04 gnorm 1.09 8502 tok/s 14.5min peak 0.89GiB
[18:54:08] step 4500/14089 loss 3.8662 lr 3.99e-04 gnorm 1.02 8531 tok/s 14.6min peak 0.89GiB
[18:54:13] step 4525/14089 loss 3.422 lr 3.98e-04 gnorm 1.10 8560 tok/s 14.7min peak 0.89GiB
[18:54:18] step 4550/14089 loss 3.7935 lr 3.97e-04 gnorm 1.08 8590 tok/s 14.8min peak 0.89GiB
[18:54:22] step 4575/14089 loss 3.7104 lr 3.96e-04 gnorm 1.05 8620 tok/s 14.9min peak 0.89GiB
[18:54:27] step 4600/14089 loss 3.9292 lr 3.95e-04 gnorm 1.01 8649 tok/s 14.9min peak 0.89GiB
[18:54:32] step 4625/14089 loss 3.6365 lr 3.93e-04 gnorm 0.95 8679 tok/s 15.0min peak 0.9GiB
[18:54:37] step 4650/14089 loss 3.3787 lr 3.92e-04 gnorm 0.96 8709 tok/s 15.1min peak 0.9GiB
[18:54:42] step 4675/14089 loss 3.4126 lr 3.91e-04 gnorm 1.01 8738 tok/s 15.2min peak 0.9GiB
[18:54:46] step 4700/14089 loss 3.7484 lr 3.90e-04 gnorm 1.02 8768 tok/s 15.3min peak 0.9GiB
[18:54:51] step 4725/14089 loss 3.3911 lr 3.89e-04 gnorm 0.95 8798 tok/s 15.3min peak 0.9GiB
[18:54:56] step 4750/14089 loss 3.5299 lr 3.88e-04 gnorm 1.10 8827 tok/s 15.4min peak 0.9GiB
[18:55:01] step 4775/14089 loss 3.5889 lr 3.87e-04 gnorm 0.96 8854 tok/s 15.5min peak 0.9GiB
[18:55:12] step 4800/14089 loss 4.0059 lr 3.86e-04 gnorm 1.10 8826 tok/s 15.7min peak 0.9GiB
[18:55:23] step 4825/14089 loss 3.7311 lr 3.85e-04 gnorm 1.06 8799 tok/s 15.9min peak 0.9GiB
[18:55:34] step 4850/14089 loss 3.2987 lr 3.84e-04 gnorm 0.95 8773 tok/s 16.0min peak 0.9GiB
[18:55:45] step 4875/14089 loss 3.0377 lr 3.83e-04 gnorm 0.95 8749 tok/s 16.2min peak 0.9GiB
[18:55:56] step 4900/14089 loss 3.3732 lr 3.81e-04 gnorm 1.06 8726 tok/s 16.4min peak 0.92GiB
[18:56:06] step 4925/14089 loss 3.2314 lr 3.80e-04 gnorm 1.15 8704 tok/s 16.6min peak 0.92GiB
[18:56:17] step 4950/14089 loss 3.2395 lr 3.79e-04 gnorm 1.06 8682 tok/s 16.8min peak 0.92GiB
[18:56:28] step 4975/14089 loss 3.7386 lr 3.78e-04 gnorm 1.00 8662 tok/s 16.9min peak 0.92GiB
[18:56:39] step 5000/14089 loss 3.5971 lr 3.77e-04 gnorm 1.09 8642 tok/s 17.1min peak 0.92GiB

Writing model shards:   0%|          | 0/1 [00:00<?, ?it/s]
Writing model shards: 100%|██████████| 1/1 [00:00<00:00,  9.04it/s]
Writing model shards: 100%|██████████| 1/1 [00:00<00:00,  8.96it/s]
[18:56:39]   saved D:\wt\feng-distill-30m\v2\stage_sft\step5000
[18:56:49] step 5025/14089 loss 3.5052 lr 3.76e-04 gnorm 1.01 8623 tok/s 17.3min peak 0.92GiB
[18:57:00] step 5050/14089 loss 3.6804 lr 3.75e-04 gnorm 1.02 8605 tok/s 17.5min peak 0.92GiB
[18:57:11] step 5075/14089 loss 3.2892 lr 3.74e-04 gnorm 1.10 8588 tok/s 17.7min peak 0.92GiB
[18:57:22] step 5100/14089 loss 3.4629 lr 3.72e-04 gnorm 1.04 8571 tok/s 17.8min peak 0.92GiB
[18:57:32] step 5125/14089 loss 3.5192 lr 3.71e-04 gnorm 1.02 8555 tok/s 18.0min peak 0.92GiB
[18:57:43] step 5150/14089 loss 3.5749 lr 3.70e-04 gnorm 1.01 8539 tok/s 18.2min peak 0.92GiB
[18:57:54] step 5175/14089 loss 3.612 lr 3.69e-04 gnorm 0.95 8523 tok/s 18.4min peak 0.92GiB
[18:58:05] step 5200/14089 loss 3.0584 lr 3.68e-04 gnorm 1.01 8509 tok/s 18.6min peak 0.92GiB
[18:58:15] step 5225/14089 loss 3.1746 lr 3.67e-04 gnorm 1.01 8496 tok/s 18.7min peak 0.93GiB
[18:58:26] step 5250/14089 loss 3.2993 lr 3.66e-04 gnorm 1.06 8483 tok/s 18.9min peak 0.93GiB
[18:58:37] step 5275/14089 loss 3.4479 lr 3.64e-04 gnorm 1.06 8469 tok/s 19.1min peak 0.93GiB
[18:58:47] step 5300/14089 loss 2.6553 lr 3.63e-04 gnorm 1.00 8457 tok/s 19.3min peak 0.93GiB
[18:58:58] step 5325/14089 loss 3.4299 lr 3.62e-04 gnorm 1.06 8446 tok/s 19.5min peak 0.93GiB
[18:59:09] step 5350/14089 loss 3.2839 lr 3.61e-04 gnorm 1.07 8433 tok/s 19.6min peak 0.93GiB
[18:59:20] step 5375/14089 loss 3.1738 lr 3.60e-04 gnorm 1.12 8421 tok/s 19.8min peak 0.93GiB
[18:59:31] step 5400/14089 loss 3.4041 lr 3.59e-04 gnorm 1.03 8410 tok/s 20.0min peak 0.93GiB
[18:59:41] step 5425/14089 loss 3.5222 lr 3.57e-04 gnorm 1.11 8400 tok/s 20.2min peak 0.94GiB
[18:59:52] step 5450/14089 loss 3.2942 lr 3.56e-04 gnorm 0.98 8390 tok/s 20.4min peak 0.94GiB
[19:00:03] step 5475/14089 loss 3.438 lr 3.55e-04 gnorm 1.07 8380 tok/s 20.5min peak 0.94GiB
[19:00:14] step 5500/14089 loss 2.965 lr 3.54e-04 gnorm 1.01 8371 tok/s 20.7min peak 0.95GiB
[19:00:25] step 5525/14089 loss 2.7542 lr 3.53e-04 gnorm 1.08 8362 tok/s 20.9min peak 0.95GiB
[19:00:35] step 5550/14089 loss 2.9236 lr 3.51e-04 gnorm 1.11 8352 tok/s 21.1min peak 0.95GiB
[19:00:46] step 5575/14089 loss 3.4755 lr 3.50e-04 gnorm 1.09 8345 tok/s 21.3min peak 0.95GiB
[19:00:57] step 5600/14089 loss 3.8654 lr 3.49e-04 gnorm 1.17 8336 tok/s 21.4min peak 0.95GiB
[19:01:08] step 5625/14089 loss 3.2042 lr 3.48e-04 gnorm 1.09 8329 tok/s 21.6min peak 0.95GiB
[19:01:19] step 5650/14089 loss 2.9195 lr 3.47e-04 gnorm 1.16 8322 tok/s 21.8min peak 0.95GiB
[19:01:29] step 5675/14089 loss 2.9131 lr 3.46e-04 gnorm 1.06 8315 tok/s 22.0min peak 0.95GiB
[19:01:40] step 5700/14089 loss 3.5415 lr 3.44e-04 gnorm 1.47 8309 tok/s 22.2min peak 0.95GiB
[19:01:51] step 5725/14089 loss 2.6976 lr 3.43e-04 gnorm 1.20 8304 tok/s 22.3min peak 0.95GiB
[19:02:01] step 5750/14089 loss 3.5746 lr 3.42e-04 gnorm 1.20 8299 tok/s 22.5min peak 0.95GiB
[19:02:12] step 5775/14089 loss 3.4605 lr 3.41e-04 gnorm 1.20 8294 tok/s 22.7min peak 0.95GiB
[19:02:23] step 5800/14089 loss 3.233 lr 3.39e-04 gnorm 1.08 8289 tok/s 22.9min peak 0.95GiB
[19:02:34] step 5825/14089 loss 3.2854 lr 3.38e-04 gnorm 1.09 8285 tok/s 23.0min peak 0.96GiB
[19:02:44] step 5850/14089 loss 2.774 lr 3.37e-04 gnorm 1.06 8282 tok/s 23.2min peak 0.96GiB
[19:02:55] step 5875/14089 loss 2.9919 lr 3.36e-04 gnorm 1.06 8278 tok/s 23.4min peak 0.96GiB
[19:03:06] step 5900/14089 loss 3.208 lr 3.35e-04 gnorm 1.13 8274 tok/s 23.6min peak 0.96GiB
[19:03:16] step 5925/14089 loss 3.1155 lr 3.33e-04 gnorm 1.18 8271 tok/s 23.8min peak 0.96GiB
[19:03:27] step 5950/14089 loss 2.6956 lr 3.32e-04 gnorm 1.14 8268 tok/s 23.9min peak 0.96GiB
[19:03:38] step 5975/14089 loss 2.7438 lr 3.31e-04 gnorm 1.14 8264 tok/s 24.1min peak 0.97GiB
[19:03:49] step 6000/14089 loss 3.0733 lr 3.30e-04 gnorm 1.13 8261 tok/s 24.3min peak 0.97GiB

Writing model shards:   0%|          | 0/1 [00:00<?, ?it/s]
Writing model shards: 100%|██████████| 1/1 [00:00<00:00,  9.36it/s]
Writing model shards: 100%|██████████| 1/1 [00:00<00:00,  9.36it/s]
[19:03:49]   saved D:\wt\feng-distill-30m\v2\stage_sft\step6000
[19:03:59] step 6025/14089 loss 3.6493 lr 3.29e-04 gnorm 1.18 8258 tok/s 24.5min peak 0.97GiB
[19:04:10] step 6050/14089 loss 3.0182 lr 3.27e-04 gnorm 1.05 8256 tok/s 24.7min peak 0.97GiB
[19:04:21] step 6075/14089 loss 3.4024 lr 3.26e-04 gnorm 1.15 8253 tok/s 24.8min peak 0.97GiB
[19:04:32] step 6100/14089 loss 2.9398 lr 3.25e-04 gnorm 1.06 8252 tok/s 25.0min peak 0.97GiB
[19:04:42] step 6125/14089 loss 3.2437 lr 3.24e-04 gnorm 1.02 8250 tok/s 25.2min peak 0.97GiB
[19:04:53] step 6150/14089 loss 3.2131 lr 3.22e-04 gnorm 1.12 8248 tok/s 25.4min peak 0.97GiB
[19:05:04] step 6175/14089 loss 3.4351 lr 3.21e-04 gnorm 1.19 8246 tok/s 25.6min peak 0.97GiB
[19:05:15] step 6200/14089 loss 3.2331 lr 3.20e-04 gnorm 1.12 8245 tok/s 25.7min peak 0.97GiB
[19:05:26] step 6225/14089 loss 3.3651 lr 3.19e-04 gnorm 1.07 8245 tok/s 25.9min peak 0.97GiB
[19:05:36] step 6250/14089 loss 3.1188 lr 3.17e-04 gnorm 1.05 8245 tok/s 26.1min peak 0.98GiB
[19:05:47] step 6275/14089 loss 3.5483 lr 3.16e-04 gnorm 1.05 8245 tok/s 26.3min peak 0.98GiB
[19:05:58] step 6300/14089 loss 3.2125 lr 3.15e-04 gnorm 1.05 8245 tok/s 26.4min peak 0.98GiB
[19:06:08] step 6325/14089 loss 3.4187 lr 3.14e-04 gnorm 1.17 8245 tok/s 26.6min peak 0.98GiB
[19:06:19] step 6350/14089 loss 3.2179 lr 3.12e-04 gnorm 1.05 8245 tok/s 26.8min peak 0.98GiB
[19:06:30] step 6375/14089 loss 3.1256 lr 3.11e-04 gnorm 1.17 8243 tok/s 27.0min peak 0.99GiB
[19:06:41] step 6400/14089 loss 3.1105 lr 3.10e-04 gnorm 1.07 8244 tok/s 27.2min peak 0.99GiB
[19:06:52] step 6425/14089 loss 3.3092 lr 3.09e-04 gnorm 1.07 8244 tok/s 27.3min peak 0.99GiB
[19:07:03] step 6450/14089 loss 2.908 lr 3.07e-04 gnorm 1.04 8244 tok/s 27.5min peak 0.99GiB
[19:07:13] step 6475/14089 loss 3.2595 lr 3.06e-04 gnorm 0.99 8245 tok/s 27.7min peak 0.99GiB
[19:07:24] step 6500/14089 loss 3.168 lr 3.05e-04 gnorm 1.06 8246 tok/s 27.9min peak 0.99GiB
[19:07:35] step 6525/14089 loss 3.0989 lr 3.04e-04 gnorm 1.02 8247 tok/s 28.1min peak 0.99GiB
[19:07:46] step 6550/14089 loss 2.7046 lr 3.02e-04 gnorm 1.00 8248 tok/s 28.2min peak 0.99GiB
[19:07:57] step 6575/14089 loss 2.8298 lr 3.01e-04 gnorm 1.11 8250 tok/s 28.4min peak 1.0GiB
[19:08:08] step 6600/14089 loss 3.1101 lr 3.00e-04 gnorm 1.08 8251 tok/s 28.6min peak 1.0GiB
[19:08:18] step 6625/14089 loss 2.7293 lr 2.99e-04 gnorm 1.06 8253 tok/s 28.8min peak 1.0GiB
[19:08:29] step 6650/14089 loss 3.5917 lr 2.97e-04 gnorm 1.10 8256 tok/s 29.0min peak 1.0GiB
[19:08:40] step 6675/14089 loss 2.8871 lr 2.96e-04 gnorm 1.08 8257 tok/s 29.1min peak 1.0GiB
[19:08:51] step 6700/14089 loss 3.0175 lr 2.95e-04 gnorm 1.21 8259 tok/s 29.3min peak 1.01GiB
[19:09:02] step 6725/14089 loss 3.6452 lr 2.94e-04 gnorm 1.05 8261 tok/s 29.5min peak 1.01GiB
[19:09:13] step 6750/14089 loss 3.1885 lr 2.92e-04 gnorm 1.14 8263 tok/s 29.7min peak 1.02GiB
[19:09:23] step 6775/14089 loss 3.2051 lr 2.91e-04 gnorm 1.07 8267 tok/s 29.9min peak 1.02GiB
[19:09:34] step 6800/14089 loss 2.8684 lr 2.90e-04 gnorm 1.09 8270 tok/s 30.0min peak 1.02GiB
[19:09:45] step 6825/14089 loss 3.1814 lr 2.89e-04 gnorm 1.10 8273 tok/s 30.2min peak 1.02GiB
[19:09:56] step 6850/14089 loss 3.1412 lr 2.87e-04 gnorm 1.15 8276 tok/s 30.4min peak 1.02GiB
[19:10:07] step 6875/14089 loss 3.5913 lr 2.86e-04 gnorm 1.09 8279 tok/s 30.6min peak 1.02GiB
[19:10:17] step 6900/14089 loss 3.6943 lr 2.85e-04 gnorm 1.06 8283 tok/s 30.8min peak 1.02GiB
[19:10:28] step 6925/14089 loss 3.4711 lr 2.84e-04 gnorm 1.03 8288 tok/s 31.0min peak 1.02GiB
[19:10:39] step 6950/14089 loss 3.3332 lr 2.82e-04 gnorm 1.04 8292 tok/s 31.1min peak 1.02GiB
[19:10:50] step 6975/14089 loss 3.0234 lr 2.81e-04 gnorm 1.00 8296 tok/s 31.3min peak 1.03GiB
[19:11:00] step 7000/14089 loss 3.2064 lr 2.80e-04 gnorm 1.00 8300 tok/s 31.5min peak 1.03GiB

Writing model shards:   0%|          | 0/1 [00:00<?, ?it/s]
Writing model shards: 100%|██████████| 1/1 [00:00<00:00,  7.00it/s]
Writing model shards: 100%|██████████| 1/1 [00:00<00:00,  6.91it/s]
[19:11:01]   saved D:\wt\feng-distill-30m\v2\stage_sft\step7000
[19:11:12] step 7025/14089 loss 2.9537 lr 2.79e-04 gnorm 1.00 8303 tok/s 31.7min peak 1.03GiB
[19:11:23] step 7050/14089 loss 3.4074 lr 2.77e-04 gnorm 1.07 8307 tok/s 31.9min peak 1.03GiB
[19:11:33] step 7075/14089 loss 2.9926 lr 2.76e-04 gnorm 1.01 8312 tok/s 32.0min peak 1.04GiB
[19:11:44] step 7100/14089 loss 3.0471 lr 2.75e-04 gnorm 1.06 8318 tok/s 32.2min peak 1.04GiB
[19:11:55] step 7125/14089 loss 3.9903 lr 2.73e-04 gnorm 1.14 8323 tok/s 32.4min peak 1.04GiB
[19:12:05] step 7150/14089 loss 3.1846 lr 2.72e-04 gnorm 0.98 8328 tok/s 32.6min peak 1.05GiB
[19:12:16] step 7175/14089 loss 3.2184 lr 2.71e-04 gnorm 1.02 8335 tok/s 32.8min peak 1.05GiB
[19:12:27] step 7200/14089 loss 3.1744 lr 2.70e-04 gnorm 1.04 8340 tok/s 32.9min peak 1.05GiB
[19:12:38] step 7225/14089 loss 3.2735 lr 2.68e-04 gnorm 1.11 8346 tok/s 33.1min peak 1.05GiB
[19:12:49] step 7250/14089 loss 2.778 lr 2.67e-04 gnorm 1.10 8352 tok/s 33.3min peak 1.05GiB
[19:12:59] step 7275/14089 loss 3.3151 lr 2.66e-04 gnorm 1.07 8358 tok/s 33.5min peak 1.05GiB
[19:13:10] step 7300/14089 loss 3.521 lr 2.65e-04 gnorm 1.07 8365 tok/s 33.7min peak 1.06GiB
[19:13:21] step 7325/14089 loss 3.6089 lr 2.63e-04 gnorm 1.04 8371 tok/s 33.8min peak 1.06GiB
[19:13:32] step 7350/14089 loss 3.5989 lr 2.62e-04 gnorm 0.99 8377 tok/s 34.0min peak 1.06GiB
[19:13:43] step 7375/14089 loss 3.2528 lr 2.61e-04 gnorm 1.03 8383 tok/s 34.2min peak 1.06GiB
[19:13:54] step 7400/14089 loss 3.0851 lr 2.60e-04 gnorm 1.00 8391 tok/s 34.4min peak 1.07GiB
[19:14:04] step 7425/14089 loss 3.1354 lr 2.58e-04 gnorm 1.06 8398 tok/s 34.6min peak 1.07GiB
[19:14:16] step 7450/14089 loss 3.1792 lr 2.57e-04 gnorm 1.03 8403 tok/s 34.7min peak 1.07GiB
[19:14:27] step 7475/14089 loss 3.4533 lr 2.56e-04 gnorm 1.14 8410 tok/s 34.9min peak 1.08GiB
[19:14:37] step 7500/14089 loss 2.9927 lr 2.55e-04 gnorm 1.28 8419 tok/s 35.1min peak 1.08GiB
[19:14:48] step 7525/14089 loss 3.533 lr 2.53e-04 gnorm 0.99 8427 tok/s 35.3min peak 1.08GiB
[19:14:58] step 7550/14089 loss 3.5663 lr 2.52e-04 gnorm 1.04 8436 tok/s 35.5min peak 1.08GiB
[19:15:09] step 7575/14089 loss 2.9688 lr 2.51e-04 gnorm 1.23 8445 tok/s 35.6min peak 1.08GiB
[19:15:20] step 7600/14089 loss 3.6216 lr 2.50e-04 gnorm 1.04 8454 tok/s 35.8min peak 1.09GiB
[19:15:30] step 7625/14089 loss 3.1 lr 2.48e-04 gnorm 0.98 8463 tok/s 36.0min peak 1.09GiB
[19:15:39] step 7650/14089 loss 3.1367 lr 2.47e-04 gnorm 1.02 8482 tok/s 36.1min peak 1.09GiB
[19:15:44] step 7675/14089 loss 3.3683 lr 2.46e-04 gnorm 1.11 8513 tok/s 36.2min peak 1.1GiB
[19:15:50] step 7700/14089 loss 3.2805 lr 2.44e-04 gnorm 1.02 8543 tok/s 36.3min peak 1.1GiB
[19:15:55] step 7725/14089 loss 3.3676 lr 2.43e-04 gnorm 1.04 8575 tok/s 36.4min peak 1.11GiB
[19:16:00] step 7750/14089 loss 3.4964 lr 2.42e-04 gnorm 0.95 8606 tok/s 36.5min peak 1.11GiB
[19:16:08] step 7775/14089 loss 3.5663 lr 2.41e-04 gnorm 0.97 8628 tok/s 36.6min peak 1.11GiB
[19:16:18] step 7800/14089 loss 3.573 lr 2.40e-04 gnorm 0.95 8638 tok/s 36.8min peak 1.11GiB
[19:16:30] step 7825/14089 loss 3.5711 lr 2.38e-04 gnorm 1.01 8647 tok/s 37.0min peak 1.12GiB
[19:16:41] step 7850/14089 loss 3.2424 lr 2.37e-04 gnorm 1.08 8656 tok/s 37.2min peak 1.12GiB
[19:16:51] step 7875/14089 loss 3.6603 lr 2.36e-04 gnorm 0.96 8667 tok/s 37.3min peak 1.14GiB
[19:17:02] step 7900/14089 loss 3.5519 lr 2.35e-04 gnorm 1.05 8678 tok/s 37.5min peak 1.14GiB
[19:17:13] step 7925/14089 loss 3.7891 lr 2.33e-04 gnorm 0.97 8689 tok/s 37.7min peak 1.14GiB
[19:17:23] step 7950/14089 loss 3.7856 lr 2.32e-04 gnorm 0.89 8702 tok/s 37.9min peak 1.15GiB
[19:17:34] step 7975/14089 loss 3.8142 lr 2.31e-04 gnorm 0.92 8714 tok/s 38.0min peak 1.15GiB
[19:17:44] step 8000/14089 loss 3.5066 lr 2.30e-04 gnorm 0.92 8726 tok/s 38.2min peak 1.15GiB

Writing model shards:   0%|          | 0/1 [00:00<?, ?it/s]
Writing model shards: 100%|██████████| 1/1 [00:00<00:00,  8.23it/s]
Writing model shards: 100%|██████████| 1/1 [00:00<00:00,  8.16it/s]
[19:17:45]   saved D:\wt\feng-distill-30m\v2\stage_sft\step8000
[19:17:55] step 8025/14089 loss 3.8376 lr 2.28e-04 gnorm 0.99 8738 tok/s 38.4min peak 1.15GiB
[19:18:06] step 8050/14089 loss 3.4306 lr 2.27e-04 gnorm 0.94 8752 tok/s 38.6min peak 1.15GiB
[19:18:16] step 8075/14089 loss 3.7616 lr 2.26e-04 gnorm 0.98 8765 tok/s 38.8min peak 1.16GiB
[19:18:27] step 8100/14089 loss 3.3134 lr 2.25e-04 gnorm 1.12 8778 tok/s 38.9min peak 1.17GiB
[19:18:37] step 8125/14089 loss 3.3931 lr 2.23e-04 gnorm 1.05 8792 tok/s 39.1min peak 1.17GiB
[19:18:48] step 8150/14089 loss 3.4597 lr 2.22e-04 gnorm 0.95 8806 tok/s 39.3min peak 1.17GiB
[19:18:58] step 8175/14089 loss 3.684 lr 2.21e-04 gnorm 0.84 8821 tok/s 39.5min peak 1.17GiB
[19:19:09] step 8200/14089 loss 3.8224 lr 2.20e-04 gnorm 0.93 8835 tok/s 39.6min peak 1.18GiB
[19:19:19] step 8225/14089 loss 3.8672 lr 2.18e-04 gnorm 1.01 8850 tok/s 39.8min peak 1.18GiB
[19:19:30] step 8250/14089 loss 3.6868 lr 2.17e-04 gnorm 0.96 8865 tok/s 40.0min peak 1.19GiB
[19:19:37] step 8275/14089 loss 3.8685 lr 2.16e-04 gnorm 0.92 8892 tok/s 40.1min peak 1.19GiB
[19:19:43] step 8300/14089 loss 3.5297 lr 2.15e-04 gnorm 0.86 8925 tok/s 40.2min peak 1.2GiB
[19:19:48] step 8325/14089 loss 3.4988 lr 2.14e-04 gnorm 1.00 8960 tok/s 40.3min peak 1.21GiB
[19:19:53] step 8350/14089 loss 3.261 lr 2.12e-04 gnorm 0.97 8995 tok/s 40.4min peak 1.21GiB
[19:19:58] step 8375/14089 loss 3.5274 lr 2.11e-04 gnorm 0.89 9030 tok/s 40.5min peak 1.21GiB
[19:20:04] step 8400/14089 loss 3.2866 lr 2.10e-04 gnorm 1.01 9065 tok/s 40.5min peak 1.21GiB
[19:20:11] step 8425/14089 loss 3.7105 lr 2.09e-04 gnorm 0.93 9094 tok/s 40.7min peak 1.22GiB
[19:20:22] step 8450/14089 loss 4.0052 lr 2.08e-04 gnorm 1.06 9108 tok/s 40.8min peak 1.23GiB
[19:20:32] step 8475/14089 loss 3.2431 lr 2.06e-04 gnorm 1.04 9125 tok/s 41.0min peak 1.23GiB
[19:20:43] step 8500/14089 loss 3.332 lr 2.05e-04 gnorm 0.96 9141 tok/s 41.2min peak 1.23GiB
[19:20:54] step 8525/14089 loss 3.4256 lr 2.04e-04 gnorm 1.00 9158 tok/s 41.4min peak 1.23GiB
[19:21:04] step 8550/14089 loss 3.5826 lr 2.03e-04 gnorm 0.89 9174 tok/s 41.6min peak 1.24GiB
[19:21:15] step 8575/14089 loss 4.1278 lr 2.02e-04 gnorm 0.98 9191 tok/s 41.7min peak 1.25GiB
[19:21:26] step 8600/14089 loss 3.3613 lr 2.00e-04 gnorm 1.02 9208 tok/s 41.9min peak 1.25GiB
[19:21:36] step 8625/14089 loss 3.7675 lr 1.99e-04 gnorm 0.88 9229 tok/s 42.1min peak 1.25GiB
[19:21:40] step 8650/14089 loss 3.4675 lr 1.98e-04 gnorm 0.98 9268 tok/s 42.2min peak 1.26GiB
[19:21:45] step 8675/14089 loss 3.4799 lr 1.97e-04 gnorm 0.93 9307 tok/s 42.2min peak 1.26GiB
[19:21:50] step 8700/14089 loss 4.0648 lr 1.96e-04 gnorm 0.95 9346 tok/s 42.3min peak 1.27GiB
[19:21:55] step 8725/14089 loss 3.8933 lr 1.94e-04 gnorm 0.92 9385 tok/s 42.4min peak 1.27GiB
[19:22:00] step 8750/14089 loss 3.6134 lr 1.93e-04 gnorm 1.04 9424 tok/s 42.5min peak 1.28GiB
[19:22:05] step 8775/14089 loss 3.3738 lr 1.92e-04 gnorm 0.94 9464 tok/s 42.6min peak 1.28GiB
[19:22:10] step 8800/14089 loss 3.7203 lr 1.91e-04 gnorm 0.88 9504 tok/s 42.6min peak 1.28GiB
[19:22:14] step 8825/14089 loss 3.7066 lr 1.90e-04 gnorm 0.91 9544 tok/s 42.7min peak 1.28GiB
[19:22:19] step 8850/14089 loss 3.5895 lr 1.89e-04 gnorm 0.86 9584 tok/s 42.8min peak 1.28GiB
[19:22:24] step 8875/14089 loss 3.7169 lr 1.87e-04 gnorm 0.82 9625 tok/s 42.9min peak 1.29GiB
[19:22:29] step 8900/14089 loss 3.3149 lr 1.86e-04 gnorm 0.97 9665 tok/s 43.0min peak 1.29GiB
[19:22:34] step 8925/14089 loss 3.7317 lr 1.85e-04 gnorm 0.91 9707 tok/s 43.0min peak 1.3GiB
[19:22:39] step 8950/14089 loss 3.8479 lr 1.84e-04 gnorm 0.96 9748 tok/s 43.1min peak 1.3GiB
[19:22:44] step 8975/14089 loss 3.5962 lr 1.83e-04 gnorm 0.85 9789 tok/s 43.2min peak 1.31GiB
[19:22:49] step 9000/14089 loss 3.6171 lr 1.82e-04 gnorm 0.85 9831 tok/s 43.3min peak 1.31GiB

Writing model shards:   0%|          | 0/1 [00:00<?, ?it/s]
Writing model shards: 100%|██████████| 1/1 [00:00<00:00, 11.36it/s]
[19:22:49]   saved D:\wt\feng-distill-30m\v2\stage_sft\step9000
[19:22:54] step 9025/14089 loss 3.2742 lr 1.80e-04 gnorm 0.94 9872 tok/s 43.4min peak 1.31GiB
[19:22:59] step 9050/14089 loss 3.5428 lr 1.79e-04 gnorm 1.01 9914 tok/s 43.5min peak 1.32GiB
[19:23:03] step 9075/14089 loss 3.403 lr 1.78e-04 gnorm 0.87 9956 tok/s 43.5min peak 1.33GiB
[19:23:08] step 9100/14089 loss 3.4365 lr 1.77e-04 gnorm 0.84 9999 tok/s 43.6min peak 1.33GiB
[19:23:13] step 9125/14089 loss 3.8294 lr 1.76e-04 gnorm 0.83 10041 tok/s 43.7min peak 1.34GiB
[19:23:18] step 9150/14089 loss 3.4307 lr 1.75e-04 gnorm 0.87 10084 tok/s 43.8min peak 1.34GiB
[19:23:23] step 9175/14089 loss 3.7383 lr 1.74e-04 gnorm 0.85 10127 tok/s 43.9min peak 1.34GiB
[19:23:28] step 9200/14089 loss 3.1716 lr 1.73e-04 gnorm 0.90 10170 tok/s 44.0min peak 1.35GiB
[19:23:33] step 9225/14089 loss 3.426 lr 1.71e-04 gnorm 0.86 10213 tok/s 44.0min peak 1.35GiB
[19:23:38] step 9250/14089 loss 3.3241 lr 1.70e-04 gnorm 0.87 10257 tok/s 44.1min peak 1.36GiB
[19:23:43] step 9275/14089 loss 3.4617 lr 1.69e-04 gnorm 0.76 10301 tok/s 44.2min peak 1.37GiB
[19:23:48] step 9300/14089 loss 3.436 lr 1.68e-04 gnorm 0.84 10345 tok/s 44.3min peak 1.37GiB
[19:23:53] step 9325/14089 loss 3.2762 lr 1.67e-04 gnorm 0.93 10389 tok/s 44.4min peak 1.37GiB
[19:23:58] step 9350/14089 loss 3.466 lr 1.66e-04 gnorm 0.80 10434 tok/s 44.4min peak 1.38GiB
[19:24:03] step 9375/14089 loss 3.4742 lr 1.65e-04 gnorm 0.79 10479 tok/s 44.5min peak 1.38GiB
[19:24:08] step 9400/14089 loss 3.4355 lr 1.64e-04 gnorm 0.85 10525 tok/s 44.6min peak 1.39GiB
[19:24:13] step 9425/14089 loss 3.4263 lr 1.63e-04 gnorm 0.89 10570 tok/s 44.7min peak 1.39GiB
[19:24:18] step 9450/14089 loss 3.397 lr 1.61e-04 gnorm 0.71 10616 tok/s 44.8min peak 1.4GiB
[19:24:22] step 9475/14089 loss 3.3268 lr 1.60e-04 gnorm 0.80 10662 tok/s 44.9min peak 1.41GiB
[19:24:27] step 9500/14089 loss 3.3116 lr 1.59e-04 gnorm 0.76 10708 tok/s 44.9min peak 1.41GiB
[19:24:32] step 9525/14089 loss 3.1079 lr 1.58e-04 gnorm 0.87 10754 tok/s 45.0min peak 1.42GiB
[19:24:37] step 9550/14089 loss 3.2139 lr 1.57e-04 gnorm 0.78 10801 tok/s 45.1min peak 1.42GiB
[19:24:42] step 9575/14089 loss 3.3596 lr 1.56e-04 gnorm 0.85 10848 tok/s 45.2min peak 1.42GiB
[19:24:47] step 9600/14089 loss 3.7368 lr 1.55e-04 gnorm 0.87 10895 tok/s 45.3min peak 1.43GiB
[19:24:52] step 9625/14089 loss 3.3311 lr 1.54e-04 gnorm 0.77 10943 tok/s 45.3min peak 1.43GiB
[19:24:57] step 9650/14089 loss 3.3809 lr 1.53e-04 gnorm 0.74 10991 tok/s 45.4min peak 1.44GiB
[19:25:02] step 9675/14089 loss 3.0402 lr 1.52e-04 gnorm 0.76 11039 tok/s 45.5min peak 1.44GiB
[19:25:07] step 9700/14089 loss 3.2326 lr 1.51e-04 gnorm 0.85 11087 tok/s 45.6min peak 1.46GiB
[19:25:12] step 9725/14089 loss 3.0627 lr 1.50e-04 gnorm 0.77 11136 tok/s 45.7min peak 1.46GiB
[19:25:16] step 9750/14089 loss 3.3592 lr 1.49e-04 gnorm 0.73 11185 tok/s 45.8min peak 1.46GiB
[19:25:22] step 9775/14089 loss 2.9572 lr 1.48e-04 gnorm 0.80 11232 tok/s 45.8min peak 1.47GiB
[19:25:28] step 9800/14089 loss 3.1402 lr 1.47e-04 gnorm 0.73 11277 tok/s 45.9min peak 1.47GiB
[19:25:33] step 9825/14089 loss 2.921 lr 1.46e-04 gnorm 0.76 11325 tok/s 46.0min peak 1.48GiB
[19:25:38] step 9850/14089 loss 3.2327 lr 1.44e-04 gnorm 0.72 11372 tok/s 46.1min peak 1.49GiB
[19:25:44] step 9875/14089 loss 3.1731 lr 1.43e-04 gnorm 0.70 11419 tok/s 46.2min peak 1.49GiB
[19:25:50] step 9900/14089 loss 3.084 lr 1.42e-04 gnorm 0.74 11467 tok/s 46.3min peak 1.5GiB
[19:25:55] step 9925/14089 loss 3.1959 lr 1.41e-04 gnorm 0.85 11515 tok/s 46.4min peak 1.5GiB
[19:26:00] step 9950/14089 loss 3.1559 lr 1.40e-04 gnorm 0.81 11564 tok/s 46.5min peak 1.51GiB
[19:26:06] step 9975/14089 loss 2.9949 lr 1.39e-04 gnorm 0.78 11613 tok/s 46.6min peak 1.51GiB
[19:26:11] step 10000/14089 loss 3.132 lr 1.38e-04 gnorm 0.73 11662 tok/s 46.7min peak 1.52GiB

Writing model shards:   0%|          | 0/1 [00:00<?, ?it/s]
Writing model shards: 100%|██████████| 1/1 [00:00<00:00, 13.29it/s]
[19:26:11]   saved D:\wt\feng-distill-30m\v2\stage_sft\step10000
[19:26:16] step 10025/14089 loss 3.1884 lr 1.37e-04 gnorm 0.70 11712 tok/s 46.8min peak 1.52GiB
[19:26:22] step 10050/14089 loss 2.9824 lr 1.36e-04 gnorm 0.76 11762 tok/s 46.8min peak 1.54GiB
[19:26:27] step 10075/14089 loss 2.9448 lr 1.35e-04 gnorm 0.67 11813 tok/s 46.9min peak 1.54GiB
[19:26:32] step 10100/14089 loss 2.9153 lr 1.34e-04 gnorm 0.76 11865 tok/s 47.0min peak 1.55GiB
[19:26:37] step 10125/14089 loss 3.0623 lr 1.33e-04 gnorm 0.70 11917 tok/s 47.1min peak 1.55GiB
[19:26:42] step 10150/14089 loss 3.0408 lr 1.32e-04 gnorm 0.65 11969 tok/s 47.2min peak 1.56GiB
[19:26:47] step 10175/14089 loss 2.9351 lr 1.31e-04 gnorm 0.71 12022 tok/s 47.3min peak 1.56GiB
[19:26:52] step 10200/14089 loss 3.203 lr 1.30e-04 gnorm 0.69 12074 tok/s 47.3min peak 1.56GiB
[19:26:57] step 10225/14089 loss 3.224 lr 1.30e-04 gnorm 0.72 12127 tok/s 47.4min peak 1.57GiB
[19:27:02] step 10250/14089 loss 2.9973 lr 1.29e-04 gnorm 0.70 12180 tok/s 47.5min peak 1.58GiB
[19:27:07] step 10275/14089 loss 2.8615 lr 1.28e-04 gnorm 0.66 12233 tok/s 47.6min peak 1.59GiB
[19:27:12] step 10300/14089 loss 3.0632 lr 1.27e-04 gnorm 0.72 12286 tok/s 47.7min peak 1.59GiB
[19:27:17] step 10325/14089 loss 2.9024 lr 1.26e-04 gnorm 0.63 12340 tok/s 47.8min peak 1.6GiB
[19:27:22] step 10350/14089 loss 3.0603 lr 1.25e-04 gnorm 0.71 12394 tok/s 47.8min peak 1.61GiB
[19:27:27] step 10375/14089 loss 2.7905 lr 1.24e-04 gnorm 0.76 12448 tok/s 47.9min peak 1.61GiB
[19:27:32] step 10400/14089 loss 3.3203 lr 1.23e-04 gnorm 0.76 12502 tok/s 48.0min peak 1.61GiB
[19:27:37] step 10425/14089 loss 2.847 lr 1.22e-04 gnorm 0.70 12557 tok/s 48.1min peak 1.62GiB
[19:27:46] step 10450/14089 loss 3.4103 lr 1.21e-04 gnorm 0.78 12593 tok/s 48.3min peak 1.62GiB
[19:28:01] step 10475/14089 loss 2.9371 lr 1.20e-04 gnorm 0.66 12606 tok/s 48.5min peak 1.63GiB
[19:28:14] step 10500/14089 loss 2.9731 lr 1.19e-04 gnorm 0.65 12623 tok/s 48.7min peak 1.63GiB
[19:28:39] step 10525/14089 loss 2.9472 lr 1.18e-04 gnorm 0.68 12594 tok/s 49.1min peak 1.63GiB
[19:29:05] step 10550/14089 loss 3.2143 lr 1.17e-04 gnorm 0.66 12559 tok/s 49.6min peak 1.65GiB
[19:29:31] step 10575/14089 loss 3.0578 lr 1.17e-04 gnorm 0.67 12525 tok/s 50.0min peak 1.65GiB
[19:29:59] step 10600/14089 loss 3.1365 lr 1.16e-04 gnorm 0.74 12486 tok/s 50.5min peak 1.66GiB
[19:30:27] step 10625/14089 loss 2.9496 lr 1.15e-04 gnorm 0.64 12449 tok/s 50.9min peak 1.66GiB
[19:30:54] step 10650/14089 loss 3.0578 lr 1.14e-04 gnorm 0.68 12412 tok/s 51.4min peak 1.67GiB
[19:31:22] step 10675/14089 loss 3.167 lr 1.13e-04 gnorm 0.65 12374 tok/s 51.9min peak 1.68GiB
[19:31:54] step 10700/14089 loss 2.7112 lr 1.12e-04 gnorm 0.71 12324 tok/s 52.4min peak 1.68GiB
[19:32:26] step 10725/14089 loss 3.1472 lr 1.11e-04 gnorm 0.72 12272 tok/s 52.9min peak 1.69GiB
[19:33:02] step 10750/14089 loss 2.7868 lr 1.10e-04 gnorm 0.67 12207 tok/s 53.5min peak 1.69GiB
[19:33:42] step 10775/14089 loss 3.0955 lr 1.09e-04 gnorm 0.68 12130 tok/s 54.2min peak 1.7GiB
[19:34:20] step 10800/14089 loss 3.1679 lr 1.09e-04 gnorm 0.63 12065 tok/s 54.8min peak 1.7GiB
[19:35:25] step 10825/14089 loss 3.101 lr 1.08e-04 gnorm 0.66 11900 tok/s 55.9min peak 1.7GiB
[19:36:15] step 10850/14089 loss 3.1926 lr 1.07e-04 gnorm 0.71 11797 tok/s 56.7min peak 1.71GiB
[19:36:56] step 10875/14089 loss 2.9249 lr 1.06e-04 gnorm 0.68 11727 tok/s 57.4min peak 1.72GiB
[19:37:35] step 10900/14089 loss 3.1114 lr 1.05e-04 gnorm 0.63 11665 tok/s 58.1min peak 1.73GiB
[19:38:21] step 10925/14089 loss 2.9546 lr 1.04e-04 gnorm 0.66 11581 tok/s 58.8min peak 1.74GiB
[19:39:06] step 10950/14089 loss 3.2079 lr 1.04e-04 gnorm 0.61 11506 tok/s 59.6min peak 1.74GiB
[19:39:52] step 10975/14089 loss 3.0971 lr 1.03e-04 gnorm 0.67 11427 tok/s 60.3min peak 1.75GiB
[19:40:33] step 11000/14089 loss 3.2385 lr 1.02e-04 gnorm 0.66 11368 tok/s 61.0min peak 1.75GiB

Writing model shards:   0%|          | 0/1 [00:00<?, ?it/s]
Writing model shards: 100%|██████████| 1/1 [00:00<00:00,  9.42it/s]
Writing model shards: 100%|██████████| 1/1 [00:00<00:00,  9.33it/s]
[19:40:33]   saved D:\wt\feng-distill-30m\v2\stage_sft\step11000
[19:41:15] step 11025/14089 loss 2.7235 lr 1.01e-04 gnorm 0.61 11307 tok/s 61.7min peak 1.76GiB
[19:42:00] step 11050/14089 loss 3.1964 lr 1.00e-04 gnorm 0.65 11236 tok/s 62.5min peak 1.76GiB
[19:42:48] step 11075/14089 loss 2.5939 lr 9.96e-05 gnorm 0.64 11160 tok/s 63.3min peak 1.77GiB
[19:43:38] step 11100/14089 loss 2.8874 lr 9.88e-05 gnorm 0.71 11081 tok/s 64.1min peak 1.78GiB
[19:44:27] step 11125/14089 loss 2.9591 lr 9.80e-05 gnorm 0.62 11009 tok/s 64.9min peak 1.79GiB
[19:45:41] step 11150/14089 loss 2.8837 lr 9.73e-05 gnorm 0.69 10867 tok/s 66.2min peak 1.8GiB
[19:47:04] step 11175/14089 loss 3.1114 lr 9.65e-05 gnorm 0.64 10709 tok/s 67.6min peak 1.8GiB
[19:48:22] step 11200/14089 loss 3.24 lr 9.57e-05 gnorm 0.62 10570 tok/s 68.9min peak 1.82GiB
[19:49:33] step 11225/14089 loss 2.9729 lr 9.50e-05 gnorm 0.63 10454 tok/s 70.0min peak 1.82GiB
[19:50:51] step 11250/14089 loss 3.0922 lr 9.42e-05 gnorm 0.72 10326 tok/s 71.3min peak 1.83GiB
[19:52:10] step 11275/14089 loss 3.5443 lr 9.35e-05 gnorm 0.61 10199 tok/s 72.7min peak 1.83GiB
[19:53:29] step 11300/14089 loss 3.1261 lr 9.27e-05 gnorm 0.63 10078 tok/s 74.0min peak 1.85GiB
[19:54:48] step 11325/14089 loss 2.8764 lr 9.20e-05 gnorm 0.60 9962 tok/s 75.3min peak 1.85GiB
[19:56:08] step 11350/14089 loss 2.9195 lr 9.12e-05 gnorm 0.65 9846 tok/s 76.6min peak 1.86GiB
[19:57:28] step 11375/14089 loss 3.2147 lr 9.05e-05 gnorm 0.60 9735 tok/s 78.0min peak 1.87GiB
[19:58:55] step 11400/14089 loss 3.1152 lr 8.98e-05 gnorm 0.73 9615 tok/s 79.4min peak 1.88GiB
[20:00:23] step 11425/14089 loss 3.2739 lr 8.91e-05 gnorm 0.62 9497 tok/s 80.9min peak 1.89GiB
[20:01:53] step 11450/14089 loss 3.3662 lr 8.84e-05 gnorm 0.70 9382 tok/s 82.4min peak 1.89GiB
[20:03:16] step 11475/14089 loss 3.2172 lr 8.77e-05 gnorm 0.64 9283 tok/s 83.7min peak 1.9GiB
