

Loading model... 

▄▄ ▄▄
██ ██
██ ██  ▀▀█▄ ███▄███▄  ▀▀█▄    ▄████ ████▄ ████▄
██ ██ ▄█▀██ ██ ██ ██ ▄█▀██    ██    ██ ██ ██ ██
██ ██ ▀█▄██ ██ ██ ██ ▀█▄██ ██ ▀████ ████▀ ████▀
                                    ██    ██
                                    ▀▀    ▀▀

build      : b10909-a2878d30d
model      : v3_6\gguf\feng-30m-Q4_K_M.gguf
ftype      : Q4_K - Medium
modalities : text

available commands:
  /exit or Ctrl+C     stop or exit
  /regen              regenerate the last response
  /clear              clear the chat history
  /read <file>        add a text file
  /glob <pattern>     add text files using globbing pattern



> 你是谁？
我是 feng，一个由个人开发者 jiaheng 独立开发训练的 AI。我可以陪你聊天、帮你写作、翻译和写简单代码。

[ Prompt: 693.8 t/s | Generation: 1200.2 t/s ]

