[13:12:23] 样本：补丁 6236 + 其余 380 = 6616 条
[13:12:24] 可用样本 6616，平均长度 36

Loading weights:   0%|          | 0/123 [00:00<?, ?it/s]
Loading weights: 100%|██████████| 123/123 [00:00<00:00, 1901.90it/s]
[train-last] 只训练最后 2 层 + norm/lm_head：4.02M / 29.43M 参数
[13:12:26] step 25/550 loss 0.9180 lr 1.20e-05 gnorm 1.40 5,923 tok/s 0.0min peak 0.83GiB
[13:12:26] step 50/550 loss 0.7015 lr 1.19e-05 gnorm 0.97 8,840 tok/s 0.0min peak 0.85GiB
[13:12:27] step 75/550 loss 0.4718 lr 1.17e-05 gnorm 0.74 10,584 tok/s 0.1min peak 0.86GiB
[13:12:28] step 100/550 loss 0.5628 lr 1.14e-05 gnorm 0.70 11,891 tok/s 0.1min peak 0.86GiB
[13:12:28] step 125/550 loss 0.3010 lr 1.10e-05 gnorm 0.54 12,786 tok/s 0.1min peak 0.86GiB
[13:12:29] step 150/550 loss 0.2668 lr 1.05e-05 gnorm 0.48 13,497 tok/s 0.1min peak 0.87GiB
[13:12:30] step 175/550 loss 0.2254 lr 9.88e-06 gnorm 0.46 14,108 tok/s 0.1min peak 0.87GiB
[13:12:30] step 200/550 loss 0.2308 lr 9.21e-06 gnorm 0.46 14,539 tok/s 0.1min peak 0.87GiB
[13:12:31] step 225/550 loss 0.1789 lr 8.48e-06 gnorm 0.36 14,908 tok/s 0.1min peak 0.87GiB
[13:12:32] step 250/550 loss 0.1594 lr 7.71e-06 gnorm 0.41 15,241 tok/s 0.1min peak 0.87GiB
[13:12:32] step 275/550 loss 0.1312 lr 6.92e-06 gnorm 0.33 15,555 tok/s 0.1min peak 0.87GiB
[13:12:33] step 300/550 loss 0.3082 lr 6.12e-06 gnorm 0.53 15,812 tok/s 0.2min peak 0.87GiB
[13:12:34] step 325/550 loss 0.1182 lr 5.33e-06 gnorm 0.28 16,031 tok/s 0.2min peak 0.87GiB
[13:12:34] step 350/550 loss 0.0906 lr 4.57e-06 gnorm 0.29 16,226 tok/s 0.2min peak 0.87GiB
[13:12:35] step 375/550 loss 0.1499 lr 3.85e-06 gnorm 0.26 16,338 tok/s 0.2min peak 0.87GiB
[13:12:35] step 400/550 loss 0.2254 lr 3.20e-06 gnorm 0.43 16,468 tok/s 0.2min peak 0.87GiB
[13:12:36] step 425/550 loss 0.0765 lr 2.62e-06 gnorm 0.23 16,597 tok/s 0.2min peak 0.88GiB
[13:12:37] step 450/550 loss 0.1026 lr 2.12e-06 gnorm 0.26 16,674 tok/s 0.2min peak 0.88GiB
[13:12:37] step 475/550 loss 0.0546 lr 1.72e-06 gnorm 0.15 16,744 tok/s 0.2min peak 0.88GiB
[13:12:38] step 500/550 loss 0.0951 lr 1.44e-06 gnorm 0.28 16,849 tok/s 0.2min peak 0.88GiB
[13:12:39] step 525/550 loss 0.0779 lr 1.26e-06 gnorm 0.25 16,925 tok/s 0.2min peak 0.89GiB
[13:12:39] step 550/550 loss 0.0610 lr 1.20e-06 gnorm 0.29 16,992 tok/s 0.3min peak 0.89GiB

Writing model shards:   0%|          | 0/1 [00:00<?, ?it/s]
Writing model shards: 100%|██████████| 1/1 [00:00<00:00,  9.88it/s]
Writing model shards: 100%|██████████| 1/1 [00:00<00:00,  9.88it/s]
[13:12:39] saved -> v3_13\mem_pc3（loss 0.0610）
