[14:22:26] 样本：补丁 7472 + 其余 380 = 7852 条
[14:22:28] 可用样本 7852，平均长度 50

Loading weights:   0%|          | 0/123 [00:00<?, ?it/s]
Loading weights: 100%|██████████| 123/123 [00:00<00:00, 1441.35it/s]
[train-last] 只训练最后 2 层 + norm/lm_head：4.02M / 29.43M 参数
[14:22:31] step 25/654 loss 1.3408 lr 1.20e-05 gnorm 1.76 5,199 tok/s 0.1min peak 0.86GiB
[14:22:32] step 50/654 loss 0.7896 lr 1.19e-05 gnorm 1.12 7,422 tok/s 0.1min peak 0.92GiB
[14:22:34] step 75/654 loss 0.6500 lr 1.18e-05 gnorm 0.70 8,550 tok/s 0.1min peak 0.92GiB
[14:22:35] step 100/654 loss 0.5605 lr 1.16e-05 gnorm 0.80 9,286 tok/s 0.1min peak 0.92GiB
[14:22:36] step 125/654 loss 0.3669 lr 1.13e-05 gnorm 0.53 9,830 tok/s 0.1min peak 0.92GiB
[14:22:38] step 150/654 loss 0.4070 lr 1.09e-05 gnorm 0.49 10,179 tok/s 0.2min peak 0.92GiB
[14:22:39] step 175/654 loss 0.3240 lr 1.05e-05 gnorm 0.46 10,497 tok/s 0.2min peak 0.92GiB
[14:22:40] step 200/654 loss 0.2321 lr 9.99e-06 gnorm 0.39 10,746 tok/s 0.2min peak 0.92GiB
[14:22:41] step 225/654 loss 0.1997 lr 9.45e-06 gnorm 0.32 10,955 tok/s 0.2min peak 0.92GiB
[14:22:43] step 250/654 loss 0.1872 lr 8.86e-06 gnorm 0.36 11,129 tok/s 0.2min peak 0.92GiB
[14:22:44] step 275/654 loss 0.2302 lr 8.23e-06 gnorm 0.36 11,268 tok/s 0.3min peak 0.92GiB
[14:22:45] step 300/654 loss 0.1527 lr 7.58e-06 gnorm 0.28 11,392 tok/s 0.3min peak 0.92GiB
[14:22:47] step 325/654 loss 0.2295 lr 6.92e-06 gnorm 0.32 11,492 tok/s 0.3min peak 0.92GiB
[14:22:48] step 350/654 loss 0.0797 lr 6.25e-06 gnorm 0.19 11,586 tok/s 0.3min peak 0.92GiB
[14:22:49] step 375/654 loss 0.0841 lr 5.59e-06 gnorm 0.22 11,661 tok/s 0.4min peak 0.92GiB
[14:22:51] step 400/654 loss 0.0979 lr 4.94e-06 gnorm 0.24 11,733 tok/s 0.4min peak 0.92GiB
[14:22:52] step 425/654 loss 0.1881 lr 4.32e-06 gnorm 0.37 11,805 tok/s 0.4min peak 0.92GiB
[14:22:53] step 450/654 loss 0.1138 lr 3.73e-06 gnorm 0.26 11,870 tok/s 0.4min peak 0.92GiB
[14:22:54] step 475/654 loss 0.1048 lr 3.19e-06 gnorm 0.25 11,915 tok/s 0.4min peak 0.92GiB
[14:22:56] step 500/654 loss 0.0804 lr 2.70e-06 gnorm 0.21 11,958 tok/s 0.5min peak 0.92GiB
[14:22:57] step 525/654 loss 0.0977 lr 2.27e-06 gnorm 0.23 12,023 tok/s 0.5min peak 0.92GiB
[14:22:58] step 550/654 loss 0.1950 lr 1.90e-06 gnorm 0.38 12,066 tok/s 0.5min peak 0.92GiB
[14:23:00] step 575/654 loss 0.1186 lr 1.61e-06 gnorm 0.26 12,104 tok/s 0.5min peak 0.92GiB
[14:23:01] step 600/654 loss 0.0868 lr 1.39e-06 gnorm 0.23 12,119 tok/s 0.5min peak 0.92GiB
[14:23:02] step 625/654 loss 0.0921 lr 1.26e-06 gnorm 0.25 12,151 tok/s 0.6min peak 0.92GiB
[14:23:03] step 650/654 loss 0.0997 lr 1.20e-06 gnorm 0.22 12,266 tok/s 0.6min peak 0.92GiB
[14:23:03] step 654/654 loss 0.0364 lr 1.20e-06 gnorm 0.12 12,304 tok/s 0.6min peak 0.92GiB

Writing model shards:   0%|          | 0/1 [00:00<?, ?it/s]
Writing model shards: 100%|██████████| 1/1 [00:00<00:00,  9.41it/s]
Writing model shards: 100%|██████████| 1/1 [00:00<00:00,  9.32it/s]
[14:23:03] saved -> v3_14\pc2（loss 0.0364）
