[12:42:08] 样本：补丁 6822 + 其余 230 = 7052 条
[12:42:09] 可用样本 7052，平均长度 25

Loading weights:   0%|          | 0/123 [00:00<?, ?it/s]
Loading weights: 100%|██████████| 123/123 [00:00<00:00, 1924.59it/s]
[train-last] 只训练最后 2 层 + norm/lm_head：4.02M / 29.43M 参数
[12:42:11] step 25/879 loss 0.2762 lr 3.00e-05 gnorm 0.71 4,165 tok/s 0.0min peak 0.76GiB
[12:42:12] step 50/879 loss 0.0904 lr 2.99e-05 gnorm 0.31 6,261 tok/s 0.0min peak 0.76GiB
[12:42:12] step 75/879 loss 0.0857 lr 2.97e-05 gnorm 0.27 7,664 tok/s 0.1min peak 0.79GiB
[12:42:13] step 100/879 loss 0.1201 lr 2.94e-05 gnorm 0.43 8,554 tok/s 0.1min peak 0.79GiB
[12:42:13] step 125/879 loss 0.0638 lr 2.90e-05 gnorm 0.28 9,197 tok/s 0.1min peak 0.79GiB
[12:42:14] step 150/879 loss 0.0756 lr 2.85e-05 gnorm 0.30 9,690 tok/s 0.1min peak 0.79GiB
[12:42:15] step 175/879 loss 0.1890 lr 2.79e-05 gnorm 0.56 10,099 tok/s 0.1min peak 0.79GiB
[12:42:15] step 200/879 loss 0.0463 lr 2.72e-05 gnorm 0.28 10,388 tok/s 0.1min peak 0.79GiB
[12:42:16] step 225/879 loss 0.0690 lr 2.64e-05 gnorm 0.30 10,644 tok/s 0.1min peak 0.79GiB
[12:42:16] step 250/879 loss 0.0726 lr 2.55e-05 gnorm 0.29 10,883 tok/s 0.1min peak 0.79GiB
[12:42:17] step 275/879 loss 0.0643 lr 2.45e-05 gnorm 0.31 11,070 tok/s 0.1min peak 0.83GiB
[12:42:18] step 300/879 loss 0.0655 lr 2.35e-05 gnorm 0.22 11,262 tok/s 0.1min peak 0.83GiB
[12:42:18] step 325/879 loss 0.0761 lr 2.24e-05 gnorm 0.34 11,401 tok/s 0.2min peak 0.83GiB
[12:42:19] step 350/879 loss 0.0416 lr 2.13e-05 gnorm 0.21 11,540 tok/s 0.2min peak 0.83GiB
[12:42:19] step 375/879 loss 0.0577 lr 2.01e-05 gnorm 0.31 11,658 tok/s 0.2min peak 0.83GiB
[12:42:20] step 400/879 loss 0.0391 lr 1.89e-05 gnorm 0.23 11,744 tok/s 0.2min peak 0.83GiB
[12:42:21] step 425/879 loss 0.0524 lr 1.77e-05 gnorm 0.34 11,819 tok/s 0.2min peak 0.83GiB
[12:42:21] step 450/879 loss 0.0353 lr 1.65e-05 gnorm 0.20 11,907 tok/s 0.2min peak 0.83GiB
[12:42:22] step 475/879 loss 0.0303 lr 1.52e-05 gnorm 0.19 11,982 tok/s 0.2min peak 0.83GiB
[12:42:22] step 500/879 loss 0.0274 lr 1.40e-05 gnorm 0.14 12,059 tok/s 0.2min peak 0.83GiB
[12:42:23] step 525/879 loss 0.0454 lr 1.28e-05 gnorm 0.32 12,110 tok/s 0.2min peak 0.83GiB
[12:42:24] step 550/879 loss 0.0321 lr 1.16e-05 gnorm 0.20 12,150 tok/s 0.2min peak 0.83GiB
[12:42:24] step 575/879 loss 0.0500 lr 1.05e-05 gnorm 0.30 12,195 tok/s 0.3min peak 0.83GiB
[12:42:25] step 600/879 loss 0.0254 lr 9.44e-06 gnorm 0.15 12,238 tok/s 0.3min peak 0.83GiB
[12:42:25] step 625/879 loss 0.0474 lr 8.42e-06 gnorm 0.30 12,289 tok/s 0.3min peak 0.83GiB
[12:42:26] step 650/879 loss 0.0182 lr 7.46e-06 gnorm 0.16 12,318 tok/s 0.3min peak 0.83GiB
[12:42:27] step 675/879 loss 0.0313 lr 6.59e-06 gnorm 0.16 12,354 tok/s 0.3min peak 0.83GiB
[12:42:27] step 700/879 loss 0.0192 lr 5.79e-06 gnorm 0.16 12,391 tok/s 0.3min peak 0.83GiB
[12:42:28] step 725/879 loss 0.0383 lr 5.09e-06 gnorm 0.19 12,420 tok/s 0.3min peak 0.83GiB
[12:42:28] step 750/879 loss 0.0976 lr 4.47e-06 gnorm 0.35 12,454 tok/s 0.3min peak 0.83GiB
[12:42:29] step 775/879 loss 0.0385 lr 3.96e-06 gnorm 0.23 12,474 tok/s 0.3min peak 0.83GiB
[12:42:30] step 800/879 loss 0.0463 lr 3.56e-06 gnorm 0.20 12,506 tok/s 0.3min peak 0.83GiB
[12:42:30] step 825/879 loss 0.0458 lr 3.26e-06 gnorm 0.30 12,518 tok/s 0.4min peak 0.83GiB
[12:42:31] step 850/879 loss 0.0329 lr 3.08e-06 gnorm 0.19 12,535 tok/s 0.4min peak 0.83GiB
[12:42:32] step 875/879 loss 0.0763 lr 3.00e-06 gnorm 0.34 12,557 tok/s 0.4min peak 0.83GiB
[12:42:32] step 879/879 loss 0.0160 lr 3.00e-06 gnorm 0.12 12,563 tok/s 0.4min peak 0.83GiB

Writing model shards:   0%|          | 0/1 [00:00<?, ?it/s]
Writing model shards: 100%|██████████| 1/1 [00:00<00:00,  8.40it/s]
Writing model shards: 100%|██████████| 1/1 [00:00<00:00,  8.40it/s]
[12:42:32] saved -> v3_12\arith2l（loss 0.0160）
