[11:08:13] 样本：QAT 数据 9410 + 多轮/身份 100 = 9510 条
[11:08:13] 可用样本 9510，平均长度 24

Loading weights:   0%|          | 0/123 [00:00<?, ?it/s]
Loading weights: 100%|██████████| 123/123 [00:00<00:00, 1453.42it/s]
[11:08:14] KV-QAT hooks installed: K (post-RoPE) + V (v_proj out), q2 block8 STE
[11:08:17] step 25/792 loss 0.0782 lr 5.00e-06 gnorm 1.32 0.0min
[11:08:18] step 50/792 loss 0.0377 lr 4.98e-06 gnorm 0.82 0.1min
[11:08:20] step 75/792 loss 0.0479 lr 4.93e-06 gnorm 0.78 0.1min
[11:08:22] step 100/792 loss 0.0346 lr 4.87e-06 gnorm 0.70 0.1min
[11:08:24] step 125/792 loss 0.0288 lr 4.78e-06 gnorm 0.64 0.2min
[11:08:25] step 150/792 loss 0.0181 lr 4.67e-06 gnorm 0.57 0.2min
[11:08:27] step 175/792 loss 0.0233 lr 4.55e-06 gnorm 0.47 0.2min
[11:08:29] step 200/792 loss 0.0385 lr 4.40e-06 gnorm 0.61 0.3min
[11:08:30] step 225/792 loss 0.0239 lr 4.24e-06 gnorm 0.55 0.3min
[11:08:32] step 250/792 loss 0.0126 lr 4.06e-06 gnorm 0.38 0.3min
[11:08:34] step 275/792 loss 0.0153 lr 3.87e-06 gnorm 0.45 0.3min
[11:08:36] step 300/792 loss 0.0545 lr 3.66e-06 gnorm 0.75 0.4min
[11:08:37] step 325/792 loss 0.0384 lr 3.45e-06 gnorm 0.68 0.4min
[11:08:39] step 350/792 loss 0.0201 lr 3.23e-06 gnorm 0.44 0.4min
[11:08:41] step 375/792 loss 0.0271 lr 3.01e-06 gnorm 0.79 0.5min
[11:08:42] step 400/792 loss 0.0238 lr 2.78e-06 gnorm 0.56 0.5min
[11:08:44] step 425/792 loss 0.0456 lr 2.55e-06 gnorm 0.80 0.5min
[11:08:46] step 450/792 loss 0.0218 lr 2.33e-06 gnorm 0.45 0.5min
[11:08:47] step 475/792 loss 0.0353 lr 2.11e-06 gnorm 0.60 0.6min
[11:08:49] step 500/792 loss 0.0315 lr 1.89e-06 gnorm 0.45 0.6min
[11:08:51] step 525/792 loss 0.0273 lr 1.69e-06 gnorm 0.56 0.6min
[11:08:52] step 550/792 loss 0.0169 lr 1.49e-06 gnorm 0.43 0.6min
[11:08:54] step 575/792 loss 0.0154 lr 1.31e-06 gnorm 0.36 0.7min
[11:08:56] step 600/792 loss 0.0163 lr 1.14e-06 gnorm 0.33 0.7min
[11:08:58] step 625/792 loss 0.0264 lr 9.94e-07 gnorm 0.62 0.7min
[11:08:59] step 650/792 loss 0.0307 lr 8.61e-07 gnorm 0.67 0.8min
[11:09:01] step 675/792 loss 0.0156 lr 7.47e-07 gnorm 0.42 0.8min
[11:09:03] step 700/792 loss 0.0154 lr 6.54e-07 gnorm 0.44 0.8min
[11:09:04] step 725/792 loss 0.0192 lr 5.82e-07 gnorm 0.46 0.8min
[11:09:06] step 750/792 loss 0.0262 lr 5.32e-07 gnorm 0.72 0.9min
[11:09:08] step 775/792 loss 0.0357 lr 5.05e-07 gnorm 0.68 0.9min
[11:09:09] step 792/792 loss 0.0354 lr 5.00e-07 gnorm 0.89 0.9min

Writing model shards:   0%|          | 0/1 [00:00<?, ?it/s]
Writing model shards: 100%|██████████| 1/1 [00:00<00:00, 10.08it/s]
[11:09:09] saved -> v3_10\qat_pol3（loss 0.0354）
