[14:32:38] === retrieval 4096: 2000 samples | init v3_1c\retr_sft\ctx32768\final | 2x4 | 250 steps | lr 2e-05 ===

Loading weights:   0%|          | 0/123 [00:00<?, ?it/s]
Loading weights: 100%|██████████| 123/123 [00:00<00:00, 2109.08it/s]
E:\python\Lib\site-packages\torch\nn\modules\module.py:1369: UserWarning: expandable_segments not supported on this platform (Triggered internally at C:\actions-runner\_work\pytorch\pytorch\c10/cuda/CUDAAllocatorConfig.h:40.)
  return t.to(
[14:32:44] [retr4096] step 5/250 loss 0.0235 lr 1.00e-05 gnorm 0.69 30,645 tok/s 0.1min peak 3.17GiB
[14:32:48] [retr4096] step 10/250 loss 0.5940 lr 2.00e-05 gnorm 11.66 34,167 tok/s 0.2min peak 3.17GiB
[14:32:52] [retr4096] step 15/250 loss 0.2049 lr 2.00e-05 gnorm 5.59 35,558 tok/s 0.2min peak 3.17GiB
[14:32:56] [retr4096] step 20/250 loss 0.7432 lr 1.99e-05 gnorm 8.33 36,301 tok/s 0.3min peak 3.17GiB
[14:33:01] [retr4096] step 25/250 loss 0.0630 lr 1.98e-05 gnorm 2.44 36,737 tok/s 0.4min peak 3.17GiB
[14:33:05] [retr4096] step 30/250 loss 0.2388 lr 1.97e-05 gnorm 5.23 37,054 tok/s 0.4min peak 3.17GiB
[14:33:09] [retr4096] step 35/250 loss 0.5588 lr 1.95e-05 gnorm 7.24 37,283 tok/s 0.5min peak 3.17GiB
[14:33:13] [retr4096] step 40/250 loss 0.0236 lr 1.93e-05 gnorm 1.19 37,443 tok/s 0.6min peak 3.17GiB
[14:33:17] [retr4096] step 45/250 loss 0.1569 lr 1.91e-05 gnorm 3.00 37,576 tok/s 0.7min peak 3.17GiB
[14:33:22] [retr4096] step 50/250 loss 0.0212 lr 1.88e-05 gnorm 0.93 37,686 tok/s 0.7min peak 3.17GiB
[14:33:26] [retr4096] step 55/250 loss 0.1097 lr 1.85e-05 gnorm 2.84 37,769 tok/s 0.8min peak 3.17GiB
[14:33:30] [retr4096] step 60/250 loss 0.4518 lr 1.81e-05 gnorm 4.63 37,841 tok/s 0.9min peak 3.17GiB
[14:33:34] [retr4096] step 65/250 loss 0.2474 lr 1.78e-05 gnorm 6.31 37,908 tok/s 0.9min peak 3.17GiB
[14:33:39] [retr4096] step 70/250 loss 0.3394 lr 1.74e-05 gnorm 12.63 37,960 tok/s 1.0min peak 3.17GiB
[14:33:43] [retr4096] step 75/250 loss 0.3214 lr 1.69e-05 gnorm 4.91 38,004 tok/s 1.1min peak 3.17GiB
[14:33:47] [retr4096] step 80/250 loss 0.1759 lr 1.65e-05 gnorm 11.33 38,052 tok/s 1.1min peak 3.17GiB
[14:33:51] [retr4096] step 85/250 loss 0.2579 lr 1.60e-05 gnorm 7.26 38,087 tok/s 1.2min peak 3.17GiB
[14:33:56] [retr4096] step 90/250 loss 0.0378 lr 1.55e-05 gnorm 1.01 38,115 tok/s 1.3min peak 3.17GiB
[14:34:00] [retr4096] step 95/250 loss 0.1649 lr 1.50e-05 gnorm 4.64 38,147 tok/s 1.4min peak 3.17GiB
[14:34:04] [retr4096] step 100/250 loss 0.2584 lr 1.44e-05 gnorm 7.10 38,172 tok/s 1.4min peak 3.17GiB
[14:34:08] [retr4096] step 105/250 loss 0.1657 lr 1.39e-05 gnorm 4.69 38,189 tok/s 1.5min peak 3.17GiB
[14:34:13] [retr4096] step 110/250 loss 0.0690 lr 1.33e-05 gnorm 2.55 38,207 tok/s 1.6min peak 3.17GiB
[14:34:17] [retr4096] step 115/250 loss 0.3141 lr 1.28e-05 gnorm 4.70 38,222 tok/s 1.6min peak 3.17GiB
[14:34:21] [retr4096] step 120/250 loss 0.1157 lr 1.22e-05 gnorm 2.66 38,233 tok/s 1.7min peak 3.17GiB
[14:34:25] [retr4096] step 125/250 loss 0.3923 lr 1.16e-05 gnorm 6.97 38,248 tok/s 1.8min peak 3.17GiB
[14:34:30] [retr4096] step 130/250 loss 0.0407 lr 1.10e-05 gnorm 2.49 38,261 tok/s 1.9min peak 3.17GiB
[14:34:34] [retr4096] step 135/250 loss 0.0795 lr 1.04e-05 gnorm 3.59 38,269 tok/s 1.9min peak 3.17GiB
[14:34:38] [retr4096] step 140/250 loss 0.3861 lr 9.83e-06 gnorm 7.63 38,283 tok/s 2.0min peak 3.17GiB
[14:34:42] [retr4096] step 145/250 loss 0.0395 lr 9.24e-06 gnorm 1.70 38,296 tok/s 2.1min peak 3.17GiB
[14:34:47] [retr4096] step 150/250 loss 0.1777 lr 8.67e-06 gnorm 3.66 38,303 tok/s 2.1min peak 3.17GiB
[14:34:51] [retr4096] step 155/250 loss 0.4299 lr 8.11e-06 gnorm 11.50 38,316 tok/s 2.2min peak 3.17GiB
[14:34:55] [retr4096] step 160/250 loss 0.2532 lr 7.56e-06 gnorm 4.25 38,325 tok/s 2.3min peak 3.17GiB
[14:34:59] [retr4096] step 165/250 loss 0.1904 lr 7.02e-06 gnorm 11.23 38,333 tok/s 2.4min peak 3.17GiB
[14:35:03] [retr4096] step 170/250 loss 0.0285 lr 6.50e-06 gnorm 1.24 38,347 tok/s 2.4min peak 3.17GiB
[14:35:08] [retr4096] step 175/250 loss 0.0197 lr 6.00e-06 gnorm 0.69 38,359 tok/s 2.5min peak 3.17GiB
[14:35:12] [retr4096] step 180/250 loss 0.0371 lr 5.52e-06 gnorm 2.25 38,365 tok/s 2.6min peak 3.17GiB
[14:35:16] [retr4096] step 185/250 loss 0.0360 lr 5.07e-06 gnorm 0.97 38,375 tok/s 2.6min peak 3.17GiB
[14:35:20] [retr4096] step 190/250 loss 0.1120 lr 4.64e-06 gnorm 2.70 38,384 tok/s 2.7min peak 3.17GiB
[14:35:25] [retr4096] step 195/250 loss 0.0230 lr 4.23e-06 gnorm 0.70 38,387 tok/s 2.8min peak 3.17GiB
[14:35:29] [retr4096] step 200/250 loss 0.0222 lr 3.86e-06 gnorm 1.29 38,394 tok/s 2.8min peak 3.17GiB
[14:35:33] [retr4096] step 205/250 loss 0.1182 lr 3.52e-06 gnorm 4.77 38,401 tok/s 2.9min peak 3.17GiB
[14:35:37] [retr4096] step 210/250 loss 0.1198 lr 3.21e-06 gnorm 2.29 38,405 tok/s 3.0min peak 3.17GiB
[14:35:42] [retr4096] step 215/250 loss 0.1050 lr 2.93e-06 gnorm 6.20 38,410 tok/s 3.1min peak 3.17GiB
[14:35:46] [retr4096] step 220/250 loss 0.1862 lr 2.69e-06 gnorm 5.02 38,418 tok/s 3.1min peak 3.17GiB
[14:35:50] [retr4096] step 225/250 loss 0.1217 lr 2.48e-06 gnorm 4.70 38,421 tok/s 3.2min peak 3.17GiB
[14:35:54] [retr4096] step 230/250 loss 0.0720 lr 2.31e-06 gnorm 3.03 38,426 tok/s 3.3min peak 3.17GiB
[14:35:59] [retr4096] step 235/250 loss 0.3329 lr 2.17e-06 gnorm 6.19 38,432 tok/s 3.3min peak 3.17GiB
[14:36:03] [retr4096] step 240/250 loss 0.2090 lr 2.08e-06 gnorm 7.84 38,436 tok/s 3.4min peak 3.17GiB
[14:36:07] [retr4096] step 245/250 loss 0.1030 lr 2.02e-06 gnorm 3.41 38,443 tok/s 3.5min peak 3.17GiB
[14:36:11] [retr4096] step 250/250 loss 0.1119 lr 2.00e-06 gnorm 4.46 38,448 tok/s 3.6min peak 3.17GiB

Writing model shards:   0%|          | 0/1 [00:00<?, ?it/s]
Writing model shards: 100%|██████████| 1/1 [00:00<00:00,  7.54it/s]
Writing model shards: 100%|██████████| 1/1 [00:00<00:00,  7.49it/s]
[14:36:11] saved -> v3_1e\retr_sft\ctx4096\final (loss 0.1119)
[14:36:11] === retrieval 8192: 1100 samples | init v3_1e\retr_sft\ctx4096\final | 2x4 | 137 steps | lr 1.6e-05 ===

Loading weights:   0%|          | 0/123 [00:00<?, ?it/s]
Loading weights: 100%|██████████| 123/123 [00:00<00:00, 1382.92it/s]
[14:36:24] [retr8192] step 5/137 loss 0.0601 lr 8.00e-06 gnorm 2.61 26,627 tok/s 0.2min peak 5.57GiB
[14:36:36] [retr8192] step 10/137 loss 0.3811 lr 1.60e-05 gnorm 7.11 26,634 tok/s 0.4min peak 5.57GiB
[14:36:49] [retr8192] step 15/137 loss 0.2725 lr 1.59e-05 gnorm 15.17 26,636 tok/s 0.6min peak 5.57GiB
[14:37:01] [retr8192] step 20/137 loss 0.4894 lr 1.58e-05 gnorm 8.43 26,640 tok/s 0.8min peak 5.57GiB
[14:37:13] [retr8192] step 25/137 loss 0.2482 lr 1.55e-05 gnorm 8.11 26,651 tok/s 1.0min peak 5.57GiB
[14:37:25] [retr8192] step 30/137 loss 0.1123 lr 1.51e-05 gnorm 5.24 26,652 tok/s 1.2min peak 5.57GiB
[14:37:38] [retr8192] step 35/137 loss 0.0575 lr 1.47e-05 gnorm 3.40 26,654 tok/s 1.4min peak 5.57GiB
[14:37:50] [retr8192] step 40/137 loss 0.2279 lr 1.41e-05 gnorm 10.21 26,651 tok/s 1.6min peak 5.57GiB
[14:38:02] [retr8192] step 45/137 loss 0.3034 lr 1.35e-05 gnorm 5.58 26,653 tok/s 1.8min peak 5.57GiB
[14:38:15] [retr8192] step 50/137 loss 0.1149 lr 1.28e-05 gnorm 2.73 26,656 tok/s 2.0min peak 5.57GiB
[14:38:27] [retr8192] step 55/137 loss 0.1641 lr 1.20e-05 gnorm 4.03 26,657 tok/s 2.3min peak 5.57GiB
[14:38:39] [retr8192] step 60/137 loss 0.0419 lr 1.12e-05 gnorm 1.45 26,656 tok/s 2.5min peak 5.57GiB
[14:38:51] [retr8192] step 65/137 loss 0.3313 lr 1.03e-05 gnorm 5.20 26,657 tok/s 2.7min peak 5.57GiB
[14:39:04] [retr8192] step 70/137 loss 0.0829 lr 9.42e-06 gnorm 1.62 26,657 tok/s 2.9min peak 5.57GiB
[14:39:16] [retr8192] step 75/137 loss 0.1946 lr 8.53e-06 gnorm 8.85 26,656 tok/s 3.1min peak 5.57GiB
[14:39:28] [retr8192] step 80/137 loss 0.0240 lr 7.65e-06 gnorm 1.68 26,655 tok/s 3.3min peak 5.57GiB
[14:39:41] [retr8192] step 85/137 loss 0.0185 lr 6.78e-06 gnorm 5.84 26,655 tok/s 3.5min peak 5.57GiB
[14:39:53] [retr8192] step 90/137 loss 0.0477 lr 5.94e-06 gnorm 1.28 26,654 tok/s 3.7min peak 5.57GiB
[14:40:05] [retr8192] step 95/137 loss 0.0897 lr 5.15e-06 gnorm 3.31 26,657 tok/s 3.9min peak 5.57GiB
[14:40:17] [retr8192] step 100/137 loss 0.2033 lr 4.41e-06 gnorm 4.41 26,656 tok/s 4.1min peak 5.57GiB
[14:40:30] [retr8192] step 105/137 loss 0.5316 lr 3.74e-06 gnorm 10.63 26,655 tok/s 4.3min peak 5.57GiB
[14:40:42] [retr8192] step 110/137 loss 0.0111 lr 3.15e-06 gnorm 0.58 26,654 tok/s 4.5min peak 5.57GiB
[14:40:54] [retr8192] step 115/137 loss 0.0708 lr 2.64e-06 gnorm 1.40 26,656 tok/s 4.7min peak 5.57GiB
[14:41:07] [retr8192] step 120/137 loss 0.0164 lr 2.23e-06 gnorm 0.51 26,660 tok/s 4.9min peak 5.57GiB
[14:41:19] [retr8192] step 125/137 loss 0.0997 lr 1.91e-06 gnorm 3.54 26,662 tok/s 5.1min peak 5.57GiB
[14:41:31] [retr8192] step 130/137 loss 0.2056 lr 1.71e-06 gnorm 4.69 26,664 tok/s 5.3min peak 5.57GiB
[14:41:43] [retr8192] step 135/137 loss 0.0246 lr 1.61e-06 gnorm 0.66 26,665 tok/s 5.5min peak 5.57GiB
[14:41:48] [retr8192] step 137/137 loss 0.2302 lr 1.60e-06 gnorm 3.90 26,665 tok/s 5.6min peak 5.57GiB

Writing model shards:   0%|          | 0/1 [00:00<?, ?it/s]
Writing model shards: 100%|██████████| 1/1 [00:00<00:00, 12.95it/s]
[14:41:48] saved -> v3_1e\retr_sft\ctx8192\final (loss 0.2302)
[14:41:48] === retrieval 16384: 500 samples | init v3_1e\retr_sft\ctx8192\final | 1x4 | 125 steps | lr 1.2e-05 ===

Loading weights:   0%|          | 0/123 [00:00<?, ?it/s]
Loading weights: 100%|██████████| 123/123 [00:00<00:00, 1818.78it/s]
[14:42:07] [retr16384] step 5/125 loss 0.7377 lr 6.00e-06 gnorm 20.58 17,966 tok/s 0.3min peak 5.57GiB
[14:42:25] [retr16384] step 10/125 loss 0.0274 lr 1.20e-05 gnorm 1.79 17,973 tok/s 0.6min peak 5.57GiB
[14:42:43] [retr16384] step 15/125 loss 0.1675 lr 1.19e-05 gnorm 20.02 17,968 tok/s 0.9min peak 5.57GiB
[14:43:02] [retr16384] step 20/125 loss 0.4011 lr 1.18e-05 gnorm 17.29 17,970 tok/s 1.2min peak 5.57GiB
[14:43:20] [retr16384] step 25/125 loss 0.4854 lr 1.16e-05 gnorm 11.41 17,974 tok/s 1.5min peak 5.57GiB
[14:43:38] [retr16384] step 30/125 loss 0.1397 lr 1.12e-05 gnorm 9.30 17,974 tok/s 1.8min peak 5.57GiB
[14:43:56] [retr16384] step 35/125 loss 0.0914 lr 1.08e-05 gnorm 6.52 17,972 tok/s 2.1min peak 5.57GiB
[14:44:14] [retr16384] step 40/125 loss 0.2993 lr 1.03e-05 gnorm 6.89 17,973 tok/s 2.4min peak 5.57GiB
[14:44:33] [retr16384] step 45/125 loss 0.9572 lr 9.71e-06 gnorm 15.96 17,974 tok/s 2.7min peak 5.57GiB
[14:44:51] [retr16384] step 50/125 loss 0.3724 lr 9.08e-06 gnorm 13.97 17,977 tok/s 3.0min peak 5.57GiB
[14:45:09] [retr16384] step 55/125 loss 0.1146 lr 8.41e-06 gnorm 4.93 17,983 tok/s 3.3min peak 5.57GiB
[14:45:27] [retr16384] step 60/125 loss 0.1058 lr 7.70e-06 gnorm 4.07 17,985 tok/s 3.6min peak 5.57GiB
[14:45:45] [retr16384] step 65/125 loss 0.4983 lr 6.97e-06 gnorm 11.03 17,988 tok/s 3.9min peak 5.57GiB
[14:46:04] [retr16384] step 70/125 loss 0.0546 lr 6.23e-06 gnorm 4.05 17,991 tok/s 4.2min peak 5.57GiB
[14:46:22] [retr16384] step 75/125 loss 0.0291 lr 5.50e-06 gnorm 2.53 17,992 tok/s 4.6min peak 5.57GiB
[14:46:40] [retr16384] step 80/125 loss 0.0513 lr 4.79e-06 gnorm 4.03 17,993 tok/s 4.9min peak 5.57GiB
[14:46:58] [retr16384] step 85/125 loss 0.0117 lr 4.12e-06 gnorm 0.74 17,993 tok/s 5.2min peak 5.57GiB
[14:47:16] [retr16384] step 90/125 loss 0.4103 lr 3.49e-06 gnorm 30.96 17,996 tok/s 5.5min peak 5.57GiB
[14:47:35] [retr16384] step 95/125 loss 0.0082 lr 2.91e-06 gnorm 0.54 17,997 tok/s 5.8min peak 5.57GiB
[14:47:53] [retr16384] step 100/125 loss 0.2889 lr 2.41e-06 gnorm 6.27 17,998 tok/s 6.1min peak 5.57GiB
[14:48:11] [retr16384] step 105/125 loss 0.0338 lr 1.99e-06 gnorm 2.07 17,998 tok/s 6.4min peak 5.57GiB
[14:48:29] [retr16384] step 110/125 loss 0.0513 lr 1.65e-06 gnorm 2.84 17,999 tok/s 6.7min peak 5.57GiB
[14:48:47] [retr16384] step 115/125 loss 0.0130 lr 1.40e-06 gnorm 0.63 17,999 tok/s 7.0min peak 5.57GiB
[14:49:06] [retr16384] step 120/125 loss 0.0600 lr 1.25e-06 gnorm 2.76 17,999 tok/s 7.3min peak 5.57GiB
[14:49:24] [retr16384] step 125/125 loss 0.4946 lr 1.20e-06 gnorm 31.18 17,999 tok/s 7.6min peak 5.57GiB

Writing model shards:   0%|          | 0/1 [00:00<?, ?it/s]
Writing model shards: 100%|██████████| 1/1 [00:00<00:00, 11.88it/s]
[14:49:24] saved -> v3_1e\retr_sft\ctx16384\final (loss 0.4946)
[14:49:24] === retrieval 32768: 160 samples | init v3_1e\retr_sft\ctx16384\final | 1x4 | 40 steps | lr 8e-06 ===

Loading weights:   0%|          | 0/123 [00:00<?, ?it/s]
Loading weights: 100%|██████████| 123/123 [00:00<00:00, 2290.50it/s]
[14:50:22] [retr32768] step 5/40 loss 0.4817 lr 4.00e-06 gnorm 35.45 11,207 tok/s 1.0min peak 10.28GiB
[14:51:21] [retr32768] step 10/40 loss 0.2792 lr 8.00e-06 gnorm 34.85 11,212 tok/s 1.9min peak 10.28GiB
[14:52:19] [retr32768] step 15/40 loss 0.2440 lr 7.52e-06 gnorm 13.56 11,213 tok/s 2.9min peak 10.28GiB
[14:53:18] [retr32768] step 20/40 loss 0.1426 lr 6.20e-06 gnorm 31.88 11,214 tok/s 3.9min peak 10.28GiB
[14:54:16] [retr32768] step 25/40 loss 0.6654 lr 4.40e-06 gnorm 48.27 11,214 tok/s 4.9min peak 10.28GiB
[14:55:15] [retr32768] step 30/40 loss 0.0956 lr 2.60e-06 gnorm 12.36 11,214 tok/s 5.8min peak 10.28GiB
[14:56:13] [retr32768] step 35/40 loss 0.0795 lr 1.28e-06 gnorm 14.88 11,215 tok/s 6.8min peak 10.28GiB
[14:57:11] [retr32768] step 40/40 loss 0.6148 lr 8.00e-07 gnorm 27.53 11,215 tok/s 7.8min peak 10.28GiB

Writing model shards:   0%|          | 0/1 [00:00<?, ?it/s]
Writing model shards: 100%|██████████| 1/1 [00:00<00:00, 12.92it/s]
[14:57:12] saved -> v3_1e\retr_sft\ctx32768\final (loss 0.6148)
[14:57:12] retrieval SFT done -> v3_1e\retr_sft\ctx32768\final
