[13:07:27] 样本：补丁 5600 + 其余 380 = 5980 条
[13:07:29] 可用样本 5980，平均长度 58

Loading weights:   0%|          | 0/123 [00:00<?, ?it/s]
Loading weights: 100%|██████████| 123/123 [00:00<00:00, 1699.99it/s]
[train-last] 只训练最后 2 层 + norm/lm_head：4.02M / 29.43M 参数
[13:07:32] step 25/747 loss 1.3733 lr 2.00e-05 gnorm 1.84 6,045 tok/s 0.1min peak 0.88GiB
[13:07:33] step 50/747 loss 0.8940 lr 1.99e-05 gnorm 0.99 8,613 tok/s 0.1min peak 0.88GiB
[13:07:35] step 75/747 loss 0.3294 lr 1.97e-05 gnorm 0.43 10,124 tok/s 0.1min peak 0.92GiB
[13:07:36] step 100/747 loss 0.4040 lr 1.95e-05 gnorm 0.56 11,005 tok/s 0.1min peak 0.92GiB
[13:07:37] step 125/747 loss 0.2066 lr 1.91e-05 gnorm 0.42 11,609 tok/s 0.1min peak 0.92GiB
[13:07:38] step 150/747 loss 0.1949 lr 1.86e-05 gnorm 0.29 12,057 tok/s 0.2min peak 0.92GiB
[13:07:40] step 175/747 loss 0.1925 lr 1.81e-05 gnorm 0.31 12,423 tok/s 0.2min peak 0.92GiB
[13:07:41] step 200/747 loss 0.1005 lr 1.74e-05 gnorm 0.24 12,678 tok/s 0.2min peak 0.92GiB
[13:07:42] step 225/747 loss 0.1198 lr 1.67e-05 gnorm 0.23 12,889 tok/s 0.2min peak 0.92GiB
[13:07:43] step 250/747 loss 0.1509 lr 1.59e-05 gnorm 0.19 13,063 tok/s 0.2min peak 0.92GiB
[13:07:45] step 275/747 loss 0.0557 lr 1.51e-05 gnorm 0.20 13,161 tok/s 0.3min peak 0.92GiB
[13:07:46] step 300/747 loss 0.1279 lr 1.42e-05 gnorm 0.22 13,295 tok/s 0.3min peak 0.92GiB
[13:07:47] step 325/747 loss 0.0930 lr 1.33e-05 gnorm 0.19 13,401 tok/s 0.3min peak 0.92GiB
[13:07:49] step 350/747 loss 0.0487 lr 1.23e-05 gnorm 0.19 13,479 tok/s 0.3min peak 0.92GiB
[13:07:50] step 375/747 loss 0.0667 lr 1.13e-05 gnorm 0.18 13,563 tok/s 0.3min peak 0.92GiB
[13:07:51] step 400/747 loss 0.0804 lr 1.04e-05 gnorm 0.26 13,641 tok/s 0.4min peak 0.92GiB
[13:07:52] step 425/747 loss 0.0535 lr 9.39e-06 gnorm 0.13 13,712 tok/s 0.4min peak 0.92GiB
[13:07:54] step 450/747 loss 0.0613 lr 8.45e-06 gnorm 0.13 13,784 tok/s 0.4min peak 0.92GiB
[13:07:55] step 475/747 loss 0.0417 lr 7.53e-06 gnorm 0.14 13,852 tok/s 0.4min peak 0.92GiB
[13:07:56] step 500/747 loss 0.1058 lr 6.66e-06 gnorm 0.23 13,899 tok/s 0.5min peak 0.92GiB
[13:07:58] step 525/747 loss 0.0551 lr 5.83e-06 gnorm 0.20 13,939 tok/s 0.5min peak 0.92GiB
[13:07:59] step 550/747 loss 0.0197 lr 5.07e-06 gnorm 0.09 13,983 tok/s 0.5min peak 0.92GiB
[13:08:00] step 575/747 loss 0.0585 lr 4.37e-06 gnorm 0.13 14,042 tok/s 0.5min peak 0.92GiB
[13:08:01] step 600/747 loss 0.0606 lr 3.76e-06 gnorm 0.13 14,063 tok/s 0.5min peak 0.92GiB
[13:08:03] step 625/747 loss 0.0457 lr 3.22e-06 gnorm 0.12 14,096 tok/s 0.6min peak 0.92GiB
[13:08:04] step 650/747 loss 0.0487 lr 2.78e-06 gnorm 0.11 14,194 tok/s 0.6min peak 0.92GiB
[13:08:04] step 675/747 loss 0.0418 lr 2.43e-06 gnorm 0.11 14,455 tok/s 0.6min peak 0.92GiB
[13:08:05] step 700/747 loss 0.0427 lr 2.18e-06 gnorm 0.15 14,712 tok/s 0.6min peak 0.92GiB
[13:08:06] step 725/747 loss 0.0589 lr 2.04e-06 gnorm 0.18 14,971 tok/s 0.6min peak 0.92GiB
[13:08:06] step 747/747 loss 0.0256 lr 2.00e-06 gnorm 0.10 15,180 tok/s 0.6min peak 0.92GiB

Writing model shards:   0%|          | 0/1 [00:00<?, ?it/s]
Writing model shards: 100%|██████████| 1/1 [00:00<00:00,  9.68it/s]
Writing model shards: 100%|██████████| 1/1 [00:00<00:00,  9.68it/s]
[13:08:06] saved -> v3_13\mem_pc（loss 0.0256）
