[10:32:14] 样本：QAT 数据 5516 + 多轮/身份 430 = 5946 条
[10:32:15] 可用样本 5946，平均长度 26

Loading weights:   0%|          | 0/123 [00:00<?, ?it/s]
Loading weights: 100%|██████████| 123/123 [00:00<00:00, 2200.46it/s]
[10:32:15] KV-QAT hooks installed: K (post-RoPE) + V (v_proj out), q2 block8 STE
[10:32:18] step 25/741 loss 0.1876 lr 3.00e-05 gnorm 2.54 0.0min
[10:32:19] step 50/741 loss 0.0737 lr 2.98e-05 gnorm 2.05 0.1min
[10:32:21] step 75/741 loss 0.0576 lr 2.95e-05 gnorm 1.37 0.1min
[10:32:23] step 100/741 loss 0.0698 lr 2.91e-05 gnorm 1.87 0.1min
[10:32:24] step 125/741 loss 0.0458 lr 2.85e-05 gnorm 1.50 0.2min
[10:32:26] step 150/741 loss 0.0274 lr 2.78e-05 gnorm 1.24 0.2min
[10:32:28] step 175/741 loss 0.0319 lr 2.69e-05 gnorm 0.99 0.2min
[10:32:30] step 200/741 loss 0.0191 lr 2.59e-05 gnorm 0.66 0.3min
[10:32:32] step 225/741 loss 0.0103 lr 2.48e-05 gnorm 0.32 0.3min
[10:32:33] step 250/741 loss 0.0123 lr 2.36e-05 gnorm 0.54 0.3min
[10:32:35] step 275/741 loss 0.0285 lr 2.23e-05 gnorm 1.00 0.3min
[10:32:37] step 300/741 loss 0.0093 lr 2.10e-05 gnorm 0.35 0.4min
[10:32:38] step 325/741 loss 0.0425 lr 1.96e-05 gnorm 1.34 0.4min
[10:32:40] step 350/741 loss 0.0138 lr 1.81e-05 gnorm 0.39 0.4min
[10:32:42] step 375/741 loss 0.0264 lr 1.67e-05 gnorm 0.99 0.4min
[10:32:43] step 400/741 loss 0.0198 lr 1.52e-05 gnorm 0.53 0.5min
[10:32:45] step 425/741 loss 0.0144 lr 1.38e-05 gnorm 0.38 0.5min
[10:32:47] step 450/741 loss 0.0245 lr 1.24e-05 gnorm 0.86 0.5min
[10:32:48] step 475/741 loss 0.0093 lr 1.10e-05 gnorm 0.30 0.6min
[10:32:50] step 500/741 loss 0.0087 lr 9.70e-06 gnorm 0.26 0.6min
[10:32:52] step 525/741 loss 0.0117 lr 8.48e-06 gnorm 0.50 0.6min
[10:32:54] step 550/741 loss 0.0155 lr 7.35e-06 gnorm 0.31 0.6min
[10:32:55] step 575/741 loss 0.0046 lr 6.34e-06 gnorm 0.20 0.7min
[10:32:57] step 600/741 loss 0.0164 lr 5.44e-06 gnorm 0.30 0.7min
[10:32:59] step 625/741 loss 0.0231 lr 4.67e-06 gnorm 0.45 0.7min
[10:33:00] step 650/741 loss 0.0458 lr 4.03e-06 gnorm 0.74 0.8min
[10:33:02] step 675/741 loss 0.0180 lr 3.55e-06 gnorm 0.54 0.8min
[10:33:04] step 700/741 loss 0.0844 lr 3.21e-06 gnorm 1.95 0.8min
[10:33:05] step 725/741 loss 0.0081 lr 3.03e-06 gnorm 0.29 0.8min
[10:33:06] step 741/741 loss 0.0157 lr 3.00e-06 gnorm 0.60 0.9min
[10:33:06] === 长文 QAT 4096: 200 窗口 | 2x2 | 50 步 | lr 1e-05 ===
[10:33:11] [longQAT4096] step 10/50 loss 1.1612 lr 9.14e-06 gnorm 37.09 0.9min
[10:33:15] [longQAT4096] step 20/50 loss 1.5150 lr 6.89e-06 gnorm 31.98 1.0min
[10:33:20] [longQAT4096] step 30/50 loss 0.7848 lr 4.11e-06 gnorm 28.32 1.1min
[10:33:24] [longQAT4096] step 40/50 loss 0.6514 lr 1.86e-06 gnorm 17.52 1.2min
[10:33:28] [longQAT4096] step 50/50 loss 0.1881 lr 1.00e-06 gnorm 8.20 1.2min
[10:33:28] === 长文 QAT 8192: 60 窗口 | 1x2 | 30 步 | lr 1e-05 ===
[10:33:34] [longQAT8192] step 10/30 loss 0.6004 lr 7.75e-06 gnorm 16.68 1.3min
[10:33:40] [longQAT8192] step 20/30 loss 0.2148 lr 3.25e-06 gnorm 19.11 1.4min
[10:33:46] [longQAT8192] step 30/30 loss 0.2637 lr 1.00e-06 gnorm 10.54 1.5min

Writing model shards:   0%|          | 0/1 [00:00<?, ?it/s]
Writing model shards: 100%|██████████| 1/1 [00:00<00:00,  9.83it/s]
Writing model shards: 100%|██████████| 1/1 [00:00<00:00,  9.83it/s]
[10:33:46] saved -> v3_10\qat_a（loss 0.0157）
