[15:34:55] === retrieval 4096: 600 samples | init v3_1c\retr_sft\ctx32768\final | 2x4 | 75 steps | lr 1.5e-05 ===

Loading weights:   0%|          | 0/123 [00:00<?, ?it/s]
Loading weights: 100%|██████████| 123/123 [00:00<00:00, 2115.25it/s]
E:\python\Lib\site-packages\torch\nn\modules\module.py:1369: UserWarning: expandable_segments not supported on this platform (Triggered internally at C:\actions-runner\_work\pytorch\pytorch\c10/cuda/CUDAAllocatorConfig.h:40.)
  return t.to(
[15:35:01] [retr4096] step 5/75 loss 2.2581 lr 1.50e-05 gnorm 19.12 30,288 tok/s 0.1min peak 3.17GiB
[15:35:05] [retr4096] step 10/75 loss 0.7875 lr 1.48e-05 gnorm 17.02 33,945 tok/s 0.2min peak 3.17GiB
[15:35:09] [retr4096] step 15/75 loss 0.9319 lr 1.43e-05 gnorm 14.15 35,371 tok/s 0.2min peak 3.17GiB
[15:35:14] [retr4096] step 20/75 loss 1.1948 lr 1.35e-05 gnorm 43.68 36,148 tok/s 0.3min peak 3.17GiB
[15:35:18] [retr4096] step 25/75 loss 0.5095 lr 1.25e-05 gnorm 9.12 36,628 tok/s 0.4min peak 3.17GiB
[15:35:22] [retr4096] step 30/75 loss 0.2585 lr 1.12e-05 gnorm 7.57 36,953 tok/s 0.4min peak 3.17GiB
[15:35:26] [retr4096] step 35/75 loss 0.1092 lr 9.75e-06 gnorm 3.69 37,186 tok/s 0.5min peak 3.17GiB
[15:35:30] [retr4096] step 40/75 loss 0.1558 lr 8.25e-06 gnorm 4.63 37,356 tok/s 0.6min peak 3.17GiB
[15:35:35] [retr4096] step 45/75 loss 0.5889 lr 6.75e-06 gnorm 9.34 37,494 tok/s 0.7min peak 3.17GiB
[15:35:39] [retr4096] step 50/75 loss 0.3122 lr 5.32e-06 gnorm 11.64 37,591 tok/s 0.7min peak 3.17GiB
[15:35:43] [retr4096] step 55/75 loss 0.1420 lr 4.04e-06 gnorm 4.74 37,671 tok/s 0.8min peak 3.17GiB
[15:35:47] [retr4096] step 60/75 loss 0.1164 lr 2.97e-06 gnorm 3.62 37,748 tok/s 0.9min peak 3.17GiB
[15:35:52] [retr4096] step 65/75 loss 0.1609 lr 2.17e-06 gnorm 3.97 37,805 tok/s 0.9min peak 3.17GiB
[15:35:56] [retr4096] step 70/75 loss 0.0893 lr 1.67e-06 gnorm 2.57 37,869 tok/s 1.0min peak 3.17GiB
[15:36:00] [retr4096] step 75/75 loss 0.3041 lr 1.50e-06 gnorm 4.98 37,920 tok/s 1.1min peak 3.17GiB

Writing model shards:   0%|          | 0/1 [00:00<?, ?it/s]
Writing model shards: 100%|██████████| 1/1 [00:00<00:00,  6.76it/s]
Writing model shards: 100%|██████████| 1/1 [00:00<00:00,  6.72it/s]
[15:36:00] saved -> v3_1h\retr_sft\ctx4096\final (loss 0.3041)
[15:36:00] === retrieval 8192: 300 samples | init v3_1h\retr_sft\ctx4096\final | 2x4 | 37 steps | lr 1.2e-05 ===

Loading weights:   0%|          | 0/123 [00:00<?, ?it/s]
Loading weights: 100%|██████████| 123/123 [00:00<00:00, 1492.37it/s]
[15:36:13] [retr8192] step 5/37 loss 0.0915 lr 1.20e-05 gnorm 2.98 26,589 tok/s 0.2min peak 5.57GiB
[15:36:25] [retr8192] step 10/37 loss 0.2944 lr 1.14e-05 gnorm 5.45 26,632 tok/s 0.4min peak 5.57GiB
[15:36:37] [retr8192] step 15/37 loss 0.1908 lr 9.60e-06 gnorm 4.11 26,646 tok/s 0.6min peak 5.57GiB
[15:36:50] [retr8192] step 20/37 loss 0.4510 lr 7.13e-06 gnorm 5.65 26,653 tok/s 0.8min peak 5.57GiB
[15:37:02] [retr8192] step 25/37 loss 0.0415 lr 4.53e-06 gnorm 1.77 26,649 tok/s 1.0min peak 5.57GiB
[15:37:15] [retr8192] step 30/37 loss 0.0637 lr 2.43e-06 gnorm 1.68 26,599 tok/s 1.2min peak 5.57GiB
[15:37:27] [retr8192] step 35/37 loss 0.0363 lr 1.30e-06 gnorm 2.49 26,572 tok/s 1.4min peak 5.57GiB
[15:37:32] [retr8192] step 37/37 loss 0.2171 lr 1.20e-06 gnorm 4.60 26,556 tok/s 1.5min peak 5.57GiB

Writing model shards:   0%|          | 0/1 [00:00<?, ?it/s]
Writing model shards: 100%|██████████| 1/1 [00:00<00:00,  8.68it/s]
Writing model shards: 100%|██████████| 1/1 [00:00<00:00,  8.68it/s]
[15:37:32] saved -> v3_1h\retr_sft\ctx8192\final (loss 0.2171)
[15:37:32] === retrieval 16384: 120 samples | init v3_1h\retr_sft\ctx8192\final | 1x4 | 30 steps | lr 9e-06 ===

Loading weights:   0%|          | 0/123 [00:00<?, ?it/s]
Loading weights: 100%|██████████| 123/123 [00:00<00:00, 1672.92it/s]
[15:37:51] [retr16384] step 5/30 loss 0.8563 lr 9.00e-06 gnorm 38.88 17,634 tok/s 0.3min peak 5.57GiB
[15:38:09] [retr16384] step 10/30 loss 0.0895 lr 8.23e-06 gnorm 5.74 17,654 tok/s 0.6min peak 5.57GiB
[15:38:28] [retr16384] step 15/30 loss 0.3808 lr 6.20e-06 gnorm 11.15 17,668 tok/s 0.9min peak 5.57GiB
[15:38:46] [retr16384] step 20/30 loss 0.6120 lr 3.70e-06 gnorm 13.47 17,703 tok/s 1.2min peak 5.57GiB
[15:39:05] [retr16384] step 25/30 loss 0.4647 lr 1.67e-06 gnorm 24.37 17,697 tok/s 1.5min peak 5.57GiB
[15:39:23] [retr16384] step 30/30 loss 0.0208 lr 9.00e-07 gnorm 2.94 17,693 tok/s 1.9min peak 5.57GiB

Writing model shards:   0%|          | 0/1 [00:00<?, ?it/s]
Writing model shards: 100%|██████████| 1/1 [00:00<00:00,  6.27it/s]
Writing model shards: 100%|██████████| 1/1 [00:00<00:00,  6.27it/s]
[15:39:24] saved -> v3_1h\retr_sft\ctx16384\final (loss 0.0208)
[15:39:24] === retrieval 32768: 40 samples | init v3_1h\retr_sft\ctx16384\final | 1x4 | 10 steps | lr 6e-06 ===

Loading weights:   0%|          | 0/123 [00:00<?, ?it/s]
Loading weights: 100%|██████████| 123/123 [00:00<00:00, 1781.89it/s]
[15:40:23] [retr32768] step 5/10 loss 1.2111 lr 6.00e-06 gnorm 41.20 11,022 tok/s 1.0min peak 10.28GiB
[15:41:22] [retr32768] step 10/10 loss 0.6110 lr 6.00e-07 gnorm 24.95 11,046 tok/s 2.0min peak 10.28GiB

Writing model shards:   0%|          | 0/1 [00:00<?, ?it/s]
Writing model shards: 100%|██████████| 1/1 [00:00<00:00, 10.14it/s]
[15:41:23] saved -> v3_1h\retr_sft\ctx32768\final (loss 0.6110)
[15:41:23] retrieval SFT done -> v3_1h\retr_sft\ctx32768\final
