[14:56:09] 样本：QAT 数据 7472 + 多轮/身份 80 = 7552 条
[14:56:11] 可用样本 7552，平均长度 50

Loading weights:   0%|          | 0/123 [00:00<?, ?it/s]
Loading weights: 100%|██████████| 123/123 [00:00<00:00, 1702.73it/s]
[14:56:11] KV-QAT hooks installed: K (post-RoPE) + V (v_proj out), q2 block8 STE
[14:56:11] W-QAT：78 个权重矩阵 + embedding 按 Q4 block64（fp16 scale）STE 前向
[14:56:18] step 25/942 loss 0.7231 lr 1.00e-05 gnorm 3.63 0.1min
[14:56:22] step 50/942 loss 0.2485 lr 9.97e-06 gnorm 2.04 0.2min
[14:56:27] step 75/942 loss 0.0606 lr 9.91e-06 gnorm 0.88 0.3min
[14:56:31] step 100/942 loss 0.0410 lr 9.81e-06 gnorm 0.64 0.3min
[14:56:36] step 125/942 loss 0.0467 lr 9.69e-06 gnorm 0.70 0.4min
[14:56:40] step 150/942 loss 0.0366 lr 9.54e-06 gnorm 0.51 0.5min
[14:56:45] step 175/942 loss 0.0388 lr 9.35e-06 gnorm 0.69 0.6min
[14:56:49] step 200/942 loss 0.0398 lr 9.14e-06 gnorm 1.00 0.6min
[14:56:54] step 225/942 loss 0.0380 lr 8.91e-06 gnorm 0.54 0.7min
[14:56:58] step 250/942 loss 0.0270 lr 8.65e-06 gnorm 0.60 0.8min
[14:57:03] step 275/942 loss 0.0128 lr 8.36e-06 gnorm 0.30 0.9min
[14:57:07] step 300/942 loss 0.0300 lr 8.06e-06 gnorm 0.74 0.9min
[14:57:12] step 325/942 loss 0.0260 lr 7.74e-06 gnorm 0.41 1.0min
[14:57:16] step 350/942 loss 0.0148 lr 7.40e-06 gnorm 0.26 1.1min
[14:57:21] step 375/942 loss 0.0270 lr 7.05e-06 gnorm 0.84 1.2min
[14:57:25] step 400/942 loss 0.0153 lr 6.68e-06 gnorm 0.35 1.2min
[14:57:29] step 425/942 loss 0.0248 lr 6.31e-06 gnorm 0.49 1.3min
[14:57:34] step 450/942 loss 0.0250 lr 5.93e-06 gnorm 0.42 1.4min
[14:57:38] step 475/942 loss 0.0441 lr 5.55e-06 gnorm 0.75 1.4min
[14:57:42] step 500/942 loss 0.0301 lr 5.17e-06 gnorm 1.89 1.5min
[14:57:47] step 525/942 loss 0.0211 lr 4.79e-06 gnorm 0.59 1.6min
[14:57:51] step 550/942 loss 0.0195 lr 4.42e-06 gnorm 0.35 1.7min
[14:57:55] step 575/942 loss 0.0188 lr 4.05e-06 gnorm 0.46 1.7min
[14:58:00] step 600/942 loss 0.0197 lr 3.70e-06 gnorm 0.33 1.8min
[14:58:04] step 625/942 loss 0.0167 lr 3.36e-06 gnorm 0.29 1.9min
[14:58:08] step 650/942 loss 0.0147 lr 3.03e-06 gnorm 0.35 2.0min
[14:58:13] step 675/942 loss 0.0185 lr 2.72e-06 gnorm 0.32 2.0min
[14:58:17] step 700/942 loss 0.0198 lr 2.43e-06 gnorm 0.43 2.1min
[14:58:21] step 725/942 loss 0.0226 lr 2.16e-06 gnorm 0.56 2.2min
[14:58:25] step 750/942 loss 0.0234 lr 1.92e-06 gnorm 0.86 2.2min
[14:58:27] step 775/942 loss 0.0105 lr 1.70e-06 gnorm 0.23 2.3min
[14:58:29] step 800/942 loss 0.0263 lr 1.51e-06 gnorm 0.55 2.3min
[14:58:31] step 825/942 loss 0.0170 lr 1.35e-06 gnorm 0.43 2.3min
[14:58:33] step 850/942 loss 0.0201 lr 1.22e-06 gnorm 0.34 2.4min
[14:58:35] step 875/942 loss 0.0283 lr 1.12e-06 gnorm 0.55 2.4min
[14:58:38] step 900/942 loss 0.0198 lr 1.05e-06 gnorm 0.54 2.4min
[14:58:40] step 925/942 loss 0.0248 lr 1.01e-06 gnorm 0.54 2.5min
[14:58:41] step 942/942 loss 0.0232 lr 1.00e-06 gnorm 0.30 2.5min

Writing model shards:   0%|          | 0/1 [00:00<?, ?it/s]
Writing model shards: 100%|██████████| 1/1 [00:00<00:00, 10.38it/s]
[14:58:41] saved -> v3_14\board2（loss 0.0232）
