[12:14:37] === retrieval 4096: 2400 samples | init v3\retr_sft\ctx32768\final | 2x4 | 300 steps | lr 3.5e-05 ===

Loading weights:   0%|          | 0/123 [00:00<?, ?it/s]
Loading weights: 100%|██████████| 123/123 [00:00<00:00, 2286.79it/s]
E:\python\Lib\site-packages\torch\nn\modules\module.py:1369: UserWarning: expandable_segments not supported on this platform (Triggered internally at C:\actions-runner\_work\pytorch\pytorch\c10/cuda/CUDAAllocatorConfig.h:40.)
  return t.to(
[12:14:47] [retr4096] step 5/300 loss 2.3213 lr 1.75e-05 gnorm 38.55 15,455 tok/s 0.2min peak 3.17GiB
[12:14:52] [retr4096] step 10/300 loss 1.3238 lr 3.50e-05 gnorm 15.67 22,051 tok/s 0.2min peak 3.17GiB
[12:14:56] [retr4096] step 15/300 loss 1.0707 lr 3.50e-05 gnorm 11.66 25,715 tok/s 0.3min peak 3.17GiB
[12:15:00] [retr4096] step 20/300 loss 0.8234 lr 3.49e-05 gnorm 12.44 28,012 tok/s 0.4min peak 3.17GiB
[12:15:05] [retr4096] step 25/300 loss 0.3947 lr 3.48e-05 gnorm 9.96 29,599 tok/s 0.5min peak 3.17GiB
[12:15:09] [retr4096] step 30/300 loss 1.0212 lr 3.46e-05 gnorm 11.14 30,774 tok/s 0.5min peak 3.17GiB
[12:15:13] [retr4096] step 35/300 loss 0.8704 lr 3.44e-05 gnorm 13.61 31,660 tok/s 0.6min peak 3.17GiB
[12:15:17] [retr4096] step 40/300 loss 0.2789 lr 3.42e-05 gnorm 8.11 32,362 tok/s 0.7min peak 3.17GiB
[12:15:22] [retr4096] step 45/300 loss 0.5062 lr 3.39e-05 gnorm 6.79 32,959 tok/s 0.7min peak 3.17GiB
[12:15:26] [retr4096] step 50/300 loss 0.2011 lr 3.35e-05 gnorm 4.06 33,458 tok/s 0.8min peak 3.17GiB
[12:15:30] [retr4096] step 55/300 loss 0.2240 lr 3.32e-05 gnorm 3.93 33,881 tok/s 0.9min peak 3.17GiB
[12:15:34] [retr4096] step 60/300 loss 0.4429 lr 3.27e-05 gnorm 5.64 34,232 tok/s 1.0min peak 3.17GiB
[12:15:39] [retr4096] step 65/300 loss 0.1863 lr 3.23e-05 gnorm 6.50 34,532 tok/s 1.0min peak 3.17GiB
[12:15:43] [retr4096] step 70/300 loss 0.6593 lr 3.18e-05 gnorm 9.69 34,799 tok/s 1.1min peak 3.17GiB
[12:15:47] [retr4096] step 75/300 loss 0.1480 lr 3.13e-05 gnorm 3.60 35,009 tok/s 1.2min peak 3.17GiB
[12:15:51] [retr4096] step 80/300 loss 0.4266 lr 3.07e-05 gnorm 7.33 35,212 tok/s 1.2min peak 3.17GiB
[12:15:56] [retr4096] step 85/300 loss 0.4558 lr 3.01e-05 gnorm 7.33 35,380 tok/s 1.3min peak 3.17GiB
[12:16:00] [retr4096] step 90/300 loss 0.4755 lr 2.94e-05 gnorm 7.76 35,520 tok/s 1.4min peak 3.17GiB
[12:16:04] [retr4096] step 95/300 loss 0.1505 lr 2.88e-05 gnorm 3.58 35,659 tok/s 1.5min peak 3.17GiB
[12:16:08] [retr4096] step 100/300 loss 0.5472 lr 2.81e-05 gnorm 5.37 35,775 tok/s 1.5min peak 3.17GiB
[12:16:13] [retr4096] step 105/300 loss 0.3546 lr 2.74e-05 gnorm 8.54 35,887 tok/s 1.6min peak 3.17GiB
[12:16:17] [retr4096] step 110/300 loss 0.4070 lr 2.66e-05 gnorm 5.25 35,981 tok/s 1.7min peak 3.17GiB
[12:16:21] [retr4096] step 115/300 loss 0.1820 lr 2.59e-05 gnorm 5.73 36,058 tok/s 1.7min peak 3.17GiB
[12:16:26] [retr4096] step 120/300 loss 0.7278 lr 2.51e-05 gnorm 12.07 36,143 tok/s 1.8min peak 3.17GiB
[12:16:30] [retr4096] step 125/300 loss 0.2820 lr 2.43e-05 gnorm 8.92 36,224 tok/s 1.9min peak 3.17GiB
[12:16:34] [retr4096] step 130/300 loss 0.3289 lr 2.35e-05 gnorm 4.91 36,290 tok/s 2.0min peak 3.17GiB
[12:16:39] [retr4096] step 135/300 loss 0.4929 lr 2.26e-05 gnorm 6.01 36,343 tok/s 2.0min peak 3.17GiB
[12:16:43] [retr4096] step 140/300 loss 0.0965 lr 2.18e-05 gnorm 2.54 36,402 tok/s 2.1min peak 3.17GiB
[12:16:47] [retr4096] step 145/300 loss 0.2708 lr 2.10e-05 gnorm 8.92 36,447 tok/s 2.2min peak 3.17GiB
[12:16:52] [retr4096] step 150/300 loss 0.1289 lr 2.01e-05 gnorm 2.41 36,475 tok/s 2.2min peak 3.17GiB
[12:16:56] [retr4096] step 155/300 loss 0.1901 lr 1.93e-05 gnorm 4.67 36,512 tok/s 2.3min peak 3.17GiB
[12:17:00] [retr4096] step 160/300 loss 0.2808 lr 1.84e-05 gnorm 5.33 36,552 tok/s 2.4min peak 3.17GiB
[12:17:05] [retr4096] step 165/300 loss 0.1102 lr 1.75e-05 gnorm 2.61 36,583 tok/s 2.5min peak 3.17GiB
[12:17:09] [retr4096] step 170/300 loss 0.5694 lr 1.67e-05 gnorm 19.15 36,608 tok/s 2.5min peak 3.17GiB
[12:17:13] [retr4096] step 175/300 loss 0.4207 lr 1.59e-05 gnorm 6.08 36,635 tok/s 2.6min peak 3.17GiB
[12:17:18] [retr4096] step 180/300 loss 0.5198 lr 1.50e-05 gnorm 7.96 36,666 tok/s 2.7min peak 3.17GiB
[12:17:22] [retr4096] step 185/300 loss 0.8340 lr 1.42e-05 gnorm 10.63 36,697 tok/s 2.8min peak 3.17GiB
[12:17:26] [retr4096] step 190/300 loss 0.3348 lr 1.34e-05 gnorm 4.82 36,730 tok/s 2.8min peak 3.17GiB
[12:17:31] [retr4096] step 195/300 loss 0.3589 lr 1.26e-05 gnorm 10.08 36,754 tok/s 2.9min peak 3.17GiB
[12:17:35] [retr4096] step 200/300 loss 0.0880 lr 1.19e-05 gnorm 3.04 36,773 tok/s 3.0min peak 3.17GiB
[12:17:39] [retr4096] step 205/300 loss 0.2156 lr 1.11e-05 gnorm 6.66 36,795 tok/s 3.0min peak 3.17GiB
[12:17:44] [retr4096] step 210/300 loss 0.5393 lr 1.04e-05 gnorm 7.80 36,820 tok/s 3.1min peak 3.17GiB
[12:17:48] [retr4096] step 215/300 loss 0.2746 lr 9.72e-06 gnorm 5.32 36,843 tok/s 3.2min peak 3.17GiB
[12:17:52] [retr4096] step 220/300 loss 0.3047 lr 9.05e-06 gnorm 7.82 36,863 tok/s 3.3min peak 3.17GiB
[12:17:57] [retr4096] step 225/300 loss 0.2706 lr 8.42e-06 gnorm 4.63 36,876 tok/s 3.3min peak 3.17GiB
[12:18:01] [retr4096] step 230/300 loss 0.1606 lr 7.82e-06 gnorm 17.81 36,888 tok/s 3.4min peak 3.17GiB
[12:18:06] [retr4096] step 235/300 loss 0.0928 lr 7.25e-06 gnorm 2.83 36,896 tok/s 3.5min peak 3.17GiB
[12:18:10] [retr4096] step 240/300 loss 0.1841 lr 6.71e-06 gnorm 3.15 36,925 tok/s 3.5min peak 3.17GiB
[12:18:14] [retr4096] step 245/300 loss 0.3316 lr 6.21e-06 gnorm 6.05 36,952 tok/s 3.6min peak 3.17GiB
[12:18:18] [retr4096] step 250/300 loss 0.1040 lr 5.75e-06 gnorm 2.65 36,980 tok/s 3.7min peak 3.17GiB
[12:18:23] [retr4096] step 255/300 loss 0.4376 lr 5.33e-06 gnorm 8.88 37,006 tok/s 3.8min peak 3.17GiB
[12:18:27] [retr4096] step 260/300 loss 0.1425 lr 4.96e-06 gnorm 3.09 37,029 tok/s 3.8min peak 3.17GiB
[12:18:31] [retr4096] step 265/300 loss 0.2499 lr 4.62e-06 gnorm 5.44 37,054 tok/s 3.9min peak 3.17GiB
[12:18:35] [retr4096] step 270/300 loss 0.2936 lr 4.32e-06 gnorm 4.43 37,076 tok/s 4.0min peak 3.17GiB
[12:18:40] [retr4096] step 275/300 loss 0.0705 lr 4.07e-06 gnorm 1.66 37,096 tok/s 4.0min peak 3.17GiB
[12:18:44] [retr4096] step 280/300 loss 0.0201 lr 3.87e-06 gnorm 0.55 37,119 tok/s 4.1min peak 3.17GiB
[12:18:48] [retr4096] step 285/300 loss 0.8436 lr 3.71e-06 gnorm 8.74 37,136 tok/s 4.2min peak 3.17GiB
[12:18:53] [retr4096] step 290/300 loss 0.6330 lr 3.59e-06 gnorm 8.76 37,144 tok/s 4.3min peak 3.17GiB
[12:18:57] [retr4096] step 295/300 loss 0.1703 lr 3.52e-06 gnorm 5.00 37,153 tok/s 4.3min peak 3.17GiB
[12:19:01] [retr4096] step 300/300 loss 0.3254 lr 3.50e-06 gnorm 4.91 37,165 tok/s 4.4min peak 3.17GiB

Writing model shards:   0%|          | 0/1 [00:00<?, ?it/s]
Writing model shards: 100%|██████████| 1/1 [00:00<00:00, 10.85it/s]
[12:19:01] saved -> v3_1\retr_sft\ctx4096\final (loss 0.3254)
[12:19:02] === retrieval 8192: 1200 samples | init v3_1\retr_sft\ctx4096\final | 2x4 | 150 steps | lr 2.8e-05 ===

Loading weights:   0%|          | 0/123 [00:00<?, ?it/s]
Loading weights: 100%|██████████| 123/123 [00:00<00:00, 1703.04it/s]
[12:19:14] [retr8192] step 5/150 loss 0.7277 lr 1.40e-05 gnorm 11.37 26,182 tok/s 0.2min peak 5.57GiB
[12:19:27] [retr8192] step 10/150 loss 0.4487 lr 2.80e-05 gnorm 6.82 26,116 tok/s 0.4min peak 5.57GiB
[12:19:39] [retr8192] step 15/150 loss 0.5826 lr 2.79e-05 gnorm 12.73 26,112 tok/s 0.6min peak 5.57GiB
[12:19:52] [retr8192] step 20/150 loss 0.4954 lr 2.77e-05 gnorm 11.07 26,199 tok/s 0.8min peak 5.57GiB
[12:20:04] [retr8192] step 25/150 loss 0.4101 lr 2.73e-05 gnorm 19.55 26,245 tok/s 1.0min peak 5.57GiB
[12:20:17] [retr8192] step 30/150 loss 0.5812 lr 2.68e-05 gnorm 11.05 26,242 tok/s 1.2min peak 5.57GiB
[12:20:29] [retr8192] step 35/150 loss 0.4577 lr 2.61e-05 gnorm 10.72 26,213 tok/s 1.5min peak 5.57GiB
[12:20:42] [retr8192] step 40/150 loss 0.5775 lr 2.53e-05 gnorm 24.96 26,222 tok/s 1.7min peak 5.57GiB
[12:20:54] [retr8192] step 45/150 loss 0.2167 lr 2.43e-05 gnorm 4.19 26,258 tok/s 1.9min peak 5.57GiB
[12:21:06] [retr8192] step 50/150 loss 0.4993 lr 2.33e-05 gnorm 11.93 26,282 tok/s 2.1min peak 5.57GiB
[12:21:19] [retr8192] step 55/150 loss 0.2026 lr 2.21e-05 gnorm 3.30 26,301 tok/s 2.3min peak 5.57GiB
[12:21:31] [retr8192] step 60/150 loss 0.2231 lr 2.09e-05 gnorm 5.48 26,309 tok/s 2.5min peak 5.57GiB
[12:21:44] [retr8192] step 65/150 loss 0.3799 lr 1.96e-05 gnorm 7.90 26,310 tok/s 2.7min peak 5.57GiB
[12:21:56] [retr8192] step 70/150 loss 0.3794 lr 1.82e-05 gnorm 11.25 26,306 tok/s 2.9min peak 5.57GiB
[12:22:09] [retr8192] step 75/150 loss 0.2562 lr 1.68e-05 gnorm 3.73 26,303 tok/s 3.1min peak 5.57GiB
[12:22:21] [retr8192] step 80/150 loss 0.4995 lr 1.54e-05 gnorm 8.26 26,304 tok/s 3.3min peak 5.57GiB
[12:22:34] [retr8192] step 85/150 loss 0.3684 lr 1.40e-05 gnorm 5.54 26,304 tok/s 3.5min peak 5.57GiB
[12:22:46] [retr8192] step 90/150 loss 0.1749 lr 1.26e-05 gnorm 2.90 26,303 tok/s 3.7min peak 5.57GiB
[12:22:59] [retr8192] step 95/150 loss 0.3295 lr 1.12e-05 gnorm 7.02 26,294 tok/s 3.9min peak 5.57GiB
[12:23:11] [retr8192] step 100/150 loss 0.5648 lr 9.93e-06 gnorm 9.32 26,299 tok/s 4.2min peak 5.57GiB
[12:23:23] [retr8192] step 105/150 loss 0.0979 lr 8.70e-06 gnorm 2.00 26,316 tok/s 4.4min peak 5.57GiB
[12:23:36] [retr8192] step 110/150 loss 0.2929 lr 7.54e-06 gnorm 4.92 26,334 tok/s 4.6min peak 5.57GiB
[12:23:48] [retr8192] step 115/150 loss 0.1867 lr 6.49e-06 gnorm 4.50 26,350 tok/s 4.8min peak 5.57GiB
[12:24:00] [retr8192] step 120/150 loss 0.1616 lr 5.55e-06 gnorm 6.02 26,365 tok/s 5.0min peak 5.57GiB
[12:24:12] [retr8192] step 125/150 loss 0.2729 lr 4.73e-06 gnorm 5.97 26,378 tok/s 5.2min peak 5.57GiB
[12:24:25] [retr8192] step 130/150 loss 0.3901 lr 4.05e-06 gnorm 10.89 26,391 tok/s 5.4min peak 5.57GiB
[12:24:37] [retr8192] step 135/150 loss 0.6046 lr 3.51e-06 gnorm 14.35 26,403 tok/s 5.6min peak 5.57GiB
[12:24:49] [retr8192] step 140/150 loss 0.1258 lr 3.12e-06 gnorm 2.83 26,413 tok/s 5.8min peak 5.57GiB
[12:25:01] [retr8192] step 145/150 loss 0.3309 lr 2.88e-06 gnorm 6.00 26,424 tok/s 6.0min peak 5.57GiB
[12:25:14] [retr8192] step 150/150 loss 0.4731 lr 2.80e-06 gnorm 6.11 26,433 tok/s 6.2min peak 5.57GiB

Writing model shards:   0%|          | 0/1 [00:00<?, ?it/s]
Writing model shards: 100%|██████████| 1/1 [00:00<00:00, 12.15it/s]
[12:25:14] saved -> v3_1\retr_sft\ctx8192\final (loss 0.4731)
[12:25:14] === retrieval 16384: 600 samples | init v3_1\retr_sft\ctx8192\final | 1x4 | 150 steps | lr 2.1e-05 ===

Loading weights:   0%|          | 0/123 [00:00<?, ?it/s]
Loading weights: 100%|██████████| 123/123 [00:00<00:00, 2229.29it/s]
[12:25:32] [retr16384] step 5/150 loss 0.4768 lr 1.05e-05 gnorm 23.39 17,978 tok/s 0.3min peak 5.57GiB
[12:25:50] [retr16384] step 10/150 loss 0.1812 lr 2.10e-05 gnorm 30.56 17,994 tok/s 0.6min peak 5.57GiB
[12:26:09] [retr16384] step 15/150 loss 0.0650 lr 2.09e-05 gnorm 6.63 17,996 tok/s 0.9min peak 5.57GiB
[12:26:27] [retr16384] step 20/150 loss 0.7639 lr 2.08e-05 gnorm 19.90 17,999 tok/s 1.2min peak 5.57GiB
[12:26:45] [retr16384] step 25/150 loss 1.4574 lr 2.05e-05 gnorm 35.70 18,000 tok/s 1.5min peak 5.57GiB
[12:27:03] [retr16384] step 30/150 loss 1.2988 lr 2.01e-05 gnorm 20.27 18,002 tok/s 1.8min peak 5.57GiB
[12:27:21] [retr16384] step 35/150 loss 0.9394 lr 1.96e-05 gnorm 24.98 18,003 tok/s 2.1min peak 5.57GiB
[12:27:40] [retr16384] step 40/150 loss 0.3732 lr 1.89e-05 gnorm 28.95 18,004 tok/s 2.4min peak 5.57GiB
[12:27:58] [retr16384] step 45/150 loss 0.1107 lr 1.82e-05 gnorm 10.64 18,005 tok/s 2.7min peak 5.57GiB
[12:28:16] [retr16384] step 50/150 loss 1.0172 lr 1.74e-05 gnorm 39.75 18,006 tok/s 3.0min peak 5.57GiB
[12:28:34] [retr16384] step 55/150 loss 0.0636 lr 1.66e-05 gnorm 5.74 18,006 tok/s 3.3min peak 5.57GiB
[12:28:52] [retr16384] step 60/150 loss 0.1578 lr 1.57e-05 gnorm 13.49 18,006 tok/s 3.6min peak 5.57GiB
[12:29:10] [retr16384] step 65/150 loss 1.7288 lr 1.47e-05 gnorm 39.43 18,007 tok/s 3.9min peak 5.57GiB
[12:29:29] [retr16384] step 70/150 loss 0.1968 lr 1.37e-05 gnorm 7.91 18,008 tok/s 4.2min peak 5.57GiB
[12:29:47] [retr16384] step 75/150 loss 0.2373 lr 1.26e-05 gnorm 10.91 18,007 tok/s 4.5min peak 5.57GiB
[12:30:05] [retr16384] step 80/150 loss 0.8782 lr 1.15e-05 gnorm 16.53 18,007 tok/s 4.9min peak 5.57GiB
[12:30:23] [retr16384] step 85/150 loss 0.1313 lr 1.05e-05 gnorm 8.42 18,007 tok/s 5.2min peak 5.57GiB
[12:30:41] [retr16384] step 90/150 loss 0.4792 lr 9.45e-06 gnorm 9.67 18,008 tok/s 5.5min peak 5.57GiB
[12:31:00] [retr16384] step 95/150 loss 0.5155 lr 8.43e-06 gnorm 13.65 18,008 tok/s 5.8min peak 5.57GiB
[12:31:18] [retr16384] step 100/150 loss 0.6376 lr 7.45e-06 gnorm 14.30 18,008 tok/s 6.1min peak 5.57GiB
[12:31:36] [retr16384] step 105/150 loss 0.0752 lr 6.52e-06 gnorm 4.39 18,009 tok/s 6.4min peak 5.57GiB
[12:31:54] [retr16384] step 110/150 loss 0.1027 lr 5.66e-06 gnorm 2.46 18,009 tok/s 6.7min peak 5.57GiB
[12:32:12] [retr16384] step 115/150 loss 0.0189 lr 4.87e-06 gnorm 0.72 18,009 tok/s 7.0min peak 5.57GiB
[12:32:31] [retr16384] step 120/150 loss 0.1423 lr 4.16e-06 gnorm 7.43 18,009 tok/s 7.3min peak 5.57GiB
[12:32:49] [retr16384] step 125/150 loss 0.3972 lr 3.55e-06 gnorm 20.53 18,009 tok/s 7.6min peak 5.57GiB
[12:33:07] [retr16384] step 130/150 loss 0.0182 lr 3.04e-06 gnorm 1.18 18,009 tok/s 7.9min peak 5.57GiB
[12:33:25] [retr16384] step 135/150 loss 0.4777 lr 2.63e-06 gnorm 11.39 18,010 tok/s 8.2min peak 5.57GiB
[12:33:43] [retr16384] step 140/150 loss 0.0430 lr 2.34e-06 gnorm 1.57 18,010 tok/s 8.5min peak 5.57GiB
[12:34:02] [retr16384] step 145/150 loss 0.1471 lr 2.16e-06 gnorm 5.80 18,010 tok/s 8.8min peak 5.57GiB
[12:34:20] [retr16384] step 150/150 loss 0.1373 lr 2.10e-06 gnorm 2.29 18,010 tok/s 9.1min peak 5.57GiB

Writing model shards:   0%|          | 0/1 [00:00<?, ?it/s]
Writing model shards: 100%|██████████| 1/1 [00:00<00:00, 11.62it/s]
[12:34:20] saved -> v3_1\retr_sft\ctx16384\final (loss 0.1373)
[12:34:20] === retrieval 32768: 200 samples | init v3_1\retr_sft\ctx16384\final | 1x4 | 50 steps | lr 1.4e-05 ===

Loading weights:   0%|          | 0/123 [00:00<?, ?it/s]
Loading weights: 100%|██████████| 123/123 [00:00<00:00, 2285.50it/s]
[12:35:18] [retr32768] step 5/50 loss 0.6201 lr 7.00e-06 gnorm 28.41 11,225 tok/s 1.0min peak 10.28GiB
[12:36:17] [retr32768] step 10/50 loss 1.1879 lr 1.40e-05 gnorm 50.82 11,230 tok/s 1.9min peak 10.28GiB
[12:37:15] [retr32768] step 15/50 loss 0.5258 lr 1.35e-05 gnorm 19.81 11,230 tok/s 2.9min peak 10.28GiB
[12:38:13] [retr32768] step 20/50 loss 0.9748 lr 1.22e-05 gnorm 22.56 11,229 tok/s 3.9min peak 10.28GiB
[12:39:12] [retr32768] step 25/50 loss 0.5218 lr 1.01e-05 gnorm 16.23 11,229 tok/s 4.9min peak 10.28GiB
[12:40:10] [retr32768] step 30/50 loss 0.6209 lr 7.70e-06 gnorm 23.33 11,228 tok/s 5.8min peak 10.28GiB
[12:41:09] [retr32768] step 35/50 loss 0.4967 lr 5.29e-06 gnorm 21.16 11,228 tok/s 6.8min peak 10.28GiB
[12:42:07] [retr32768] step 40/50 loss 0.1638 lr 3.25e-06 gnorm 6.31 11,227 tok/s 7.8min peak 10.28GiB
[12:43:05] [retr32768] step 45/50 loss 0.2152 lr 1.88e-06 gnorm 12.20 11,227 tok/s 8.8min peak 10.28GiB
[12:44:04] [retr32768] step 50/50 loss 0.7312 lr 1.40e-06 gnorm 14.18 11,226 tok/s 9.7min peak 10.28GiB

Writing model shards:   0%|          | 0/1 [00:00<?, ?it/s]
Writing model shards: 100%|██████████| 1/1 [00:00<00:00, 11.02it/s]
[12:44:04] saved -> v3_1\retr_sft\ctx32768\final (loss 0.7312)
[12:44:04] retrieval SFT done -> v3_1\retr_sft\ctx32768\final
