[15:01:47] 样本：QAT 数据 2832 + 多轮/身份 80 = 2912 条
[15:01:49] 可用样本 2720，平均长度 51

Loading weights:   0%|          | 0/123 [00:00<?, ?it/s]
Loading weights: 100%|██████████| 123/123 [00:00<00:00, 1485.63it/s]
[15:01:49] KV-QAT hooks installed: K (post-RoPE) + V (v_proj out), q2 block8 STE
[15:01:49] W-QAT：78 个权重矩阵 + embedding 按 Q4 block64（fp16 scale）STE 前向
[15:01:55] step 25/226 loss 0.0132 lr 3.98e-06 gnorm 0.27 0.1min
[15:02:00] step 50/226 loss 0.0198 lr 3.76e-06 gnorm 0.31 0.2min
[15:02:04] step 75/226 loss 0.0136 lr 3.33e-06 gnorm 0.29 0.3min
[15:02:09] step 100/226 loss 0.0173 lr 2.74e-06 gnorm 0.49 0.3min
[15:02:13] step 125/226 loss 0.0190 lr 2.08e-06 gnorm 0.32 0.4min
[15:02:18] step 150/226 loss 0.0083 lr 1.43e-06 gnorm 0.19 0.5min
[15:02:22] step 175/226 loss 0.0162 lr 8.94e-07 gnorm 0.33 0.6min
[15:02:27] step 200/226 loss 0.0129 lr 5.33e-07 gnorm 0.47 0.6min
[15:02:31] step 225/226 loss 0.0176 lr 4.00e-07 gnorm 0.32 0.7min
[15:02:31] step 226/226 loss 0.0126 lr 4.00e-07 gnorm 0.23 0.7min

Writing model shards:   0%|          | 0/1 [00:00<?, ?it/s]
Writing model shards: 100%|██████████| 1/1 [00:00<00:00,  7.35it/s]
Writing model shards: 100%|██████████| 1/1 [00:00<00:00,  7.20it/s]
[15:02:32] saved -> v3_14\board3（loss 0.0126）
