[13:59:26] 样本：补丁 56793 + 其余 280 = 57073 条
[13:59:33] 可用样本 57073，平均长度 26

Loading weights:   0%|          | 0/123 [00:00<?, ?it/s]
Loading weights: 100%|██████████| 123/123 [00:00<00:00, 1284.62it/s]
[train-last] 只训练最后 2 层 + norm/lm_head：4.02M / 29.43M 参数
[13:59:37] step 25/3566 loss 1.2423 lr 2.00e-05 gnorm 2.05 3,431 tok/s 0.1min peak 1.01GiB
[13:59:38] step 50/3566 loss 1.0153 lr 2.00e-05 gnorm 1.26 4,863 tok/s 0.1min peak 1.04GiB
[13:59:39] step 75/3566 loss 0.8769 lr 2.00e-05 gnorm 1.03 5,714 tok/s 0.1min peak 1.04GiB
[13:59:41] step 100/3566 loss 0.8135 lr 2.00e-05 gnorm 0.89 6,273 tok/s 0.1min peak 1.04GiB
[13:59:42] step 125/3566 loss 0.7322 lr 2.00e-05 gnorm 0.79 6,630 tok/s 0.1min peak 1.04GiB
[13:59:43] step 150/3566 loss 0.6086 lr 1.99e-05 gnorm 0.69 6,892 tok/s 0.2min peak 1.07GiB
[13:59:44] step 175/3566 loss 0.6438 lr 1.99e-05 gnorm 0.63 7,087 tok/s 0.2min peak 1.07GiB
[13:59:46] step 200/3566 loss 0.7153 lr 1.99e-05 gnorm 0.67 7,221 tok/s 0.2min peak 1.07GiB
[13:59:47] step 225/3566 loss 0.6471 lr 1.99e-05 gnorm 0.65 7,333 tok/s 0.2min peak 1.07GiB
[13:59:48] step 250/3566 loss 0.6408 lr 1.98e-05 gnorm 0.61 7,445 tok/s 0.2min peak 1.07GiB
[13:59:50] step 275/3566 loss 0.5948 lr 1.98e-05 gnorm 0.60 7,521 tok/s 0.3min peak 1.07GiB
[13:59:51] step 300/3566 loss 0.5758 lr 1.97e-05 gnorm 0.51 7,605 tok/s 0.3min peak 1.11GiB
[13:59:52] step 325/3566 loss 0.6279 lr 1.97e-05 gnorm 0.56 7,650 tok/s 0.3min peak 1.11GiB
[13:59:54] step 350/3566 loss 0.5880 lr 1.96e-05 gnorm 0.59 7,701 tok/s 0.3min peak 1.11GiB
[13:59:55] step 375/3566 loss 0.5490 lr 1.96e-05 gnorm 0.63 7,743 tok/s 0.4min peak 1.11GiB
[13:59:56] step 400/3566 loss 0.5609 lr 1.95e-05 gnorm 0.64 7,786 tok/s 0.4min peak 1.11GiB
[13:59:58] step 425/3566 loss 0.4910 lr 1.94e-05 gnorm 0.60 7,797 tok/s 0.4min peak 1.11GiB
[13:59:59] step 450/3566 loss 0.5193 lr 1.94e-05 gnorm 0.60 7,820 tok/s 0.4min peak 1.11GiB
[14:00:00] step 475/3566 loss 0.4494 lr 1.93e-05 gnorm 0.55 7,832 tok/s 0.4min peak 1.11GiB
[14:00:02] step 500/3566 loss 0.4632 lr 1.92e-05 gnorm 0.50 7,860 tok/s 0.5min peak 1.11GiB
[14:00:03] step 525/3566 loss 0.4377 lr 1.91e-05 gnorm 0.56 7,895 tok/s 0.5min peak 1.11GiB
[14:00:04] step 550/3566 loss 0.4873 lr 1.90e-05 gnorm 0.53 7,916 tok/s 0.5min peak 1.11GiB
[14:00:05] step 575/3566 loss 0.4554 lr 1.89e-05 gnorm 0.46 7,937 tok/s 0.5min peak 1.11GiB
[14:00:07] step 600/3566 loss 0.4362 lr 1.88e-05 gnorm 0.55 7,962 tok/s 0.6min peak 1.11GiB
[14:00:08] step 625/3566 loss 0.4220 lr 1.87e-05 gnorm 0.50 7,981 tok/s 0.6min peak 1.11GiB
[14:00:09] step 650/3566 loss 0.4286 lr 1.86e-05 gnorm 0.52 8,005 tok/s 0.6min peak 1.11GiB
[14:00:11] step 675/3566 loss 0.4772 lr 1.85e-05 gnorm 0.54 8,022 tok/s 0.6min peak 1.11GiB
[14:00:12] step 700/3566 loss 0.4338 lr 1.84e-05 gnorm 0.57 8,046 tok/s 0.6min peak 1.11GiB
[14:00:13] step 725/3566 loss 0.5189 lr 1.83e-05 gnorm 0.60 8,063 tok/s 0.7min peak 1.11GiB
[14:00:14] step 750/3566 loss 0.4168 lr 1.82e-05 gnorm 0.57 8,080 tok/s 0.7min peak 1.11GiB
[14:00:16] step 775/3566 loss 0.4046 lr 1.81e-05 gnorm 0.46 8,088 tok/s 0.7min peak 1.11GiB
[14:00:17] step 800/3566 loss 0.4247 lr 1.79e-05 gnorm 0.57 8,107 tok/s 0.7min peak 1.11GiB
[14:00:18] step 825/3566 loss 0.4745 lr 1.78e-05 gnorm 0.55 8,121 tok/s 0.7min peak 1.11GiB
[14:00:20] step 850/3566 loss 0.4353 lr 1.77e-05 gnorm 0.54 8,132 tok/s 0.8min peak 1.11GiB
[14:00:21] step 875/3566 loss 0.4927 lr 1.75e-05 gnorm 0.52 8,143 tok/s 0.8min peak 1.11GiB
[14:00:22] step 900/3566 loss 0.4346 lr 1.74e-05 gnorm 0.51 8,149 tok/s 0.8min peak 1.11GiB
[14:00:23] step 925/3566 loss 0.4349 lr 1.73e-05 gnorm 0.43 8,164 tok/s 0.8min peak 1.11GiB
[14:00:25] step 950/3566 loss 0.5043 lr 1.71e-05 gnorm 0.60 8,172 tok/s 0.9min peak 1.11GiB
[14:00:26] step 975/3566 loss 0.3607 lr 1.70e-05 gnorm 0.53 8,179 tok/s 0.9min peak 1.11GiB
[14:00:27] step 1000/3566 loss 0.3831 lr 1.68e-05 gnorm 0.53 8,194 tok/s 0.9min peak 1.11GiB
[14:00:29] step 1025/3566 loss 0.4281 lr 1.67e-05 gnorm 0.51 8,206 tok/s 0.9min peak 1.11GiB
[14:00:30] step 1050/3566 loss 0.3697 lr 1.65e-05 gnorm 0.59 8,212 tok/s 0.9min peak 1.11GiB
[14:00:31] step 1075/3566 loss 0.4701 lr 1.63e-05 gnorm 0.61 8,220 tok/s 1.0min peak 1.11GiB
[14:00:32] step 1100/3566 loss 0.4528 lr 1.62e-05 gnorm 0.54 8,227 tok/s 1.0min peak 1.11GiB
[14:00:34] step 1125/3566 loss 0.3896 lr 1.60e-05 gnorm 0.55 8,235 tok/s 1.0min peak 1.11GiB
[14:00:34] step 1150/3566 loss 0.4406 lr 1.59e-05 gnorm 0.58 8,307 tok/s 1.0min peak 1.11GiB
[14:00:35] step 1175/3566 loss 0.4484 lr 1.57e-05 gnorm 0.56 8,399 tok/s 1.0min peak 1.11GiB
[14:00:36] step 1200/3566 loss 0.4206 lr 1.55e-05 gnorm 0.57 8,493 tok/s 1.0min peak 1.11GiB
[14:00:36] step 1225/3566 loss 0.4589 lr 1.53e-05 gnorm 0.59 8,578 tok/s 1.0min peak 1.11GiB
[14:00:37] step 1250/3566 loss 0.4802 lr 1.52e-05 gnorm 0.59 8,665 tok/s 1.1min peak 1.11GiB
[14:00:38] step 1275/3566 loss 0.3672 lr 1.50e-05 gnorm 0.48 8,751 tok/s 1.1min peak 1.11GiB
[14:00:38] step 1300/3566 loss 0.4042 lr 1.48e-05 gnorm 0.48 8,838 tok/s 1.1min peak 1.11GiB
[14:00:39] step 1325/3566 loss 0.3607 lr 1.46e-05 gnorm 0.49 8,920 tok/s 1.1min peak 1.11GiB
[14:00:40] step 1350/3566 loss 0.3153 lr 1.44e-05 gnorm 0.57 9,001 tok/s 1.1min peak 1.11GiB
[14:00:40] step 1375/3566 loss 0.3905 lr 1.43e-05 gnorm 0.62 9,077 tok/s 1.1min peak 1.11GiB
[14:00:41] step 1400/3566 loss 0.3397 lr 1.41e-05 gnorm 0.44 9,154 tok/s 1.1min peak 1.11GiB
[14:00:41] step 1425/3566 loss 0.4850 lr 1.39e-05 gnorm 0.71 9,224 tok/s 1.1min peak 1.11GiB
[14:00:42] step 1450/3566 loss 0.3853 lr 1.37e-05 gnorm 0.53 9,297 tok/s 1.1min peak 1.11GiB
[14:00:43] step 1475/3566 loss 0.4338 lr 1.35e-05 gnorm 0.52 9,371 tok/s 1.2min peak 1.11GiB
[14:00:43] step 1500/3566 loss 0.3484 lr 1.33e-05 gnorm 0.57 9,443 tok/s 1.2min peak 1.11GiB
[14:00:44] step 1525/3566 loss 0.3824 lr 1.31e-05 gnorm 0.59 9,512 tok/s 1.2min peak 1.11GiB
[14:00:45] step 1550/3566 loss 0.3974 lr 1.29e-05 gnorm 0.55 9,583 tok/s 1.2min peak 1.11GiB
[14:00:45] step 1575/3566 loss 0.4261 lr 1.27e-05 gnorm 0.62 9,648 tok/s 1.2min peak 1.11GiB
[14:00:46] step 1600/3566 loss 0.3352 lr 1.25e-05 gnorm 0.48 9,708 tok/s 1.2min peak 1.11GiB
[14:00:47] step 1625/3566 loss 0.3618 lr 1.23e-05 gnorm 0.57 9,775 tok/s 1.2min peak 1.11GiB
[14:00:47] step 1650/3566 loss 0.3979 lr 1.21e-05 gnorm 0.52 9,840 tok/s 1.2min peak 1.11GiB
[14:00:48] step 1675/3566 loss 0.3501 lr 1.19e-05 gnorm 0.57 9,905 tok/s 1.2min peak 1.11GiB
[14:00:48] step 1700/3566 loss 0.3286 lr 1.17e-05 gnorm 0.52 9,968 tok/s 1.2min peak 1.11GiB
[14:00:49] step 1725/3566 loss 0.3876 lr 1.15e-05 gnorm 0.60 10,032 tok/s 1.3min peak 1.11GiB
[14:00:50] step 1750/3566 loss 0.2868 lr 1.13e-05 gnorm 0.43 10,095 tok/s 1.3min peak 1.11GiB
[14:00:50] step 1775/3566 loss 0.3019 lr 1.11e-05 gnorm 0.49 10,159 tok/s 1.3min peak 1.11GiB
[14:00:51] step 1800/3566 loss 0.3878 lr 1.09e-05 gnorm 0.54 10,217 tok/s 1.3min peak 1.11GiB
[14:00:52] step 1825/3566 loss 0.3966 lr 1.07e-05 gnorm 0.69 10,277 tok/s 1.3min peak 1.11GiB
[14:00:52] step 1850/3566 loss 0.4021 lr 1.05e-05 gnorm 0.57 10,334 tok/s 1.3min peak 1.11GiB
[14:00:53] step 1875/3566 loss 0.3704 lr 1.03e-05 gnorm 0.56 10,391 tok/s 1.3min peak 1.11GiB
[14:00:53] step 1900/3566 loss 0.4260 lr 1.01e-05 gnorm 0.53 10,447 tok/s 1.3min peak 1.11GiB
[14:00:54] step 1925/3566 loss 0.3833 lr 9.95e-06 gnorm 0.50 10,505 tok/s 1.3min peak 1.11GiB
[14:00:55] step 1950/3566 loss 0.3736 lr 9.75e-06 gnorm 0.57 10,562 tok/s 1.4min peak 1.11GiB
[14:00:55] step 1975/3566 loss 0.3507 lr 9.56e-06 gnorm 0.53 10,616 tok/s 1.4min peak 1.11GiB
[14:00:56] step 2000/3566 loss 0.3996 lr 9.36e-06 gnorm 0.53 10,669 tok/s 1.4min peak 1.11GiB
[14:00:57] step 2025/3566 loss 0.3931 lr 9.16e-06 gnorm 0.52 10,725 tok/s 1.4min peak 1.11GiB
[14:00:57] step 2050/3566 loss 0.3100 lr 8.97e-06 gnorm 0.49 10,778 tok/s 1.4min peak 1.11GiB
[14:00:58] step 2075/3566 loss 0.4130 lr 8.77e-06 gnorm 0.58 10,828 tok/s 1.4min peak 1.11GiB
[14:00:58] step 2100/3566 loss 0.4075 lr 8.58e-06 gnorm 0.56 10,876 tok/s 1.4min peak 1.11GiB
[14:00:59] step 2125/3566 loss 0.3362 lr 8.39e-06 gnorm 0.53 10,924 tok/s 1.4min peak 1.11GiB
[14:01:00] step 2150/3566 loss 0.3446 lr 8.20e-06 gnorm 0.51 10,969 tok/s 1.4min peak 1.11GiB
[14:01:00] step 2175/3566 loss 0.3356 lr 8.01e-06 gnorm 0.46 11,019 tok/s 1.4min peak 1.11GiB
[14:01:01] step 2200/3566 loss 0.3598 lr 7.82e-06 gnorm 0.47 11,065 tok/s 1.5min peak 1.11GiB
[14:01:02] step 2225/3566 loss 0.3309 lr 7.64e-06 gnorm 0.65 11,110 tok/s 1.5min peak 1.11GiB
[14:01:02] step 2250/3566 loss 0.3612 lr 7.45e-06 gnorm 0.56 11,156 tok/s 1.5min peak 1.11GiB
[14:01:03] step 2275/3566 loss 0.4069 lr 7.27e-06 gnorm 0.72 11,203 tok/s 1.5min peak 1.11GiB
[14:01:03] step 2300/3566 loss 0.3563 lr 7.09e-06 gnorm 0.57 11,250 tok/s 1.5min peak 1.11GiB
[14:01:04] step 2325/3566 loss 0.3952 lr 6.91e-06 gnorm 0.69 11,296 tok/s 1.5min peak 1.11GiB
[14:01:05] step 2350/3566 loss 0.3324 lr 6.74e-06 gnorm 0.65 11,339 tok/s 1.5min peak 1.11GiB
[14:01:05] step 2375/3566 loss 0.3475 lr 6.56e-06 gnorm 0.55 11,380 tok/s 1.5min peak 1.11GiB
[14:01:06] step 2400/3566 loss 0.4176 lr 6.39e-06 gnorm 0.58 11,419 tok/s 1.5min peak 1.11GiB
[14:01:07] step 2425/3566 loss 0.3269 lr 6.22e-06 gnorm 0.58 11,460 tok/s 1.5min peak 1.11GiB
[14:01:07] step 2450/3566 loss 0.3679 lr 6.05e-06 gnorm 0.64 11,476 tok/s 1.6min peak 1.11GiB
[14:01:08] step 2475/3566 loss 0.4333 lr 5.89e-06 gnorm 0.73 11,514 tok/s 1.6min peak 1.11GiB
[14:01:09] step 2500/3566 loss 0.3489 lr 5.72e-06 gnorm 0.52 11,554 tok/s 1.6min peak 1.11GiB
[14:01:09] step 2525/3566 loss 0.3215 lr 5.56e-06 gnorm 0.53 11,594 tok/s 1.6min peak 1.11GiB
[14:01:10] step 2550/3566 loss 0.3650 lr 5.41e-06 gnorm 0.55 11,632 tok/s 1.6min peak 1.11GiB
[14:01:10] step 2575/3566 loss 0.3932 lr 5.25e-06 gnorm 0.65 11,670 tok/s 1.6min peak 1.11GiB
[14:01:11] step 2600/3566 loss 0.4194 lr 5.10e-06 gnorm 0.53 11,707 tok/s 1.6min peak 1.11GiB
[14:01:12] step 2625/3566 loss 0.3982 lr 4.95e-06 gnorm 0.61 11,744 tok/s 1.6min peak 1.11GiB
[14:01:12] step 2650/3566 loss 0.3638 lr 4.80e-06 gnorm 0.59 11,780 tok/s 1.6min peak 1.11GiB
[14:01:13] step 2675/3566 loss 0.3775 lr 4.66e-06 gnorm 0.64 11,816 tok/s 1.7min peak 1.11GiB
[14:01:14] step 2700/3566 loss 0.3901 lr 4.52e-06 gnorm 0.63 11,849 tok/s 1.7min peak 1.11GiB
[14:01:14] step 2725/3566 loss 0.4107 lr 4.38e-06 gnorm 0.65 11,886 tok/s 1.7min peak 1.11GiB
[14:01:15] step 2750/3566 loss 0.3707 lr 4.25e-06 gnorm 0.48 11,922 tok/s 1.7min peak 1.11GiB
[14:01:15] step 2775/3566 loss 0.3914 lr 4.12e-06 gnorm 0.60 11,959 tok/s 1.7min peak 1.11GiB
[14:01:16] step 2800/3566 loss 0.3889 lr 3.99e-06 gnorm 0.65 11,995 tok/s 1.7min peak 1.11GiB
[14:01:17] step 2825/3566 loss 0.3671 lr 3.87e-06 gnorm 0.60 12,030 tok/s 1.7min peak 1.11GiB
[14:01:17] step 2850/3566 loss 0.3627 lr 3.75e-06 gnorm 0.53 12,064 tok/s 1.7min peak 1.11GiB
[14:01:18] step 2875/3566 loss 0.3729 lr 3.63e-06 gnorm 0.52 12,094 tok/s 1.7min peak 1.11GiB
[14:01:19] step 2900/3566 loss 0.3522 lr 3.52e-06 gnorm 0.57 12,125 tok/s 1.8min peak 1.11GiB
[14:01:19] step 2925/3566 loss 0.3611 lr 3.41e-06 gnorm 0.51 12,158 tok/s 1.8min peak 1.11GiB
[14:01:20] step 2950/3566 loss 0.3680 lr 3.31e-06 gnorm 0.54 12,188 tok/s 1.8min peak 1.11GiB
[14:01:20] step 2975/3566 loss 0.3343 lr 3.21e-06 gnorm 0.54 12,219 tok/s 1.8min peak 1.11GiB
[14:01:21] step 3000/3566 loss 0.3012 lr 3.11e-06 gnorm 0.50 12,251 tok/s 1.8min peak 1.11GiB
[14:01:22] step 3025/3566 loss 0.3249 lr 3.01e-06 gnorm 0.55 12,281 tok/s 1.8min peak 1.11GiB
[14:01:22] step 3050/3566 loss 0.3827 lr 2.92e-06 gnorm 0.49 12,312 tok/s 1.8min peak 1.11GiB
[14:01:23] step 3075/3566 loss 0.3494 lr 2.84e-06 gnorm 0.48 12,341 tok/s 1.8min peak 1.11GiB
[14:01:24] step 3100/3566 loss 0.3657 lr 2.76e-06 gnorm 0.55 12,371 tok/s 1.8min peak 1.11GiB
[14:01:24] step 3125/3566 loss 0.4528 lr 2.68e-06 gnorm 0.58 12,398 tok/s 1.8min peak 1.11GiB
[14:01:25] step 3150/3566 loss 0.4004 lr 2.60e-06 gnorm 0.60 12,426 tok/s 1.9min peak 1.11GiB
[14:01:25] step 3175/3566 loss 0.3633 lr 2.53e-06 gnorm 0.58 12,455 tok/s 1.9min peak 1.11GiB
[14:01:26] step 3200/3566 loss 0.4112 lr 2.47e-06 gnorm 0.67 12,482 tok/s 1.9min peak 1.11GiB
[14:01:27] step 3225/3566 loss 0.2749 lr 2.41e-06 gnorm 0.51 12,511 tok/s 1.9min peak 1.11GiB
[14:01:27] step 3250/3566 loss 0.3923 lr 2.35e-06 gnorm 0.62 12,539 tok/s 1.9min peak 1.11GiB
[14:01:28] step 3275/3566 loss 0.3804 lr 2.30e-06 gnorm 0.67 12,566 tok/s 1.9min peak 1.11GiB
[14:01:29] step 3300/3566 loss 0.3783 lr 2.25e-06 gnorm 0.53 12,595 tok/s 1.9min peak 1.11GiB
[14:01:29] step 3325/3566 loss 0.3713 lr 2.20e-06 gnorm 0.61 12,621 tok/s 1.9min peak 1.11GiB
[14:01:30] step 3350/3566 loss 0.3787 lr 2.16e-06 gnorm 0.53 12,649 tok/s 1.9min peak 1.11GiB
[14:01:30] step 3375/3566 loss 0.3641 lr 2.13e-06 gnorm 0.66 12,676 tok/s 1.9min peak 1.11GiB
[14:01:31] step 3400/3566 loss 0.3746 lr 2.10e-06 gnorm 0.58 12,700 tok/s 2.0min peak 1.11GiB
[14:01:32] step 3425/3566 loss 0.2987 lr 2.07e-06 gnorm 0.44 12,725 tok/s 2.0min peak 1.11GiB
[14:01:32] step 3450/3566 loss 0.3505 lr 2.05e-06 gnorm 0.57 12,750 tok/s 2.0min peak 1.11GiB
[14:01:33] step 3475/3566 loss 0.3481 lr 2.03e-06 gnorm 0.61 12,773 tok/s 2.0min peak 1.11GiB
[14:01:34] step 3500/3566 loss 0.3473 lr 2.02e-06 gnorm 0.51 12,797 tok/s 2.0min peak 1.11GiB
[14:01:34] step 3525/3566 loss 0.3537 lr 2.01e-06 gnorm 0.55 12,823 tok/s 2.0min peak 1.11GiB
[14:01:35] step 3550/3566 loss 0.2982 lr 2.00e-06 gnorm 0.57 12,848 tok/s 2.0min peak 1.11GiB
[14:01:35] step 3566/3566 loss 0.3586 lr 2.00e-06 gnorm 0.62 12,866 tok/s 2.0min peak 1.11GiB

Writing model shards:   0%|          | 0/1 [00:00<?, ?it/s]
Writing model shards: 100%|██████████| 1/1 [00:00<00:00, 10.39it/s]
[14:01:35] saved -> v3_14\math_pc（loss 0.3586）
