[12:17:32] 样本：QAT 数据 6822 + 多轮/身份 100 = 6922 条
[12:17:33] 可用样本 6922，平均长度 24

Loading weights:   0%|          | 0/123 [00:00<?, ?it/s]
Loading weights: 100%|██████████| 123/123 [00:00<00:00, 1344.99it/s]
[12:17:34] KV-QAT hooks installed: K (post-RoPE) + V (v_proj out), q2 block8 STE
[12:17:34] W-QAT：78 个权重矩阵 + embedding 按 Q4 block64（fp16 scale）STE 前向
[12:17:40] step 25/576 loss 0.0391 lr 7.99e-06 gnorm 1.40 0.1min
[12:17:45] step 50/576 loss 0.0502 lr 7.93e-06 gnorm 1.88 0.2min
[12:17:50] step 75/576 loss 0.0473 lr 7.80e-06 gnorm 2.30 0.3min
[12:17:54] step 100/576 loss 0.0341 lr 7.60e-06 gnorm 1.38 0.3min
[12:17:59] step 125/576 loss 0.0275 lr 7.34e-06 gnorm 1.11 0.4min
[12:18:03] step 150/576 loss 0.0387 lr 7.02e-06 gnorm 0.85 0.5min
[12:18:08] step 175/576 loss 0.0195 lr 6.65e-06 gnorm 1.24 0.6min
[12:18:12] step 200/576 loss 0.0371 lr 6.23e-06 gnorm 0.74 0.6min
[12:18:17] step 225/576 loss 0.0096 lr 5.78e-06 gnorm 0.49 0.7min
[12:18:22] step 250/576 loss 0.0169 lr 5.31e-06 gnorm 0.66 0.8min
[12:18:26] step 275/576 loss 0.0049 lr 4.81e-06 gnorm 0.27 0.9min
[12:18:31] step 300/576 loss 0.0124 lr 4.31e-06 gnorm 0.78 1.0min
[12:18:35] step 325/576 loss 0.0191 lr 3.81e-06 gnorm 0.52 1.0min
[12:18:39] step 350/576 loss 0.0064 lr 3.32e-06 gnorm 0.43 1.1min
[12:18:44] step 375/576 loss 0.0057 lr 2.85e-06 gnorm 0.23 1.2min
[12:18:48] step 400/576 loss 0.0073 lr 2.41e-06 gnorm 0.40 1.2min
[12:18:52] step 425/576 loss 0.0165 lr 2.01e-06 gnorm 0.59 1.3min
[12:18:57] step 450/576 loss 0.0162 lr 1.66e-06 gnorm 1.00 1.4min
[12:19:01] step 475/576 loss 0.0168 lr 1.36e-06 gnorm 0.63 1.5min
[12:19:05] step 500/576 loss 0.0104 lr 1.12e-06 gnorm 0.56 1.5min
[12:19:10] step 525/576 loss 0.0949 lr 9.46e-07 gnorm 1.65 1.6min
[12:19:15] step 550/576 loss 0.0106 lr 8.38e-07 gnorm 0.36 1.7min
[12:19:19] step 575/576 loss 0.0141 lr 8.00e-07 gnorm 0.41 1.8min
[12:19:19] step 576/576 loss 0.0180 lr 8.00e-07 gnorm 0.67 1.8min

Writing model shards:   0%|          | 0/1 [00:00<?, ?it/s]
Writing model shards: 100%|██████████| 1/1 [00:00<00:00,  6.36it/s]
Writing model shards: 100%|██████████| 1/1 [00:00<00:00,  6.32it/s]
[12:19:19] saved -> v3_11\pol8（loss 0.0180）
