[13:50:32] === retrieval 4096: 3200 samples | init v3_1c\retr_sft\ctx32768\final | 2x4 | 400 steps | lr 2e-05 ===

Loading weights:   0%|          | 0/123 [00:00<?, ?it/s]
Loading weights: 100%|██████████| 123/123 [00:00<00:00, 2250.94it/s]
E:\python\Lib\site-packages\torch\nn\modules\module.py:1369: UserWarning: expandable_segments not supported on this platform (Triggered internally at C:\actions-runner\_work\pytorch\pytorch\c10/cuda/CUDAAllocatorConfig.h:40.)
  return t.to(
[13:50:38] [retr4096] step 5/400 loss 0.7754 lr 1.00e-05 gnorm 7.79 30,475 tok/s 0.1min peak 3.17GiB
[13:50:42] [retr4096] step 10/400 loss 0.5964 lr 2.00e-05 gnorm 20.29 34,147 tok/s 0.2min peak 3.17GiB
[13:50:46] [retr4096] step 15/400 loss 0.6074 lr 2.00e-05 gnorm 8.41 35,591 tok/s 0.2min peak 3.17GiB
[13:50:51] [retr4096] step 20/400 loss 0.9528 lr 2.00e-05 gnorm 12.37 36,360 tok/s 0.3min peak 3.17GiB
[13:50:55] [retr4096] step 25/400 loss 0.1322 lr 1.99e-05 gnorm 11.28 36,836 tok/s 0.4min peak 3.17GiB
[13:50:59] [retr4096] step 30/400 loss 0.2345 lr 1.99e-05 gnorm 5.26 37,164 tok/s 0.4min peak 3.17GiB
[13:51:03] [retr4096] step 35/400 loss 0.0893 lr 1.98e-05 gnorm 3.06 37,395 tok/s 0.5min peak 3.17GiB
[13:51:08] [retr4096] step 40/400 loss 0.4207 lr 1.97e-05 gnorm 6.59 37,574 tok/s 0.6min peak 3.17GiB
[13:51:12] [retr4096] step 45/400 loss 0.0257 lr 1.96e-05 gnorm 1.20 37,714 tok/s 0.7min peak 3.17GiB
[13:51:16] [retr4096] step 50/400 loss 0.0300 lr 1.95e-05 gnorm 1.07 37,826 tok/s 0.7min peak 3.17GiB
[13:51:20] [retr4096] step 55/400 loss 0.0448 lr 1.94e-05 gnorm 1.20 37,915 tok/s 0.8min peak 3.17GiB
[13:51:24] [retr4096] step 60/400 loss 0.0806 lr 1.93e-05 gnorm 3.45 37,990 tok/s 0.9min peak 3.17GiB
[13:51:29] [retr4096] step 65/400 loss 0.1129 lr 1.91e-05 gnorm 5.90 38,056 tok/s 0.9min peak 3.17GiB
[13:51:33] [retr4096] step 70/400 loss 0.4167 lr 1.90e-05 gnorm 18.29 38,112 tok/s 1.0min peak 3.17GiB
[13:51:37] [retr4096] step 75/400 loss 0.1343 lr 1.88e-05 gnorm 4.62 38,160 tok/s 1.1min peak 3.17GiB
[13:51:41] [retr4096] step 80/400 loss 0.2060 lr 1.86e-05 gnorm 10.48 38,203 tok/s 1.1min peak 3.17GiB
[13:51:45] [retr4096] step 85/400 loss 0.4171 lr 1.84e-05 gnorm 9.56 38,240 tok/s 1.2min peak 3.17GiB
[13:51:50] [retr4096] step 90/400 loss 0.0301 lr 1.82e-05 gnorm 1.53 38,272 tok/s 1.3min peak 3.17GiB
[13:51:54] [retr4096] step 95/400 loss 0.0218 lr 1.80e-05 gnorm 0.64 38,302 tok/s 1.4min peak 3.17GiB
[13:51:58] [retr4096] step 100/400 loss 0.2115 lr 1.77e-05 gnorm 4.93 38,327 tok/s 1.4min peak 3.17GiB
[13:52:02] [retr4096] step 105/400 loss 0.1813 lr 1.75e-05 gnorm 3.40 38,349 tok/s 1.5min peak 3.17GiB
[13:52:07] [retr4096] step 110/400 loss 0.6886 lr 1.72e-05 gnorm 17.54 38,369 tok/s 1.6min peak 3.17GiB
[13:52:11] [retr4096] step 115/400 loss 0.0767 lr 1.70e-05 gnorm 2.69 38,382 tok/s 1.6min peak 3.17GiB
[13:52:15] [retr4096] step 120/400 loss 0.3704 lr 1.67e-05 gnorm 11.47 38,393 tok/s 1.7min peak 3.17GiB
[13:52:19] [retr4096] step 125/400 loss 0.0422 lr 1.64e-05 gnorm 1.81 38,408 tok/s 1.8min peak 3.17GiB
[13:52:23] [retr4096] step 130/400 loss 0.0493 lr 1.61e-05 gnorm 2.35 38,419 tok/s 1.8min peak 3.17GiB
[13:52:28] [retr4096] step 135/400 loss 0.0375 lr 1.58e-05 gnorm 1.59 38,431 tok/s 1.9min peak 3.17GiB
[13:52:32] [retr4096] step 140/400 loss 0.0115 lr 1.55e-05 gnorm 0.60 38,441 tok/s 2.0min peak 3.17GiB
[13:52:36] [retr4096] step 145/400 loss 0.1513 lr 1.52e-05 gnorm 3.10 38,451 tok/s 2.1min peak 3.17GiB
[13:52:40] [retr4096] step 150/400 loss 0.4203 lr 1.49e-05 gnorm 7.89 38,461 tok/s 2.1min peak 3.17GiB
[13:52:45] [retr4096] step 155/400 loss 0.2311 lr 1.45e-05 gnorm 6.11 38,470 tok/s 2.2min peak 3.17GiB
[13:52:49] [retr4096] step 160/400 loss 0.3265 lr 1.42e-05 gnorm 9.21 38,478 tok/s 2.3min peak 3.17GiB
[13:52:53] [retr4096] step 165/400 loss 0.1237 lr 1.39e-05 gnorm 4.97 38,484 tok/s 2.3min peak 3.17GiB
[13:52:57] [retr4096] step 170/400 loss 0.0394 lr 1.35e-05 gnorm 1.73 38,492 tok/s 2.4min peak 3.17GiB
[13:53:02] [retr4096] step 175/400 loss 0.1077 lr 1.32e-05 gnorm 5.85 38,499 tok/s 2.5min peak 3.17GiB
[13:53:06] [retr4096] step 180/400 loss 0.0463 lr 1.28e-05 gnorm 2.37 38,507 tok/s 2.6min peak 3.17GiB
[13:53:10] [retr4096] step 185/400 loss 0.0241 lr 1.24e-05 gnorm 1.21 38,514 tok/s 2.6min peak 3.17GiB
[13:53:14] [retr4096] step 190/400 loss 0.2411 lr 1.21e-05 gnorm 6.84 38,520 tok/s 2.7min peak 3.17GiB
[13:53:18] [retr4096] step 195/400 loss 0.1750 lr 1.17e-05 gnorm 4.86 38,527 tok/s 2.8min peak 3.17GiB
[13:53:23] [retr4096] step 200/400 loss 0.0123 lr 1.14e-05 gnorm 0.69 38,534 tok/s 2.8min peak 3.17GiB
[13:53:27] [retr4096] step 205/400 loss 0.0521 lr 1.10e-05 gnorm 2.78 38,540 tok/s 2.9min peak 3.17GiB
[13:53:31] [retr4096] step 210/400 loss 0.0172 lr 1.06e-05 gnorm 0.59 38,547 tok/s 3.0min peak 3.17GiB
[13:53:35] [retr4096] step 215/400 loss 0.4005 lr 1.03e-05 gnorm 13.40 38,551 tok/s 3.0min peak 3.17GiB
[13:53:40] [retr4096] step 220/400 loss 0.1170 lr 9.92e-06 gnorm 1.98 38,556 tok/s 3.1min peak 3.17GiB
[13:53:44] [retr4096] step 225/400 loss 0.2835 lr 9.56e-06 gnorm 5.50 38,561 tok/s 3.2min peak 3.17GiB
[13:53:48] [retr4096] step 230/400 loss 0.2625 lr 9.20e-06 gnorm 4.44 38,565 tok/s 3.3min peak 3.17GiB
[13:53:52] [retr4096] step 235/400 loss 0.5833 lr 8.85e-06 gnorm 15.92 38,569 tok/s 3.3min peak 3.17GiB
[13:53:56] [retr4096] step 240/400 loss 0.0305 lr 8.50e-06 gnorm 1.02 38,573 tok/s 3.4min peak 3.17GiB
[13:54:01] [retr4096] step 245/400 loss 0.0180 lr 8.15e-06 gnorm 1.05 38,578 tok/s 3.5min peak 3.17GiB
[13:54:05] [retr4096] step 250/400 loss 0.0045 lr 7.81e-06 gnorm 0.20 38,581 tok/s 3.5min peak 3.17GiB
[13:54:09] [retr4096] step 255/400 loss 0.0772 lr 7.47e-06 gnorm 4.67 38,585 tok/s 3.6min peak 3.17GiB
[13:54:13] [retr4096] step 260/400 loss 0.4531 lr 7.14e-06 gnorm 16.72 38,589 tok/s 3.7min peak 3.17GiB
[13:54:18] [retr4096] step 265/400 loss 0.0316 lr 6.82e-06 gnorm 4.81 38,593 tok/s 3.7min peak 3.17GiB
[13:54:22] [retr4096] step 270/400 loss 0.2424 lr 6.50e-06 gnorm 9.04 38,596 tok/s 3.8min peak 3.17GiB
[13:54:26] [retr4096] step 275/400 loss 0.0094 lr 6.19e-06 gnorm 0.49 38,600 tok/s 3.9min peak 3.17GiB
[13:54:30] [retr4096] step 280/400 loss 0.1564 lr 5.89e-06 gnorm 6.30 38,603 tok/s 4.0min peak 3.17GiB
[13:54:34] [retr4096] step 285/400 loss 0.1426 lr 5.59e-06 gnorm 5.82 38,606 tok/s 4.0min peak 3.17GiB
[13:54:39] [retr4096] step 290/400 loss 0.1962 lr 5.31e-06 gnorm 4.45 38,609 tok/s 4.1min peak 3.17GiB
[13:54:43] [retr4096] step 295/400 loss 0.0142 lr 5.03e-06 gnorm 0.33 38,612 tok/s 4.2min peak 3.17GiB
[13:54:47] [retr4096] step 300/400 loss 0.1447 lr 4.77e-06 gnorm 4.51 38,615 tok/s 4.2min peak 3.17GiB
[13:54:51] [retr4096] step 305/400 loss 0.0534 lr 4.51e-06 gnorm 1.66 38,618 tok/s 4.3min peak 3.17GiB
[13:54:56] [retr4096] step 310/400 loss 0.0616 lr 4.26e-06 gnorm 2.15 38,621 tok/s 4.4min peak 3.17GiB
[13:55:00] [retr4096] step 315/400 loss 0.1163 lr 4.03e-06 gnorm 7.83 38,623 tok/s 4.5min peak 3.17GiB
[13:55:04] [retr4096] step 320/400 loss 0.0871 lr 3.81e-06 gnorm 3.56 38,625 tok/s 4.5min peak 3.17GiB
[13:55:08] [retr4096] step 325/400 loss 0.0203 lr 3.59e-06 gnorm 0.69 38,628 tok/s 4.6min peak 3.17GiB
[13:55:12] [retr4096] step 330/400 loss 0.0215 lr 3.39e-06 gnorm 0.66 38,630 tok/s 4.7min peak 3.17GiB
[13:55:17] [retr4096] step 335/400 loss 0.2269 lr 3.21e-06 gnorm 5.20 38,633 tok/s 4.7min peak 3.17GiB
[13:55:21] [retr4096] step 340/400 loss 0.0058 lr 3.03e-06 gnorm 0.22 38,635 tok/s 4.8min peak 3.17GiB
[13:55:25] [retr4096] step 345/400 loss 0.5695 lr 2.87e-06 gnorm 9.98 38,637 tok/s 4.9min peak 3.17GiB
[13:55:29] [retr4096] step 350/400 loss 0.0412 lr 2.72e-06 gnorm 1.12 38,639 tok/s 4.9min peak 3.17GiB
[13:55:34] [retr4096] step 355/400 loss 0.0565 lr 2.58e-06 gnorm 3.11 38,641 tok/s 5.0min peak 3.17GiB
[13:55:38] [retr4096] step 360/400 loss 0.0354 lr 2.46e-06 gnorm 1.08 38,631 tok/s 5.1min peak 3.17GiB
[13:55:42] [retr4096] step 365/400 loss 0.0184 lr 2.36e-06 gnorm 0.87 38,633 tok/s 5.2min peak 3.17GiB
[13:55:46] [retr4096] step 370/400 loss 0.1370 lr 2.26e-06 gnorm 3.05 38,634 tok/s 5.2min peak 3.17GiB
[13:55:51] [retr4096] step 375/400 loss 0.0389 lr 2.18e-06 gnorm 1.99 38,636 tok/s 5.3min peak 3.17GiB
[13:55:55] [retr4096] step 380/400 loss 0.0192 lr 2.12e-06 gnorm 0.51 38,638 tok/s 5.4min peak 3.17GiB
[13:55:59] [retr4096] step 385/400 loss 0.0178 lr 2.07e-06 gnorm 0.54 38,639 tok/s 5.4min peak 3.17GiB
[13:56:03] [retr4096] step 390/400 loss 0.0136 lr 2.03e-06 gnorm 0.58 38,641 tok/s 5.5min peak 3.17GiB
[13:56:08] [retr4096] step 395/400 loss 0.0470 lr 2.01e-06 gnorm 1.95 38,642 tok/s 5.6min peak 3.17GiB
[13:56:12] [retr4096] step 400/400 loss 0.0945 lr 2.00e-06 gnorm 5.38 38,642 tok/s 5.7min peak 3.17GiB

Writing model shards:   0%|          | 0/1 [00:00<?, ?it/s]
Writing model shards: 100%|██████████| 1/1 [00:00<00:00, 11.43it/s]
[13:56:12] saved -> v3_1d\retr_sft\ctx4096\final (loss 0.0945)
[13:56:12] === retrieval 8192: 1800 samples | init v3_1d\retr_sft\ctx4096\final | 2x4 | 225 steps | lr 1.6e-05 ===

Loading weights:   0%|          | 0/123 [00:00<?, ?it/s]
Loading weights: 100%|██████████| 123/123 [00:00<00:00, 1977.40it/s]
[13:56:24] [retr8192] step 5/225 loss 0.2569 lr 8.00e-06 gnorm 5.85 26,687 tok/s 0.2min peak 5.57GiB
[13:56:37] [retr8192] step 10/225 loss 0.0542 lr 1.60e-05 gnorm 1.42 26,700 tok/s 0.4min peak 5.57GiB
[13:56:49] [retr8192] step 15/225 loss 0.0350 lr 1.60e-05 gnorm 3.63 26,710 tok/s 0.6min peak 5.57GiB
[13:57:01] [retr8192] step 20/225 loss 0.0109 lr 1.59e-05 gnorm 1.26 26,712 tok/s 0.8min peak 5.57GiB
[13:57:13] [retr8192] step 25/225 loss 0.3119 lr 1.58e-05 gnorm 9.08 26,715 tok/s 1.0min peak 5.57GiB
[13:57:26] [retr8192] step 30/225 loss 0.4430 lr 1.57e-05 gnorm 7.78 26,717 tok/s 1.2min peak 5.57GiB
[13:57:38] [retr8192] step 35/225 loss 0.4560 lr 1.55e-05 gnorm 7.62 26,719 tok/s 1.4min peak 5.57GiB
[13:57:50] [retr8192] step 40/225 loss 0.2540 lr 1.53e-05 gnorm 7.74 26,719 tok/s 1.6min peak 5.57GiB
[13:58:02] [retr8192] step 45/225 loss 0.4585 lr 1.51e-05 gnorm 15.99 26,721 tok/s 1.8min peak 5.57GiB
[13:58:15] [retr8192] step 50/225 loss 0.0759 lr 1.48e-05 gnorm 4.45 26,719 tok/s 2.0min peak 5.57GiB
[13:58:27] [retr8192] step 55/225 loss 0.1111 lr 1.45e-05 gnorm 2.23 26,717 tok/s 2.2min peak 5.57GiB
[13:58:39] [retr8192] step 60/225 loss 0.2696 lr 1.42e-05 gnorm 6.23 26,717 tok/s 2.5min peak 5.57GiB
[13:58:51] [retr8192] step 65/225 loss 0.6048 lr 1.38e-05 gnorm 12.42 26,717 tok/s 2.7min peak 5.57GiB
[13:59:04] [retr8192] step 70/225 loss 0.0952 lr 1.34e-05 gnorm 5.48 26,716 tok/s 2.9min peak 5.57GiB
[13:59:16] [retr8192] step 75/225 loss 0.0775 lr 1.30e-05 gnorm 3.17 26,717 tok/s 3.1min peak 5.57GiB
[13:59:28] [retr8192] step 80/225 loss 0.2121 lr 1.26e-05 gnorm 6.60 26,720 tok/s 3.3min peak 5.57GiB
[13:59:41] [retr8192] step 85/225 loss 0.2144 lr 1.21e-05 gnorm 12.84 26,719 tok/s 3.5min peak 5.57GiB
[13:59:53] [retr8192] step 90/225 loss 0.5860 lr 1.16e-05 gnorm 14.21 26,719 tok/s 3.7min peak 5.57GiB
[14:00:05] [retr8192] step 95/225 loss 0.1977 lr 1.11e-05 gnorm 3.89 26,720 tok/s 3.9min peak 5.57GiB
[14:00:17] [retr8192] step 100/225 loss 0.3134 lr 1.06e-05 gnorm 6.06 26,720 tok/s 4.1min peak 5.57GiB
[14:00:30] [retr8192] step 105/225 loss 0.2606 lr 1.01e-05 gnorm 6.36 26,721 tok/s 4.3min peak 5.57GiB
[14:00:42] [retr8192] step 110/225 loss 0.1025 lr 9.59e-06 gnorm 3.14 26,721 tok/s 4.5min peak 5.57GiB
[14:00:54] [retr8192] step 115/225 loss 0.0477 lr 9.06e-06 gnorm 1.68 26,720 tok/s 4.7min peak 5.57GiB
[14:01:06] [retr8192] step 120/225 loss 0.2740 lr 8.54e-06 gnorm 11.05 26,721 tok/s 4.9min peak 5.57GiB
[14:01:19] [retr8192] step 125/225 loss 0.0526 lr 8.01e-06 gnorm 1.53 26,720 tok/s 5.1min peak 5.57GiB
[14:01:31] [retr8192] step 130/225 loss 0.2721 lr 7.49e-06 gnorm 8.76 26,720 tok/s 5.3min peak 5.57GiB
[14:01:43] [retr8192] step 135/225 loss 0.0923 lr 6.98e-06 gnorm 3.07 26,719 tok/s 5.5min peak 5.57GiB
[14:01:55] [retr8192] step 140/225 loss 0.0621 lr 6.48e-06 gnorm 1.35 26,718 tok/s 5.7min peak 5.57GiB
[14:02:08] [retr8192] step 145/225 loss 0.0156 lr 5.98e-06 gnorm 1.33 26,717 tok/s 5.9min peak 5.57GiB
[14:02:20] [retr8192] step 150/225 loss 0.1069 lr 5.51e-06 gnorm 4.26 26,716 tok/s 6.1min peak 5.57GiB
[14:02:32] [retr8192] step 155/225 loss 0.1239 lr 5.05e-06 gnorm 6.49 26,715 tok/s 6.3min peak 5.57GiB
[14:02:44] [retr8192] step 160/225 loss 0.3239 lr 4.61e-06 gnorm 4.71 26,715 tok/s 6.5min peak 5.57GiB
[14:02:57] [retr8192] step 165/225 loss 0.1332 lr 4.19e-06 gnorm 2.38 26,715 tok/s 6.7min peak 5.57GiB
[14:03:09] [retr8192] step 170/225 loss 0.0121 lr 3.80e-06 gnorm 0.72 26,715 tok/s 6.9min peak 5.57GiB
[14:03:21] [retr8192] step 175/225 loss 0.0816 lr 3.44e-06 gnorm 4.85 26,714 tok/s 7.2min peak 5.57GiB
[14:03:34] [retr8192] step 180/225 loss 0.1705 lr 3.10e-06 gnorm 8.15 26,714 tok/s 7.4min peak 5.57GiB
[14:03:46] [retr8192] step 185/225 loss 0.0792 lr 2.80e-06 gnorm 3.48 26,713 tok/s 7.6min peak 5.57GiB
[14:03:58] [retr8192] step 190/225 loss 0.2020 lr 2.52e-06 gnorm 3.84 26,713 tok/s 7.8min peak 5.57GiB
[14:04:10] [retr8192] step 195/225 loss 0.0203 lr 2.28e-06 gnorm 1.87 26,713 tok/s 8.0min peak 5.57GiB
[14:04:23] [retr8192] step 200/225 loss 0.3182 lr 2.08e-06 gnorm 9.33 26,712 tok/s 8.2min peak 5.57GiB
[14:04:35] [retr8192] step 205/225 loss 0.1027 lr 1.91e-06 gnorm 3.93 26,710 tok/s 8.4min peak 5.57GiB
[14:04:47] [retr8192] step 210/225 loss 0.0446 lr 1.77e-06 gnorm 2.52 26,710 tok/s 8.6min peak 5.57GiB
[14:05:00] [retr8192] step 215/225 loss 0.0555 lr 1.68e-06 gnorm 1.79 26,709 tok/s 8.8min peak 5.57GiB
[14:05:12] [retr8192] step 220/225 loss 0.0062 lr 1.62e-06 gnorm 0.32 26,710 tok/s 9.0min peak 5.57GiB
[14:05:24] [retr8192] step 225/225 loss 0.3569 lr 1.60e-06 gnorm 14.99 26,711 tok/s 9.2min peak 5.57GiB

Writing model shards:   0%|          | 0/1 [00:00<?, ?it/s]
Writing model shards: 100%|██████████| 1/1 [00:00<00:00, 13.19it/s]
[14:05:24] saved -> v3_1d\retr_sft\ctx8192\final (loss 0.3569)
[14:05:24] === retrieval 16384: 800 samples | init v3_1d\retr_sft\ctx8192\final | 1x4 | 200 steps | lr 1.2e-05 ===

Loading weights:   0%|          | 0/123 [00:00<?, ?it/s]
Loading weights: 100%|██████████| 123/123 [00:00<00:00, 2578.68it/s]
[14:05:42] [retr16384] step 5/200 loss 0.4841 lr 6.00e-06 gnorm 28.88 18,002 tok/s 0.3min peak 5.57GiB
[14:06:01] [retr16384] step 10/200 loss 0.0650 lr 1.20e-05 gnorm 9.61 18,004 tok/s 0.6min peak 5.57GiB
[14:06:19] [retr16384] step 15/200 loss 0.1967 lr 1.20e-05 gnorm 18.38 18,008 tok/s 0.9min peak 5.57GiB
[14:06:37] [retr16384] step 20/200 loss 0.1547 lr 1.19e-05 gnorm 8.94 18,009 tok/s 1.2min peak 5.57GiB
[14:06:55] [retr16384] step 25/200 loss 0.0389 lr 1.18e-05 gnorm 5.01 18,009 tok/s 1.5min peak 5.57GiB
[14:07:13] [retr16384] step 30/200 loss 0.0207 lr 1.17e-05 gnorm 1.16 18,009 tok/s 1.8min peak 5.57GiB
[14:07:32] [retr16384] step 35/200 loss 0.2185 lr 1.15e-05 gnorm 11.99 18,009 tok/s 2.1min peak 5.57GiB
[14:07:50] [retr16384] step 40/200 loss 0.8169 lr 1.13e-05 gnorm 29.18 18,007 tok/s 2.4min peak 5.57GiB
[14:08:08] [retr16384] step 45/200 loss 0.0272 lr 1.11e-05 gnorm 4.79 18,006 tok/s 2.7min peak 5.57GiB
[14:08:26] [retr16384] step 50/200 loss 0.0355 lr 1.09e-05 gnorm 2.16 18,005 tok/s 3.0min peak 5.57GiB
[14:08:44] [retr16384] step 55/200 loss 0.1237 lr 1.06e-05 gnorm 4.07 18,006 tok/s 3.3min peak 5.57GiB
[14:09:03] [retr16384] step 60/200 loss 0.4960 lr 1.03e-05 gnorm 9.37 18,006 tok/s 3.6min peak 5.57GiB
[14:09:21] [retr16384] step 65/200 loss 0.1065 lr 9.92e-06 gnorm 9.02 18,006 tok/s 3.9min peak 5.57GiB
[14:09:39] [retr16384] step 70/200 loss 0.6304 lr 9.55e-06 gnorm 32.96 18,006 tok/s 4.2min peak 5.57GiB
[14:09:57] [retr16384] step 75/200 loss 0.1642 lr 9.17e-06 gnorm 15.04 18,007 tok/s 4.5min peak 5.57GiB
[14:10:15] [retr16384] step 80/200 loss 0.0519 lr 8.77e-06 gnorm 4.42 18,007 tok/s 4.9min peak 5.57GiB
[14:10:34] [retr16384] step 85/200 loss 0.0210 lr 8.35e-06 gnorm 1.29 18,007 tok/s 5.2min peak 5.57GiB
[14:10:52] [retr16384] step 90/200 loss 0.0797 lr 7.93e-06 gnorm 3.19 18,006 tok/s 5.5min peak 5.57GiB
[14:11:10] [retr16384] step 95/200 loss 0.0120 lr 7.49e-06 gnorm 1.21 18,005 tok/s 5.8min peak 5.57GiB
[14:11:28] [retr16384] step 100/200 loss 0.0121 lr 7.05e-06 gnorm 0.95 18,005 tok/s 6.1min peak 5.57GiB
[14:11:46] [retr16384] step 105/200 loss 0.0048 lr 6.60e-06 gnorm 0.37 18,004 tok/s 6.4min peak 5.57GiB
[14:12:05] [retr16384] step 110/200 loss 0.7451 lr 6.15e-06 gnorm 98.57 18,003 tok/s 6.7min peak 5.57GiB
[14:12:23] [retr16384] step 115/200 loss 0.2680 lr 5.71e-06 gnorm 14.61 18,004 tok/s 7.0min peak 5.57GiB
[14:12:41] [retr16384] step 120/200 loss 0.0078 lr 5.27e-06 gnorm 0.88 18,004 tok/s 7.3min peak 5.57GiB
[14:12:59] [retr16384] step 125/200 loss 0.3413 lr 4.85e-06 gnorm 8.09 18,004 tok/s 7.6min peak 5.57GiB
[14:13:17] [retr16384] step 130/200 loss 0.3832 lr 4.43e-06 gnorm 26.24 18,004 tok/s 7.9min peak 5.57GiB
[14:13:36] [retr16384] step 135/200 loss 0.2523 lr 4.03e-06 gnorm 12.99 18,005 tok/s 8.2min peak 5.57GiB
[14:13:54] [retr16384] step 140/200 loss 0.9357 lr 3.65e-06 gnorm 13.74 18,005 tok/s 8.5min peak 5.57GiB
[14:14:12] [retr16384] step 145/200 loss 0.1258 lr 3.28e-06 gnorm 7.20 18,004 tok/s 8.8min peak 5.57GiB
[14:14:30] [retr16384] step 150/200 loss 0.0433 lr 2.94e-06 gnorm 2.72 18,004 tok/s 9.1min peak 5.57GiB
[14:14:48] [retr16384] step 155/200 loss 0.1532 lr 2.63e-06 gnorm 4.00 18,004 tok/s 9.4min peak 5.57GiB
[14:15:07] [retr16384] step 160/200 loss 0.0228 lr 2.34e-06 gnorm 2.06 18,003 tok/s 9.7min peak 5.57GiB
[14:15:25] [retr16384] step 165/200 loss 1.0947 lr 2.08e-06 gnorm 53.27 18,004 tok/s 10.0min peak 5.57GiB
[14:15:43] [retr16384] step 170/200 loss 0.3203 lr 1.85e-06 gnorm 16.21 18,004 tok/s 10.3min peak 5.57GiB
[14:16:01] [retr16384] step 175/200 loss 0.0240 lr 1.65e-06 gnorm 1.07 18,004 tok/s 10.6min peak 5.57GiB
[14:16:19] [retr16384] step 180/200 loss 0.1174 lr 1.49e-06 gnorm 10.37 18,003 tok/s 10.9min peak 5.57GiB
[14:16:38] [retr16384] step 185/200 loss 0.0220 lr 1.37e-06 gnorm 1.12 18,003 tok/s 11.2min peak 5.57GiB
[14:16:56] [retr16384] step 190/200 loss 0.2981 lr 1.27e-06 gnorm 61.40 18,002 tok/s 11.5min peak 5.57GiB
[14:17:14] [retr16384] step 195/200 loss 0.1181 lr 1.22e-06 gnorm 15.92 18,002 tok/s 11.8min peak 5.57GiB
[14:17:32] [retr16384] step 200/200 loss 0.0060 lr 1.20e-06 gnorm 0.25 18,002 tok/s 12.1min peak 5.57GiB

Writing model shards:   0%|          | 0/1 [00:00<?, ?it/s]
Writing model shards: 100%|██████████| 1/1 [00:00<00:00,  9.71it/s]
Writing model shards: 100%|██████████| 1/1 [00:00<00:00,  9.71it/s]
[14:17:32] saved -> v3_1d\retr_sft\ctx16384\final (loss 0.0060)
[14:17:33] === retrieval 32768: 260 samples | init v3_1d\retr_sft\ctx16384\final | 1x4 | 65 steps | lr 8e-06 ===

Loading weights:   0%|          | 0/123 [00:00<?, ?it/s]
Loading weights: 100%|██████████| 123/123 [00:00<00:00, 1866.51it/s]
[14:18:31] [retr32768] step 5/65 loss 0.6198 lr 4.00e-06 gnorm 68.29 11,199 tok/s 1.0min peak 10.28GiB
[14:19:30] [retr32768] step 10/65 loss 0.2457 lr 8.00e-06 gnorm 34.05 11,199 tok/s 2.0min peak 10.28GiB
[14:20:28] [retr32768] step 15/65 loss 0.1401 lr 7.85e-06 gnorm 25.43 11,199 tok/s 2.9min peak 10.28GiB
[14:21:27] [retr32768] step 20/65 loss 1.1706 lr 7.43e-06 gnorm 31.24 11,203 tok/s 3.9min peak 10.28GiB
[14:22:25] [retr32768] step 25/65 loss 0.1838 lr 6.76e-06 gnorm 20.33 11,204 tok/s 4.9min peak 10.28GiB
[14:23:24] [retr32768] step 30/65 loss 0.9139 lr 5.90e-06 gnorm 21.86 11,206 tok/s 5.8min peak 10.28GiB
[14:24:22] [retr32768] step 35/65 loss 0.3727 lr 4.91e-06 gnorm 56.71 11,206 tok/s 6.8min peak 10.28GiB
[14:25:21] [retr32768] step 40/65 loss 1.8384 lr 3.89e-06 gnorm 46.27 11,207 tok/s 7.8min peak 10.28GiB
[14:26:19] [retr32768] step 45/65 loss 0.6205 lr 2.90e-06 gnorm 29.92 11,207 tok/s 8.8min peak 10.28GiB
[14:27:17] [retr32768] step 50/65 loss 0.0955 lr 2.04e-06 gnorm 6.60 11,207 tok/s 9.7min peak 10.28GiB
[14:28:16] [retr32768] step 55/65 loss 0.0821 lr 1.37e-06 gnorm 6.89 11,208 tok/s 10.7min peak 10.28GiB
[14:29:14] [retr32768] step 60/65 loss 0.0330 lr 9.46e-07 gnorm 4.61 11,208 tok/s 11.7min peak 10.28GiB
[14:30:13] [retr32768] step 65/65 loss 0.0180 lr 8.00e-07 gnorm 0.92 11,208 tok/s 12.7min peak 10.28GiB

Writing model shards:   0%|          | 0/1 [00:00<?, ?it/s]
Writing model shards: 100%|██████████| 1/1 [00:00<00:00, 11.72it/s]
[14:30:13] saved -> v3_1d\retr_sft\ctx32768\final (loss 0.0180)
[14:30:13] retrieval SFT done -> v3_1d\retr_sft\ctx32768\final
