[10:21:48] 样本：补丁 9410 + 其余 420 = 9830 条
[10:21:48] 可用样本 9830，平均长度 25

Loading weights:   0%|          | 0/123 [00:00<?, ?it/s]
Loading weights: 100%|██████████| 123/123 [00:00<00:00, 2017.79it/s]
[train-last] 只训练最后 2 层 + norm/lm_head：4.02M / 29.43M 参数
[10:21:50] step 25/1227 loss 1.4102 lr 3.00e-05 gnorm 1.19 4,628 tok/s 0.0min peak 0.76GiB
[10:21:51] step 50/1227 loss 1.7879 lr 2.99e-05 gnorm 1.17 7,060 tok/s 0.0min peak 0.83GiB
[10:21:51] step 75/1227 loss 1.8635 lr 2.98e-05 gnorm 1.12 8,496 tok/s 0.1min peak 0.83GiB
[10:21:52] step 100/1227 loss 1.7697 lr 2.97e-05 gnorm 1.01 9,535 tok/s 0.1min peak 0.83GiB
[10:21:53] step 125/1227 loss 1.4097 lr 2.95e-05 gnorm 1.03 10,233 tok/s 0.1min peak 0.83GiB
[10:21:53] step 150/1227 loss 1.1246 lr 2.92e-05 gnorm 0.91 10,812 tok/s 0.1min peak 0.83GiB
[10:21:54] step 175/1227 loss 0.9057 lr 2.89e-05 gnorm 0.75 11,241 tok/s 0.1min peak 0.83GiB
[10:21:54] step 200/1227 loss 0.9575 lr 2.85e-05 gnorm 0.67 11,511 tok/s 0.1min peak 0.83GiB
[10:21:55] step 225/1227 loss 1.3436 lr 2.80e-05 gnorm 0.89 11,751 tok/s 0.1min peak 0.83GiB
[10:21:56] step 250/1227 loss 0.4733 lr 2.76e-05 gnorm 0.53 12,031 tok/s 0.1min peak 0.83GiB
[10:21:56] step 275/1227 loss 0.9988 lr 2.70e-05 gnorm 0.71 12,251 tok/s 0.1min peak 0.83GiB
[10:21:57] step 300/1227 loss 0.6883 lr 2.65e-05 gnorm 0.65 12,430 tok/s 0.1min peak 0.83GiB
[10:21:57] step 325/1227 loss 0.6806 lr 2.59e-05 gnorm 0.60 12,594 tok/s 0.1min peak 0.83GiB
[10:21:58] step 350/1227 loss 1.1117 lr 2.52e-05 gnorm 0.80 12,745 tok/s 0.2min peak 0.83GiB
[10:21:59] step 375/1227 loss 0.4535 lr 2.45e-05 gnorm 0.54 12,802 tok/s 0.2min peak 0.83GiB
[10:21:59] step 400/1227 loss 0.7246 lr 2.38e-05 gnorm 0.71 12,890 tok/s 0.2min peak 0.83GiB
[10:22:00] step 425/1227 loss 0.7095 lr 2.31e-05 gnorm 0.63 12,950 tok/s 0.2min peak 0.83GiB
[10:22:00] step 450/1227 loss 1.0684 lr 2.23e-05 gnorm 0.76 13,077 tok/s 0.2min peak 0.83GiB
[10:22:01] step 475/1227 loss 0.6859 lr 2.15e-05 gnorm 0.70 13,183 tok/s 0.2min peak 0.83GiB
[10:22:02] step 500/1227 loss 0.3223 lr 2.07e-05 gnorm 0.48 13,239 tok/s 0.2min peak 0.83GiB
[10:22:02] step 525/1227 loss 0.4067 lr 1.98e-05 gnorm 0.51 13,281 tok/s 0.2min peak 0.83GiB
[10:22:03] step 550/1227 loss 0.7114 lr 1.90e-05 gnorm 0.62 13,302 tok/s 0.2min peak 0.83GiB
[10:22:03] step 575/1227 loss 0.7063 lr 1.81e-05 gnorm 0.65 13,357 tok/s 0.2min peak 0.83GiB
[10:22:04] step 600/1227 loss 0.6732 lr 1.72e-05 gnorm 0.73 13,401 tok/s 0.3min peak 0.83GiB
[10:22:05] step 625/1227 loss 0.3733 lr 1.64e-05 gnorm 0.45 13,451 tok/s 0.3min peak 0.83GiB
[10:22:05] step 650/1227 loss 0.2716 lr 1.55e-05 gnorm 0.42 13,464 tok/s 0.3min peak 0.83GiB
[10:22:06] step 675/1227 loss 0.4621 lr 1.46e-05 gnorm 0.54 13,486 tok/s 0.3min peak 0.83GiB
[10:22:06] step 700/1227 loss 0.4609 lr 1.38e-05 gnorm 0.58 13,534 tok/s 0.3min peak 0.83GiB
[10:22:07] step 725/1227 loss 0.8675 lr 1.29e-05 gnorm 0.69 13,580 tok/s 0.3min peak 0.83GiB
[10:22:08] step 750/1227 loss 0.3900 lr 1.21e-05 gnorm 0.55 13,625 tok/s 0.3min peak 0.83GiB
[10:22:08] step 775/1227 loss 0.5912 lr 1.13e-05 gnorm 0.70 13,650 tok/s 0.3min peak 0.83GiB
[10:22:09] step 800/1227 loss 0.7078 lr 1.05e-05 gnorm 0.71 13,680 tok/s 0.3min peak 0.83GiB
[10:22:09] step 825/1227 loss 0.2672 lr 9.69e-06 gnorm 0.43 13,711 tok/s 0.3min peak 0.83GiB
[10:22:10] step 850/1227 loss 0.8486 lr 8.95e-06 gnorm 0.83 13,739 tok/s 0.4min peak 0.83GiB
[10:22:11] step 875/1227 loss 0.6794 lr 8.24e-06 gnorm 0.62 13,744 tok/s 0.4min peak 0.83GiB
[10:22:11] step 900/1227 loss 0.8179 lr 7.57e-06 gnorm 0.76 13,756 tok/s 0.4min peak 0.83GiB
[10:22:12] step 925/1227 loss 0.2533 lr 6.93e-06 gnorm 0.43 13,785 tok/s 0.4min peak 0.83GiB
[10:22:12] step 950/1227 loss 0.4027 lr 6.33e-06 gnorm 0.56 13,807 tok/s 0.4min peak 0.83GiB
[10:22:13] step 975/1227 loss 0.5688 lr 5.78e-06 gnorm 0.63 13,830 tok/s 0.4min peak 0.83GiB
[10:22:14] step 1000/1227 loss 0.3647 lr 5.27e-06 gnorm 0.49 13,849 tok/s 0.4min peak 0.83GiB
[10:22:14] step 1025/1227 loss 0.2564 lr 4.81e-06 gnorm 0.38 13,868 tok/s 0.4min peak 0.83GiB
[10:22:15] step 1050/1227 loss 0.4751 lr 4.40e-06 gnorm 0.61 13,903 tok/s 0.4min peak 0.83GiB
[10:22:15] step 1075/1227 loss 0.3758 lr 4.03e-06 gnorm 0.51 13,939 tok/s 0.4min peak 0.83GiB
[10:22:16] step 1100/1227 loss 0.4370 lr 3.72e-06 gnorm 0.64 13,956 tok/s 0.5min peak 0.83GiB
[10:22:17] step 1125/1227 loss 0.3398 lr 3.47e-06 gnorm 0.55 13,980 tok/s 0.5min peak 0.83GiB
[10:22:17] step 1150/1227 loss 0.3356 lr 3.27e-06 gnorm 0.54 13,996 tok/s 0.5min peak 0.83GiB
[10:22:18] step 1175/1227 loss 0.7573 lr 3.12e-06 gnorm 0.67 14,016 tok/s 0.5min peak 0.83GiB
[10:22:18] step 1200/1227 loss 0.4332 lr 3.03e-06 gnorm 0.61 14,031 tok/s 0.5min peak 0.83GiB
[10:22:19] step 1225/1227 loss 0.4425 lr 3.00e-06 gnorm 0.64 14,044 tok/s 0.5min peak 0.83GiB
[10:22:19] step 1227/1227 loss 0.4716 lr 3.00e-06 gnorm 0.54 14,045 tok/s 0.5min peak 0.83GiB

Writing model shards:   0%|          | 0/1 [00:00<?, ?it/s]
Writing model shards: 100%|██████████| 1/1 [00:00<00:00,  8.81it/s]
Writing model shards: 100%|██████████| 1/1 [00:00<00:00,  8.81it/s]
[10:22:19] saved -> v3_10\cand1（loss 0.4716）
