[14:19:24] 样本：补丁 6992 + 其余 380 = 7372 条
[14:19:25] 可用样本 7372，平均长度 52

Loading weights:   0%|          | 0/123 [00:00<?, ?it/s]
Loading weights: 100%|██████████| 123/123 [00:00<00:00, 1624.31it/s]
[train-last] 只训练最后 2 层 + norm/lm_head：4.02M / 29.43M 参数
[14:19:27] step 25/614 loss 1.1922 lr 1.20e-05 gnorm 1.80 8,311 tok/s 0.0min peak 0.87GiB
[14:19:28] step 50/614 loss 0.9720 lr 1.19e-05 gnorm 1.23 12,669 tok/s 0.0min peak 0.87GiB
[14:19:28] step 75/614 loss 0.7462 lr 1.18e-05 gnorm 0.81 15,367 tok/s 0.1min peak 0.90GiB
[14:19:29] step 100/614 loss 0.5330 lr 1.15e-05 gnorm 0.67 17,248 tok/s 0.1min peak 0.90GiB
[14:19:30] step 125/614 loss 0.3870 lr 1.12e-05 gnorm 0.58 18,537 tok/s 0.1min peak 0.92GiB
[14:19:30] step 150/614 loss 0.3202 lr 1.08e-05 gnorm 0.52 19,507 tok/s 0.1min peak 0.92GiB
[14:19:31] step 175/614 loss 0.2303 lr 1.03e-05 gnorm 0.42 20,243 tok/s 0.1min peak 0.92GiB
[14:19:32] step 200/614 loss 0.2396 lr 9.73e-06 gnorm 0.39 20,873 tok/s 0.1min peak 0.92GiB
[14:19:32] step 225/614 loss 0.2495 lr 9.13e-06 gnorm 0.43 21,342 tok/s 0.1min peak 0.92GiB
[14:19:33] step 250/614 loss 0.1983 lr 8.47e-06 gnorm 0.38 21,781 tok/s 0.1min peak 0.92GiB
[14:19:34] step 275/614 loss 0.1974 lr 7.79e-06 gnorm 0.29 22,183 tok/s 0.1min peak 0.92GiB
[14:19:34] step 300/614 loss 0.1705 lr 7.08e-06 gnorm 0.28 22,520 tok/s 0.2min peak 0.92GiB
[14:19:35] step 325/614 loss 0.1424 lr 6.37e-06 gnorm 0.22 22,801 tok/s 0.2min peak 0.92GiB
[14:19:36] step 350/614 loss 0.1253 lr 5.66e-06 gnorm 0.25 23,048 tok/s 0.2min peak 0.92GiB
[14:19:36] step 375/614 loss 0.1890 lr 4.97e-06 gnorm 0.31 23,243 tok/s 0.2min peak 0.92GiB
[14:19:37] step 400/614 loss 0.1551 lr 4.30e-06 gnorm 0.27 23,412 tok/s 0.2min peak 0.92GiB
[14:19:38] step 425/614 loss 0.1145 lr 3.68e-06 gnorm 0.20 23,571 tok/s 0.2min peak 0.92GiB
[14:19:38] step 450/614 loss 0.1522 lr 3.11e-06 gnorm 0.30 23,670 tok/s 0.2min peak 0.92GiB
[14:19:39] step 475/614 loss 0.1505 lr 2.59e-06 gnorm 0.27 23,821 tok/s 0.2min peak 0.92GiB
[14:19:40] step 500/614 loss 0.0987 lr 2.15e-06 gnorm 0.21 23,942 tok/s 0.2min peak 0.92GiB
[14:19:40] step 525/614 loss 0.1117 lr 1.79e-06 gnorm 0.24 23,954 tok/s 0.3min peak 0.92GiB
[14:19:42] step 550/614 loss 0.1278 lr 1.51e-06 gnorm 0.23 23,071 tok/s 0.3min peak 0.92GiB
[14:19:43] step 575/614 loss 0.1791 lr 1.31e-06 gnorm 0.26 22,370 tok/s 0.3min peak 0.92GiB
[14:19:44] step 600/614 loss 0.0834 lr 1.21e-06 gnorm 0.19 21,712 tok/s 0.3min peak 0.92GiB
[14:19:45] step 614/614 loss 0.1120 lr 1.20e-06 gnorm 0.21 21,391 tok/s 0.3min peak 0.92GiB

Writing model shards:   0%|          | 0/1 [00:00<?, ?it/s]
Writing model shards: 100%|██████████| 1/1 [00:00<00:00,  7.12it/s]
Writing model shards: 100%|██████████| 1/1 [00:00<00:00,  7.12it/s]
[14:19:45] saved -> v3_14\pc（loss 0.1120）
