[12:47:01] === retrieval 4096: 2800 samples | init v3_1\retr_sft\ctx32768\final | 2x4 | 350 steps | lr 2.5e-05 ===

Loading weights:   0%|          | 0/123 [00:00<?, ?it/s]
Loading weights: 100%|██████████| 123/123 [00:00<00:00, 2404.85it/s]
E:\python\Lib\site-packages\torch\nn\modules\module.py:1369: UserWarning: expandable_segments not supported on this platform (Triggered internally at C:\actions-runner\_work\pytorch\pytorch\c10/cuda/CUDAAllocatorConfig.h:40.)
  return t.to(
[12:47:08] [retr4096] step 5/350 loss 0.9847 lr 1.25e-05 gnorm 13.05 22,265 tok/s 0.1min peak 3.17GiB
[12:47:13] [retr4096] step 10/350 loss 0.2539 lr 2.50e-05 gnorm 15.87 28,338 tok/s 0.2min peak 3.17GiB
[12:47:17] [retr4096] step 15/350 loss 0.1297 lr 2.50e-05 gnorm 4.03 31,165 tok/s 0.3min peak 3.17GiB
[12:47:21] [retr4096] step 20/350 loss 0.4312 lr 2.50e-05 gnorm 10.45 32,797 tok/s 0.3min peak 3.17GiB
[12:47:25] [retr4096] step 25/350 loss 0.2624 lr 2.49e-05 gnorm 7.50 33,856 tok/s 0.4min peak 3.17GiB
[12:47:29] [retr4096] step 30/350 loss 0.4954 lr 2.48e-05 gnorm 8.15 34,604 tok/s 0.5min peak 3.17GiB
[12:47:34] [retr4096] step 35/350 loss 0.3291 lr 2.47e-05 gnorm 6.62 35,158 tok/s 0.5min peak 3.17GiB
[12:47:38] [retr4096] step 40/350 loss 0.1803 lr 2.46e-05 gnorm 4.58 35,582 tok/s 0.6min peak 3.17GiB
[12:47:42] [retr4096] step 45/350 loss 0.0548 lr 2.44e-05 gnorm 3.79 35,917 tok/s 0.7min peak 3.17GiB
[12:47:46] [retr4096] step 50/350 loss 0.2406 lr 2.42e-05 gnorm 3.84 36,190 tok/s 0.8min peak 3.17GiB
[12:47:50] [retr4096] step 55/350 loss 0.6524 lr 2.40e-05 gnorm 7.43 36,417 tok/s 0.8min peak 3.17GiB
[12:47:55] [retr4096] step 60/350 loss 1.0995 lr 2.38e-05 gnorm 15.73 36,612 tok/s 0.9min peak 3.17GiB
[12:47:59] [retr4096] step 65/350 loss 0.4268 lr 2.36e-05 gnorm 5.40 36,777 tok/s 1.0min peak 3.17GiB
[12:48:03] [retr4096] step 70/350 loss 0.1913 lr 2.33e-05 gnorm 7.47 36,917 tok/s 1.0min peak 3.17GiB
[12:48:07] [retr4096] step 75/350 loss 0.2298 lr 2.30e-05 gnorm 6.07 37,041 tok/s 1.1min peak 3.17GiB
[12:48:11] [retr4096] step 80/350 loss 0.2460 lr 2.27e-05 gnorm 8.26 37,154 tok/s 1.2min peak 3.17GiB
[12:48:16] [retr4096] step 85/350 loss 0.7708 lr 2.24e-05 gnorm 13.09 37,249 tok/s 1.2min peak 3.17GiB
[12:48:20] [retr4096] step 90/350 loss 0.0928 lr 2.21e-05 gnorm 5.45 37,336 tok/s 1.3min peak 3.17GiB
[12:48:24] [retr4096] step 95/350 loss 0.0976 lr 2.17e-05 gnorm 2.95 37,414 tok/s 1.4min peak 3.17GiB
[12:48:28] [retr4096] step 100/350 loss 0.3417 lr 2.13e-05 gnorm 6.89 37,485 tok/s 1.5min peak 3.17GiB
[12:48:33] [retr4096] step 105/350 loss 0.1330 lr 2.09e-05 gnorm 3.84 37,548 tok/s 1.5min peak 3.17GiB
[12:48:37] [retr4096] step 110/350 loss 0.2733 lr 2.05e-05 gnorm 6.63 37,606 tok/s 1.6min peak 3.17GiB
[12:48:41] [retr4096] step 115/350 loss 0.1279 lr 2.01e-05 gnorm 3.39 37,660 tok/s 1.7min peak 3.17GiB
[12:48:45] [retr4096] step 120/350 loss 0.3965 lr 1.97e-05 gnorm 6.96 37,710 tok/s 1.7min peak 3.17GiB
[12:48:49] [retr4096] step 125/350 loss 0.3932 lr 1.92e-05 gnorm 11.58 37,756 tok/s 1.8min peak 3.17GiB
[12:48:54] [retr4096] step 130/350 loss 0.6763 lr 1.88e-05 gnorm 54.47 37,797 tok/s 1.9min peak 3.17GiB
[12:48:58] [retr4096] step 135/350 loss 0.1701 lr 1.83e-05 gnorm 9.10 37,835 tok/s 1.9min peak 3.17GiB
[12:49:02] [retr4096] step 140/350 loss 0.2315 lr 1.78e-05 gnorm 3.99 37,871 tok/s 2.0min peak 3.17GiB
[12:49:06] [retr4096] step 145/350 loss 0.4128 lr 1.73e-05 gnorm 5.46 37,904 tok/s 2.1min peak 3.17GiB
[12:49:10] [retr4096] step 150/350 loss 0.2897 lr 1.68e-05 gnorm 5.53 37,935 tok/s 2.2min peak 3.17GiB
[12:49:15] [retr4096] step 155/350 loss 0.1089 lr 1.63e-05 gnorm 2.25 37,963 tok/s 2.2min peak 3.17GiB
[12:49:19] [retr4096] step 160/350 loss 0.1292 lr 1.58e-05 gnorm 9.37 37,991 tok/s 2.3min peak 3.17GiB
[12:49:23] [retr4096] step 165/350 loss 0.2470 lr 1.53e-05 gnorm 6.64 38,016 tok/s 2.4min peak 3.17GiB
[12:49:27] [retr4096] step 170/350 loss 0.2063 lr 1.48e-05 gnorm 4.36 38,040 tok/s 2.4min peak 3.17GiB
[12:49:32] [retr4096] step 175/350 loss 0.5218 lr 1.43e-05 gnorm 14.00 38,062 tok/s 2.5min peak 3.17GiB
[12:49:36] [retr4096] step 180/350 loss 0.4038 lr 1.38e-05 gnorm 7.46 38,083 tok/s 2.6min peak 3.17GiB
[12:49:40] [retr4096] step 185/350 loss 0.1068 lr 1.32e-05 gnorm 2.77 38,103 tok/s 2.7min peak 3.17GiB
[12:49:44] [retr4096] step 190/350 loss 0.1461 lr 1.27e-05 gnorm 4.40 38,121 tok/s 2.7min peak 3.17GiB
[12:49:48] [retr4096] step 195/350 loss 0.0741 lr 1.22e-05 gnorm 1.47 38,138 tok/s 2.8min peak 3.17GiB
[12:49:53] [retr4096] step 200/350 loss 0.0619 lr 1.17e-05 gnorm 2.14 38,156 tok/s 2.9min peak 3.17GiB
[12:49:57] [retr4096] step 205/350 loss 0.0856 lr 1.12e-05 gnorm 3.47 38,171 tok/s 2.9min peak 3.17GiB
[12:50:01] [retr4096] step 210/350 loss 0.2524 lr 1.07e-05 gnorm 3.47 38,187 tok/s 3.0min peak 3.17GiB
[12:50:05] [retr4096] step 215/350 loss 0.1202 lr 1.02e-05 gnorm 4.04 38,201 tok/s 3.1min peak 3.17GiB
[12:50:10] [retr4096] step 220/350 loss 0.3585 lr 9.69e-06 gnorm 6.55 38,213 tok/s 3.1min peak 3.17GiB
[12:50:14] [retr4096] step 225/350 loss 0.1796 lr 9.21e-06 gnorm 4.51 38,226 tok/s 3.2min peak 3.17GiB
[12:50:18] [retr4096] step 230/350 loss 0.2230 lr 8.74e-06 gnorm 4.16 38,238 tok/s 3.3min peak 3.17GiB
[12:50:22] [retr4096] step 235/350 loss 0.1001 lr 8.28e-06 gnorm 2.68 38,249 tok/s 3.4min peak 3.17GiB
[12:50:26] [retr4096] step 240/350 loss 0.0393 lr 7.83e-06 gnorm 1.37 38,261 tok/s 3.4min peak 3.17GiB
[12:50:31] [retr4096] step 245/350 loss 0.1000 lr 7.39e-06 gnorm 6.63 38,271 tok/s 3.5min peak 3.17GiB
[12:50:35] [retr4096] step 250/350 loss 0.0744 lr 6.97e-06 gnorm 3.34 38,282 tok/s 3.6min peak 3.17GiB
[12:50:39] [retr4096] step 255/350 loss 0.1936 lr 6.56e-06 gnorm 4.36 38,292 tok/s 3.6min peak 3.17GiB
[12:50:43] [retr4096] step 260/350 loss 0.0569 lr 6.17e-06 gnorm 1.16 38,302 tok/s 3.7min peak 3.17GiB
[12:50:48] [retr4096] step 265/350 loss 0.1232 lr 5.80e-06 gnorm 3.65 38,311 tok/s 3.8min peak 3.17GiB
[12:50:52] [retr4096] step 270/350 loss 0.1434 lr 5.44e-06 gnorm 4.16 38,321 tok/s 3.8min peak 3.17GiB
[12:50:56] [retr4096] step 275/350 loss 0.2445 lr 5.09e-06 gnorm 2.38 38,330 tok/s 3.9min peak 3.17GiB
[12:51:00] [retr4096] step 280/350 loss 0.3158 lr 4.77e-06 gnorm 4.74 38,339 tok/s 4.0min peak 3.17GiB
[12:51:04] [retr4096] step 285/350 loss 0.4477 lr 4.47e-06 gnorm 6.57 38,347 tok/s 4.1min peak 3.17GiB
[12:51:09] [retr4096] step 290/350 loss 0.1616 lr 4.19e-06 gnorm 3.52 38,354 tok/s 4.1min peak 3.17GiB
[12:51:13] [retr4096] step 295/350 loss 0.0828 lr 3.92e-06 gnorm 3.17 38,362 tok/s 4.2min peak 3.17GiB
[12:51:17] [retr4096] step 300/350 loss 0.0665 lr 3.68e-06 gnorm 2.27 38,369 tok/s 4.3min peak 3.17GiB
[12:51:21] [retr4096] step 305/350 loss 0.0393 lr 3.46e-06 gnorm 1.24 38,376 tok/s 4.3min peak 3.17GiB
[12:51:26] [retr4096] step 310/350 loss 0.1030 lr 3.26e-06 gnorm 3.25 38,383 tok/s 4.4min peak 3.17GiB
[12:51:30] [retr4096] step 315/350 loss 0.5444 lr 3.08e-06 gnorm 10.29 38,389 tok/s 4.5min peak 3.17GiB
[12:51:34] [retr4096] step 320/350 loss 0.1067 lr 2.93e-06 gnorm 2.65 38,396 tok/s 4.6min peak 3.17GiB
[12:51:38] [retr4096] step 325/350 loss 0.2090 lr 2.80e-06 gnorm 6.68 38,402 tok/s 4.6min peak 3.17GiB
[12:51:42] [retr4096] step 330/350 loss 0.0720 lr 2.69e-06 gnorm 2.01 38,408 tok/s 4.7min peak 3.17GiB
[12:51:47] [retr4096] step 335/350 loss 0.4062 lr 2.61e-06 gnorm 7.96 38,414 tok/s 4.8min peak 3.17GiB
[12:51:51] [retr4096] step 340/350 loss 0.0612 lr 2.55e-06 gnorm 2.10 38,420 tok/s 4.8min peak 3.17GiB
[12:51:55] [retr4096] step 345/350 loss 0.1054 lr 2.51e-06 gnorm 1.89 38,425 tok/s 4.9min peak 3.17GiB
[12:51:59] [retr4096] step 350/350 loss 0.1508 lr 2.50e-06 gnorm 2.90 38,430 tok/s 5.0min peak 3.17GiB

Writing model shards:   0%|          | 0/1 [00:00<?, ?it/s]
Writing model shards: 100%|██████████| 1/1 [00:00<00:00, 12.22it/s]
[12:51:59] saved -> v3_1b\retr_sft\ctx4096\final (loss 0.1508)
[12:51:59] === retrieval 8192: 1600 samples | init v3_1b\retr_sft\ctx4096\final | 2x4 | 200 steps | lr 2e-05 ===

Loading weights:   0%|          | 0/123 [00:00<?, ?it/s]
Loading weights: 100%|██████████| 123/123 [00:00<00:00, 2211.46it/s]
[12:52:12] [retr8192] step 5/200 loss 0.3211 lr 1.00e-05 gnorm 5.78 26,699 tok/s 0.2min peak 5.57GiB
[12:52:24] [retr8192] step 10/200 loss 0.6485 lr 2.00e-05 gnorm 21.08 26,722 tok/s 0.4min peak 5.57GiB
[12:52:36] [retr8192] step 15/200 loss 0.2313 lr 2.00e-05 gnorm 5.71 26,730 tok/s 0.6min peak 5.57GiB
[12:52:49] [retr8192] step 20/200 loss 0.2677 lr 1.99e-05 gnorm 5.07 26,734 tok/s 0.8min peak 5.57GiB
[12:53:01] [retr8192] step 25/200 loss 0.7108 lr 1.97e-05 gnorm 13.33 26,737 tok/s 1.0min peak 5.57GiB
[12:53:13] [retr8192] step 30/200 loss 0.0877 lr 1.95e-05 gnorm 1.72 26,745 tok/s 1.2min peak 5.57GiB
[12:53:25] [retr8192] step 35/200 loss 0.2573 lr 1.92e-05 gnorm 4.86 26,748 tok/s 1.4min peak 5.57GiB
[12:53:38] [retr8192] step 40/200 loss 0.4062 lr 1.89e-05 gnorm 12.26 26,752 tok/s 1.6min peak 5.57GiB
[12:53:50] [retr8192] step 45/200 loss 0.3431 lr 1.85e-05 gnorm 8.45 26,755 tok/s 1.8min peak 5.57GiB
[12:54:02] [retr8192] step 50/200 loss 0.2008 lr 1.81e-05 gnorm 13.55 26,756 tok/s 2.0min peak 5.57GiB
[12:54:14] [retr8192] step 55/200 loss 0.1153 lr 1.76e-05 gnorm 3.74 26,758 tok/s 2.2min peak 5.57GiB
[12:54:27] [retr8192] step 60/200 loss 0.3599 lr 1.71e-05 gnorm 7.32 26,759 tok/s 2.4min peak 5.57GiB
[12:54:39] [retr8192] step 65/200 loss 0.1177 lr 1.65e-05 gnorm 2.88 26,759 tok/s 2.7min peak 5.57GiB
[12:54:51] [retr8192] step 70/200 loss 0.1202 lr 1.59e-05 gnorm 13.18 26,760 tok/s 2.9min peak 5.57GiB
[12:55:03] [retr8192] step 75/200 loss 0.0302 lr 1.53e-05 gnorm 6.17 26,761 tok/s 3.1min peak 5.57GiB
[12:55:16] [retr8192] step 80/200 loss 0.4228 lr 1.46e-05 gnorm 9.24 26,761 tok/s 3.3min peak 5.57GiB
[12:55:28] [retr8192] step 85/200 loss 0.3306 lr 1.39e-05 gnorm 6.40 26,762 tok/s 3.5min peak 5.57GiB
[12:55:40] [retr8192] step 90/200 loss 0.4014 lr 1.32e-05 gnorm 8.96 26,763 tok/s 3.7min peak 5.57GiB
[12:55:52] [retr8192] step 95/200 loss 0.0294 lr 1.25e-05 gnorm 1.59 26,763 tok/s 3.9min peak 5.57GiB
[12:56:05] [retr8192] step 100/200 loss 0.3083 lr 1.17e-05 gnorm 7.68 26,763 tok/s 4.1min peak 5.57GiB
[12:56:17] [retr8192] step 105/200 loss 0.3950 lr 1.10e-05 gnorm 5.50 26,763 tok/s 4.3min peak 5.57GiB
[12:56:29] [retr8192] step 110/200 loss 0.0812 lr 1.03e-05 gnorm 3.12 26,763 tok/s 4.5min peak 5.57GiB
[12:56:41] [retr8192] step 115/200 loss 0.2711 lr 9.52e-06 gnorm 16.35 26,764 tok/s 4.7min peak 5.57GiB
[12:56:53] [retr8192] step 120/200 loss 0.1370 lr 8.79e-06 gnorm 5.16 26,765 tok/s 4.9min peak 5.57GiB
[12:57:06] [retr8192] step 125/200 loss 0.1346 lr 8.08e-06 gnorm 15.45 26,766 tok/s 5.1min peak 5.57GiB
[12:57:18] [retr8192] step 130/200 loss 0.0275 lr 7.38e-06 gnorm 2.33 26,766 tok/s 5.3min peak 5.57GiB
[12:57:30] [retr8192] step 135/200 loss 0.1291 lr 6.72e-06 gnorm 3.31 26,765 tok/s 5.5min peak 5.57GiB
[12:57:42] [retr8192] step 140/200 loss 0.5852 lr 6.08e-06 gnorm 9.68 26,766 tok/s 5.7min peak 5.57GiB
[12:57:55] [retr8192] step 145/200 loss 0.2082 lr 5.47e-06 gnorm 5.32 26,766 tok/s 5.9min peak 5.57GiB
[12:58:07] [retr8192] step 150/200 loss 0.2647 lr 4.90e-06 gnorm 7.35 26,767 tok/s 6.1min peak 5.57GiB
[12:58:19] [retr8192] step 155/200 loss 0.4765 lr 4.38e-06 gnorm 11.64 26,766 tok/s 6.3min peak 5.57GiB
[12:58:31] [retr8192] step 160/200 loss 0.0278 lr 3.90e-06 gnorm 1.10 26,766 tok/s 6.5min peak 5.57GiB
[12:58:44] [retr8192] step 165/200 loss 0.0618 lr 3.47e-06 gnorm 3.55 26,766 tok/s 6.7min peak 5.57GiB
[12:58:56] [retr8192] step 170/200 loss 0.2515 lr 3.08e-06 gnorm 10.44 26,766 tok/s 6.9min peak 5.57GiB
[12:59:08] [retr8192] step 175/200 loss 0.0292 lr 2.76e-06 gnorm 1.29 26,766 tok/s 7.1min peak 5.57GiB
[12:59:20] [retr8192] step 180/200 loss 0.2954 lr 2.49e-06 gnorm 9.25 26,767 tok/s 7.3min peak 5.57GiB
[12:59:33] [retr8192] step 185/200 loss 0.0300 lr 2.28e-06 gnorm 1.45 26,768 tok/s 7.5min peak 5.57GiB
[12:59:45] [retr8192] step 190/200 loss 0.1393 lr 2.12e-06 gnorm 3.65 26,768 tok/s 7.8min peak 5.57GiB
[12:59:57] [retr8192] step 195/200 loss 0.2136 lr 2.03e-06 gnorm 11.18 26,768 tok/s 8.0min peak 5.57GiB
[13:00:09] [retr8192] step 200/200 loss 0.0758 lr 2.00e-06 gnorm 2.21 26,768 tok/s 8.2min peak 5.57GiB

Writing model shards:   0%|          | 0/1 [00:00<?, ?it/s]
Writing model shards: 100%|██████████| 1/1 [00:00<00:00, 11.57it/s]
[13:00:09] saved -> v3_1b\retr_sft\ctx8192\final (loss 0.0758)
[13:00:09] === retrieval 16384: 700 samples | init v3_1b\retr_sft\ctx8192\final | 1x4 | 175 steps | lr 1.5e-05 ===

Loading weights:   0%|          | 0/123 [00:00<?, ?it/s]
Loading weights: 100%|██████████| 123/123 [00:00<00:00, 2314.29it/s]
[13:00:28] [retr16384] step 5/175 loss 0.1060 lr 7.50e-06 gnorm 17.61 18,046 tok/s 0.3min peak 5.57GiB
[13:00:46] [retr16384] step 10/175 loss 0.0746 lr 1.50e-05 gnorm 2.07 18,047 tok/s 0.6min peak 5.57GiB
[13:01:04] [retr16384] step 15/175 loss 0.3360 lr 1.50e-05 gnorm 9.66 18,047 tok/s 0.9min peak 5.57GiB
[13:01:22] [retr16384] step 20/175 loss 0.1730 lr 1.49e-05 gnorm 19.30 18,047 tok/s 1.2min peak 5.57GiB
[13:01:40] [retr16384] step 25/175 loss 0.3668 lr 1.47e-05 gnorm 10.82 18,048 tok/s 1.5min peak 5.57GiB
[13:01:59] [retr16384] step 30/175 loss 0.2272 lr 1.45e-05 gnorm 10.78 18,048 tok/s 1.8min peak 5.57GiB
[13:02:17] [retr16384] step 35/175 loss 0.0173 lr 1.42e-05 gnorm 1.01 18,052 tok/s 2.1min peak 5.57GiB
[13:02:35] [retr16384] step 40/175 loss 0.1018 lr 1.39e-05 gnorm 6.98 18,054 tok/s 2.4min peak 5.57GiB
[13:02:53] [retr16384] step 45/175 loss 0.2628 lr 1.36e-05 gnorm 9.33 18,052 tok/s 2.7min peak 5.57GiB
[13:03:11] [retr16384] step 50/175 loss 0.7380 lr 1.31e-05 gnorm 34.06 18,051 tok/s 3.0min peak 5.57GiB
[13:03:29] [retr16384] step 55/175 loss 0.0646 lr 1.27e-05 gnorm 2.48 18,050 tok/s 3.3min peak 5.57GiB
[13:03:47] [retr16384] step 60/175 loss 0.5272 lr 1.22e-05 gnorm 19.53 18,050 tok/s 3.6min peak 5.57GiB
[13:04:06] [retr16384] step 65/175 loss 0.1891 lr 1.16e-05 gnorm 16.40 18,050 tok/s 3.9min peak 5.57GiB
[13:04:24] [retr16384] step 70/175 loss 0.1112 lr 1.11e-05 gnorm 11.33 18,050 tok/s 4.2min peak 5.57GiB
[13:04:42] [retr16384] step 75/175 loss 0.0632 lr 1.05e-05 gnorm 6.18 18,050 tok/s 4.5min peak 5.57GiB
[13:05:00] [retr16384] step 80/175 loss 0.0591 lr 9.84e-06 gnorm 5.25 18,050 tok/s 4.8min peak 5.57GiB
[13:05:18] [retr16384] step 85/175 loss 0.1562 lr 9.21e-06 gnorm 4.10 18,051 tok/s 5.1min peak 5.57GiB
[13:05:36] [retr16384] step 90/175 loss 0.3170 lr 8.57e-06 gnorm 14.01 18,050 tok/s 5.4min peak 5.57GiB
[13:05:54] [retr16384] step 95/175 loss 0.0091 lr 7.93e-06 gnorm 0.37 18,050 tok/s 5.7min peak 5.57GiB
[13:06:13] [retr16384] step 100/175 loss 0.0702 lr 7.29e-06 gnorm 3.54 18,050 tok/s 6.1min peak 5.57GiB
[13:06:31] [retr16384] step 105/175 loss 0.1649 lr 6.66e-06 gnorm 6.06 18,050 tok/s 6.4min peak 5.57GiB
[13:06:49] [retr16384] step 110/175 loss 0.1566 lr 6.04e-06 gnorm 5.73 18,049 tok/s 6.7min peak 5.57GiB
[13:07:07] [retr16384] step 115/175 loss 0.5058 lr 5.45e-06 gnorm 12.75 18,049 tok/s 7.0min peak 5.57GiB
[13:07:25] [retr16384] step 120/175 loss 0.0403 lr 4.88e-06 gnorm 1.21 18,049 tok/s 7.3min peak 5.57GiB
[13:07:43] [retr16384] step 125/175 loss 0.1606 lr 4.33e-06 gnorm 7.22 18,049 tok/s 7.6min peak 5.57GiB
[13:08:02] [retr16384] step 130/175 loss 0.6855 lr 3.83e-06 gnorm 10.80 18,049 tok/s 7.9min peak 5.57GiB
[13:08:20] [retr16384] step 135/175 loss 0.0836 lr 3.36e-06 gnorm 4.15 18,049 tok/s 8.2min peak 5.57GiB
[13:08:38] [retr16384] step 140/175 loss 0.0224 lr 2.94e-06 gnorm 1.67 18,049 tok/s 8.5min peak 5.57GiB
[13:08:56] [retr16384] step 145/175 loss 1.7429 lr 2.57e-06 gnorm 40.31 18,049 tok/s 8.8min peak 5.57GiB
[13:09:14] [retr16384] step 150/175 loss 0.5722 lr 2.25e-06 gnorm 8.75 18,049 tok/s 9.1min peak 5.57GiB
[13:09:32] [retr16384] step 155/175 loss 0.0054 lr 1.98e-06 gnorm 0.26 18,049 tok/s 9.4min peak 5.57GiB
[13:09:51] [retr16384] step 160/175 loss 0.0985 lr 1.77e-06 gnorm 4.54 18,049 tok/s 9.7min peak 5.57GiB
[13:10:09] [retr16384] step 165/175 loss 0.1161 lr 1.62e-06 gnorm 5.91 18,049 tok/s 10.0min peak 5.57GiB
[13:10:27] [retr16384] step 170/175 loss 0.0180 lr 1.53e-06 gnorm 1.90 18,047 tok/s 10.3min peak 5.57GiB
[13:10:45] [retr16384] step 175/175 loss 0.0345 lr 1.50e-06 gnorm 1.83 18,046 tok/s 10.6min peak 5.57GiB

Writing model shards:   0%|          | 0/1 [00:00<?, ?it/s]
Writing model shards: 100%|██████████| 1/1 [00:00<00:00, 10.97it/s]
[13:10:45] saved -> v3_1b\retr_sft\ctx16384\final (loss 0.0345)
[13:10:45] === retrieval 32768: 220 samples | init v3_1b\retr_sft\ctx16384\final | 1x4 | 55 steps | lr 1e-05 ===

Loading weights:   0%|          | 0/123 [00:00<?, ?it/s]
Loading weights: 100%|██████████| 123/123 [00:00<00:00, 2207.93it/s]
[13:11:44] [retr32768] step 5/55 loss 0.7757 lr 5.00e-06 gnorm 46.40 11,227 tok/s 1.0min peak 10.28GiB
[13:12:42] [retr32768] step 10/55 loss 0.9954 lr 1.00e-05 gnorm 23.81 11,225 tok/s 1.9min peak 10.28GiB
[13:13:41] [retr32768] step 15/55 loss 0.4379 lr 9.73e-06 gnorm 29.71 11,225 tok/s 2.9min peak 10.28GiB
[13:14:39] [retr32768] step 20/55 loss 0.5990 lr 8.95e-06 gnorm 15.79 11,225 tok/s 3.9min peak 10.28GiB
[13:15:37] [retr32768] step 25/55 loss 0.0871 lr 7.75e-06 gnorm 9.90 11,225 tok/s 4.9min peak 10.28GiB
[13:16:36] [retr32768] step 30/55 loss 0.6062 lr 6.28e-06 gnorm 12.02 11,225 tok/s 5.8min peak 10.28GiB
[13:17:34] [retr32768] step 35/55 loss 0.0342 lr 4.72e-06 gnorm 3.02 11,225 tok/s 6.8min peak 10.28GiB
[13:18:32] [retr32768] step 40/55 loss 1.3910 lr 3.25e-06 gnorm 48.65 11,225 tok/s 7.8min peak 10.28GiB
[13:19:31] [retr32768] step 45/55 loss 0.1446 lr 2.05e-06 gnorm 12.20 11,218 tok/s 8.8min peak 10.28GiB
[13:20:30] [retr32768] step 50/55 loss 0.0667 lr 1.27e-06 gnorm 5.05 11,209 tok/s 9.7min peak 10.28GiB
[13:21:28] [retr32768] step 55/55 loss 0.1761 lr 1.00e-06 gnorm 44.39 11,209 tok/s 10.7min peak 10.28GiB

Writing model shards:   0%|          | 0/1 [00:00<?, ?it/s]
Writing model shards: 100%|██████████| 1/1 [00:00<00:00,  8.43it/s]
Writing model shards: 100%|██████████| 1/1 [00:00<00:00,  8.36it/s]
[13:21:29] saved -> v3_1b\retr_sft\ctx32768\final (loss 0.1761)
[13:21:29] retrieval SFT done -> v3_1b\retr_sft\ctx32768\final
