[11:04:34] 样本：QAT 数据 9410 + 多轮/身份 100 = 9510 条
[11:04:34] 可用样本 9510，平均长度 24

Loading weights:   0%|          | 0/123 [00:00<?, ?it/s]
Loading weights: 100%|██████████| 123/123 [00:00<00:00, 1904.52it/s]
[11:04:35] KV-QAT hooks installed: K (post-RoPE) + V (v_proj out), q2 block8 STE
[11:04:38] step 25/792 loss 0.0505 lr 1.00e-05 gnorm 0.87 0.0min
[11:04:39] step 50/792 loss 0.0336 lr 9.96e-06 gnorm 0.72 0.1min
[11:04:41] step 75/792 loss 0.0497 lr 9.87e-06 gnorm 0.79 0.1min
[11:04:42] step 100/792 loss 0.0403 lr 9.74e-06 gnorm 0.80 0.1min
[11:04:44] step 125/792 loss 0.0199 lr 9.56e-06 gnorm 0.39 0.2min
[11:04:46] step 150/792 loss 0.0193 lr 9.35e-06 gnorm 0.56 0.2min
[11:04:47] step 175/792 loss 0.0238 lr 9.09e-06 gnorm 0.49 0.2min
[11:04:49] step 200/792 loss 0.0422 lr 8.80e-06 gnorm 0.62 0.2min
[11:04:50] step 225/792 loss 0.0205 lr 8.47e-06 gnorm 0.49 0.3min
[11:04:52] step 250/792 loss 0.0090 lr 8.12e-06 gnorm 0.24 0.3min
[11:04:53] step 275/792 loss 0.0155 lr 7.73e-06 gnorm 0.46 0.3min
[11:04:55] step 300/792 loss 0.0427 lr 7.33e-06 gnorm 0.61 0.3min
[11:04:56] step 325/792 loss 0.0341 lr 6.90e-06 gnorm 0.63 0.4min
[11:04:58] step 350/792 loss 0.0154 lr 6.47e-06 gnorm 0.37 0.4min
[11:05:00] step 375/792 loss 0.0272 lr 6.02e-06 gnorm 0.81 0.4min
[11:05:01] step 400/792 loss 0.0211 lr 5.56e-06 gnorm 0.44 0.4min
[11:05:03] step 425/792 loss 0.0405 lr 5.11e-06 gnorm 0.68 0.5min
[11:05:04] step 450/792 loss 0.0203 lr 4.66e-06 gnorm 0.43 0.5min
[11:05:06] step 475/792 loss 0.0355 lr 4.22e-06 gnorm 0.57 0.5min
[11:05:08] step 500/792 loss 0.0322 lr 3.79e-06 gnorm 0.44 0.5min
[11:05:09] step 525/792 loss 0.0247 lr 3.38e-06 gnorm 0.41 0.6min
[11:05:11] step 550/792 loss 0.0201 lr 2.99e-06 gnorm 0.48 0.6min
[11:05:12] step 575/792 loss 0.0136 lr 2.62e-06 gnorm 0.33 0.6min
[11:05:14] step 600/792 loss 0.0150 lr 2.29e-06 gnorm 0.32 0.7min
[11:05:15] step 625/792 loss 0.0276 lr 1.99e-06 gnorm 0.61 0.7min
[11:05:17] step 650/792 loss 0.0293 lr 1.72e-06 gnorm 0.58 0.7min
[11:05:18] step 675/792 loss 0.0175 lr 1.49e-06 gnorm 0.54 0.7min
[11:05:20] step 700/792 loss 0.0147 lr 1.31e-06 gnorm 0.41 0.8min
[11:05:22] step 725/792 loss 0.0208 lr 1.16e-06 gnorm 0.47 0.8min
[11:05:23] step 750/792 loss 0.0243 lr 1.06e-06 gnorm 0.66 0.8min
[11:05:25] step 775/792 loss 0.0322 lr 1.01e-06 gnorm 0.55 0.8min
[11:05:26] step 792/792 loss 0.0335 lr 1.00e-06 gnorm 0.82 0.9min

Writing model shards:   0%|          | 0/1 [00:00<?, ?it/s]
Writing model shards: 100%|██████████| 1/1 [00:00<00:00,  8.29it/s]
Writing model shards: 100%|██████████| 1/1 [00:00<00:00,  8.22it/s]
[11:05:26] saved -> v3_10\qat_pol1（loss 0.0335）
