[13:16:16] 样本：QAT 数据 6236 + 多轮/身份 80 = 6316 条
[13:16:16] 可用样本 6316，平均长度 35

Loading weights:   0%|          | 0/123 [00:00<?, ?it/s]
Loading weights: 100%|██████████| 123/123 [00:00<00:00, 1636.59it/s]
[13:16:16] KV-QAT hooks installed: K (post-RoPE) + V (v_proj out), q2 block8 STE
[13:16:16] W-QAT：78 个权重矩阵 + embedding 按 Q4 block64（fp16 scale）STE 前向
[13:16:20] step 25/526 loss 0.6093 lr 7.99e-06 gnorm 3.80 0.1min
[13:16:22] step 50/526 loss 0.3865 lr 7.92e-06 gnorm 2.35 0.1min
[13:16:24] step 75/526 loss 0.0793 lr 7.76e-06 gnorm 1.24 0.1min
[13:16:26] step 100/526 loss 0.0748 lr 7.52e-06 gnorm 1.01 0.2min
[13:16:28] step 125/526 loss 0.1038 lr 7.21e-06 gnorm 1.24 0.2min
[13:16:30] step 150/526 loss 0.0424 lr 6.83e-06 gnorm 0.89 0.2min
[13:16:32] step 175/526 loss 0.0222 lr 6.39e-06 gnorm 0.52 0.3min
[13:16:35] step 200/526 loss 0.0333 lr 5.91e-06 gnorm 0.73 0.3min
[13:16:37] step 225/526 loss 0.0154 lr 5.39e-06 gnorm 0.37 0.3min
[13:16:39] step 250/526 loss 0.0313 lr 4.85e-06 gnorm 0.50 0.4min
[13:16:41] step 275/526 loss 0.0165 lr 4.30e-06 gnorm 0.50 0.4min
[13:16:43] step 300/526 loss 0.0235 lr 3.75e-06 gnorm 0.55 0.4min
[13:16:45] step 325/526 loss 0.0330 lr 3.22e-06 gnorm 0.61 0.5min
[13:16:47] step 350/526 loss 0.0174 lr 2.71e-06 gnorm 0.41 0.5min
[13:16:49] step 375/526 loss 0.0252 lr 2.24e-06 gnorm 0.58 0.6min
[13:16:51] step 400/526 loss 0.0369 lr 1.83e-06 gnorm 0.81 0.6min
[13:16:54] step 425/526 loss 0.0178 lr 1.47e-06 gnorm 0.35 0.6min
[13:16:56] step 450/526 loss 0.0236 lr 1.19e-06 gnorm 0.57 0.7min
[13:16:58] step 475/526 loss 0.0250 lr 9.76e-07 gnorm 0.74 0.7min
[13:17:00] step 500/526 loss 0.0694 lr 8.46e-07 gnorm 1.33 0.7min
[13:17:02] step 525/526 loss 0.0144 lr 8.00e-07 gnorm 0.54 0.8min
[13:17:02] step 526/526 loss 0.0316 lr 8.00e-07 gnorm 0.81 0.8min

Writing model shards:   0%|          | 0/1 [00:00<?, ?it/s]
Writing model shards: 100%|██████████| 1/1 [00:00<00:00,  9.92it/s]
Writing model shards: 100%|██████████| 1/1 [00:00<00:00,  9.92it/s]
[13:17:02] saved -> v3_13\mem_board（loss 0.0316）
