[11:51:07] 样本：QAT 数据 6822 + 多轮/身份 100 = 6922 条
[11:51:07] 可用样本 6922，平均长度 24

Loading weights:   0%|          | 0/123 [00:00<?, ?it/s]
Loading weights: 100%|██████████| 123/123 [00:00<00:00, 1738.16it/s]
[11:51:08] KV-QAT hooks installed: K (post-RoPE) + V (v_proj out), q2 block8 STE
[11:51:11] step 25/576 loss 0.1464 lr 9.99e-06 gnorm 1.98 0.0min
[11:51:12] step 50/576 loss 0.0784 lr 9.91e-06 gnorm 1.55 0.1min
[11:51:14] step 75/576 loss 0.0635 lr 9.75e-06 gnorm 2.35 0.1min
[11:51:15] step 100/576 loss 0.0641 lr 9.50e-06 gnorm 2.31 0.1min
[11:51:17] step 125/576 loss 0.0423 lr 9.17e-06 gnorm 1.07 0.2min
[11:51:19] step 150/576 loss 0.0315 lr 8.77e-06 gnorm 1.00 0.2min
[11:51:20] step 175/576 loss 0.0297 lr 8.31e-06 gnorm 2.07 0.2min
[11:51:22] step 200/576 loss 0.0397 lr 7.79e-06 gnorm 0.86 0.2min
[11:51:23] step 225/576 loss 0.0135 lr 7.23e-06 gnorm 0.69 0.3min
[11:51:25] step 250/576 loss 0.0148 lr 6.63e-06 gnorm 0.55 0.3min
[11:51:27] step 275/576 loss 0.0076 lr 6.02e-06 gnorm 0.33 0.3min
[11:51:28] step 300/576 loss 0.0161 lr 5.39e-06 gnorm 0.62 0.3min
[11:51:30] step 325/576 loss 0.0220 lr 4.76e-06 gnorm 0.57 0.4min
[11:51:31] step 350/576 loss 0.0082 lr 4.15e-06 gnorm 0.43 0.4min
[11:51:33] step 375/576 loss 0.0078 lr 3.56e-06 gnorm 0.71 0.4min
[11:51:35] step 400/576 loss 0.0138 lr 3.01e-06 gnorm 0.73 0.4min
[11:51:36] step 425/576 loss 0.0208 lr 2.52e-06 gnorm 0.69 0.5min
[11:51:38] step 450/576 loss 0.0074 lr 2.07e-06 gnorm 0.39 0.5min
[11:51:39] step 475/576 loss 0.0164 lr 1.70e-06 gnorm 0.50 0.5min
[11:51:41] step 500/576 loss 0.0096 lr 1.40e-06 gnorm 0.43 0.6min
[11:51:43] step 525/576 loss 0.0898 lr 1.18e-06 gnorm 1.94 0.6min
[11:51:44] step 550/576 loss 0.0141 lr 1.05e-06 gnorm 0.72 0.6min
[11:51:46] step 575/576 loss 0.0141 lr 1.00e-06 gnorm 0.47 0.6min
[11:51:46] step 576/576 loss 0.0109 lr 1.00e-06 gnorm 0.41 0.6min

Writing model shards:   0%|          | 0/1 [00:00<?, ?it/s]
Writing model shards: 100%|██████████| 1/1 [00:00<00:00,  9.42it/s]
Writing model shards: 100%|██████████| 1/1 [00:00<00:00,  9.42it/s]
[11:51:46] saved -> v3_11\pol5（loss 0.0109）
