[11:46:35] 样本：QAT 数据 4946 + 多轮/身份 100 = 5046 条
[11:46:35] 可用样本 5046，平均长度 24

Loading weights:   0%|          | 0/123 [00:00<?, ?it/s]
Loading weights: 100%|██████████| 123/123 [00:00<00:00, 2029.68it/s]
[11:46:35] KV-QAT hooks installed: K (post-RoPE) + V (v_proj out), q2 block8 STE
[11:46:38] step 25/420 loss 0.2854 lr 5.99e-06 gnorm 4.07 0.0min
[11:46:40] step 50/420 loss 0.1715 lr 5.90e-06 gnorm 2.53 0.1min
[11:46:41] step 75/420 loss 0.1029 lr 5.71e-06 gnorm 2.02 0.1min
[11:46:43] step 100/420 loss 0.1797 lr 5.43e-06 gnorm 2.64 0.1min
[11:46:44] step 125/420 loss 0.0626 lr 5.08e-06 gnorm 1.30 0.1min
[11:46:46] step 150/420 loss 0.0542 lr 4.65e-06 gnorm 1.02 0.2min
[11:46:47] step 175/420 loss 0.0419 lr 4.17e-06 gnorm 1.16 0.2min
[11:46:49] step 200/420 loss 0.0859 lr 3.67e-06 gnorm 1.61 0.2min
[11:46:50] step 225/420 loss 0.0313 lr 3.14e-06 gnorm 0.96 0.2min
[11:46:52] step 250/420 loss 0.0186 lr 2.63e-06 gnorm 0.79 0.3min
[11:46:53] step 275/420 loss 0.0360 lr 2.14e-06 gnorm 1.08 0.3min
[11:46:55] step 300/420 loss 0.0487 lr 1.69e-06 gnorm 1.20 0.3min
[11:46:56] step 325/420 loss 0.0481 lr 1.30e-06 gnorm 1.21 0.3min
[11:46:58] step 350/420 loss 0.0561 lr 9.88e-07 gnorm 2.01 0.4min
[11:46:59] step 375/420 loss 0.0666 lr 7.63e-07 gnorm 1.57 0.4min
[11:47:01] step 400/420 loss 0.0371 lr 6.32e-07 gnorm 0.84 0.4min
[11:47:02] step 420/420 loss 0.2139 lr 6.00e-07 gnorm 2.25 0.4min

Writing model shards:   0%|          | 0/1 [00:00<?, ?it/s]
Writing model shards: 100%|██████████| 1/1 [00:00<00:00,  9.42it/s]
Writing model shards: 100%|██████████| 1/1 [00:00<00:00,  9.33it/s]
[11:47:02] saved -> v3_11\pol4b（loss 0.2139）
