[14:29:21] 样本：QAT 数据 7472 + 多轮/身份 80 = 7552 条
[14:29:22] 可用样本 7552，平均长度 50

Loading weights:   0%|          | 0/123 [00:00<?, ?it/s]
Loading weights: 100%|██████████| 123/123 [00:00<00:00, 1762.54it/s]
[14:29:22] KV-QAT hooks installed: K (post-RoPE) + V (v_proj out), q2 block8 STE
[14:29:22] W-QAT：78 个权重矩阵 + embedding 按 Q4 block64（fp16 scale）STE 前向
[14:29:26] step 25/628 loss 0.8554 lr 8.00e-06 gnorm 4.54 0.1min
[14:29:28] step 50/628 loss 0.3731 lr 7.94e-06 gnorm 2.52 0.1min
[14:29:30] step 75/628 loss 0.1054 lr 7.83e-06 gnorm 1.26 0.1min
[14:29:32] step 100/628 loss 0.0639 lr 7.66e-06 gnorm 0.81 0.2min
[14:29:34] step 125/628 loss 0.0641 lr 7.44e-06 gnorm 1.08 0.2min
[14:29:36] step 150/628 loss 0.0457 lr 7.17e-06 gnorm 0.63 0.2min
[14:29:38] step 175/628 loss 0.0592 lr 6.86e-06 gnorm 0.93 0.3min
[14:29:41] step 200/628 loss 0.0521 lr 6.50e-06 gnorm 1.06 0.3min
[14:29:43] step 225/628 loss 0.0527 lr 6.11e-06 gnorm 0.73 0.3min
[14:29:45] step 250/628 loss 0.0334 lr 5.69e-06 gnorm 0.66 0.4min
[14:29:47] step 275/628 loss 0.0141 lr 5.25e-06 gnorm 0.25 0.4min
[14:29:49] step 300/628 loss 0.0359 lr 4.80e-06 gnorm 0.81 0.4min
[14:29:51] step 325/628 loss 0.0334 lr 4.34e-06 gnorm 0.51 0.5min
[14:29:53] step 350/628 loss 0.0189 lr 3.88e-06 gnorm 0.90 0.5min
[14:29:56] step 375/628 loss 0.0378 lr 3.43e-06 gnorm 0.84 0.6min
[14:29:58] step 400/628 loss 0.0215 lr 2.99e-06 gnorm 0.50 0.6min
[14:30:00] step 425/628 loss 0.0391 lr 2.58e-06 gnorm 0.79 0.6min
[14:30:02] step 450/628 loss 0.0253 lr 2.20e-06 gnorm 0.44 0.7min
[14:30:04] step 475/628 loss 0.0553 lr 1.85e-06 gnorm 1.07 0.7min
[14:30:06] step 500/628 loss 0.0335 lr 1.55e-06 gnorm 0.67 0.7min
[14:30:08] step 525/628 loss 0.0228 lr 1.29e-06 gnorm 0.59 0.8min
[14:30:10] step 550/628 loss 0.0205 lr 1.08e-06 gnorm 0.49 0.8min
[14:30:12] step 575/628 loss 0.0280 lr 9.32e-07 gnorm 0.51 0.8min
[14:30:15] step 600/628 loss 0.0252 lr 8.37e-07 gnorm 0.46 0.9min
[14:30:17] step 625/628 loss 0.0229 lr 8.00e-07 gnorm 0.42 0.9min
[14:30:17] step 628/628 loss 0.0228 lr 8.00e-07 gnorm 0.51 0.9min

Writing model shards:   0%|          | 0/1 [00:00<?, ?it/s]
Writing model shards: 100%|██████████| 1/1 [00:00<00:00,  9.61it/s]
Writing model shards: 100%|██████████| 1/1 [00:00<00:00,  9.52it/s]
[14:30:17] saved -> v3_14\board（loss 0.0228）
