[13:10:06] 样本：补丁 6276 + 其余 380 = 6656 条
[13:10:08] 可用样本 6656，平均长度 38

Loading weights:   0%|          | 0/123 [00:00<?, ?it/s]
Loading weights: 100%|██████████| 123/123 [00:00<00:00, 1367.94it/s]
[train-last] 只训练最后 2 层 + norm/lm_head：4.02M / 29.43M 参数
[13:10:11] step 25/554 loss 0.6413 lr 1.50e-05 gnorm 1.15 4,014 tok/s 0.1min peak 0.87GiB
[13:10:12] step 50/554 loss 0.4589 lr 1.49e-05 gnorm 0.80 5,666 tok/s 0.1min peak 0.87GiB
[13:10:14] step 75/554 loss 0.4330 lr 1.46e-05 gnorm 0.60 6,550 tok/s 0.1min peak 0.87GiB
[13:10:15] step 100/554 loss 0.3248 lr 1.43e-05 gnorm 0.53 7,168 tok/s 0.1min peak 0.87GiB
[13:10:16] step 125/554 loss 0.2584 lr 1.38e-05 gnorm 0.44 7,573 tok/s 0.1min peak 0.87GiB
[13:10:17] step 150/554 loss 0.1599 lr 1.31e-05 gnorm 0.38 7,881 tok/s 0.2min peak 0.87GiB
[13:10:19] step 175/554 loss 0.2061 lr 1.24e-05 gnorm 0.36 8,125 tok/s 0.2min peak 0.87GiB
[13:10:20] step 200/554 loss 0.2442 lr 1.16e-05 gnorm 0.42 8,301 tok/s 0.2min peak 0.91GiB
[13:10:21] step 225/554 loss 0.1288 lr 1.07e-05 gnorm 0.31 8,454 tok/s 0.2min peak 0.91GiB
[13:10:23] step 250/554 loss 0.0921 lr 9.71e-06 gnorm 0.24 8,587 tok/s 0.2min peak 0.91GiB
[13:10:24] step 275/554 loss 0.1195 lr 8.73e-06 gnorm 0.29 8,705 tok/s 0.3min peak 0.91GiB
[13:10:25] step 300/554 loss 0.0818 lr 7.73e-06 gnorm 0.24 8,780 tok/s 0.3min peak 0.91GiB
[13:10:26] step 325/554 loss 0.0732 lr 6.75e-06 gnorm 0.23 8,853 tok/s 0.3min peak 0.91GiB
[13:10:28] step 350/554 loss 0.1043 lr 5.81e-06 gnorm 0.26 8,933 tok/s 0.3min peak 0.91GiB
[13:10:29] step 375/554 loss 0.1731 lr 4.91e-06 gnorm 0.33 8,975 tok/s 0.4min peak 0.91GiB
[13:10:30] step 400/554 loss 0.1183 lr 4.09e-06 gnorm 0.29 9,011 tok/s 0.4min peak 0.91GiB
[13:10:32] step 425/554 loss 0.0838 lr 3.35e-06 gnorm 0.22 9,064 tok/s 0.4min peak 0.91GiB
[13:10:33] step 450/554 loss 0.0911 lr 2.72e-06 gnorm 0.28 9,095 tok/s 0.4min peak 0.91GiB
[13:10:34] step 475/554 loss 0.0562 lr 2.22e-06 gnorm 0.19 9,134 tok/s 0.4min peak 0.91GiB
[13:10:35] step 500/554 loss 0.1057 lr 1.84e-06 gnorm 0.25 9,177 tok/s 0.5min peak 0.91GiB
[13:10:37] step 525/554 loss 0.0698 lr 1.60e-06 gnorm 0.26 9,207 tok/s 0.5min peak 0.91GiB
[13:10:38] step 550/554 loss 0.1045 lr 1.50e-06 gnorm 0.28 9,211 tok/s 0.5min peak 0.91GiB
[13:10:38] step 554/554 loss 0.0455 lr 1.50e-06 gnorm 0.16 9,218 tok/s 0.5min peak 0.91GiB

Writing model shards:   0%|          | 0/1 [00:00<?, ?it/s]
Writing model shards: 100%|██████████| 1/1 [00:00<00:00,  5.09it/s]
Writing model shards: 100%|██████████| 1/1 [00:00<00:00,  5.09it/s]
[13:10:38] saved -> v3_13\mem_pc2（loss 0.0455）
