[15:12:33] 样本：QAT 数据 5644 + 多轮/身份 80 = 5724 条
[15:12:34] 可用样本 5580，平均长度 56

Loading weights:   0%|          | 0/123 [00:00<?, ?it/s]
Loading weights: 100%|██████████| 123/123 [00:00<00:00, 1588.93it/s]
[15:12:35] KV-QAT hooks installed: K (post-RoPE) + V (v_proj out), q2 block8 STE
[15:12:35] W-QAT：78 个权重矩阵 + embedding 按 Q4 block64（fp16 scale）STE 前向
[15:12:38] step 25/464 loss 0.0176 lr 4.00e-06 gnorm 0.37 0.1min
[15:12:40] step 50/464 loss 0.0236 lr 3.95e-06 gnorm 0.34 0.1min
[15:12:43] step 75/464 loss 0.0281 lr 3.84e-06 gnorm 0.76 0.1min
[15:12:45] step 100/464 loss 0.0289 lr 3.69e-06 gnorm 0.50 0.2min
[15:12:47] step 125/464 loss 0.0137 lr 3.49e-06 gnorm 0.44 0.2min
[15:12:49] step 150/464 loss 0.0156 lr 3.25e-06 gnorm 0.37 0.2min
[15:12:51] step 175/464 loss 0.0192 lr 2.99e-06 gnorm 0.38 0.3min
[15:12:54] step 200/464 loss 0.0157 lr 2.69e-06 gnorm 0.56 0.3min
[15:12:56] step 225/464 loss 0.0154 lr 2.38e-06 gnorm 0.34 0.4min
[15:12:58] step 250/464 loss 0.0208 lr 2.07e-06 gnorm 0.30 0.4min
[15:13:00] step 275/464 loss 0.0224 lr 1.76e-06 gnorm 0.36 0.4min
[15:13:02] step 300/464 loss 0.0313 lr 1.46e-06 gnorm 1.01 0.5min
[15:13:04] step 325/464 loss 0.0158 lr 1.19e-06 gnorm 0.24 0.5min
[15:13:07] step 350/464 loss 0.0159 lr 9.43e-07 gnorm 0.35 0.5min
[15:13:09] step 375/464 loss 0.0157 lr 7.38e-07 gnorm 0.32 0.6min
[15:13:11] step 400/464 loss 0.0225 lr 5.77e-07 gnorm 0.42 0.6min
[15:13:13] step 425/464 loss 0.0160 lr 4.67e-07 gnorm 0.26 0.6min
[15:13:15] step 450/464 loss 0.0197 lr 4.09e-07 gnorm 0.54 0.7min
[15:13:17] step 464/464 loss 0.0139 lr 4.00e-07 gnorm 0.32 0.7min

Writing model shards:   0%|          | 0/1 [00:00<?, ?it/s]
Writing model shards: 100%|██████████| 1/1 [00:00<00:00,  9.96it/s]
Writing model shards: 100%|██████████| 1/1 [00:00<00:00,  9.96it/s]
[15:13:17] saved -> v3_14\board6（loss 0.0139）
