[16:00:15] 样本：补丁 7472 + 其余 380 = 7852 条
[16:00:16] 可用样本 7852，平均长度 50

Loading weights:   0%|          | 0/123 [00:00<?, ?it/s]
Loading weights: 100%|██████████| 123/123 [00:00<00:00, 1963.34it/s]
[train-last] 只训练最后 2 层 + norm/lm_head：4.02M / 29.43M 参数
[16:00:19] step 25/981 loss 0.1403 lr 8.00e-06 gnorm 0.25 8,430 tok/s 0.0min peak 0.86GiB
[16:00:19] step 50/981 loss 0.0953 lr 7.98e-06 gnorm 0.18 12,572 tok/s 0.0min peak 0.92GiB
[16:00:20] step 75/981 loss 0.1398 lr 7.94e-06 gnorm 0.23 14,932 tok/s 0.1min peak 0.92GiB
[16:00:21] step 100/981 loss 0.0698 lr 7.88e-06 gnorm 0.18 16,618 tok/s 0.1min peak 0.92GiB
[16:00:21] step 125/981 loss 0.0574 lr 7.79e-06 gnorm 0.17 17,872 tok/s 0.1min peak 0.92GiB
[16:00:22] step 150/981 loss 0.0834 lr 7.68e-06 gnorm 0.23 18,781 tok/s 0.1min peak 0.92GiB
[16:00:22] step 175/981 loss 0.0794 lr 7.55e-06 gnorm 0.23 19,523 tok/s 0.1min peak 0.92GiB
[16:00:23] step 200/981 loss 0.0616 lr 7.39e-06 gnorm 0.19 20,110 tok/s 0.1min peak 0.92GiB
[16:00:24] step 225/981 loss 0.0737 lr 7.22e-06 gnorm 0.19 20,612 tok/s 0.1min peak 0.92GiB
[16:00:24] step 250/981 loss 0.0745 lr 7.03e-06 gnorm 0.20 20,980 tok/s 0.1min peak 0.92GiB
[16:00:25] step 275/981 loss 0.0983 lr 6.82e-06 gnorm 0.18 21,299 tok/s 0.1min peak 0.92GiB
[16:00:26] step 300/981 loss 0.0631 lr 6.59e-06 gnorm 0.17 21,602 tok/s 0.2min peak 0.92GiB
[16:00:26] step 325/981 loss 0.1252 lr 6.35e-06 gnorm 0.24 21,726 tok/s 0.2min peak 0.92GiB
[16:00:27] step 350/981 loss 0.0332 lr 6.10e-06 gnorm 0.12 21,901 tok/s 0.2min peak 0.92GiB
[16:00:28] step 375/981 loss 0.0396 lr 5.84e-06 gnorm 0.12 22,095 tok/s 0.2min peak 0.92GiB
[16:00:28] step 400/981 loss 0.0574 lr 5.56e-06 gnorm 0.18 22,273 tok/s 0.2min peak 0.92GiB
[16:00:29] step 425/981 loss 0.0964 lr 5.28e-06 gnorm 0.27 22,435 tok/s 0.2min peak 0.92GiB
[16:00:30] step 450/981 loss 0.0436 lr 4.99e-06 gnorm 0.14 22,565 tok/s 0.2min peak 0.92GiB
[16:00:30] step 475/981 loss 0.0480 lr 4.70e-06 gnorm 0.16 22,677 tok/s 0.2min peak 0.92GiB
[16:00:31] step 500/981 loss 0.0444 lr 4.41e-06 gnorm 0.17 22,790 tok/s 0.2min peak 0.92GiB
[16:00:32] step 525/981 loss 0.0506 lr 4.11e-06 gnorm 0.15 22,910 tok/s 0.3min peak 0.92GiB
[16:00:32] step 550/981 loss 0.1074 lr 3.82e-06 gnorm 0.32 23,011 tok/s 0.3min peak 0.92GiB
[16:00:33] step 575/981 loss 0.0617 lr 3.53e-06 gnorm 0.23 23,110 tok/s 0.3min peak 0.92GiB
[16:00:34] step 600/981 loss 0.0399 lr 3.25e-06 gnorm 0.17 23,183 tok/s 0.3min peak 0.92GiB
[16:00:34] step 625/981 loss 0.0383 lr 2.97e-06 gnorm 0.16 23,166 tok/s 0.3min peak 0.92GiB
[16:00:35] step 650/981 loss 0.0520 lr 2.71e-06 gnorm 0.17 23,190 tok/s 0.3min peak 0.92GiB
[16:00:36] step 675/981 loss 0.0539 lr 2.46e-06 gnorm 0.13 23,251 tok/s 0.3min peak 0.92GiB
[16:00:36] step 700/981 loss 0.0845 lr 2.22e-06 gnorm 0.19 23,307 tok/s 0.3min peak 0.92GiB
[16:00:37] step 725/981 loss 0.0582 lr 1.99e-06 gnorm 0.14 23,372 tok/s 0.3min peak 0.92GiB
[16:00:38] step 750/981 loss 0.0640 lr 1.78e-06 gnorm 0.16 23,441 tok/s 0.4min peak 0.92GiB
[16:00:38] step 775/981 loss 0.0726 lr 1.59e-06 gnorm 0.23 23,495 tok/s 0.4min peak 0.92GiB
[16:00:39] step 800/981 loss 0.0607 lr 1.41e-06 gnorm 0.23 23,535 tok/s 0.4min peak 0.92GiB
[16:00:40] step 825/981 loss 0.0472 lr 1.26e-06 gnorm 0.18 23,596 tok/s 0.4min peak 0.92GiB
[16:00:40] step 850/981 loss 0.0688 lr 1.13e-06 gnorm 0.21 23,618 tok/s 0.4min peak 0.92GiB
[16:00:41] step 875/981 loss 0.0447 lr 1.01e-06 gnorm 0.16 23,649 tok/s 0.4min peak 0.92GiB
[16:00:42] step 900/981 loss 0.0290 lr 9.25e-07 gnorm 0.12 23,683 tok/s 0.4min peak 0.92GiB
[16:00:42] step 925/981 loss 0.0579 lr 8.60e-07 gnorm 0.18 23,704 tok/s 0.4min peak 0.92GiB
[16:00:43] step 950/981 loss 0.0350 lr 8.18e-07 gnorm 0.13 23,752 tok/s 0.4min peak 0.92GiB
[16:00:44] step 975/981 loss 0.0605 lr 8.01e-07 gnorm 0.19 23,777 tok/s 0.5min peak 0.92GiB
[16:00:44] step 981/981 loss 0.0482 lr 8.00e-07 gnorm 0.19 23,784 tok/s 0.5min peak 0.92GiB

Writing model shards:   0%|          | 0/1 [00:00<?, ?it/s]
Writing model shards: 100%|██████████| 1/1 [00:00<00:00,  8.23it/s]
Writing model shards: 100%|██████████| 1/1 [00:00<00:00,  8.23it/s]
[16:00:44] saved -> v3_15\pc3（loss 0.0482）
