[11:43:30] 样本：QAT 数据 4966 + 多轮/身份 100 = 5066 条
[11:43:30] 可用样本 5066，平均长度 24

Loading weights:   0%|          | 0/123 [00:00<?, ?it/s]
Loading weights: 100%|██████████| 123/123 [00:00<00:00, 1993.61it/s]
[11:43:30] KV-QAT hooks installed: K (post-RoPE) + V (v_proj out), q2 block8 STE
[11:43:33] step 25/422 loss 0.2125 lr 9.99e-06 gnorm 2.63 0.0min
[11:43:35] step 50/422 loss 0.0924 lr 9.84e-06 gnorm 1.49 0.1min
[11:43:36] step 75/422 loss 0.0381 lr 9.53e-06 gnorm 0.89 0.1min
[11:43:38] step 100/422 loss 0.0468 lr 9.07e-06 gnorm 1.26 0.1min
[11:43:39] step 125/422 loss 0.1177 lr 8.47e-06 gnorm 2.70 0.1min
[11:43:41] step 150/422 loss 0.0209 lr 7.77e-06 gnorm 0.77 0.2min
[11:43:42] step 175/422 loss 0.0313 lr 6.98e-06 gnorm 1.11 0.2min
[11:43:44] step 200/422 loss 0.0248 lr 6.14e-06 gnorm 0.78 0.2min
[11:43:45] step 225/422 loss 0.0257 lr 5.27e-06 gnorm 0.65 0.2min
[11:43:47] step 250/422 loss 0.0314 lr 4.42e-06 gnorm 1.19 0.3min
[11:43:48] step 275/422 loss 0.0209 lr 3.60e-06 gnorm 0.88 0.3min
[11:43:49] step 300/422 loss 0.0263 lr 2.85e-06 gnorm 0.54 0.3min
[11:43:51] step 325/422 loss 0.0271 lr 2.20e-06 gnorm 0.86 0.3min
[11:43:52] step 350/422 loss 0.0177 lr 1.68e-06 gnorm 0.73 0.4min
[11:43:54] step 375/422 loss 0.0136 lr 1.29e-06 gnorm 1.08 0.4min
[11:43:55] step 400/422 loss 0.0144 lr 1.06e-06 gnorm 0.55 0.4min
[11:43:57] step 422/422 loss 0.0337 lr 1.00e-06 gnorm 1.42 0.4min

Writing model shards:   0%|          | 0/1 [00:00<?, ?it/s]
Writing model shards: 100%|██████████| 1/1 [00:00<00:00,  9.46it/s]
Writing model shards: 100%|██████████| 1/1 [00:00<00:00,  9.46it/s]
[11:43:57] saved -> v3_11\pol4（loss 0.0337）
