[14:59:39] === retrieval 4096: 2600 samples | init v3_1c\retr_sft\ctx32768\final | 2x4 | 325 steps | lr 2e-05 ===

Loading weights:   0%|          | 0/123 [00:00<?, ?it/s]
Loading weights: 100%|██████████| 123/123 [00:00<00:00, 2078.07it/s]
E:\python\Lib\site-packages\torch\nn\modules\module.py:1369: UserWarning: expandable_segments not supported on this platform (Triggered internally at C:\actions-runner\_work\pytorch\pytorch\c10/cuda/CUDAAllocatorConfig.h:40.)
  return t.to(
[14:59:45] [retr4096] step 5/325 loss 0.0273 lr 1.00e-05 gnorm 0.96 30,524 tok/s 0.1min peak 3.17GiB
[14:59:49] [retr4096] step 10/325 loss 2.1449 lr 2.00e-05 gnorm 21.80 34,112 tok/s 0.2min peak 3.17GiB
[14:59:53] [retr4096] step 15/325 loss 1.1636 lr 2.00e-05 gnorm 14.54 35,550 tok/s 0.2min peak 3.17GiB
[14:59:58] [retr4096] step 20/325 loss 0.9314 lr 2.00e-05 gnorm 12.79 36,312 tok/s 0.3min peak 3.17GiB
[15:00:02] [retr4096] step 25/325 loss 0.3188 lr 1.99e-05 gnorm 5.01 36,755 tok/s 0.4min peak 3.17GiB
[15:00:06] [retr4096] step 30/325 loss 0.1310 lr 1.98e-05 gnorm 5.83 37,082 tok/s 0.4min peak 3.17GiB
[15:00:10] [retr4096] step 35/325 loss 0.1540 lr 1.97e-05 gnorm 4.44 37,312 tok/s 0.5min peak 3.17GiB
[15:00:15] [retr4096] step 40/325 loss 0.8495 lr 1.96e-05 gnorm 10.43 37,468 tok/s 0.6min peak 3.17GiB
[15:00:19] [retr4096] step 45/325 loss 0.1015 lr 1.95e-05 gnorm 2.87 37,608 tok/s 0.7min peak 3.17GiB
[15:00:23] [retr4096] step 50/325 loss 0.3617 lr 1.93e-05 gnorm 7.55 37,712 tok/s 0.7min peak 3.17GiB
[15:00:27] [retr4096] step 55/325 loss 0.0542 lr 1.91e-05 gnorm 5.17 37,790 tok/s 0.8min peak 3.17GiB
[15:00:31] [retr4096] step 60/325 loss 0.2710 lr 1.89e-05 gnorm 5.12 37,869 tok/s 0.9min peak 3.17GiB
[15:00:36] [retr4096] step 65/325 loss 0.0687 lr 1.87e-05 gnorm 3.42 37,927 tok/s 0.9min peak 3.17GiB
[15:00:40] [retr4096] step 70/325 loss 0.0364 lr 1.84e-05 gnorm 1.04 37,973 tok/s 1.0min peak 3.17GiB
[15:00:44] [retr4096] step 75/325 loss 0.0525 lr 1.82e-05 gnorm 2.16 38,024 tok/s 1.1min peak 3.17GiB
[15:00:48] [retr4096] step 80/325 loss 0.1959 lr 1.79e-05 gnorm 4.07 38,061 tok/s 1.1min peak 3.17GiB
[15:00:53] [retr4096] step 85/325 loss 0.3685 lr 1.76e-05 gnorm 6.16 38,095 tok/s 1.2min peak 3.17GiB
[15:00:57] [retr4096] step 90/325 loss 0.0109 lr 1.73e-05 gnorm 0.56 38,130 tok/s 1.3min peak 3.17GiB
[15:01:01] [retr4096] step 95/325 loss 0.5789 lr 1.70e-05 gnorm 8.14 38,155 tok/s 1.4min peak 3.17GiB
[15:01:05] [retr4096] step 100/325 loss 0.2662 lr 1.66e-05 gnorm 6.81 38,180 tok/s 1.4min peak 3.17GiB
[15:01:10] [retr4096] step 105/325 loss 0.1348 lr 1.63e-05 gnorm 4.25 38,206 tok/s 1.5min peak 3.17GiB
[15:01:14] [retr4096] step 110/325 loss 0.0282 lr 1.59e-05 gnorm 1.49 38,225 tok/s 1.6min peak 3.17GiB
[15:01:18] [retr4096] step 115/325 loss 0.4719 lr 1.55e-05 gnorm 5.84 38,244 tok/s 1.6min peak 3.17GiB
[15:01:22] [retr4096] step 120/325 loss 0.2176 lr 1.51e-05 gnorm 5.79 38,264 tok/s 1.7min peak 3.17GiB
[15:01:27] [retr4096] step 125/325 loss 0.3047 lr 1.47e-05 gnorm 7.03 38,277 tok/s 1.8min peak 3.17GiB
[15:01:31] [retr4096] step 130/325 loss 0.0665 lr 1.43e-05 gnorm 3.69 38,293 tok/s 1.9min peak 3.17GiB
[15:01:35] [retr4096] step 135/325 loss 0.0908 lr 1.39e-05 gnorm 2.98 38,308 tok/s 1.9min peak 3.17GiB
[15:01:39] [retr4096] step 140/325 loss 0.0555 lr 1.34e-05 gnorm 1.87 38,315 tok/s 2.0min peak 3.17GiB
[15:01:44] [retr4096] step 145/325 loss 0.0595 lr 1.30e-05 gnorm 1.95 38,329 tok/s 2.1min peak 3.17GiB
[15:01:48] [retr4096] step 150/325 loss 0.0626 lr 1.26e-05 gnorm 2.52 38,341 tok/s 2.1min peak 3.17GiB
[15:01:52] [retr4096] step 155/325 loss 0.0501 lr 1.21e-05 gnorm 1.82 38,347 tok/s 2.2min peak 3.17GiB
[15:01:56] [retr4096] step 160/325 loss 0.0173 lr 1.17e-05 gnorm 0.54 38,359 tok/s 2.3min peak 3.17GiB
[15:02:00] [retr4096] step 165/325 loss 0.1192 lr 1.12e-05 gnorm 5.04 38,369 tok/s 2.3min peak 3.17GiB
[15:02:05] [retr4096] step 170/325 loss 0.1317 lr 1.08e-05 gnorm 3.92 38,380 tok/s 2.4min peak 3.17GiB
[15:02:09] [retr4096] step 175/325 loss 0.2113 lr 1.03e-05 gnorm 3.58 38,392 tok/s 2.5min peak 3.17GiB
[15:02:13] [retr4096] step 180/325 loss 0.3418 lr 9.88e-06 gnorm 15.29 38,400 tok/s 2.6min peak 3.17GiB
[15:02:17] [retr4096] step 185/325 loss 0.2168 lr 9.44e-06 gnorm 4.18 38,406 tok/s 2.6min peak 3.17GiB
[15:02:22] [retr4096] step 190/325 loss 0.0578 lr 9.00e-06 gnorm 2.54 38,413 tok/s 2.7min peak 3.17GiB
[15:02:26] [retr4096] step 195/325 loss 0.5564 lr 8.56e-06 gnorm 8.46 38,418 tok/s 2.8min peak 3.17GiB
[15:02:30] [retr4096] step 200/325 loss 0.1172 lr 8.13e-06 gnorm 1.86 38,424 tok/s 2.8min peak 3.17GiB
[15:02:34] [retr4096] step 205/325 loss 0.1346 lr 7.71e-06 gnorm 4.48 38,432 tok/s 2.9min peak 3.17GiB
[15:02:39] [retr4096] step 210/325 loss 0.1947 lr 7.30e-06 gnorm 5.20 38,435 tok/s 3.0min peak 3.17GiB
[15:02:43] [retr4096] step 215/325 loss 0.0936 lr 6.89e-06 gnorm 4.09 38,442 tok/s 3.1min peak 3.17GiB
[15:02:47] [retr4096] step 220/325 loss 0.0128 lr 6.50e-06 gnorm 0.89 38,450 tok/s 3.1min peak 3.17GiB
[15:02:51] [retr4096] step 225/325 loss 0.0800 lr 6.12e-06 gnorm 1.11 38,452 tok/s 3.2min peak 3.17GiB
[15:02:55] [retr4096] step 230/325 loss 0.0479 lr 5.75e-06 gnorm 1.54 38,458 tok/s 3.3min peak 3.17GiB
[15:03:00] [retr4096] step 235/325 loss 0.2638 lr 5.39e-06 gnorm 4.46 38,465 tok/s 3.3min peak 3.17GiB
[15:03:04] [retr4096] step 240/325 loss 0.0407 lr 5.04e-06 gnorm 7.28 38,470 tok/s 3.4min peak 3.17GiB
[15:03:08] [retr4096] step 245/325 loss 0.2337 lr 4.72e-06 gnorm 9.24 38,477 tok/s 3.5min peak 3.17GiB
[15:03:12] [retr4096] step 250/325 loss 0.0476 lr 4.40e-06 gnorm 4.21 38,481 tok/s 3.5min peak 3.17GiB
[15:03:17] [retr4096] step 255/325 loss 0.1990 lr 4.11e-06 gnorm 6.16 38,484 tok/s 3.6min peak 3.17GiB
[15:03:21] [retr4096] step 260/325 loss 0.0262 lr 3.83e-06 gnorm 0.69 38,489 tok/s 3.7min peak 3.17GiB
[15:03:25] [retr4096] step 265/325 loss 0.0943 lr 3.56e-06 gnorm 6.06 38,492 tok/s 3.8min peak 3.17GiB
[15:03:29] [retr4096] step 270/325 loss 0.1587 lr 3.32e-06 gnorm 5.14 38,495 tok/s 3.8min peak 3.17GiB
[15:03:34] [retr4096] step 275/325 loss 0.0597 lr 3.10e-06 gnorm 2.21 38,499 tok/s 3.9min peak 3.17GiB
[15:03:38] [retr4096] step 280/325 loss 0.0064 lr 2.89e-06 gnorm 0.29 38,501 tok/s 4.0min peak 3.17GiB
[15:03:42] [retr4096] step 285/325 loss 0.1447 lr 2.71e-06 gnorm 5.20 38,504 tok/s 4.0min peak 3.17GiB
[15:03:46] [retr4096] step 290/325 loss 0.0068 lr 2.54e-06 gnorm 0.24 38,508 tok/s 4.1min peak 3.17GiB
[15:03:51] [retr4096] step 295/325 loss 0.2241 lr 2.40e-06 gnorm 6.76 38,509 tok/s 4.2min peak 3.17GiB
[15:03:55] [retr4096] step 300/325 loss 0.2276 lr 2.28e-06 gnorm 7.22 38,513 tok/s 4.3min peak 3.17GiB
[15:03:59] [retr4096] step 305/325 loss 0.0385 lr 2.18e-06 gnorm 1.57 38,516 tok/s 4.3min peak 3.17GiB
[15:04:03] [retr4096] step 310/325 loss 0.1200 lr 2.10e-06 gnorm 4.38 38,519 tok/s 4.4min peak 3.17GiB
[15:04:07] [retr4096] step 315/325 loss 0.0277 lr 2.04e-06 gnorm 0.95 38,522 tok/s 4.5min peak 3.17GiB
[15:04:12] [retr4096] step 320/325 loss 0.1112 lr 2.01e-06 gnorm 4.68 38,523 tok/s 4.5min peak 3.17GiB
[15:04:16] [retr4096] step 325/325 loss 0.1304 lr 2.00e-06 gnorm 6.26 38,523 tok/s 4.6min peak 3.17GiB

Writing model shards:   0%|          | 0/1 [00:00<?, ?it/s]
Writing model shards: 100%|██████████| 1/1 [00:00<00:00,  8.23it/s]
Writing model shards: 100%|██████████| 1/1 [00:00<00:00,  8.23it/s]
[15:04:16] saved -> v3_1f\retr_sft\ctx4096\final (loss 0.1304)
[15:04:16] === retrieval 8192: 1400 samples | init v3_1f\retr_sft\ctx4096\final | 2x4 | 175 steps | lr 1.6e-05 ===

Loading weights:   0%|          | 0/123 [00:00<?, ?it/s]
Loading weights: 100%|██████████| 123/123 [00:00<00:00, 1508.00it/s]
[15:04:29] [retr8192] step 5/175 loss 0.1240 lr 8.00e-06 gnorm 6.75 26,590 tok/s 0.2min peak 5.57GiB
[15:04:41] [retr8192] step 10/175 loss 0.0493 lr 1.60e-05 gnorm 3.43 26,605 tok/s 0.4min peak 5.57GiB
[15:04:53] [retr8192] step 15/175 loss 0.2335 lr 1.60e-05 gnorm 6.42 26,617 tok/s 0.6min peak 5.57GiB
[15:05:06] [retr8192] step 20/175 loss 0.0606 lr 1.59e-05 gnorm 3.06 26,634 tok/s 0.8min peak 5.57GiB
[15:05:18] [retr8192] step 25/175 loss 0.2138 lr 1.57e-05 gnorm 11.70 26,640 tok/s 1.0min peak 5.57GiB
[15:05:30] [retr8192] step 30/175 loss 0.0853 lr 1.55e-05 gnorm 2.40 26,645 tok/s 1.2min peak 5.57GiB
[15:05:42] [retr8192] step 35/175 loss 0.1557 lr 1.52e-05 gnorm 2.79 26,647 tok/s 1.4min peak 5.57GiB
[15:05:55] [retr8192] step 40/175 loss 0.3184 lr 1.49e-05 gnorm 13.55 26,648 tok/s 1.6min peak 5.57GiB
[15:06:07] [retr8192] step 45/175 loss 0.0736 lr 1.45e-05 gnorm 1.55 26,649 tok/s 1.8min peak 5.57GiB
[15:06:19] [retr8192] step 50/175 loss 0.0173 lr 1.40e-05 gnorm 0.83 26,650 tok/s 2.0min peak 5.57GiB
[15:06:32] [retr8192] step 55/175 loss 0.0286 lr 1.35e-05 gnorm 1.59 26,652 tok/s 2.3min peak 5.57GiB
[15:06:44] [retr8192] step 60/175 loss 0.0399 lr 1.30e-05 gnorm 2.61 26,652 tok/s 2.5min peak 5.57GiB
[15:06:56] [retr8192] step 65/175 loss 0.0179 lr 1.24e-05 gnorm 1.00 26,652 tok/s 2.7min peak 5.57GiB
[15:07:08] [retr8192] step 70/175 loss 0.2549 lr 1.18e-05 gnorm 5.80 26,660 tok/s 2.9min peak 5.57GiB
[15:07:21] [retr8192] step 75/175 loss 0.0893 lr 1.12e-05 gnorm 4.87 26,663 tok/s 3.1min peak 5.57GiB
[15:07:33] [retr8192] step 80/175 loss 0.1461 lr 1.05e-05 gnorm 4.16 26,667 tok/s 3.3min peak 5.57GiB
[15:07:45] [retr8192] step 85/175 loss 0.0770 lr 9.82e-06 gnorm 3.29 26,669 tok/s 3.5min peak 5.57GiB
[15:07:57] [retr8192] step 90/175 loss 0.3198 lr 9.14e-06 gnorm 11.19 26,671 tok/s 3.7min peak 5.57GiB
[15:08:10] [retr8192] step 95/175 loss 0.1468 lr 8.46e-06 gnorm 3.56 26,672 tok/s 3.9min peak 5.57GiB
[15:08:22] [retr8192] step 100/175 loss 0.1619 lr 7.78e-06 gnorm 3.34 26,671 tok/s 4.1min peak 5.57GiB
[15:08:34] [retr8192] step 105/175 loss 0.0809 lr 7.10e-06 gnorm 2.24 26,670 tok/s 4.3min peak 5.57GiB
[15:08:47] [retr8192] step 110/175 loss 0.0179 lr 6.45e-06 gnorm 0.67 26,670 tok/s 4.5min peak 5.57GiB
[15:08:59] [retr8192] step 115/175 loss 0.1234 lr 5.81e-06 gnorm 4.79 26,669 tok/s 4.7min peak 5.57GiB
[15:09:11] [retr8192] step 120/175 loss 0.0094 lr 5.20e-06 gnorm 0.38 26,671 tok/s 4.9min peak 5.57GiB
[15:09:23] [retr8192] step 125/175 loss 0.0368 lr 4.62e-06 gnorm 4.15 26,669 tok/s 5.1min peak 5.57GiB
[15:09:36] [retr8192] step 130/175 loss 0.0429 lr 4.09e-06 gnorm 2.01 26,668 tok/s 5.3min peak 5.57GiB
[15:09:48] [retr8192] step 135/175 loss 0.0931 lr 3.59e-06 gnorm 3.97 26,668 tok/s 5.5min peak 5.57GiB
[15:10:00] [retr8192] step 140/175 loss 0.0097 lr 3.14e-06 gnorm 0.26 26,668 tok/s 5.7min peak 5.57GiB
[15:10:13] [retr8192] step 145/175 loss 0.1168 lr 2.74e-06 gnorm 8.86 26,667 tok/s 5.9min peak 5.57GiB
[15:10:25] [retr8192] step 150/175 loss 0.0202 lr 2.40e-06 gnorm 1.15 26,666 tok/s 6.1min peak 5.57GiB
[15:10:37] [retr8192] step 155/175 loss 0.3712 lr 2.12e-06 gnorm 8.99 26,665 tok/s 6.3min peak 5.57GiB
[15:10:50] [retr8192] step 160/175 loss 0.0925 lr 1.89e-06 gnorm 1.42 26,664 tok/s 6.6min peak 5.57GiB
[15:11:02] [retr8192] step 165/175 loss 0.3101 lr 1.73e-06 gnorm 10.62 26,663 tok/s 6.8min peak 5.57GiB
[15:11:14] [retr8192] step 170/175 loss 0.1412 lr 1.63e-06 gnorm 3.31 26,663 tok/s 7.0min peak 5.57GiB
[15:11:26] [retr8192] step 175/175 loss 0.0271 lr 1.60e-06 gnorm 1.28 26,663 tok/s 7.2min peak 5.57GiB

Writing model shards:   0%|          | 0/1 [00:00<?, ?it/s]
Writing model shards: 100%|██████████| 1/1 [00:00<00:00, 12.25it/s]
[15:11:27] saved -> v3_1f\retr_sft\ctx8192\final (loss 0.0271)
[15:11:27] === retrieval 16384: 650 samples | init v3_1f\retr_sft\ctx8192\final | 1x4 | 162 steps | lr 1.2e-05 ===

Loading weights:   0%|          | 0/123 [00:00<?, ?it/s]
Loading weights: 100%|██████████| 123/123 [00:00<00:00, 1947.95it/s]
[15:11:45] [retr16384] step 5/162 loss 0.2399 lr 6.00e-06 gnorm 6.45 17,926 tok/s 0.3min peak 5.57GiB
[15:12:03] [retr16384] step 10/162 loss 0.0127 lr 1.20e-05 gnorm 0.68 17,948 tok/s 0.6min peak 5.57GiB
[15:12:21] [retr16384] step 15/162 loss 0.1595 lr 1.20e-05 gnorm 6.46 17,962 tok/s 0.9min peak 5.57GiB
[15:12:40] [retr16384] step 20/162 loss 0.7080 lr 1.19e-05 gnorm 24.00 17,959 tok/s 1.2min peak 5.57GiB
[15:12:58] [retr16384] step 25/162 loss 0.3822 lr 1.17e-05 gnorm 16.54 17,968 tok/s 1.5min peak 5.57GiB
[15:13:16] [retr16384] step 30/162 loss 0.0230 lr 1.15e-05 gnorm 1.70 17,977 tok/s 1.8min peak 5.57GiB
[15:13:34] [retr16384] step 35/162 loss 0.1617 lr 1.13e-05 gnorm 9.34 17,980 tok/s 2.1min peak 5.57GiB
[15:13:52] [retr16384] step 40/162 loss 0.0083 lr 1.10e-05 gnorm 0.70 17,983 tok/s 2.4min peak 5.57GiB
[15:14:11] [retr16384] step 45/162 loss 0.0130 lr 1.06e-05 gnorm 0.54 17,984 tok/s 2.7min peak 5.57GiB
[15:14:29] [retr16384] step 50/162 loss 0.3140 lr 1.03e-05 gnorm 15.08 17,985 tok/s 3.0min peak 5.57GiB
[15:14:47] [retr16384] step 55/162 loss 0.8255 lr 9.83e-06 gnorm 22.89 17,983 tok/s 3.3min peak 5.57GiB
[15:15:05] [retr16384] step 60/162 loss 0.0091 lr 9.36e-06 gnorm 0.39 17,983 tok/s 3.6min peak 5.57GiB
[15:15:24] [retr16384] step 65/162 loss 0.4481 lr 8.87e-06 gnorm 9.59 17,983 tok/s 3.9min peak 5.57GiB
[15:15:42] [retr16384] step 70/162 loss 0.1459 lr 8.35e-06 gnorm 5.25 17,981 tok/s 4.3min peak 5.57GiB
[15:16:00] [retr16384] step 75/162 loss 0.8078 lr 7.82e-06 gnorm 33.00 17,982 tok/s 4.6min peak 5.57GiB
[15:16:18] [retr16384] step 80/162 loss 0.0290 lr 7.27e-06 gnorm 1.38 17,980 tok/s 4.9min peak 5.57GiB
[15:16:37] [retr16384] step 85/162 loss 0.4359 lr 6.71e-06 gnorm 10.76 17,980 tok/s 5.2min peak 5.57GiB
[15:16:55] [retr16384] step 90/162 loss 0.0060 lr 6.15e-06 gnorm 0.27 17,979 tok/s 5.5min peak 5.57GiB
[15:17:13] [retr16384] step 95/162 loss 0.0927 lr 5.60e-06 gnorm 4.53 17,980 tok/s 5.8min peak 5.57GiB
[15:17:31] [retr16384] step 100/162 loss 0.1074 lr 5.06e-06 gnorm 22.75 17,979 tok/s 6.1min peak 5.57GiB
[15:17:49] [retr16384] step 105/162 loss 1.2134 lr 4.53e-06 gnorm 24.42 17,979 tok/s 6.4min peak 5.57GiB
[15:18:08] [retr16384] step 110/162 loss 0.2201 lr 4.03e-06 gnorm 10.42 17,980 tok/s 6.7min peak 5.57GiB
[15:18:26] [retr16384] step 115/162 loss 0.4423 lr 3.55e-06 gnorm 21.67 17,980 tok/s 7.0min peak 5.57GiB
[15:18:44] [retr16384] step 120/162 loss 0.0586 lr 3.11e-06 gnorm 10.01 17,980 tok/s 7.3min peak 5.57GiB
[15:19:02] [retr16384] step 125/162 loss 0.1736 lr 2.70e-06 gnorm 11.74 17,980 tok/s 7.6min peak 5.57GiB
[15:19:21] [retr16384] step 130/162 loss 0.0222 lr 2.34e-06 gnorm 1.30 17,980 tok/s 7.9min peak 5.57GiB
[15:19:39] [retr16384] step 135/162 loss 0.0519 lr 2.02e-06 gnorm 2.83 17,980 tok/s 8.2min peak 5.57GiB
[15:19:57] [retr16384] step 140/162 loss 0.0813 lr 1.75e-06 gnorm 3.18 17,980 tok/s 8.5min peak 5.57GiB
[15:20:15] [retr16384] step 145/162 loss 0.0635 lr 1.53e-06 gnorm 4.04 17,980 tok/s 8.8min peak 5.57GiB
[15:20:33] [retr16384] step 150/162 loss 0.4606 lr 1.37e-06 gnorm 17.09 17,980 tok/s 9.1min peak 5.57GiB
[15:20:52] [retr16384] step 155/162 loss 0.0042 lr 1.26e-06 gnorm 0.16 17,980 tok/s 9.4min peak 5.57GiB
[15:21:10] [retr16384] step 160/162 loss 0.0129 lr 1.20e-06 gnorm 0.56 17,980 tok/s 9.7min peak 5.57GiB
[15:21:17] [retr16384] step 162/162 loss 0.0089 lr 1.20e-06 gnorm 0.47 17,980 tok/s 9.8min peak 5.57GiB

Writing model shards:   0%|          | 0/1 [00:00<?, ?it/s]
Writing model shards: 100%|██████████| 1/1 [00:00<00:00, 10.62it/s]
[15:21:17] saved -> v3_1f\retr_sft\ctx16384\final (loss 0.0089)
[15:21:17] === retrieval 32768: 200 samples | init v3_1f\retr_sft\ctx16384\final | 1x4 | 50 steps | lr 8e-06 ===

Loading weights:   0%|          | 0/123 [00:00<?, ?it/s]
Loading weights: 100%|██████████| 123/123 [00:00<00:00, 1778.04it/s]
[15:22:16] [retr32768] step 5/50 loss 1.4718 lr 4.00e-06 gnorm 78.41 11,196 tok/s 1.0min peak 10.28GiB
[15:23:15] [retr32768] step 10/50 loss 0.1085 lr 8.00e-06 gnorm 6.33 11,163 tok/s 2.0min peak 10.28GiB
[15:24:13] [retr32768] step 15/50 loss 0.4526 lr 7.73e-06 gnorm 21.67 11,176 tok/s 2.9min peak 10.28GiB
[15:25:12] [retr32768] step 20/50 loss 0.0309 lr 6.95e-06 gnorm 2.76 11,187 tok/s 3.9min peak 10.28GiB
[15:26:10] [retr32768] step 25/50 loss 0.2956 lr 5.78e-06 gnorm 17.95 11,192 tok/s 4.9min peak 10.28GiB
[15:27:09] [retr32768] step 30/50 loss 0.6195 lr 4.40e-06 gnorm 29.82 11,199 tok/s 5.9min peak 10.28GiB
[15:28:07] [retr32768] step 35/50 loss 0.9086 lr 3.02e-06 gnorm 43.85 11,199 tok/s 6.8min peak 10.28GiB
[15:29:06] [retr32768] step 40/50 loss 0.0705 lr 1.85e-06 gnorm 5.18 11,200 tok/s 7.8min peak 10.28GiB
[15:30:04] [retr32768] step 45/50 loss 0.1702 lr 1.07e-06 gnorm 18.30 11,200 tok/s 8.8min peak 10.28GiB
[15:31:03] [retr32768] step 50/50 loss 0.3245 lr 8.00e-07 gnorm 31.23 11,199 tok/s 9.8min peak 10.28GiB

Writing model shards:   0%|          | 0/1 [00:00<?, ?it/s]
Writing model shards: 100%|██████████| 1/1 [00:00<00:00, 12.76it/s]
[15:31:03] saved -> v3_1f\retr_sft\ctx32768\final (loss 0.3245)
[15:31:03] retrieval SFT done -> v3_1f\retr_sft\ctx32768\final
