[11:07:37] 样本：QAT 数据 9410 + 多轮/身份 100 = 9510 条
[11:07:38] 可用样本 9510，平均长度 24

Loading weights:   0%|          | 0/123 [00:00<?, ?it/s]
Loading weights: 100%|██████████| 123/123 [00:00<00:00, 1819.95it/s]
[11:07:38] KV-QAT hooks installed: K (post-RoPE) + V (v_proj out), q2 block8 STE
[11:07:41] step 25/396 loss 0.0517 lr 9.98e-06 gnorm 0.89 0.0min
[11:07:43] step 50/396 loss 0.0354 lr 9.81e-06 gnorm 0.74 0.1min
[11:07:44] step 75/396 loss 0.0477 lr 9.46e-06 gnorm 0.77 0.1min
[11:07:46] step 100/396 loss 0.0344 lr 8.94e-06 gnorm 0.68 0.1min
[11:07:47] step 125/396 loss 0.0201 lr 8.27e-06 gnorm 0.42 0.2min
[11:07:49] step 150/396 loss 0.0173 lr 7.49e-06 gnorm 0.53 0.2min
[11:07:51] step 175/396 loss 0.0233 lr 6.62e-06 gnorm 0.46 0.2min
[11:07:52] step 200/396 loss 0.0408 lr 5.70e-06 gnorm 0.60 0.2min
[11:07:54] step 225/396 loss 0.0204 lr 4.78e-06 gnorm 0.48 0.3min
[11:07:55] step 250/396 loss 0.0115 lr 3.89e-06 gnorm 0.38 0.3min
[11:07:57] step 275/396 loss 0.0142 lr 3.06e-06 gnorm 0.42 0.3min
[11:07:58] step 300/396 loss 0.0471 lr 2.34e-06 gnorm 0.73 0.3min
[11:08:00] step 325/396 loss 0.0349 lr 1.75e-06 gnorm 0.63 0.4min
[11:08:01] step 350/396 loss 0.0168 lr 1.32e-06 gnorm 0.40 0.4min
[11:08:03] step 375/396 loss 0.0296 lr 1.07e-06 gnorm 0.85 0.4min
[11:08:04] step 396/396 loss 0.0345 lr 1.00e-06 gnorm 0.78 0.4min

Writing model shards:   0%|          | 0/1 [00:00<?, ?it/s]
Writing model shards: 100%|██████████| 1/1 [00:00<00:00,  7.32it/s]
Writing model shards: 100%|██████████| 1/1 [00:00<00:00,  7.32it/s]
[11:08:04] saved -> v3_10\qat_pol2（loss 0.0345）
