[15:51:27] === retrieval 4096: 1000 samples | init v3_14\pc2 | 2x4 | 125 steps | 1 epoch(s) | lr 1.5e-05 ===

Loading weights:   0%|          | 0/123 [00:00<?, ?it/s]
Loading weights: 100%|██████████| 123/123 [00:00<00:00, 1749.18it/s]
[15:51:28] [train-last] 只训练最后 2 层 + norm：4.02M / 29.43M 参数
[15:51:31] [retr4096] step 5/125 loss 0.4162 lr 7.50e-06 gnorm 1.35 45,980 tok/s 0.1min peak 0.90GiB
[15:51:33] [retr4096] step 10/125 loss 0.4360 lr 1.50e-05 gnorm 1.33 58,892 tok/s 0.1min peak 0.90GiB
[15:51:35] [retr4096] step 15/125 loss 0.0760 lr 1.49e-05 gnorm 0.26 64,996 tok/s 0.1min peak 0.90GiB
[15:51:37] [retr4096] step 20/125 loss 0.3209 lr 1.47e-05 gnorm 1.39 68,577 tok/s 0.2min peak 0.90GiB
[15:51:39] [retr4096] step 25/125 loss 0.4118 lr 1.44e-05 gnorm 1.04 70,937 tok/s 0.2min peak 0.90GiB
[15:51:41] [retr4096] step 30/125 loss 0.1342 lr 1.40e-05 gnorm 0.87 72,586 tok/s 0.2min peak 0.90GiB
[15:51:43] [retr4096] step 35/125 loss 0.4252 lr 1.35e-05 gnorm 0.81 73,854 tok/s 0.3min peak 0.90GiB
[15:51:45] [retr4096] step 40/125 loss 0.4761 lr 1.29e-05 gnorm 0.94 74,848 tok/s 0.3min peak 0.90GiB
[15:51:47] [retr4096] step 45/125 loss 0.9776 lr 1.21e-05 gnorm 2.91 75,643 tok/s 0.3min peak 0.90GiB
[15:51:49] [retr4096] step 50/125 loss 0.0423 lr 1.14e-05 gnorm 0.25 76,304 tok/s 0.4min peak 0.90GiB
[15:51:51] [retr4096] step 55/125 loss 0.2042 lr 1.05e-05 gnorm 0.82 76,791 tok/s 0.4min peak 0.90GiB
[15:51:53] [retr4096] step 60/125 loss 0.6022 lr 9.62e-06 gnorm 2.07 77,192 tok/s 0.4min peak 0.90GiB
[15:51:55] [retr4096] step 65/125 loss 0.0715 lr 8.71e-06 gnorm 0.65 77,549 tok/s 0.5min peak 0.90GiB
[15:51:57] [retr4096] step 70/125 loss 0.1346 lr 7.79e-06 gnorm 0.48 77,866 tok/s 0.5min peak 0.90GiB
[15:51:59] [retr4096] step 75/125 loss 0.1472 lr 6.88e-06 gnorm 0.74 78,170 tok/s 0.5min peak 0.90GiB
[15:52:01] [retr4096] step 80/125 loss 0.6948 lr 5.99e-06 gnorm 2.01 78,435 tok/s 0.6min peak 0.90GiB
[15:52:03] [retr4096] step 85/125 loss 0.3518 lr 5.14e-06 gnorm 1.15 78,654 tok/s 0.6min peak 0.90GiB
[15:52:05] [retr4096] step 90/125 loss 0.4746 lr 4.36e-06 gnorm 1.63 78,866 tok/s 0.6min peak 0.90GiB
[15:52:07] [retr4096] step 95/125 loss 0.2465 lr 3.64e-06 gnorm 0.95 79,030 tok/s 0.7min peak 0.90GiB
[15:52:09] [retr4096] step 100/125 loss 0.1760 lr 3.01e-06 gnorm 0.77 79,186 tok/s 0.7min peak 0.90GiB
[15:52:11] [retr4096] step 105/125 loss 0.3536 lr 2.48e-06 gnorm 0.96 79,324 tok/s 0.7min peak 0.90GiB
[15:52:13] [retr4096] step 110/125 loss 0.2847 lr 2.06e-06 gnorm 0.83 79,467 tok/s 0.8min peak 0.90GiB
[15:52:15] [retr4096] step 115/125 loss 0.2460 lr 1.75e-06 gnorm 1.15 79,589 tok/s 0.8min peak 0.90GiB
[15:52:17] [retr4096] step 120/125 loss 0.0239 lr 1.56e-06 gnorm 0.25 79,708 tok/s 0.8min peak 0.90GiB
[15:52:19] [retr4096] step 125/125 loss 0.4739 lr 1.50e-06 gnorm 1.43 79,802 tok/s 0.9min peak 0.90GiB

Writing model shards:   0%|          | 0/1 [00:00<?, ?it/s]
Writing model shards: 100%|██████████| 1/1 [00:00<00:00, 10.32it/s]
[15:52:19] saved -> v3_15\retr\ctx4096\final (loss 0.4739)
[15:52:19] === retrieval 8192: 600 samples | init v3_15\retr\ctx4096\final | 2x4 | 75 steps | 1 epoch(s) | lr 1.2e-05 ===

Loading weights:   0%|          | 0/123 [00:00<?, ?it/s]
Loading weights: 100%|██████████| 123/123 [00:00<00:00, 1332.93it/s]
[15:52:25] [retr8192] step 5/75 loss 0.1059 lr 6.00e-06 gnorm 0.89 59,166 tok/s 0.1min peak 1.37GiB
[15:52:30] [retr8192] step 10/75 loss 0.3858 lr 1.20e-05 gnorm 0.98 59,340 tok/s 0.2min peak 1.37GiB
[15:52:36] [retr8192] step 15/75 loss 0.4045 lr 1.18e-05 gnorm 1.06 59,420 tok/s 0.3min peak 1.37GiB
[15:52:41] [retr8192] step 20/75 loss 0.7239 lr 1.14e-05 gnorm 2.01 59,460 tok/s 0.4min peak 1.37GiB
[15:52:47] [retr8192] step 25/75 loss 0.2143 lr 1.06e-05 gnorm 1.24 59,484 tok/s 0.5min peak 1.37GiB
[15:52:52] [retr8192] step 30/75 loss 0.2859 lr 9.67e-06 gnorm 1.19 59,498 tok/s 0.6min peak 1.37GiB
[15:52:58] [retr8192] step 35/75 loss 0.5772 lr 8.51e-06 gnorm 2.34 59,526 tok/s 0.6min peak 1.37GiB
[15:53:03] [retr8192] step 40/75 loss 0.0263 lr 7.25e-06 gnorm 0.23 59,546 tok/s 0.7min peak 1.37GiB
[15:53:09] [retr8192] step 45/75 loss 0.0394 lr 5.95e-06 gnorm 0.27 59,560 tok/s 0.8min peak 1.37GiB
[15:53:14] [retr8192] step 50/75 loss 0.2468 lr 4.69e-06 gnorm 1.11 59,575 tok/s 0.9min peak 1.37GiB
[15:53:20] [retr8192] step 55/75 loss 0.3253 lr 3.53e-06 gnorm 1.22 59,586 tok/s 1.0min peak 1.37GiB
[15:53:25] [retr8192] step 60/75 loss 0.1770 lr 2.56e-06 gnorm 0.71 59,602 tok/s 1.1min peak 1.37GiB
[15:53:31] [retr8192] step 65/75 loss 0.3251 lr 1.82e-06 gnorm 1.54 59,611 tok/s 1.2min peak 1.37GiB
[15:53:36] [retr8192] step 70/75 loss 0.8043 lr 1.36e-06 gnorm 2.42 59,617 tok/s 1.3min peak 1.37GiB
[15:53:42] [retr8192] step 75/75 loss 0.3206 lr 1.20e-06 gnorm 1.67 59,625 tok/s 1.4min peak 1.37GiB

Writing model shards:   0%|          | 0/1 [00:00<?, ?it/s]
Writing model shards: 100%|██████████| 1/1 [00:00<00:00, 10.48it/s]
[15:53:42] saved -> v3_15\retr\ctx8192\final (loss 0.3206)
[15:53:42] === retrieval 16384: 300 samples | init v3_15\retr\ctx8192\final | 1x4 | 75 steps | 1 epoch(s) | lr 9e-06 ===

Loading weights:   0%|          | 0/123 [00:00<?, ?it/s]
Loading weights: 100%|██████████| 123/123 [00:00<00:00, 1640.85it/s]
[15:53:50] [retr16384] step 5/75 loss 0.5694 lr 4.50e-06 gnorm 1.56 42,569 tok/s 0.1min peak 1.37GiB
[15:53:57] [retr16384] step 10/75 loss 0.9685 lr 9.00e-06 gnorm 3.51 42,682 tok/s 0.3min peak 1.37GiB
[15:54:05] [retr16384] step 15/75 loss 0.3954 lr 8.88e-06 gnorm 2.08 42,735 tok/s 0.4min peak 1.37GiB
[15:54:13] [retr16384] step 20/75 loss 0.4187 lr 8.54e-06 gnorm 1.87 42,759 tok/s 0.5min peak 1.37GiB
[15:54:20] [retr16384] step 25/75 loss 0.3360 lr 7.98e-06 gnorm 2.11 42,776 tok/s 0.6min peak 1.37GiB
[15:54:28] [retr16384] step 30/75 loss 0.3791 lr 7.25e-06 gnorm 1.88 42,781 tok/s 0.8min peak 1.37GiB
[15:54:36] [retr16384] step 35/75 loss 1.0765 lr 6.39e-06 gnorm 3.47 42,793 tok/s 0.9min peak 1.37GiB
[15:54:43] [retr16384] step 40/75 loss 0.0311 lr 5.44e-06 gnorm 0.46 42,802 tok/s 1.0min peak 1.37GiB
[15:54:51] [retr16384] step 45/75 loss 0.4733 lr 4.46e-06 gnorm 1.48 42,807 tok/s 1.1min peak 1.37GiB
[15:54:59] [retr16384] step 50/75 loss 0.0868 lr 3.51e-06 gnorm 0.91 42,816 tok/s 1.3min peak 1.37GiB
[15:55:06] [retr16384] step 55/75 loss 0.3910 lr 2.65e-06 gnorm 2.42 42,820 tok/s 1.4min peak 1.37GiB
[15:55:14] [retr16384] step 60/75 loss 0.7242 lr 1.92e-06 gnorm 2.78 42,829 tok/s 1.5min peak 1.37GiB
[15:55:21] [retr16384] step 65/75 loss 0.1317 lr 1.36e-06 gnorm 0.94 42,838 tok/s 1.7min peak 1.37GiB
[15:55:29] [retr16384] step 70/75 loss 0.0504 lr 1.02e-06 gnorm 0.39 42,845 tok/s 1.8min peak 1.37GiB
[15:55:37] [retr16384] step 75/75 loss 0.0593 lr 9.00e-07 gnorm 0.68 42,850 tok/s 1.9min peak 1.37GiB

Writing model shards:   0%|          | 0/1 [00:00<?, ?it/s]
Writing model shards: 100%|██████████| 1/1 [00:00<00:00,  9.87it/s]
Writing model shards: 100%|██████████| 1/1 [00:00<00:00,  9.87it/s]
[15:55:37] saved -> v3_15\retr\ctx16384\final (loss 0.0593)
[15:55:37] === retrieval 32768: 140 samples | init v3_15\retr\ctx16384\final | 1x4 | 35 steps | 1 epoch(s) | lr 6e-06 ===

Loading weights:   0%|          | 0/123 [00:00<?, ?it/s]
Loading weights: 100%|██████████| 123/123 [00:00<00:00, 1702.21it/s]
[15:56:01] [retr32768] step 5/35 loss 1.8940 lr 3.00e-06 gnorm 7.42 27,748 tok/s 0.4min peak 2.22GiB
[15:56:24] [retr32768] step 10/35 loss 1.1974 lr 6.00e-06 gnorm 5.45 27,768 tok/s 0.8min peak 2.22GiB
[15:56:48] [retr32768] step 15/35 loss 0.3177 lr 5.48e-06 gnorm 1.73 27,781 tok/s 1.2min peak 2.22GiB
[15:57:11] [retr32768] step 20/35 loss 1.3307 lr 4.13e-06 gnorm 5.59 27,784 tok/s 1.6min peak 2.22GiB
[15:57:35] [retr32768] step 25/35 loss 0.7460 lr 2.47e-06 gnorm 3.11 27,788 tok/s 2.0min peak 2.22GiB
[15:57:59] [retr32768] step 30/35 loss 1.4136 lr 1.12e-06 gnorm 4.10 27,795 tok/s 2.4min peak 2.22GiB
[15:58:22] [retr32768] step 35/35 loss 0.6168 lr 6.00e-07 gnorm 2.99 27,796 tok/s 2.8min peak 2.22GiB

Writing model shards:   0%|          | 0/1 [00:00<?, ?it/s]
Writing model shards: 100%|██████████| 1/1 [00:00<00:00,  7.49it/s]
Writing model shards: 100%|██████████| 1/1 [00:00<00:00,  7.41it/s]
[15:58:22] saved -> v3_15\retr\ctx32768\final (loss 0.6168)
[15:58:22] retrieval SFT done -> v3_15\retr\ctx32768\final
