[16:40:32] === retrieval 4096: 500 samples | init v3_2e\restore\ctx32768\final | 2x4 | 62 steps | lr 1.5e-05 ===

Loading weights:   0%|          | 0/123 [00:00<?, ?it/s]
Loading weights: 100%|██████████| 123/123 [00:00<00:00, 2156.61it/s]
E:\python\Lib\site-packages\torch\nn\modules\module.py:1369: UserWarning: expandable_segments not supported on this platform (Triggered internally at C:\actions-runner\_work\pytorch\pytorch\c10/cuda/CUDAAllocatorConfig.h:40.)
  return t.to(
[16:40:37] [retr4096] step 5/62 loss 0.8921 lr 9.38e-06 gnorm 2.30 30,416 tok/s 0.1min peak 3.17GiB
[16:40:41] [retr4096] step 10/62 loss 1.7201 lr 1.50e-05 gnorm 2.10 34,092 tok/s 0.2min peak 3.17GiB
[16:40:46] [retr4096] step 15/62 loss 2.4347 lr 1.44e-05 gnorm 1.76 35,522 tok/s 0.2min peak 3.17GiB
[16:40:50] [retr4096] step 20/62 loss 2.0813 lr 1.34e-05 gnorm 1.26 36,290 tok/s 0.3min peak 3.17GiB
[16:40:54] [retr4096] step 25/62 loss 0.7650 lr 1.20e-05 gnorm 0.51 36,757 tok/s 0.4min peak 3.17GiB
[16:40:58] [retr4096] step 30/62 loss 2.3969 lr 1.02e-05 gnorm 1.08 37,069 tok/s 0.4min peak 3.17GiB
[16:41:03] [retr4096] step 35/62 loss 0.8364 lr 8.25e-06 gnorm 1.84 37,292 tok/s 0.5min peak 3.17GiB
[16:41:07] [retr4096] step 40/62 loss 1.2840 lr 6.31e-06 gnorm 0.62 37,476 tok/s 0.6min peak 3.17GiB
[16:41:11] [retr4096] step 45/62 loss 1.6014 lr 4.54e-06 gnorm 0.70 37,620 tok/s 0.7min peak 3.17GiB
[16:41:15] [retr4096] step 50/62 loss 1.2503 lr 3.08e-06 gnorm 0.59 37,733 tok/s 0.7min peak 3.17GiB
[16:41:19] [retr4096] step 55/62 loss 1.7100 lr 2.05e-06 gnorm 7.72 37,833 tok/s 0.8min peak 3.17GiB
[16:41:24] [retr4096] step 60/62 loss 2.4866 lr 1.55e-06 gnorm 0.86 37,912 tok/s 0.9min peak 3.17GiB
[16:41:25] [retr4096] step 62/62 loss 2.3781 lr 1.50e-06 gnorm 1.11 37,940 tok/s 0.9min peak 3.17GiB

Writing model shards:   0%|          | 0/1 [00:00<?, ?it/s]
Writing model shards: 100%|██████████| 1/1 [00:00<00:00, 12.15it/s]
[16:41:25] saved -> v3_2f\final\ctx4096\final (loss 2.3781)
[16:41:25] === retrieval 8192: 300 samples | init v3_2f\final\ctx4096\final | 2x4 | 37 steps | lr 1.2e-05 ===

Loading weights:   0%|          | 0/123 [00:00<?, ?it/s]
Loading weights: 100%|██████████| 123/123 [00:00<00:00, 2119.86it/s]
[16:41:38] [retr8192] step 5/37 loss 2.3215 lr 7.50e-06 gnorm 0.79 26,697 tok/s 0.2min peak 5.57GiB
[16:41:50] [retr8192] step 10/37 loss 0.7683 lr 1.19e-05 gnorm 0.48 26,711 tok/s 0.4min peak 5.57GiB
[16:42:02] [retr8192] step 15/37 loss 0.0297 lr 1.05e-05 gnorm 1.05 26,711 tok/s 0.6min peak 5.57GiB
[16:42:15] [retr8192] step 20/37 loss 1.2093 lr 8.04e-06 gnorm 0.36 26,711 tok/s 0.8min peak 5.57GiB
[16:42:27] [retr8192] step 25/37 loss 0.8415 lr 5.16e-06 gnorm 0.40 26,712 tok/s 1.0min peak 5.57GiB
[16:42:39] [retr8192] step 30/37 loss 0.7404 lr 2.68e-06 gnorm 0.29 26,709 tok/s 1.2min peak 5.57GiB
[16:42:52] [retr8192] step 35/37 loss 1.6005 lr 1.33e-06 gnorm 0.56 26,706 tok/s 1.4min peak 5.57GiB
[16:42:56] [retr8192] step 37/37 loss 1.6650 lr 1.20e-06 gnorm 0.59 26,704 tok/s 1.5min peak 5.57GiB

Writing model shards:   0%|          | 0/1 [00:00<?, ?it/s]
Writing model shards: 100%|██████████| 1/1 [00:00<00:00, 14.43it/s]
[16:42:56] saved -> v3_2f\final\ctx8192\final (loss 1.6650)
[16:42:57] === retrieval 16384: 150 samples | init v3_2f\final\ctx8192\final | 1x4 | 37 steps | lr 9e-06 ===

Loading weights:   0%|          | 0/123 [00:00<?, ?it/s]
Loading weights: 100%|██████████| 123/123 [00:00<00:00, 2239.14it/s]
[16:43:15] [retr16384] step 5/37 loss 0.3507 lr 5.63e-06 gnorm 15.06 18,010 tok/s 0.3min peak 5.57GiB
[16:43:33] [retr16384] step 10/37 loss 0.0560 lr 8.91e-06 gnorm 4.59 18,003 tok/s 0.6min peak 5.57GiB
[16:43:51] [retr16384] step 15/37 loss 0.1159 lr 7.89e-06 gnorm 5.99 18,002 tok/s 0.9min peak 5.57GiB
[16:44:09] [retr16384] step 20/37 loss 0.0872 lr 6.03e-06 gnorm 4.65 18,005 tok/s 1.2min peak 5.57GiB
[16:44:28] [retr16384] step 25/37 loss 0.6085 lr 3.87e-06 gnorm 12.73 18,004 tok/s 1.5min peak 5.57GiB
[16:44:46] [retr16384] step 30/37 loss 0.0351 lr 2.01e-06 gnorm 2.51 18,002 tok/s 1.8min peak 5.57GiB
[16:45:04] [retr16384] step 35/37 loss 0.0504 lr 9.95e-07 gnorm 2.39 18,003 tok/s 2.1min peak 5.57GiB
[16:45:11] [retr16384] step 37/37 loss 0.0481 lr 9.00e-07 gnorm 2.71 18,004 tok/s 2.2min peak 5.57GiB

Writing model shards:   0%|          | 0/1 [00:00<?, ?it/s]
Writing model shards: 100%|██████████| 1/1 [00:00<00:00, 11.66it/s]
[16:45:11] saved -> v3_2f\final\ctx16384\final (loss 0.0481)
[16:45:12] === retrieval 32768: 80 samples | init v3_2f\final\ctx16384\final | 1x4 | 20 steps | lr 6e-06 ===

Loading weights:   0%|          | 0/123 [00:00<?, ?it/s]
Loading weights: 100%|██████████| 123/123 [00:00<00:00, 2320.79it/s]
[16:46:10] [retr32768] step 5/20 loss 0.6744 lr 3.75e-06 gnorm 40.18 11,198 tok/s 1.0min peak 10.28GiB
[16:47:09] [retr32768] step 10/20 loss 0.8611 lr 5.64e-06 gnorm 34.83 11,198 tok/s 2.0min peak 10.28GiB
[16:48:07] [retr32768] step 15/20 loss 0.1091 lr 2.60e-06 gnorm 9.00 11,202 tok/s 2.9min peak 10.28GiB
[16:49:06] [retr32768] step 20/20 loss 0.2705 lr 6.00e-07 gnorm 18.26 11,201 tok/s 3.9min peak 10.28GiB

Writing model shards:   0%|          | 0/1 [00:00<?, ?it/s]
Writing model shards: 100%|██████████| 1/1 [00:00<00:00, 12.78it/s]
[16:49:06] saved -> v3_2f\final\ctx32768\final (loss 0.2705)
[16:49:06] retrieval SFT done -> v3_2f\final\ctx32768\final
