[16:52:03] === retrieval 4096: 500 samples | init v3_2e\restore\ctx32768\final | 2x4 | 62 steps | lr 1.5e-05 ===

Loading weights:   0%|          | 0/123 [00:00<?, ?it/s]
Loading weights: 100%|██████████| 123/123 [00:00<00:00, 2192.99it/s]
E:\python\Lib\site-packages\torch\nn\modules\module.py:1369: UserWarning: expandable_segments not supported on this platform (Triggered internally at C:\actions-runner\_work\pytorch\pytorch\c10/cuda/CUDAAllocatorConfig.h:40.)
  return t.to(
[16:52:09] [retr4096] step 5/62 loss 2.3736 lr 9.38e-06 gnorm 8.12 30,410 tok/s 0.1min peak 3.17GiB
[16:52:13] [retr4096] step 10/62 loss 1.6922 lr 1.50e-05 gnorm 2.71 34,066 tok/s 0.2min peak 3.17GiB
[16:52:17] [retr4096] step 15/62 loss 0.9532 lr 1.44e-05 gnorm 2.70 35,479 tok/s 0.2min peak 3.17GiB
[16:52:22] [retr4096] step 20/62 loss 1.5391 lr 1.34e-05 gnorm 1.12 36,228 tok/s 0.3min peak 3.17GiB
[16:52:26] [retr4096] step 25/62 loss 2.0621 lr 1.20e-05 gnorm 1.14 36,690 tok/s 0.4min peak 3.17GiB
[16:52:30] [retr4096] step 30/62 loss 1.7077 lr 1.02e-05 gnorm 0.78 37,026 tok/s 0.4min peak 3.17GiB
[16:52:34] [retr4096] step 35/62 loss 1.6452 lr 8.25e-06 gnorm 1.70 37,268 tok/s 0.5min peak 3.17GiB
[16:52:39] [retr4096] step 40/62 loss 1.1935 lr 6.31e-06 gnorm 0.61 37,451 tok/s 0.6min peak 3.17GiB
[16:52:43] [retr4096] step 45/62 loss 1.5710 lr 4.54e-06 gnorm 0.78 37,590 tok/s 0.7min peak 3.17GiB
[16:52:47] [retr4096] step 50/62 loss 1.9600 lr 3.08e-06 gnorm 0.81 37,705 tok/s 0.7min peak 3.17GiB
[16:52:51] [retr4096] step 55/62 loss 0.7832 lr 2.05e-06 gnorm 0.44 37,791 tok/s 0.8min peak 3.17GiB
[16:52:55] [retr4096] step 60/62 loss 1.9853 lr 1.55e-06 gnorm 0.92 37,868 tok/s 0.9min peak 3.17GiB
[16:52:57] [retr4096] step 62/62 loss 1.2066 lr 1.50e-06 gnorm 0.54 37,897 tok/s 0.9min peak 3.17GiB

Writing model shards:   0%|          | 0/1 [00:00<?, ?it/s]
Writing model shards: 100%|██████████| 1/1 [00:00<00:00, 11.72it/s]
[16:52:57] saved -> v3_2g\final\ctx4096\final (loss 1.2066)
[16:52:57] === retrieval 8192: 300 samples | init v3_2g\final\ctx4096\final | 2x4 | 37 steps | lr 1.2e-05 ===

Loading weights:   0%|          | 0/123 [00:00<?, ?it/s]
Loading weights: 100%|██████████| 123/123 [00:00<00:00, 2021.83it/s]
[16:53:10] [retr8192] step 5/37 loss 1.2237 lr 7.50e-06 gnorm 0.47 26,702 tok/s 0.2min peak 5.57GiB
[16:53:22] [retr8192] step 10/37 loss 1.1026 lr 1.19e-05 gnorm 0.51 26,718 tok/s 0.4min peak 5.57GiB
[16:53:34] [retr8192] step 15/37 loss 2.0246 lr 1.05e-05 gnorm 0.71 26,718 tok/s 0.6min peak 5.57GiB
[16:53:47] [retr8192] step 20/37 loss 2.6871 lr 8.04e-06 gnorm 0.81 26,711 tok/s 0.8min peak 5.57GiB
[16:53:59] [retr8192] step 25/37 loss 2.2326 lr 5.16e-06 gnorm 0.72 26,711 tok/s 1.0min peak 5.57GiB
[16:54:11] [retr8192] step 30/37 loss 1.5538 lr 2.68e-06 gnorm 0.48 26,718 tok/s 1.2min peak 5.57GiB
[16:54:23] [retr8192] step 35/37 loss 1.5840 lr 1.33e-06 gnorm 0.44 26,716 tok/s 1.4min peak 5.57GiB
[16:54:28] [retr8192] step 37/37 loss 1.9480 lr 1.20e-06 gnorm 0.59 26,715 tok/s 1.5min peak 5.57GiB

Writing model shards:   0%|          | 0/1 [00:00<?, ?it/s]
Writing model shards: 100%|██████████| 1/1 [00:00<00:00, 13.73it/s]
[16:54:28] saved -> v3_2g\final\ctx8192\final (loss 1.9480)
[16:54:28] === retrieval 16384: 150 samples | init v3_2g\final\ctx8192\final | 1x4 | 37 steps | lr 9e-06 ===

Loading weights:   0%|          | 0/123 [00:00<?, ?it/s]
Loading weights: 100%|██████████| 123/123 [00:00<00:00, 2170.18it/s]
[16:54:47] [retr16384] step 5/37 loss 0.3070 lr 5.63e-06 gnorm 12.01 17,979 tok/s 0.3min peak 5.57GiB
[16:55:05] [retr16384] step 10/37 loss 0.0634 lr 8.91e-06 gnorm 5.42 17,994 tok/s 0.6min peak 5.57GiB
[16:55:23] [retr16384] step 15/37 loss 0.1272 lr 7.89e-06 gnorm 6.07 17,996 tok/s 0.9min peak 5.57GiB
[16:55:41] [retr16384] step 20/37 loss 0.0839 lr 6.03e-06 gnorm 4.45 17,996 tok/s 1.2min peak 5.57GiB
[16:56:00] [retr16384] step 25/37 loss 0.5821 lr 3.87e-06 gnorm 11.63 17,995 tok/s 1.5min peak 5.57GiB
[16:56:18] [retr16384] step 30/37 loss 0.0268 lr 2.01e-06 gnorm 1.82 17,997 tok/s 1.8min peak 5.57GiB
[16:56:36] [retr16384] step 35/37 loss 0.0602 lr 9.95e-07 gnorm 2.92 17,994 tok/s 2.1min peak 5.57GiB
[16:56:43] [retr16384] step 37/37 loss 0.0397 lr 9.00e-07 gnorm 2.22 17,994 tok/s 2.2min peak 5.57GiB

Writing model shards:   0%|          | 0/1 [00:00<?, ?it/s]
Writing model shards: 100%|██████████| 1/1 [00:00<00:00, 11.94it/s]
[16:56:43] saved -> v3_2g\final\ctx16384\final (loss 0.0397)
[16:56:43] === retrieval 32768: 80 samples | init v3_2g\final\ctx16384\final | 1x4 | 20 steps | lr 6e-06 ===

Loading weights:   0%|          | 0/123 [00:00<?, ?it/s]
Loading weights: 100%|██████████| 123/123 [00:00<00:00, 2141.01it/s]
[16:57:42] [retr32768] step 5/20 loss 0.7430 lr 3.75e-06 gnorm 39.42 11,209 tok/s 1.0min peak 10.28GiB
[16:58:40] [retr32768] step 10/20 loss 0.9570 lr 5.64e-06 gnorm 36.43 11,207 tok/s 1.9min peak 10.28GiB
[16:59:39] [retr32768] step 15/20 loss 0.1288 lr 2.60e-06 gnorm 9.58 11,207 tok/s 2.9min peak 10.28GiB
[17:00:37] [retr32768] step 20/20 loss 0.2829 lr 6.00e-07 gnorm 25.03 11,206 tok/s 3.9min peak 10.28GiB

Writing model shards:   0%|          | 0/1 [00:00<?, ?it/s]
Writing model shards: 100%|██████████| 1/1 [00:00<00:00, 11.67it/s]
[17:00:38] saved -> v3_2g\final\ctx32768\final (loss 0.2829)
[17:00:38] retrieval SFT done -> v3_2g\final\ctx32768\final
