[15:47:25] === retrieval 4096: 400 samples | init v3_1d\retr_sft\ctx32768\final | 2x4 | 50 steps | lr 2e-05 ===

Loading weights:   0%|          | 0/123 [00:00<?, ?it/s]
Loading weights: 100%|██████████| 123/123 [00:00<00:00, 2286.55it/s]
E:\python\Lib\site-packages\torch\nn\modules\module.py:1369: UserWarning: expandable_segments not supported on this platform (Triggered internally at C:\actions-runner\_work\pytorch\pytorch\c10/cuda/CUDAAllocatorConfig.h:40.)
  return t.to(
[15:47:31] [retr4096] step 5/50 loss 2.0528 lr 1.00e-05 gnorm 4.49 30,604 tok/s 0.1min peak 3.17GiB
[15:47:35] [retr4096] step 10/50 loss 1.4622 lr 2.00e-05 gnorm 1.78 34,200 tok/s 0.2min peak 3.17GiB
[15:47:39] [retr4096] step 15/50 loss 2.0969 lr 1.93e-05 gnorm 12.31 35,594 tok/s 0.2min peak 3.17GiB
[15:47:43] [retr4096] step 20/50 loss 1.7413 lr 1.74e-05 gnorm 1.19 36,318 tok/s 0.3min peak 3.17GiB
[15:47:48] [retr4096] step 25/50 loss 1.6664 lr 1.44e-05 gnorm 1.10 36,761 tok/s 0.4min peak 3.17GiB
[15:47:52] [retr4096] step 30/50 loss 2.0363 lr 1.10e-05 gnorm 1.09 37,055 tok/s 0.4min peak 3.17GiB
[15:47:56] [retr4096] step 35/50 loss 1.3861 lr 7.56e-06 gnorm 0.90 37,270 tok/s 0.5min peak 3.17GiB
[15:48:00] [retr4096] step 40/50 loss 0.9570 lr 4.64e-06 gnorm 0.88 37,435 tok/s 0.6min peak 3.17GiB
[15:48:04] [retr4096] step 45/50 loss 0.9298 lr 2.69e-06 gnorm 0.92 37,565 tok/s 0.7min peak 3.17GiB
[15:48:09] [retr4096] step 50/50 loss 1.0066 lr 2.00e-06 gnorm 0.82 37,672 tok/s 0.7min peak 3.17GiB

Writing model shards:   0%|          | 0/1 [00:00<?, ?it/s]
Writing model shards: 100%|██████████| 1/1 [00:00<00:00, 14.19it/s]
[15:48:09] saved -> v3_2b\sft\ctx4096\final (loss 1.0066)
[15:48:09] === retrieval 8192: 200 samples | init v3_2b\sft\ctx4096\final | 2x4 | 25 steps | lr 1.6e-05 ===

Loading weights:   0%|          | 0/123 [00:00<?, ?it/s]
Loading weights: 100%|██████████| 123/123 [00:00<00:00, 2321.13it/s]
[15:48:21] [retr8192] step 5/25 loss 1.6428 lr 8.00e-06 gnorm 0.81 26,614 tok/s 0.2min peak 5.57GiB
[15:48:34] [retr8192] step 10/25 loss 2.6780 lr 1.60e-05 gnorm 1.00 26,629 tok/s 0.4min peak 5.57GiB
[15:48:46] [retr8192] step 15/25 loss 1.6617 lr 1.24e-05 gnorm 0.66 26,632 tok/s 0.6min peak 5.57GiB
[15:48:58] [retr8192] step 20/25 loss 2.0009 lr 5.20e-06 gnorm 0.53 26,636 tok/s 0.8min peak 5.57GiB
[15:49:10] [retr8192] step 25/25 loss 1.6029 lr 1.60e-06 gnorm 0.83 26,637 tok/s 1.0min peak 5.57GiB

Writing model shards:   0%|          | 0/1 [00:00<?, ?it/s]
Writing model shards: 100%|██████████| 1/1 [00:00<00:00, 15.61it/s]
[15:49:11] saved -> v3_2b\sft\ctx8192\final (loss 1.6029)
[15:49:11] === retrieval 16384: 80 samples | init v3_2b\sft\ctx8192\final | 1x4 | 20 steps | lr 1.2e-05 ===

Loading weights:   0%|          | 0/123 [00:00<?, ?it/s]
Loading weights: 100%|██████████| 123/123 [00:00<00:00, 2334.35it/s]
[15:49:29] [retr16384] step 5/20 loss 1.3861 lr 6.00e-06 gnorm 13.64 17,961 tok/s 0.3min peak 5.57GiB
[15:49:47] [retr16384] step 10/20 loss 0.0256 lr 1.20e-05 gnorm 1.99 17,970 tok/s 0.6min peak 5.57GiB
[15:50:05] [retr16384] step 15/20 loss 0.9843 lr 6.60e-06 gnorm 9.30 17,979 tok/s 0.9min peak 5.57GiB
[15:50:24] [retr16384] step 20/20 loss 1.1076 lr 1.20e-06 gnorm 14.88 17,977 tok/s 1.2min peak 5.57GiB

Writing model shards:   0%|          | 0/1 [00:00<?, ?it/s]
Writing model shards: 100%|██████████| 1/1 [00:00<00:00, 15.21it/s]
[15:50:24] saved -> v3_2b\sft\ctx16384\final (loss 1.1076)
[15:50:24] === retrieval 32768: 30 samples | init v3_2b\sft\ctx16384\final | 1x4 | 7 steps | lr 8e-06 ===

Loading weights:   0%|          | 0/123 [00:00<?, ?it/s]
Loading weights: 100%|██████████| 123/123 [00:00<00:00, 2421.54it/s]
[15:51:22] [retr32768] step 5/7 loss 0.9878 lr 4.00e-06 gnorm 32.49 11,223 tok/s 1.0min peak 10.28GiB
[15:51:46] [retr32768] step 7/7 loss 1.7872 lr 5.60e-06 gnorm 28.40 11,222 tok/s 1.4min peak 10.28GiB

Writing model shards:   0%|          | 0/1 [00:00<?, ?it/s]
Writing model shards: 100%|██████████| 1/1 [00:00<00:00, 10.77it/s]
[15:51:46] saved -> v3_2b\sft\ctx32768\final (loss 1.7872)
[15:51:46] retrieval SFT done -> v3_2b\sft\ctx32768\final
