[16:17:07] === retrieval 4096: 800 samples | init v3_2d\restore\ctx32768\final | 2x4 | 100 steps | lr 2e-05 ===

Loading weights:   0%|          | 0/123 [00:00<?, ?it/s]
Loading weights: 100%|██████████| 123/123 [00:00<00:00, 2046.15it/s]
E:\python\Lib\site-packages\torch\nn\modules\module.py:1369: UserWarning: expandable_segments not supported on this platform (Triggered internally at C:\actions-runner\_work\pytorch\pytorch\c10/cuda/CUDAAllocatorConfig.h:40.)
  return t.to(
[16:17:13] [retr4096] step 5/100 loss 0.0963 lr 1.00e-05 gnorm 6.54 30,455 tok/s 0.1min peak 3.17GiB
[16:17:17] [retr4096] step 10/100 loss 0.4458 lr 2.00e-05 gnorm 8.33 34,124 tok/s 0.2min peak 3.17GiB
[16:17:21] [retr4096] step 15/100 loss 0.3931 lr 1.99e-05 gnorm 7.74 35,554 tok/s 0.2min peak 3.17GiB
[16:17:25] [retr4096] step 20/100 loss 0.2601 lr 1.95e-05 gnorm 8.06 36,312 tok/s 0.3min peak 3.17GiB
[16:17:30] [retr4096] step 25/100 loss 0.0542 lr 1.88e-05 gnorm 2.07 36,780 tok/s 0.4min peak 3.17GiB
[16:17:34] [retr4096] step 30/100 loss 0.1405 lr 1.79e-05 gnorm 5.99 37,094 tok/s 0.4min peak 3.17GiB
[16:17:38] [retr4096] step 35/100 loss 0.0536 lr 1.68e-05 gnorm 2.12 37,326 tok/s 0.5min peak 3.17GiB
[16:17:42] [retr4096] step 40/100 loss 0.2049 lr 1.55e-05 gnorm 5.27 37,500 tok/s 0.6min peak 3.17GiB
[16:17:47] [retr4096] step 45/100 loss 0.2241 lr 1.41e-05 gnorm 7.18 37,635 tok/s 0.7min peak 3.17GiB
[16:17:51] [retr4096] step 50/100 loss 0.1376 lr 1.26e-05 gnorm 6.79 37,738 tok/s 0.7min peak 3.17GiB
[16:17:55] [retr4096] step 55/100 loss 0.1234 lr 1.10e-05 gnorm 3.79 37,820 tok/s 0.8min peak 3.17GiB
[16:17:59] [retr4096] step 60/100 loss 0.0179 lr 9.44e-06 gnorm 0.80 37,894 tok/s 0.9min peak 3.17GiB
[16:18:03] [retr4096] step 65/100 loss 0.0398 lr 7.92e-06 gnorm 2.45 37,957 tok/s 0.9min peak 3.17GiB
[16:18:08] [retr4096] step 70/100 loss 0.2156 lr 6.50e-06 gnorm 4.49 38,010 tok/s 1.0min peak 3.17GiB
[16:18:12] [retr4096] step 75/100 loss 0.1552 lr 5.21e-06 gnorm 4.58 38,058 tok/s 1.1min peak 3.17GiB
[16:18:16] [retr4096] step 80/100 loss 0.0083 lr 4.11e-06 gnorm 0.30 38,097 tok/s 1.1min peak 3.17GiB
[16:18:20] [retr4096] step 85/100 loss 0.1749 lr 3.21e-06 gnorm 8.62 38,131 tok/s 1.2min peak 3.17GiB
[16:18:25] [retr4096] step 90/100 loss 0.0596 lr 2.54e-06 gnorm 2.70 38,161 tok/s 1.3min peak 3.17GiB
[16:18:29] [retr4096] step 95/100 loss 0.0877 lr 2.14e-06 gnorm 2.82 38,190 tok/s 1.4min peak 3.17GiB
[16:18:33] [retr4096] step 100/100 loss 0.0647 lr 2.00e-06 gnorm 4.80 38,215 tok/s 1.4min peak 3.17GiB

Writing model shards:   0%|          | 0/1 [00:00<?, ?it/s]
Writing model shards: 100%|██████████| 1/1 [00:00<00:00, 11.93it/s]
[16:18:33] saved -> v3_2e\restore\ctx4096\final (loss 0.0647)
[16:18:33] === retrieval 8192: 600 samples | init v3_2e\restore\ctx4096\final | 2x4 | 75 steps | lr 1.6e-05 ===

Loading weights:   0%|          | 0/123 [00:00<?, ?it/s]
Loading weights: 100%|██████████| 123/123 [00:00<00:00, 2279.41it/s]
[16:18:46] [retr8192] step 5/75 loss 0.4026 lr 8.00e-06 gnorm 9.26 26,656 tok/s 0.2min peak 5.57GiB
[16:18:58] [retr8192] step 10/75 loss 0.3454 lr 1.60e-05 gnorm 5.58 26,675 tok/s 0.4min peak 5.57GiB
[16:19:10] [retr8192] step 15/75 loss 0.0942 lr 1.58e-05 gnorm 3.65 26,697 tok/s 0.6min peak 5.57GiB
[16:19:22] [retr8192] step 20/75 loss 0.3612 lr 1.52e-05 gnorm 6.17 26,697 tok/s 0.8min peak 5.57GiB
[16:19:35] [retr8192] step 25/75 loss 0.1101 lr 1.42e-05 gnorm 4.16 26,693 tok/s 1.0min peak 5.57GiB
[16:19:47] [retr8192] step 30/75 loss 0.1877 lr 1.29e-05 gnorm 7.97 26,693 tok/s 1.2min peak 5.57GiB
[16:19:59] [retr8192] step 35/75 loss 0.3164 lr 1.14e-05 gnorm 6.88 26,691 tok/s 1.4min peak 5.57GiB
[16:20:12] [retr8192] step 40/75 loss 0.2516 lr 9.67e-06 gnorm 8.51 26,698 tok/s 1.6min peak 5.57GiB
[16:20:24] [retr8192] step 45/75 loss 0.0128 lr 7.93e-06 gnorm 0.36 26,698 tok/s 1.8min peak 5.57GiB
[16:20:36] [retr8192] step 50/75 loss 0.1217 lr 6.25e-06 gnorm 2.82 26,697 tok/s 2.0min peak 5.57GiB
[16:20:48] [retr8192] step 55/75 loss 0.0966 lr 4.71e-06 gnorm 3.31 26,700 tok/s 2.2min peak 5.57GiB
[16:21:01] [retr8192] step 60/75 loss 0.6258 lr 3.41e-06 gnorm 13.41 26,700 tok/s 2.5min peak 5.57GiB
[16:21:13] [retr8192] step 65/75 loss 0.0277 lr 2.42e-06 gnorm 1.68 26,703 tok/s 2.7min peak 5.57GiB
[16:21:25] [retr8192] step 70/75 loss 0.0112 lr 1.81e-06 gnorm 0.46 26,703 tok/s 2.9min peak 5.57GiB
[16:21:37] [retr8192] step 75/75 loss 0.0989 lr 1.60e-06 gnorm 2.92 26,702 tok/s 3.1min peak 5.57GiB

Writing model shards:   0%|          | 0/1 [00:00<?, ?it/s]
Writing model shards: 100%|██████████| 1/1 [00:00<00:00, 13.50it/s]
[16:21:37] saved -> v3_2e\restore\ctx8192\final (loss 0.0989)
[16:21:38] === retrieval 16384: 400 samples | init v3_2e\restore\ctx8192\final | 1x4 | 100 steps | lr 1.2e-05 ===

Loading weights:   0%|          | 0/123 [00:00<?, ?it/s]
Loading weights: 100%|██████████| 123/123 [00:00<00:00, 2446.04it/s]
[16:21:56] [retr16384] step 5/100 loss 0.2393 lr 6.00e-06 gnorm 10.64 17,990 tok/s 0.3min peak 5.57GiB
[16:22:14] [retr16384] step 10/100 loss 0.1336 lr 1.20e-05 gnorm 5.55 17,997 tok/s 0.6min peak 5.57GiB
[16:22:32] [retr16384] step 15/100 loss 0.1782 lr 1.19e-05 gnorm 5.65 17,986 tok/s 0.9min peak 5.57GiB
[16:22:51] [retr16384] step 20/100 loss 0.0730 lr 1.17e-05 gnorm 4.01 17,980 tok/s 1.2min peak 5.57GiB
[16:23:09] [retr16384] step 25/100 loss 0.0140 lr 1.13e-05 gnorm 0.99 17,979 tok/s 1.5min peak 5.57GiB
[16:23:27] [retr16384] step 30/100 loss 0.0131 lr 1.07e-05 gnorm 0.73 17,982 tok/s 1.8min peak 5.57GiB
[16:23:45] [retr16384] step 35/100 loss 0.0110 lr 1.01e-05 gnorm 0.60 17,983 tok/s 2.1min peak 5.57GiB
[16:24:03] [retr16384] step 40/100 loss 0.1204 lr 9.30e-06 gnorm 8.34 17,984 tok/s 2.4min peak 5.57GiB
[16:24:22] [retr16384] step 45/100 loss 0.2016 lr 8.45e-06 gnorm 13.06 17,984 tok/s 2.7min peak 5.57GiB
[16:24:40] [retr16384] step 50/100 loss 0.0574 lr 7.54e-06 gnorm 4.78 17,985 tok/s 3.0min peak 5.57GiB
[16:24:58] [retr16384] step 55/100 loss 0.2048 lr 6.60e-06 gnorm 4.53 17,986 tok/s 3.3min peak 5.57GiB
[16:25:16] [retr16384] step 60/100 loss 0.0303 lr 5.66e-06 gnorm 2.07 17,988 tok/s 3.6min peak 5.57GiB
[16:25:34] [retr16384] step 65/100 loss 0.5532 lr 4.75e-06 gnorm 8.81 17,988 tok/s 3.9min peak 5.57GiB
[16:25:53] [retr16384] step 70/100 loss 0.0132 lr 3.90e-06 gnorm 0.71 17,988 tok/s 4.3min peak 5.57GiB
[16:26:11] [retr16384] step 75/100 loss 0.2341 lr 3.13e-06 gnorm 22.15 17,990 tok/s 4.6min peak 5.57GiB
[16:26:29] [retr16384] step 80/100 loss 0.6172 lr 2.46e-06 gnorm 26.18 17,990 tok/s 4.9min peak 5.57GiB
[16:26:47] [retr16384] step 85/100 loss 0.3716 lr 1.92e-06 gnorm 7.87 17,991 tok/s 5.2min peak 5.57GiB
[16:27:06] [retr16384] step 90/100 loss 0.0451 lr 1.53e-06 gnorm 3.09 17,986 tok/s 5.5min peak 5.57GiB
[16:27:24] [retr16384] step 95/100 loss 0.0099 lr 1.28e-06 gnorm 0.60 17,982 tok/s 5.8min peak 5.57GiB
[16:27:42] [retr16384] step 100/100 loss 0.0020 lr 1.20e-06 gnorm 0.14 17,983 tok/s 6.1min peak 5.57GiB

Writing model shards:   0%|          | 0/1 [00:00<?, ?it/s]
Writing model shards: 100%|██████████| 1/1 [00:00<00:00, 11.97it/s]
[16:27:42] saved -> v3_2e\restore\ctx16384\final (loss 0.0020)
[16:27:42] === retrieval 32768: 200 samples | init v3_2e\restore\ctx16384\final | 1x4 | 50 steps | lr 8e-06 ===

Loading weights:   0%|          | 0/123 [00:00<?, ?it/s]
Loading weights: 100%|██████████| 123/123 [00:00<00:00, 2290.00it/s]
[16:28:41] [retr32768] step 5/50 loss 0.1664 lr 4.00e-06 gnorm 11.82 11,194 tok/s 1.0min peak 10.28GiB
[16:29:39] [retr32768] step 10/50 loss 0.1706 lr 8.00e-06 gnorm 18.30 11,198 tok/s 2.0min peak 10.28GiB
[16:30:38] [retr32768] step 15/50 loss 0.1243 lr 7.73e-06 gnorm 8.35 11,199 tok/s 2.9min peak 10.28GiB
[16:31:36] [retr32768] step 20/50 loss 0.1547 lr 6.95e-06 gnorm 10.70 11,198 tok/s 3.9min peak 10.28GiB
[16:32:35] [retr32768] step 25/50 loss 0.2040 lr 5.78e-06 gnorm 11.71 11,199 tok/s 4.9min peak 10.28GiB
[16:33:33] [retr32768] step 30/50 loss 0.3690 lr 4.40e-06 gnorm 16.59 11,199 tok/s 5.9min peak 10.28GiB
[16:34:32] [retr32768] step 35/50 loss 0.0224 lr 3.02e-06 gnorm 1.86 11,198 tok/s 6.8min peak 10.28GiB
[16:35:31] [retr32768] step 40/50 loss 0.3846 lr 1.85e-06 gnorm 19.21 11,199 tok/s 7.8min peak 10.28GiB
[16:36:29] [retr32768] step 45/50 loss 0.8808 lr 1.07e-06 gnorm 36.69 11,199 tok/s 8.8min peak 10.28GiB
[16:37:28] [retr32768] step 50/50 loss 0.0377 lr 8.00e-07 gnorm 2.42 11,199 tok/s 9.8min peak 10.28GiB

Writing model shards:   0%|          | 0/1 [00:00<?, ?it/s]
Writing model shards: 100%|██████████| 1/1 [00:00<00:00, 12.63it/s]
[16:37:28] saved -> v3_2e\restore\ctx32768\final (loss 0.0377)
[16:37:28] retrieval SFT done -> v3_2e\restore\ctx32768\final
