[03:46:37] 样本：补丁 555 + 其余 380 = 935 条
[03:46:37] 可用样本 935，平均长度 52

Loading weights:   0%|          | 0/123 [00:00<?, ?it/s]
Loading weights: 100%|██████████| 123/123 [00:00<00:00, 2001.76it/s]
[train-last] 只训练最后 2 层 + norm/lm_head：4.02M / 29.43M 参数
[03:46:39] step 25/304 loss 2.4356 lr 2.00e-05 gnorm 0.71 12,923 tok/s 0.0min peak 0.83GiB
[03:46:40] step 50/304 loss 2.6742 lr 1.95e-05 gnorm 0.80 19,068 tok/s 0.0min peak 0.83GiB
[03:46:40] step 75/304 loss 2.9660 lr 1.84e-05 gnorm 0.82 22,697 tok/s 0.1min peak 0.84GiB
[03:46:41] step 100/304 loss 2.2322 lr 1.67e-05 gnorm 0.61 25,210 tok/s 0.1min peak 0.84GiB
[03:46:42] step 125/304 loss 1.8752 lr 1.46e-05 gnorm 0.60 26,906 tok/s 0.1min peak 0.84GiB
[03:46:42] step 150/304 loss 2.7445 lr 1.22e-05 gnorm 0.75 28,219 tok/s 0.1min peak 0.84GiB
[03:46:43] step 175/304 loss 2.1255 lr 9.71e-06 gnorm 0.74 29,321 tok/s 0.1min peak 0.84GiB
[03:46:43] step 200/304 loss 2.1173 lr 7.33e-06 gnorm 0.61 30,192 tok/s 0.1min peak 0.84GiB
[03:46:44] step 225/304 loss 1.8258 lr 5.22e-06 gnorm 0.62 30,849 tok/s 0.1min peak 0.84GiB
[03:46:45] step 250/304 loss 2.7636 lr 3.56e-06 gnorm 0.80 31,063 tok/s 0.1min peak 0.84GiB
[03:46:45] step 275/304 loss 2.0898 lr 2.46e-06 gnorm 0.61 31,219 tok/s 0.1min peak 0.84GiB
[03:46:46] step 300/304 loss 1.9471 lr 2.01e-06 gnorm 0.59 31,705 tok/s 0.1min peak 0.84GiB
[03:46:46] step 304/304 loss 2.3125 lr 2.00e-06 gnorm 0.66 31,776 tok/s 0.1min peak 0.84GiB

Writing model shards:   0%|          | 0/1 [00:00<?, ?it/s]
Writing model shards: 100%|██████████| 1/1 [00:00<00:00, 11.23it/s]
[03:46:46] saved -> v3_21\pcA（loss 2.3125）
