[15:52:40] === retrieval 4096: 1200 samples | init v3_1d\retr_sft\ctx32768\final | 2x4 | 150 steps | lr 0.0001 ===

Loading weights:   0%|          | 0/123 [00:00<?, ?it/s]
Loading weights: 100%|██████████| 123/123 [00:00<00:00, 2440.65it/s]
E:\python\Lib\site-packages\torch\nn\modules\module.py:1369: UserWarning: expandable_segments not supported on this platform (Triggered internally at C:\actions-runner\_work\pytorch\pytorch\c10/cuda/CUDAAllocatorConfig.h:40.)
  return t.to(
[15:52:45] [retr4096] step 5/150 loss 1.3787 lr 2.50e-05 gnorm 3.78 30,442 tok/s 0.1min peak 3.17GiB
[15:52:49] [retr4096] step 10/150 loss 0.8836 lr 5.00e-05 gnorm 1.95 34,062 tok/s 0.2min peak 3.17GiB
[15:52:54] [retr4096] step 15/150 loss 0.5425 lr 7.50e-05 gnorm 1.09 35,482 tok/s 0.2min peak 3.17GiB
[15:52:58] [retr4096] step 20/150 loss 0.2528 lr 1.00e-04 gnorm 0.58 36,243 tok/s 0.3min peak 3.17GiB
[15:53:02] [retr4096] step 25/150 loss 0.0885 lr 9.97e-05 gnorm 0.36 36,707 tok/s 0.4min peak 3.17GiB
[15:53:06] [retr4096] step 30/150 loss 0.0300 lr 9.87e-05 gnorm 0.14 37,030 tok/s 0.4min peak 3.17GiB
[15:53:11] [retr4096] step 35/150 loss 0.0170 lr 9.71e-05 gnorm 0.11 37,270 tok/s 0.5min peak 3.17GiB
[15:53:15] [retr4096] step 40/150 loss 0.0086 lr 9.48e-05 gnorm 0.07 37,451 tok/s 0.6min peak 3.17GiB
[15:53:19] [retr4096] step 45/150 loss 0.0066 lr 9.20e-05 gnorm 0.06 37,591 tok/s 0.7min peak 3.17GiB
[15:53:23] [retr4096] step 50/150 loss 0.0078 lr 8.87e-05 gnorm 0.06 37,699 tok/s 0.7min peak 3.17GiB
[15:53:27] [retr4096] step 55/150 loss 0.0060 lr 8.48e-05 gnorm 0.04 37,792 tok/s 0.8min peak 3.17GiB
[15:53:32] [retr4096] step 60/150 loss 0.0031 lr 8.06e-05 gnorm 0.03 37,869 tok/s 0.9min peak 3.17GiB
[15:53:36] [retr4096] step 65/150 loss 0.0044 lr 7.59e-05 gnorm 0.05 37,930 tok/s 0.9min peak 3.17GiB
[15:53:40] [retr4096] step 70/150 loss 0.0046 lr 7.10e-05 gnorm 0.08 37,983 tok/s 1.0min peak 3.17GiB
[15:53:44] [retr4096] step 75/150 loss 0.0037 lr 6.58e-05 gnorm 0.04 38,027 tok/s 1.1min peak 3.17GiB
[15:53:49] [retr4096] step 80/150 loss 0.0028 lr 6.04e-05 gnorm 0.03 38,060 tok/s 1.1min peak 3.17GiB
[15:53:53] [retr4096] step 85/150 loss 0.0030 lr 5.50e-05 gnorm 0.03 38,092 tok/s 1.2min peak 3.17GiB
[15:53:57] [retr4096] step 90/150 loss 0.0026 lr 4.96e-05 gnorm 0.02 38,122 tok/s 1.3min peak 3.17GiB
[15:54:01] [retr4096] step 95/150 loss 0.0033 lr 4.42e-05 gnorm 0.03 38,149 tok/s 1.4min peak 3.17GiB
[15:54:06] [retr4096] step 100/150 loss 0.0032 lr 3.90e-05 gnorm 0.02 38,174 tok/s 1.4min peak 3.17GiB
[15:54:10] [retr4096] step 105/150 loss 0.0031 lr 3.41e-05 gnorm 0.03 38,197 tok/s 1.5min peak 3.17GiB
[15:54:14] [retr4096] step 110/150 loss 0.0038 lr 2.94e-05 gnorm 0.06 38,216 tok/s 1.6min peak 3.17GiB
[15:54:18] [retr4096] step 115/150 loss 0.0030 lr 2.52e-05 gnorm 0.02 38,235 tok/s 1.6min peak 3.17GiB
[15:54:23] [retr4096] step 120/150 loss 0.0031 lr 2.13e-05 gnorm 0.03 38,250 tok/s 1.7min peak 3.17GiB
[15:54:27] [retr4096] step 125/150 loss 0.0024 lr 1.80e-05 gnorm 0.04 38,266 tok/s 1.8min peak 3.17GiB
[15:54:31] [retr4096] step 130/150 loss 0.0031 lr 1.52e-05 gnorm 0.04 38,281 tok/s 1.9min peak 3.17GiB
[15:54:35] [retr4096] step 135/150 loss 0.0030 lr 1.29e-05 gnorm 0.02 38,294 tok/s 1.9min peak 3.17GiB
[15:54:40] [retr4096] step 140/150 loss 0.0016 lr 1.13e-05 gnorm 0.01 38,307 tok/s 2.0min peak 3.17GiB
[15:54:44] [retr4096] step 145/150 loss 0.0023 lr 1.03e-05 gnorm 0.03 38,319 tok/s 2.1min peak 3.17GiB
[15:54:48] [retr4096] step 150/150 loss 0.0016 lr 1.00e-05 gnorm 0.03 38,329 tok/s 2.1min peak 3.17GiB

Writing model shards:   0%|          | 0/1 [00:00<?, ?it/s]
Writing model shards: 100%|██████████| 1/1 [00:00<00:00, 11.24it/s]
[15:54:48] saved -> v3_2c\id_sft\ctx4096\final (loss 0.0016)
[15:54:48] === retrieval 8192: 300 samples | init v3_2c\id_sft\ctx4096\final | 2x4 | 37 steps | lr 8e-05 ===

Loading weights:   0%|          | 0/123 [00:00<?, ?it/s]
Loading weights: 100%|██████████| 123/123 [00:00<00:00, 2218.04it/s]
[15:55:01] [retr8192] step 5/37 loss 0.0008 lr 2.00e-05 gnorm 0.01 26,627 tok/s 0.2min peak 5.57GiB
[15:55:13] [retr8192] step 10/37 loss 0.0007 lr 4.00e-05 gnorm 0.01 26,657 tok/s 0.4min peak 5.57GiB
[15:55:25] [retr8192] step 15/37 loss 0.0013 lr 6.00e-05 gnorm 0.02 26,677 tok/s 0.6min peak 5.57GiB
[15:55:37] [retr8192] step 20/37 loss 0.0009 lr 8.00e-05 gnorm 0.01 26,650 tok/s 0.8min peak 5.57GiB
[15:55:50] [retr8192] step 25/37 loss 0.0011 lr 6.57e-05 gnorm 0.01 26,644 tok/s 1.0min peak 5.57GiB
[15:56:02] [retr8192] step 30/37 loss 0.0004 lr 3.41e-05 gnorm 0.00 26,638 tok/s 1.2min peak 5.57GiB
[15:56:14] [retr8192] step 35/37 loss 0.0010 lr 1.04e-05 gnorm 0.01 26,638 tok/s 1.4min peak 5.57GiB
[15:56:19] [retr8192] step 37/37 loss 0.0011 lr 8.00e-06 gnorm 0.01 26,636 tok/s 1.5min peak 5.57GiB

Writing model shards:   0%|          | 0/1 [00:00<?, ?it/s]
Writing model shards: 100%|██████████| 1/1 [00:00<00:00, 10.47it/s]
[15:56:19] saved -> v3_2c\id_sft\ctx8192\final (loss 0.0011)
[15:56:19] === retrieval 16384: 60 samples | init v3_2c\id_sft\ctx8192\final | 1x4 | 15 steps | lr 6e-05 ===

Loading weights:   0%|          | 0/123 [00:00<?, ?it/s]
Loading weights:  64%|██████▍   | 79/123 [00:00<00:00, 737.16it/s]
Loading weights: 100%|██████████| 123/123 [00:00<00:00, 882.30it/s]
[15:56:38] [retr16384] step 5/15 loss 1.9406 lr 1.50e-05 gnorm 23.97 17,928 tok/s 0.3min peak 5.57GiB
[15:56:56] [retr16384] step 10/15 loss 0.3523 lr 3.00e-05 gnorm 8.74 17,936 tok/s 0.6min peak 5.57GiB
[15:57:14] [retr16384] step 15/15 loss 0.1062 lr 4.50e-05 gnorm 3.55 17,948 tok/s 0.9min peak 5.57GiB

Writing model shards:   0%|          | 0/1 [00:00<?, ?it/s]
Writing model shards: 100%|██████████| 1/1 [00:00<00:00,  9.11it/s]
Writing model shards: 100%|██████████| 1/1 [00:00<00:00,  8.98it/s]
[15:57:15] saved -> v3_2c\id_sft\ctx16384\final (loss 0.1062)
[15:57:15] === retrieval 32768: 20 samples | init v3_2c\id_sft\ctx16384\final | 1x4 | 5 steps | lr 4e-05 ===

Loading weights:   0%|          | 0/123 [00:00<?, ?it/s]
Loading weights: 100%|██████████| 123/123 [00:00<00:00, 1748.66it/s]
[15:58:13] [retr32768] step 5/5 loss 0.3252 lr 1.00e-05 gnorm 8.02 11,212 tok/s 1.0min peak 10.28GiB

Writing model shards:   0%|          | 0/1 [00:00<?, ?it/s]
Writing model shards: 100%|██████████| 1/1 [00:00<00:00,  8.71it/s]
Writing model shards: 100%|██████████| 1/1 [00:00<00:00,  8.67it/s]
[15:58:13] saved -> v3_2c\id_sft\ctx32768\final (loss 0.3252)
[15:58:14] retrieval SFT done -> v3_2c\id_sft\ctx32768\final
