[03:59:34] === retrieval 4096: 1000 samples | init v3_21\pcC | 2x4 | 125 steps | 1 epoch(s) | lr 1.5e-05 ===

Loading weights:   0%|          | 0/123 [00:00<?, ?it/s]
Loading weights: 100%|██████████| 123/123 [00:00<00:00, 1935.92it/s]
[03:59:40] [retr4096] step 5/125 loss 0.3905 lr 7.50e-06 gnorm 10.84 29,915 tok/s 0.1min peak 3.17GiB
[03:59:44] [retr4096] step 10/125 loss 0.3835 lr 1.50e-05 gnorm 10.05 34,017 tok/s 0.2min peak 3.17GiB
[03:59:48] [retr4096] step 15/125 loss 0.0740 lr 1.49e-05 gnorm 2.08 35,673 tok/s 0.2min peak 3.17GiB
[03:59:52] [retr4096] step 20/125 loss 0.1784 lr 1.47e-05 gnorm 7.68 36,571 tok/s 0.3min peak 3.17GiB
[03:59:56] [retr4096] step 25/125 loss 0.2894 lr 1.44e-05 gnorm 7.10 37,110 tok/s 0.4min peak 3.17GiB
[04:00:00] [retr4096] step 30/125 loss 0.1384 lr 1.40e-05 gnorm 4.89 37,493 tok/s 0.4min peak 3.17GiB
[04:00:05] [retr4096] step 35/125 loss 0.3904 lr 1.35e-05 gnorm 4.32 37,780 tok/s 0.5min peak 3.17GiB
[04:00:09] [retr4096] step 40/125 loss 0.2321 lr 1.29e-05 gnorm 3.67 37,990 tok/s 0.6min peak 3.17GiB
[04:00:13] [retr4096] step 45/125 loss 0.9438 lr 1.21e-05 gnorm 22.17 38,157 tok/s 0.6min peak 3.17GiB
[04:00:17] [retr4096] step 50/125 loss 0.0402 lr 1.14e-05 gnorm 1.22 38,293 tok/s 0.7min peak 3.17GiB
[04:00:21] [retr4096] step 55/125 loss 0.1981 lr 1.05e-05 gnorm 3.82 38,399 tok/s 0.8min peak 3.17GiB
[04:00:25] [retr4096] step 60/125 loss 0.5077 lr 9.62e-06 gnorm 10.20 38,492 tok/s 0.9min peak 3.17GiB
[04:00:29] [retr4096] step 65/125 loss 0.0498 lr 8.71e-06 gnorm 1.74 38,564 tok/s 0.9min peak 3.17GiB
[04:00:34] [retr4096] step 70/125 loss 0.1441 lr 7.79e-06 gnorm 3.47 38,631 tok/s 1.0min peak 3.17GiB
[04:00:38] [retr4096] step 75/125 loss 0.1253 lr 6.88e-06 gnorm 3.64 38,689 tok/s 1.1min peak 3.17GiB
[04:00:42] [retr4096] step 80/125 loss 0.4539 lr 5.99e-06 gnorm 7.79 38,739 tok/s 1.1min peak 3.17GiB
[04:00:46] [retr4096] step 85/125 loss 0.2755 lr 5.14e-06 gnorm 5.13 38,783 tok/s 1.2min peak 3.17GiB
[04:00:50] [retr4096] step 90/125 loss 0.2209 lr 4.36e-06 gnorm 10.04 38,820 tok/s 1.3min peak 3.17GiB
[04:00:54] [retr4096] step 95/125 loss 0.2035 lr 3.64e-06 gnorm 5.67 38,859 tok/s 1.3min peak 3.17GiB
[04:00:58] [retr4096] step 100/125 loss 0.1250 lr 3.01e-06 gnorm 3.52 38,894 tok/s 1.4min peak 3.17GiB
[04:01:03] [retr4096] step 105/125 loss 0.2872 lr 2.48e-06 gnorm 4.42 38,924 tok/s 1.5min peak 3.17GiB
[04:01:07] [retr4096] step 110/125 loss 0.2161 lr 2.06e-06 gnorm 3.71 38,953 tok/s 1.5min peak 3.17GiB
[04:01:11] [retr4096] step 115/125 loss 0.1346 lr 1.75e-06 gnorm 5.77 38,977 tok/s 1.6min peak 3.17GiB
[04:01:15] [retr4096] step 120/125 loss 0.0166 lr 1.56e-06 gnorm 0.96 38,999 tok/s 1.7min peak 3.17GiB
[04:01:19] [retr4096] step 125/125 loss 0.3281 lr 1.50e-06 gnorm 6.16 39,017 tok/s 1.7min peak 3.17GiB

Writing model shards:   0%|          | 0/1 [00:00<?, ?it/s]
Writing model shards: 100%|██████████| 1/1 [00:00<00:00, 10.01it/s]
[04:01:19] saved -> v3_21\pcC_retr\ctx4096\final (loss 0.3281)
[04:01:19] === retrieval 8192: 600 samples | init v3_21\pcC_retr\ctx4096\final | 2x4 | 75 steps | 1 epoch(s) | lr 1.2e-05 ===

Loading weights:   0%|          | 0/123 [00:00<?, ?it/s]
Loading weights: 100%|██████████| 123/123 [00:00<00:00, 1687.67it/s]
[04:01:31] [retr8192] step 5/75 loss 0.0930 lr 6.00e-06 gnorm 5.59 27,186 tok/s 0.2min peak 5.57GiB
[04:01:44] [retr8192] step 10/75 loss 0.4128 lr 1.20e-05 gnorm 12.43 27,194 tok/s 0.4min peak 5.57GiB
[04:01:56] [retr8192] step 15/75 loss 0.3950 lr 1.18e-05 gnorm 8.29 27,206 tok/s 0.6min peak 5.57GiB
[04:02:08] [retr8192] step 20/75 loss 0.6402 lr 1.14e-05 gnorm 14.05 27,211 tok/s 0.8min peak 5.57GiB
[04:02:20] [retr8192] step 25/75 loss 0.1493 lr 1.06e-05 gnorm 4.11 27,218 tok/s 1.0min peak 5.57GiB
[04:02:32] [retr8192] step 30/75 loss 0.2375 lr 9.67e-06 gnorm 5.30 27,217 tok/s 1.2min peak 5.57GiB
[04:02:44] [retr8192] step 35/75 loss 0.2594 lr 8.51e-06 gnorm 13.62 27,221 tok/s 1.4min peak 5.57GiB
[04:02:56] [retr8192] step 40/75 loss 0.0129 lr 7.25e-06 gnorm 0.50 27,222 tok/s 1.6min peak 5.57GiB
[04:03:08] [retr8192] step 45/75 loss 0.0321 lr 5.95e-06 gnorm 1.56 27,225 tok/s 1.8min peak 5.57GiB
[04:03:20] [retr8192] step 50/75 loss 0.1351 lr 4.69e-06 gnorm 4.31 27,227 tok/s 2.0min peak 5.57GiB
[04:03:32] [retr8192] step 55/75 loss 0.2814 lr 3.53e-06 gnorm 5.39 27,230 tok/s 2.2min peak 5.57GiB
[04:03:44] [retr8192] step 60/75 loss 0.1857 lr 2.56e-06 gnorm 6.72 27,229 tok/s 2.4min peak 5.57GiB
[04:03:56] [retr8192] step 65/75 loss 0.2313 lr 1.82e-06 gnorm 6.21 27,231 tok/s 2.6min peak 5.57GiB
[04:04:08] [retr8192] step 70/75 loss 0.5694 lr 1.36e-06 gnorm 9.97 27,231 tok/s 2.8min peak 5.57GiB
[04:04:20] [retr8192] step 75/75 loss 0.1984 lr 1.20e-06 gnorm 5.92 27,233 tok/s 3.0min peak 5.57GiB

Writing model shards:   0%|          | 0/1 [00:00<?, ?it/s]
Writing model shards: 100%|██████████| 1/1 [00:00<00:00, 10.57it/s]
[04:04:20] saved -> v3_21\pcC_retr\ctx8192\final (loss 0.1984)
[04:04:20] === retrieval 16384: 300 samples | init v3_21\pcC_retr\ctx8192\final | 1x4 | 75 steps | 1 epoch(s) | lr 9e-06 ===

Loading weights:   0%|          | 0/123 [00:00<?, ?it/s]
Loading weights: 100%|██████████| 123/123 [00:00<00:00, 1831.57it/s]
[04:04:38] [retr16384] step 5/75 loss 0.5832 lr 4.50e-06 gnorm 12.10 18,324 tok/s 0.3min peak 5.57GiB
[04:04:56] [retr16384] step 10/75 loss 0.7597 lr 9.00e-06 gnorm 12.64 18,322 tok/s 0.6min peak 5.57GiB
[04:05:14] [retr16384] step 15/75 loss 0.7039 lr 8.88e-06 gnorm 13.86 18,332 tok/s 0.9min peak 5.57GiB
[04:05:32] [retr16384] step 20/75 loss 0.4611 lr 8.54e-06 gnorm 14.03 18,339 tok/s 1.2min peak 5.57GiB
[04:05:50] [retr16384] step 25/75 loss 0.3125 lr 7.98e-06 gnorm 12.99 18,345 tok/s 1.5min peak 5.57GiB
[04:06:07] [retr16384] step 30/75 loss 0.4981 lr 7.25e-06 gnorm 13.15 18,346 tok/s 1.8min peak 5.57GiB
[04:06:25] [retr16384] step 35/75 loss 1.1558 lr 6.39e-06 gnorm 47.78 18,346 tok/s 2.1min peak 5.57GiB
[04:06:43] [retr16384] step 40/75 loss 0.0929 lr 5.44e-06 gnorm 33.68 18,346 tok/s 2.4min peak 5.57GiB
[04:07:01] [retr16384] step 45/75 loss 0.4069 lr 4.46e-06 gnorm 10.91 18,346 tok/s 2.7min peak 5.57GiB
[04:07:19] [retr16384] step 50/75 loss 0.0744 lr 3.51e-06 gnorm 5.78 18,347 tok/s 3.0min peak 5.57GiB
[04:07:37] [retr16384] step 55/75 loss 0.3099 lr 2.65e-06 gnorm 14.97 18,348 tok/s 3.3min peak 5.57GiB
[04:07:55] [retr16384] step 60/75 loss 0.2854 lr 1.92e-06 gnorm 17.42 18,349 tok/s 3.6min peak 5.57GiB
[04:08:12] [retr16384] step 65/75 loss 0.1149 lr 1.36e-06 gnorm 5.06 18,350 tok/s 3.9min peak 5.57GiB
[04:08:30] [retr16384] step 70/75 loss 0.0529 lr 1.02e-06 gnorm 5.63 18,351 tok/s 4.2min peak 5.57GiB
[04:08:48] [retr16384] step 75/75 loss 0.0312 lr 9.00e-07 gnorm 1.92 18,350 tok/s 4.5min peak 5.57GiB

Writing model shards:   0%|          | 0/1 [00:00<?, ?it/s]
Writing model shards: 100%|██████████| 1/1 [00:00<00:00, 10.34it/s]
[04:08:48] saved -> v3_21\pcC_retr\ctx16384\final (loss 0.0312)
[04:08:48] === retrieval 32768: 140 samples | init v3_21\pcC_retr\ctx16384\final | 1x4 | 35 steps | 1 epoch(s) | lr 6e-06 ===

Loading weights:   0%|          | 0/123 [00:00<?, ?it/s]
Loading weights: 100%|██████████| 123/123 [00:00<00:00, 1814.43it/s]
[04:09:46] [retr32768] step 5/35 loss 1.6555 lr 3.00e-06 gnorm 83.18 11,409 tok/s 1.0min peak 10.28GiB
[04:10:43] [retr32768] step 10/35 loss 1.4814 lr 6.00e-06 gnorm 40.03 11,412 tok/s 1.9min peak 10.28GiB
[04:11:41] [retr32768] step 15/35 loss 0.3068 lr 5.48e-06 gnorm 11.46 11,414 tok/s 2.9min peak 10.28GiB
[04:12:38] [retr32768] step 20/35 loss 1.1320 lr 4.13e-06 gnorm 54.37 11,415 tok/s 3.8min peak 10.28GiB
[04:13:35] [retr32768] step 25/35 loss 0.3877 lr 2.47e-06 gnorm 22.16 11,416 tok/s 4.8min peak 10.28GiB
[04:14:33] [retr32768] step 30/35 loss 0.9040 lr 1.12e-06 gnorm 15.42 11,415 tok/s 5.7min peak 10.28GiB
[04:15:30] [retr32768] step 35/35 loss 0.3908 lr 6.00e-07 gnorm 18.75 11,415 tok/s 6.7min peak 10.28GiB

Writing model shards:   0%|          | 0/1 [00:00<?, ?it/s]
Writing model shards: 100%|██████████| 1/1 [00:00<00:00, 10.55it/s]
[04:15:30] saved -> v3_21\pcC_retr\ctx32768\final (loss 0.3908)
[04:15:30] retrieval SFT done -> v3_21\pcC_retr\ctx32768\final
