[17:14:54] === retrieval 4096: 600 samples | init v3_2e\restore\ctx32768\final | 2x4 | 75 steps | lr 1.5e-05 ===

Loading weights:   0%|          | 0/123 [00:00<?, ?it/s]
Loading weights: 100%|██████████| 123/123 [00:00<00:00, 2225.23it/s]
E:\python\Lib\site-packages\torch\nn\modules\module.py:1369: UserWarning: expandable_segments not supported on this platform (Triggered internally at C:\actions-runner\_work\pytorch\pytorch\c10/cuda/CUDAAllocatorConfig.h:40.)
  return t.to(
[17:15:00] [retr4096] step 5/75 loss 2.3894 lr 9.38e-06 gnorm 5.49 30,491 tok/s 0.1min peak 3.17GiB
[17:15:04] [retr4096] step 10/75 loss 2.0862 lr 1.50e-05 gnorm 2.27 34,158 tok/s 0.2min peak 3.17GiB
[17:15:08] [retr4096] step 15/75 loss 2.3228 lr 1.46e-05 gnorm 1.87 35,586 tok/s 0.2min peak 3.17GiB
[17:15:12] [retr4096] step 20/75 loss 2.5464 lr 1.40e-05 gnorm 3.49 36,334 tok/s 0.3min peak 3.17GiB
[17:15:17] [retr4096] step 25/75 loss 2.4388 lr 1.30e-05 gnorm 1.09 36,805 tok/s 0.4min peak 3.17GiB
[17:15:21] [retr4096] step 30/75 loss 1.8655 lr 1.17e-05 gnorm 0.88 37,123 tok/s 0.4min peak 3.17GiB
[17:15:25] [retr4096] step 35/75 loss 2.4857 lr 1.03e-05 gnorm 1.19 37,354 tok/s 0.5min peak 3.17GiB
[17:15:29] [retr4096] step 40/75 loss 1.6355 lr 8.72e-06 gnorm 0.80 37,526 tok/s 0.6min peak 3.17GiB
[17:15:33] [retr4096] step 45/75 loss 2.2937 lr 7.15e-06 gnorm 1.28 37,665 tok/s 0.7min peak 3.17GiB
[17:15:38] [retr4096] step 50/75 loss 2.2249 lr 5.63e-06 gnorm 3.40 37,777 tok/s 0.7min peak 3.17GiB
[17:15:42] [retr4096] step 55/75 loss 0.2384 lr 4.26e-06 gnorm 12.46 37,869 tok/s 0.8min peak 3.17GiB
[17:15:46] [retr4096] step 60/75 loss 2.2928 lr 3.10e-06 gnorm 1.11 37,946 tok/s 0.9min peak 3.17GiB
[17:15:50] [retr4096] step 65/75 loss 2.1064 lr 2.23e-06 gnorm 1.05 38,005 tok/s 0.9min peak 3.17GiB
[17:15:55] [retr4096] step 70/75 loss 2.3180 lr 1.68e-06 gnorm 2.53 38,058 tok/s 1.0min peak 3.17GiB
[17:15:59] [retr4096] step 75/75 loss 1.9241 lr 1.50e-06 gnorm 0.93 38,105 tok/s 1.1min peak 3.17GiB

Writing model shards:   0%|          | 0/1 [00:00<?, ?it/s]
Writing model shards: 100%|██████████| 1/1 [00:00<00:00, 12.60it/s]
[17:15:59] saved -> v3_2i\final\ctx4096\final (loss 1.9241)
[17:15:59] === retrieval 8192: 400 samples | init v3_2i\final\ctx4096\final | 2x4 | 50 steps | lr 1.2e-05 ===

Loading weights:   0%|          | 0/123 [00:00<?, ?it/s]
Loading weights: 100%|██████████| 123/123 [00:00<00:00, 2209.98it/s]
[17:16:11] [retr8192] step 5/50 loss 1.4888 lr 7.50e-06 gnorm 2.49 26,683 tok/s 0.2min peak 5.57GiB
[17:16:24] [retr8192] step 10/50 loss 1.5543 lr 1.19e-05 gnorm 1.00 26,695 tok/s 0.4min peak 5.57GiB
[17:16:36] [retr8192] step 15/50 loss 2.3578 lr 1.13e-05 gnorm 0.73 26,693 tok/s 0.6min peak 5.57GiB
[17:16:48] [retr8192] step 20/50 loss 1.5169 lr 9.97e-06 gnorm 0.40 26,696 tok/s 0.8min peak 5.57GiB
[17:17:00] [retr8192] step 25/50 loss 2.8608 lr 8.19e-06 gnorm 0.78 26,700 tok/s 1.0min peak 5.57GiB
[17:17:13] [retr8192] step 30/50 loss 2.3406 lr 6.20e-06 gnorm 0.69 26,710 tok/s 1.2min peak 5.57GiB
[17:17:25] [retr8192] step 35/50 loss 3.0291 lr 4.26e-06 gnorm 0.70 26,711 tok/s 1.4min peak 5.57GiB
[17:17:37] [retr8192] step 40/50 loss 2.7586 lr 2.64e-06 gnorm 0.68 26,711 tok/s 1.6min peak 5.57GiB
[17:17:49] [retr8192] step 45/50 loss 1.6308 lr 1.57e-06 gnorm 0.74 26,712 tok/s 1.8min peak 5.57GiB
[17:18:02] [retr8192] step 50/50 loss 2.6909 lr 1.20e-06 gnorm 8.00 26,713 tok/s 2.0min peak 5.57GiB

Writing model shards:   0%|          | 0/1 [00:00<?, ?it/s]
Writing model shards: 100%|██████████| 1/1 [00:00<00:00, 13.01it/s]
[17:18:02] saved -> v3_2i\final\ctx8192\final (loss 2.6909)
[17:18:02] === retrieval 16384: 150 samples | init v3_2i\final\ctx8192\final | 1x4 | 37 steps | lr 9e-06 ===

Loading weights:   0%|          | 0/123 [00:00<?, ?it/s]
Loading weights: 100%|██████████| 123/123 [00:00<00:00, 2248.13it/s]
[17:18:20] [retr16384] step 5/37 loss 0.2090 lr 5.63e-06 gnorm 11.88 18,010 tok/s 0.3min peak 5.57GiB
[17:18:38] [retr16384] step 10/37 loss 0.1754 lr 8.91e-06 gnorm 17.03 18,003 tok/s 0.6min peak 5.57GiB
[17:18:57] [retr16384] step 15/37 loss 0.3611 lr 7.89e-06 gnorm 10.35 18,000 tok/s 0.9min peak 5.57GiB
[17:19:15] [retr16384] step 20/37 loss 0.2238 lr 6.03e-06 gnorm 15.07 18,005 tok/s 1.2min peak 5.57GiB
[17:19:33] [retr16384] step 25/37 loss 0.0065 lr 3.87e-06 gnorm 0.32 18,006 tok/s 1.5min peak 5.57GiB
[17:19:51] [retr16384] step 30/37 loss 0.0151 lr 2.01e-06 gnorm 1.07 18,004 tok/s 1.8min peak 5.57GiB
[17:20:09] [retr16384] step 35/37 loss 0.0906 lr 9.95e-07 gnorm 12.99 18,003 tok/s 2.1min peak 5.57GiB
[17:20:17] [retr16384] step 37/37 loss 1.5110 lr 9.00e-07 gnorm 35.45 18,003 tok/s 2.2min peak 5.57GiB

Writing model shards:   0%|          | 0/1 [00:00<?, ?it/s]
Writing model shards: 100%|██████████| 1/1 [00:00<00:00,  9.55it/s]
Writing model shards: 100%|██████████| 1/1 [00:00<00:00,  9.55it/s]
[17:20:17] saved -> v3_2i\final\ctx16384\final (loss 1.5110)
[17:20:17] === retrieval 32768: 80 samples | init v3_2i\final\ctx16384\final | 1x4 | 20 steps | lr 6e-06 ===

Loading weights:   0%|          | 0/123 [00:00<?, ?it/s]
Loading weights: 100%|██████████| 123/123 [00:00<00:00, 2257.72it/s]
[17:21:15] [retr32768] step 5/20 loss 0.4373 lr 3.75e-06 gnorm 37.18 11,205 tok/s 1.0min peak 10.28GiB
[17:22:14] [retr32768] step 10/20 loss 0.2254 lr 5.64e-06 gnorm 18.64 11,205 tok/s 1.9min peak 10.28GiB
[17:23:12] [retr32768] step 15/20 loss 0.2885 lr 2.60e-06 gnorm 9.86 11,206 tok/s 2.9min peak 10.28GiB
[17:24:11] [retr32768] step 20/20 loss 0.3423 lr 6.00e-07 gnorm 22.06 11,206 tok/s 3.9min peak 10.28GiB

Writing model shards:   0%|          | 0/1 [00:00<?, ?it/s]
Writing model shards: 100%|██████████| 1/1 [00:00<00:00, 13.16it/s]
[17:24:11] saved -> v3_2i\final\ctx32768\final (loss 0.3423)
[17:24:11] retrieval SFT done -> v3_2i\final\ctx32768\final
