[15:43:28] === retrieval 4096: 212 samples | init v3_1d\retr_sft\ctx32768\final | 2x4 | 26 steps | lr 2e-05 ===

Loading weights:   0%|          | 0/123 [00:00<?, ?it/s]
Loading weights: 100%|██████████| 123/123 [00:00<00:00, 2148.10it/s]
E:\python\Lib\site-packages\torch\nn\modules\module.py:1369: UserWarning: expandable_segments not supported on this platform (Triggered internally at C:\actions-runner\_work\pytorch\pytorch\c10/cuda/CUDAAllocatorConfig.h:40.)
  return t.to(
[15:43:34] [retr4096] step 5/26 loss 3.1142 lr 2.00e-05 gnorm 4.12 30,512 tok/s 0.1min peak 3.17GiB
[15:43:38] [retr4096] step 10/26 loss 2.7908 lr 1.76e-05 gnorm 1.61 33,906 tok/s 0.2min peak 3.17GiB
[15:43:42] [retr4096] step 15/26 loss 2.2463 lr 1.17e-05 gnorm 1.20 35,262 tok/s 0.2min peak 3.17GiB
[15:43:47] [retr4096] step 20/26 loss 2.8162 lr 5.39e-06 gnorm 0.96 35,988 tok/s 0.3min peak 3.17GiB
[15:43:51] [retr4096] step 25/26 loss 2.9429 lr 2.10e-06 gnorm 1.11 36,424 tok/s 0.4min peak 3.17GiB
[15:43:52] [retr4096] step 26/26 loss 2.0252 lr 2.00e-06 gnorm 1.15 36,502 tok/s 0.4min peak 3.17GiB

Writing model shards:   0%|          | 0/1 [00:00<?, ?it/s]
Writing model shards: 100%|██████████| 1/1 [00:00<00:00,  7.10it/s]
Writing model shards: 100%|██████████| 1/1 [00:00<00:00,  7.03it/s]
[15:43:52] saved -> v3_2\sft\ctx4096\final (loss 2.0252)
[15:43:52] === retrieval 8192: 141 samples | init v3_2\sft\ctx4096\final | 2x4 | 17 steps | lr 1.6e-05 ===

Loading weights:   0%|          | 0/123 [00:00<?, ?it/s]
Loading weights: 100%|██████████| 123/123 [00:00<00:00, 1458.45it/s]
[15:44:05] [retr8192] step 5/17 loss 2.9477 lr 1.60e-05 gnorm 0.86 26,372 tok/s 0.2min peak 5.57GiB
[15:44:17] [retr8192] step 10/17 loss 1.8060 lr 1.07e-05 gnorm 1.71 26,384 tok/s 0.4min peak 5.57GiB
[15:44:29] [retr8192] step 15/17 loss 1.3923 lr 2.56e-06 gnorm 0.75 26,373 tok/s 0.6min peak 5.57GiB
[15:44:34] [retr8192] step 17/17 loss 2.8105 lr 1.60e-06 gnorm 0.78 26,371 tok/s 0.7min peak 5.57GiB

Writing model shards:   0%|          | 0/1 [00:00<?, ?it/s]
Writing model shards: 100%|██████████| 1/1 [00:00<00:00, 13.37it/s]
[15:44:35] saved -> v3_2\sft\ctx8192\final (loss 2.8105)
[15:44:35] === retrieval 16384: 80 samples | init v3_2\sft\ctx8192\final | 1x4 | 20 steps | lr 1.2e-05 ===

Loading weights:   0%|          | 0/123 [00:00<?, ?it/s]
Loading weights: 100%|██████████| 123/123 [00:00<00:00, 1833.78it/s]
[15:44:53] [retr16384] step 5/20 loss 1.5501 lr 1.20e-05 gnorm 12.50 17,938 tok/s 0.3min peak 5.57GiB
[15:45:11] [retr16384] step 10/20 loss 0.0152 lr 9.30e-06 gnorm 0.98 17,880 tok/s 0.6min peak 5.57GiB
[15:45:30] [retr16384] step 15/20 loss 1.1506 lr 3.90e-06 gnorm 8.76 17,857 tok/s 0.9min peak 5.57GiB
[15:45:50] [retr16384] step 20/20 loss 1.4441 lr 1.20e-06 gnorm 31.20 17,522 tok/s 1.2min peak 5.57GiB

Writing model shards:   0%|          | 0/1 [00:00<?, ?it/s]
Writing model shards: 100%|██████████| 1/1 [00:00<00:00,  7.12it/s]
Writing model shards: 100%|██████████| 1/1 [00:00<00:00,  7.12it/s]
[15:45:50] saved -> v3_2\sft\ctx16384\final (loss 1.4441)
[15:45:50] === retrieval 32768: 30 samples | init v3_2\sft\ctx16384\final | 1x4 | 7 steps | lr 8e-06 ===

Loading weights:   0%|          | 0/123 [00:00<?, ?it/s]
Loading weights: 100%|██████████| 123/123 [00:00<00:00, 1717.10it/s]
[15:46:49] [retr32768] step 5/7 loss 0.9179 lr 8.00e-06 gnorm 29.41 11,066 tok/s 1.0min peak 10.28GiB
[15:47:13] [retr32768] step 7/7 loss 2.0372 lr 8.00e-07 gnorm 27.13 11,108 tok/s 1.4min peak 10.28GiB

Writing model shards:   0%|          | 0/1 [00:00<?, ?it/s]
Writing model shards: 100%|██████████| 1/1 [00:00<00:00, 14.32it/s]
[15:47:13] saved -> v3_2\sft\ctx32768\final (loss 2.0372)
[15:47:13] retrieval SFT done -> v3_2\sft\ctx32768\final
