[16:00:30] === retrieval 4096: 600 samples | init v3_2c\id_sft\ctx32768\final | 2x4 | 75 steps | lr 2.5e-05 ===

Loading weights:   0%|          | 0/123 [00:00<?, ?it/s]
Loading weights: 100%|██████████| 123/123 [00:00<00:00, 2659.62it/s]
E:\python\Lib\site-packages\torch\nn\modules\module.py:1369: UserWarning: expandable_segments not supported on this platform (Triggered internally at C:\actions-runner\_work\pytorch\pytorch\c10/cuda/CUDAAllocatorConfig.h:40.)
  return t.to(
[16:00:36] [retr4096] step 5/75 loss 0.0787 lr 1.25e-05 gnorm 10.73 27,708 tok/s 0.1min peak 3.17GiB
[16:00:40] [retr4096] step 10/75 loss 0.0946 lr 2.50e-05 gnorm 3.04 32,042 tok/s 0.2min peak 3.17GiB
[16:00:44] [retr4096] step 15/75 loss 0.0715 lr 2.47e-05 gnorm 5.25 33,998 tok/s 0.2min peak 3.17GiB
[16:00:49] [retr4096] step 20/75 loss 0.1306 lr 2.37e-05 gnorm 3.91 35,078 tok/s 0.3min peak 3.17GiB
[16:00:53] [retr4096] step 25/75 loss 0.1485 lr 2.22e-05 gnorm 3.61 35,758 tok/s 0.4min peak 3.17GiB
[16:00:57] [retr4096] step 30/75 loss 0.0130 lr 2.01e-05 gnorm 0.64 36,228 tok/s 0.5min peak 3.17GiB
[16:01:01] [retr4096] step 35/75 loss 0.1506 lr 1.77e-05 gnorm 4.43 36,569 tok/s 0.5min peak 3.17GiB
[16:01:06] [retr4096] step 40/75 loss 0.1812 lr 1.51e-05 gnorm 8.52 36,828 tok/s 0.6min peak 3.17GiB
[16:01:10] [retr4096] step 45/75 loss 0.0087 lr 1.24e-05 gnorm 0.52 37,028 tok/s 0.7min peak 3.17GiB
[16:01:14] [retr4096] step 50/75 loss 0.0019 lr 9.76e-06 gnorm 0.03 37,193 tok/s 0.7min peak 3.17GiB
[16:01:18] [retr4096] step 55/75 loss 0.0024 lr 7.36e-06 gnorm 0.03 37,328 tok/s 0.8min peak 3.17GiB
[16:01:22] [retr4096] step 60/75 loss 0.3924 lr 5.33e-06 gnorm 13.39 37,443 tok/s 0.9min peak 3.17GiB
[16:01:27] [retr4096] step 65/75 loss 0.0421 lr 3.79e-06 gnorm 2.67 37,537 tok/s 0.9min peak 3.17GiB
[16:01:31] [retr4096] step 70/75 loss 0.0193 lr 2.83e-06 gnorm 1.00 37,619 tok/s 1.0min peak 3.17GiB
[16:01:35] [retr4096] step 75/75 loss 0.1168 lr 2.50e-06 gnorm 2.93 37,689 tok/s 1.1min peak 3.17GiB

Writing model shards:   0%|          | 0/1 [00:00<?, ?it/s]
Writing model shards: 100%|██████████| 1/1 [00:00<00:00, 12.22it/s]
[16:01:35] saved -> v3_2d\restore\ctx4096\final (loss 0.1168)
[16:01:35] === retrieval 8192: 400 samples | init v3_2d\restore\ctx4096\final | 2x4 | 50 steps | lr 2e-05 ===

Loading weights:   0%|          | 0/123 [00:00<?, ?it/s]
Loading weights: 100%|██████████| 123/123 [00:00<00:00, 2194.05it/s]
[16:01:48] [retr8192] step 5/50 loss 0.0642 lr 1.00e-05 gnorm 2.56 26,661 tok/s 0.2min peak 5.57GiB
[16:02:00] [retr8192] step 10/50 loss 0.0969 lr 2.00e-05 gnorm 4.21 26,673 tok/s 0.4min peak 5.57GiB
[16:02:12] [retr8192] step 15/50 loss 0.1535 lr 1.93e-05 gnorm 2.72 26,671 tok/s 0.6min peak 5.57GiB
[16:02:25] [retr8192] step 20/50 loss 0.1380 lr 1.74e-05 gnorm 7.84 26,672 tok/s 0.8min peak 5.57GiB
[16:02:37] [retr8192] step 25/50 loss 0.0118 lr 1.44e-05 gnorm 0.48 26,672 tok/s 1.0min peak 5.57GiB
[16:02:49] [retr8192] step 30/50 loss 0.1242 lr 1.10e-05 gnorm 16.63 26,674 tok/s 1.2min peak 5.57GiB
[16:03:01] [retr8192] step 35/50 loss 0.2082 lr 7.56e-06 gnorm 6.83 26,678 tok/s 1.4min peak 5.57GiB
[16:03:14] [retr8192] step 40/50 loss 0.0422 lr 4.64e-06 gnorm 1.31 26,684 tok/s 1.6min peak 5.57GiB
[16:03:26] [retr8192] step 45/50 loss 0.0313 lr 2.69e-06 gnorm 1.69 26,684 tok/s 1.8min peak 5.57GiB
[16:03:38] [retr8192] step 50/50 loss 0.0556 lr 2.00e-06 gnorm 1.51 26,683 tok/s 2.0min peak 5.57GiB

Writing model shards:   0%|          | 0/1 [00:00<?, ?it/s]
Writing model shards: 100%|██████████| 1/1 [00:00<00:00, 11.99it/s]
[16:03:38] saved -> v3_2d\restore\ctx8192\final (loss 0.0556)
[16:03:38] === retrieval 16384: 300 samples | init v3_2d\restore\ctx8192\final | 1x4 | 75 steps | lr 1.5e-05 ===

Loading weights:   0%|          | 0/123 [00:00<?, ?it/s]
Loading weights: 100%|██████████| 123/123 [00:00<00:00, 2300.18it/s]
[16:03:57] [retr16384] step 5/75 loss 0.2055 lr 7.50e-06 gnorm 19.47 17,974 tok/s 0.3min peak 5.57GiB
[16:04:15] [retr16384] step 10/75 loss 0.1914 lr 1.50e-05 gnorm 7.51 17,991 tok/s 0.6min peak 5.57GiB
[16:04:33] [retr16384] step 15/75 loss 0.1479 lr 1.48e-05 gnorm 3.22 17,987 tok/s 0.9min peak 5.57GiB
[16:04:51] [retr16384] step 20/75 loss 0.2529 lr 1.42e-05 gnorm 58.71 17,992 tok/s 1.2min peak 5.57GiB
[16:05:10] [retr16384] step 25/75 loss 0.0389 lr 1.33e-05 gnorm 1.80 17,999 tok/s 1.5min peak 5.57GiB
[16:05:28] [retr16384] step 30/75 loss 0.3766 lr 1.21e-05 gnorm 23.12 17,996 tok/s 1.8min peak 5.57GiB
[16:05:46] [retr16384] step 35/75 loss 0.0117 lr 1.06e-05 gnorm 0.36 17,992 tok/s 2.1min peak 5.57GiB
[16:06:04] [retr16384] step 40/75 loss 0.2366 lr 9.06e-06 gnorm 12.25 17,993 tok/s 2.4min peak 5.57GiB
[16:06:22] [retr16384] step 45/75 loss 0.0878 lr 7.44e-06 gnorm 2.42 17,991 tok/s 2.7min peak 5.57GiB
[16:06:41] [retr16384] step 50/75 loss 0.0137 lr 5.86e-06 gnorm 0.84 17,988 tok/s 3.0min peak 5.57GiB
[16:06:59] [retr16384] step 55/75 loss 0.0176 lr 4.42e-06 gnorm 0.77 17,987 tok/s 3.3min peak 5.57GiB
[16:07:17] [retr16384] step 60/75 loss 0.2852 lr 3.20e-06 gnorm 15.13 17,986 tok/s 3.6min peak 5.57GiB
[16:07:35] [retr16384] step 65/75 loss 0.2618 lr 2.27e-06 gnorm 8.11 17,984 tok/s 3.9min peak 5.57GiB
[16:07:54] [retr16384] step 70/75 loss 0.0138 lr 1.70e-06 gnorm 0.72 17,983 tok/s 4.3min peak 5.57GiB
[16:08:12] [retr16384] step 75/75 loss 0.0284 lr 1.50e-06 gnorm 1.61 17,983 tok/s 4.6min peak 5.57GiB

Writing model shards:   0%|          | 0/1 [00:00<?, ?it/s]
Writing model shards: 100%|██████████| 1/1 [00:00<00:00, 10.11it/s]
[16:08:12] saved -> v3_2d\restore\ctx16384\final (loss 0.0284)
[16:08:12] === retrieval 32768: 150 samples | init v3_2d\restore\ctx16384\final | 1x4 | 37 steps | lr 1e-05 ===

Loading weights:   0%|          | 0/123 [00:00<?, ?it/s]
Loading weights: 100%|██████████| 123/123 [00:00<00:00, 2272.61it/s]
[16:09:11] [retr32768] step 5/37 loss 0.3569 lr 5.00e-06 gnorm 20.53 11,215 tok/s 1.0min peak 10.28GiB
[16:10:09] [retr32768] step 10/37 loss 0.2326 lr 1.00e-05 gnorm 18.94 11,218 tok/s 1.9min peak 10.28GiB
[16:11:07] [retr32768] step 15/37 loss 0.8859 lr 9.26e-06 gnorm 25.63 11,218 tok/s 2.9min peak 10.28GiB
[16:12:06] [retr32768] step 20/37 loss 0.5403 lr 7.28e-06 gnorm 23.93 11,217 tok/s 3.9min peak 10.28GiB
[16:13:04] [retr32768] step 25/37 loss 0.0771 lr 4.72e-06 gnorm 8.18 11,217 tok/s 4.9min peak 10.28GiB
[16:14:03] [retr32768] step 30/37 loss 0.1259 lr 2.41e-06 gnorm 11.94 11,217 tok/s 5.8min peak 10.28GiB
[16:15:01] [retr32768] step 35/37 loss 0.0686 lr 1.12e-06 gnorm 9.48 11,215 tok/s 6.8min peak 10.28GiB
[16:15:25] [retr32768] step 37/37 loss 0.1970 lr 1.00e-06 gnorm 6.33 11,215 tok/s 7.2min peak 10.28GiB

Writing model shards:   0%|          | 0/1 [00:00<?, ?it/s]
Writing model shards: 100%|██████████| 1/1 [00:00<00:00, 11.77it/s]
[16:15:25] saved -> v3_2d\restore\ctx32768\final (loss 0.1970)
[16:15:25] retrieval SFT done -> v3_2d\restore\ctx32768\final
