[17:03:12] === retrieval 4096: 600 samples | init v3_2e\restore\ctx32768\final | 2x4 | 75 steps | lr 1.5e-05 ===

Loading weights:   0%|          | 0/123 [00:00<?, ?it/s]
Loading weights: 100%|██████████| 123/123 [00:00<00:00, 2287.33it/s]
E:\python\Lib\site-packages\torch\nn\modules\module.py:1369: UserWarning: expandable_segments not supported on this platform (Triggered internally at C:\actions-runner\_work\pytorch\pytorch\c10/cuda/CUDAAllocatorConfig.h:40.)
  return t.to(
[17:03:17] [retr4096] step 5/75 loss 2.3651 lr 9.38e-06 gnorm 5.64 30,555 tok/s 0.1min peak 3.17GiB
[17:03:22] [retr4096] step 10/75 loss 2.0180 lr 1.50e-05 gnorm 2.58 34,179 tok/s 0.2min peak 3.17GiB
[17:03:26] [retr4096] step 15/75 loss 2.4187 lr 1.46e-05 gnorm 1.63 35,588 tok/s 0.2min peak 3.17GiB
[17:03:30] [retr4096] step 20/75 loss 2.4058 lr 1.40e-05 gnorm 3.62 36,337 tok/s 0.3min peak 3.17GiB
[17:03:34] [retr4096] step 25/75 loss 2.4396 lr 1.30e-05 gnorm 1.13 36,802 tok/s 0.4min peak 3.17GiB
[17:03:39] [retr4096] step 30/75 loss 1.9712 lr 1.17e-05 gnorm 0.93 37,120 tok/s 0.4min peak 3.17GiB
[17:03:43] [retr4096] step 35/75 loss 2.2190 lr 1.03e-05 gnorm 1.14 37,352 tok/s 0.5min peak 3.17GiB
[17:03:47] [retr4096] step 40/75 loss 1.5423 lr 8.72e-06 gnorm 0.80 37,529 tok/s 0.6min peak 3.17GiB
[17:03:51] [retr4096] step 45/75 loss 2.3366 lr 7.15e-06 gnorm 0.92 37,662 tok/s 0.7min peak 3.17GiB
[17:03:55] [retr4096] step 50/75 loss 2.3142 lr 5.63e-06 gnorm 0.88 37,772 tok/s 0.7min peak 3.17GiB
[17:04:00] [retr4096] step 55/75 loss 0.1183 lr 4.26e-06 gnorm 12.68 37,863 tok/s 0.8min peak 3.17GiB
[17:04:04] [retr4096] step 60/75 loss 2.2242 lr 3.10e-06 gnorm 1.19 37,938 tok/s 0.9min peak 3.17GiB
[17:04:08] [retr4096] step 65/75 loss 1.9343 lr 2.23e-06 gnorm 0.81 37,992 tok/s 0.9min peak 3.17GiB
[17:04:12] [retr4096] step 70/75 loss 2.2675 lr 1.68e-06 gnorm 1.44 38,039 tok/s 1.0min peak 3.17GiB
[17:04:17] [retr4096] step 75/75 loss 1.7964 lr 1.50e-06 gnorm 0.81 38,082 tok/s 1.1min peak 3.17GiB

Writing model shards:   0%|          | 0/1 [00:00<?, ?it/s]
Writing model shards: 100%|██████████| 1/1 [00:00<00:00, 10.47it/s]
[17:04:17] saved -> v3_2h\final\ctx4096\final (loss 1.7964)
[17:04:17] === retrieval 8192: 400 samples | init v3_2h\final\ctx4096\final | 2x4 | 50 steps | lr 1.2e-05 ===

Loading weights:   0%|          | 0/123 [00:00<?, ?it/s]
Loading weights: 100%|██████████| 123/123 [00:00<00:00, 2241.65it/s]
[17:04:29] [retr8192] step 5/50 loss 1.4719 lr 7.50e-06 gnorm 0.49 26,652 tok/s 0.2min peak 5.57GiB
[17:04:41] [retr8192] step 10/50 loss 2.2851 lr 1.19e-05 gnorm 0.67 26,678 tok/s 0.4min peak 5.57GiB
[17:04:54] [retr8192] step 15/50 loss 1.5935 lr 1.13e-05 gnorm 3.08 26,676 tok/s 0.6min peak 5.57GiB
[17:05:06] [retr8192] step 20/50 loss 2.3036 lr 9.97e-06 gnorm 1.36 26,680 tok/s 0.8min peak 5.57GiB
[17:05:18] [retr8192] step 25/50 loss 3.0738 lr 8.19e-06 gnorm 0.80 26,688 tok/s 1.0min peak 5.57GiB
[17:05:31] [retr8192] step 30/50 loss 2.3826 lr 6.20e-06 gnorm 0.68 26,687 tok/s 1.2min peak 5.57GiB
[17:05:43] [retr8192] step 35/50 loss 0.9606 lr 4.26e-06 gnorm 2.48 26,690 tok/s 1.4min peak 5.57GiB
[17:05:55] [retr8192] step 40/50 loss 1.5620 lr 2.64e-06 gnorm 0.54 26,691 tok/s 1.6min peak 5.57GiB
[17:06:07] [retr8192] step 45/50 loss 1.5787 lr 1.57e-06 gnorm 4.74 26,697 tok/s 1.8min peak 5.57GiB
[17:06:20] [retr8192] step 50/50 loss 2.1794 lr 1.20e-06 gnorm 0.75 26,696 tok/s 2.0min peak 5.57GiB

Writing model shards:   0%|          | 0/1 [00:00<?, ?it/s]
Writing model shards: 100%|██████████| 1/1 [00:00<00:00, 14.10it/s]
[17:06:20] saved -> v3_2h\final\ctx8192\final (loss 2.1794)
[17:06:20] === retrieval 16384: 150 samples | init v3_2h\final\ctx8192\final | 1x4 | 37 steps | lr 9e-06 ===

Loading weights:   0%|          | 0/123 [00:00<?, ?it/s]
Loading weights: 100%|██████████| 123/123 [00:00<00:00, 2236.55it/s]
[17:06:38] [retr16384] step 5/37 loss 0.1033 lr 5.63e-06 gnorm 7.24 17,979 tok/s 0.3min peak 5.57GiB
[17:06:56] [retr16384] step 10/37 loss 0.1206 lr 8.91e-06 gnorm 13.17 17,988 tok/s 0.6min peak 5.57GiB
[17:07:15] [retr16384] step 15/37 loss 0.3630 lr 7.89e-06 gnorm 10.80 17,999 tok/s 0.9min peak 5.57GiB
[17:07:33] [retr16384] step 20/37 loss 0.2179 lr 6.03e-06 gnorm 14.10 18,000 tok/s 1.2min peak 5.57GiB
[17:07:51] [retr16384] step 25/37 loss 0.0066 lr 3.87e-06 gnorm 0.31 17,993 tok/s 1.5min peak 5.57GiB
[17:08:09] [retr16384] step 30/37 loss 0.0196 lr 2.01e-06 gnorm 1.43 17,994 tok/s 1.8min peak 5.57GiB
[17:08:27] [retr16384] step 35/37 loss 0.0924 lr 9.95e-07 gnorm 14.22 17,990 tok/s 2.1min peak 5.57GiB
[17:08:35] [retr16384] step 37/37 loss 1.5807 lr 9.00e-07 gnorm 31.36 17,989 tok/s 2.2min peak 5.57GiB

Writing model shards:   0%|          | 0/1 [00:00<?, ?it/s]
Writing model shards: 100%|██████████| 1/1 [00:00<00:00, 11.56it/s]
[17:08:35] saved -> v3_2h\final\ctx16384\final (loss 1.5807)
[17:08:35] === retrieval 32768: 80 samples | init v3_2h\final\ctx16384\final | 1x4 | 20 steps | lr 6e-06 ===

Loading weights:   0%|          | 0/123 [00:00<?, ?it/s]
Loading weights: 100%|██████████| 123/123 [00:00<00:00, 2367.47it/s]
[17:09:33] [retr32768] step 5/20 loss 0.4172 lr 3.75e-06 gnorm 33.69 11,207 tok/s 1.0min peak 10.28GiB
[17:10:32] [retr32768] step 10/20 loss 0.2425 lr 5.64e-06 gnorm 21.40 11,205 tok/s 1.9min peak 10.28GiB
[17:11:30] [retr32768] step 15/20 loss 0.2899 lr 2.60e-06 gnorm 8.77 11,205 tok/s 2.9min peak 10.28GiB
[17:12:29] [retr32768] step 20/20 loss 0.3238 lr 6.00e-07 gnorm 19.30 11,205 tok/s 3.9min peak 10.28GiB

Writing model shards:   0%|          | 0/1 [00:00<?, ?it/s]
Writing model shards: 100%|██████████| 1/1 [00:00<00:00, 11.15it/s]
[17:12:29] saved -> v3_2h\final\ctx32768\final (loss 0.3238)
[17:12:29] retrieval SFT done -> v3_2h\final\ctx32768\final
