[04:19:40] === retrieval 16384: 300 samples | init v3_21\pcC_retr\ctx32768\final | 1x4 | 75 steps | 1 epoch(s) | lr 9e-06 ===

Loading weights:   0%|          | 0/123 [00:00<?, ?it/s]
Loading weights: 100%|██████████| 123/123 [00:00<00:00, 2007.30it/s]
[04:20:00] [retr16384] step 5/75 loss 0.4337 lr 4.50e-06 gnorm 7.42 17,198 tok/s 0.3min peak 5.48GiB
[04:20:18] [retr16384] step 10/75 loss 0.5605 lr 9.00e-06 gnorm 9.32 17,788 tok/s 0.6min peak 5.48GiB
[04:20:35] [retr16384] step 15/75 loss 0.5228 lr 8.88e-06 gnorm 13.20 17,989 tok/s 0.9min peak 5.48GiB
[04:20:53] [retr16384] step 20/75 loss 0.2951 lr 8.54e-06 gnorm 11.48 18,092 tok/s 1.2min peak 5.48GiB
[04:21:11] [retr16384] step 25/75 loss 0.0931 lr 7.98e-06 gnorm 4.10 18,154 tok/s 1.5min peak 5.48GiB
[04:21:29] [retr16384] step 30/75 loss 0.3351 lr 7.25e-06 gnorm 14.18 18,198 tok/s 1.8min peak 5.48GiB
[04:21:47] [retr16384] step 35/75 loss 0.5619 lr 6.39e-06 gnorm 24.03 18,228 tok/s 2.1min peak 5.48GiB
[04:22:04] [retr16384] step 40/75 loss 0.0175 lr 5.44e-06 gnorm 1.03 18,250 tok/s 2.4min peak 5.48GiB
[04:22:22] [retr16384] step 45/75 loss 0.3683 lr 4.46e-06 gnorm 8.46 18,268 tok/s 2.7min peak 5.48GiB
[04:22:40] [retr16384] step 50/75 loss 0.1190 lr 3.51e-06 gnorm 16.38 18,283 tok/s 3.0min peak 5.48GiB
[04:22:58] [retr16384] step 55/75 loss 0.3565 lr 2.65e-06 gnorm 14.50 18,294 tok/s 3.3min peak 5.48GiB
[04:23:16] [retr16384] step 60/75 loss 0.1351 lr 1.92e-06 gnorm 8.84 18,304 tok/s 3.6min peak 5.48GiB
[04:23:33] [retr16384] step 65/75 loss 0.1051 lr 1.36e-06 gnorm 4.83 18,313 tok/s 3.9min peak 5.48GiB
[04:23:51] [retr16384] step 70/75 loss 0.0227 lr 1.02e-06 gnorm 1.33 18,320 tok/s 4.2min peak 5.48GiB
[04:24:09] [retr16384] step 75/75 loss 0.0308 lr 9.00e-07 gnorm 1.96 18,326 tok/s 4.5min peak 5.48GiB

Writing model shards:   0%|          | 0/1 [00:00<?, ?it/s]
Writing model shards: 100%|██████████| 1/1 [00:00<00:00, 10.12it/s]
[04:24:09] saved -> v3_21\pcR2\ctx16384\final (loss 0.0308)
[04:24:09] === retrieval 32768: 140 samples | init v3_21\pcR2\ctx16384\final | 1x4 | 35 steps | 1 epoch(s) | lr 6e-06 ===

Loading weights:   0%|          | 0/123 [00:00<?, ?it/s]
Loading weights: 100%|██████████| 123/123 [00:00<00:00, 1810.32it/s]
[04:25:07] [retr32768] step 5/35 loss 0.9021 lr 3.00e-06 gnorm 43.68 11,425 tok/s 1.0min peak 10.28GiB
[04:26:04] [retr32768] step 10/35 loss 0.8904 lr 6.00e-06 gnorm 53.02 11,425 tok/s 1.9min peak 10.28GiB
[04:27:01] [retr32768] step 15/35 loss 0.2559 lr 5.48e-06 gnorm 7.97 11,423 tok/s 2.9min peak 10.28GiB
[04:27:59] [retr32768] step 20/35 loss 0.7875 lr 4.13e-06 gnorm 40.26 11,422 tok/s 3.8min peak 10.28GiB
[04:28:56] [retr32768] step 25/35 loss 0.3319 lr 2.47e-06 gnorm 15.63 11,421 tok/s 4.8min peak 10.28GiB
[04:29:54] [retr32768] step 30/35 loss 0.8195 lr 1.12e-06 gnorm 12.87 11,421 tok/s 5.7min peak 10.28GiB
[04:30:51] [retr32768] step 35/35 loss 0.2615 lr 6.00e-07 gnorm 13.00 11,419 tok/s 6.7min peak 10.28GiB

Writing model shards:   0%|          | 0/1 [00:00<?, ?it/s]
Writing model shards: 100%|██████████| 1/1 [00:00<00:00, 10.52it/s]
[04:30:51] saved -> v3_21\pcR2\ctx32768\final (loss 0.2615)
[04:30:51] retrieval SFT done -> v3_21\pcR2\ctx32768\final
