[17:27:01] === retrieval 4096: 1200 samples | init v3_1d\retr_sft\ctx32768\final | 2x4 | 150 steps | lr 0.0001 ===

Loading weights:   0%|          | 0/123 [00:00<?, ?it/s]
Loading weights: 100%|██████████| 123/123 [00:00<00:00, 2336.46it/s]
E:\python\Lib\site-packages\torch\nn\modules\module.py:1369: UserWarning: expandable_segments not supported on this platform (Triggered internally at C:\actions-runner\_work\pytorch\pytorch\c10/cuda/CUDAAllocatorConfig.h:40.)
  return t.to(
[17:27:07] [retr4096] step 5/150 loss 1.2930 lr 2.50e-05 gnorm 3.57 30,663 tok/s 0.1min peak 3.17GiB
[17:27:11] [retr4096] step 10/150 loss 0.8397 lr 5.00e-05 gnorm 1.97 34,242 tok/s 0.2min peak 3.17GiB
[17:27:15] [retr4096] step 15/150 loss 0.5240 lr 7.50e-05 gnorm 1.05 35,626 tok/s 0.2min peak 3.17GiB
[17:27:20] [retr4096] step 20/150 loss 0.2427 lr 1.00e-04 gnorm 0.64 36,361 tok/s 0.3min peak 3.17GiB
[17:27:24] [retr4096] step 25/150 loss 0.0844 lr 9.97e-05 gnorm 0.32 36,816 tok/s 0.4min peak 3.17GiB
[17:27:28] [retr4096] step 30/150 loss 0.0322 lr 9.87e-05 gnorm 0.16 37,127 tok/s 0.4min peak 3.17GiB
[17:27:32] [retr4096] step 35/150 loss 0.0176 lr 9.71e-05 gnorm 0.13 37,354 tok/s 0.5min peak 3.17GiB
[17:27:36] [retr4096] step 40/150 loss 0.0101 lr 9.48e-05 gnorm 0.07 37,523 tok/s 0.6min peak 3.17GiB
[17:27:41] [retr4096] step 45/150 loss 0.0078 lr 9.20e-05 gnorm 0.06 37,657 tok/s 0.7min peak 3.17GiB
[17:27:45] [retr4096] step 50/150 loss 0.0064 lr 8.87e-05 gnorm 0.06 37,765 tok/s 0.7min peak 3.17GiB
[17:27:49] [retr4096] step 55/150 loss 0.0045 lr 8.48e-05 gnorm 0.04 37,852 tok/s 0.8min peak 3.17GiB
[17:27:53] [retr4096] step 60/150 loss 0.0041 lr 8.06e-05 gnorm 0.04 37,927 tok/s 0.9min peak 3.17GiB
[17:27:58] [retr4096] step 65/150 loss 0.0043 lr 7.59e-05 gnorm 0.06 37,988 tok/s 0.9min peak 3.17GiB
[17:28:02] [retr4096] step 70/150 loss 0.0047 lr 7.10e-05 gnorm 0.03 38,043 tok/s 1.0min peak 3.17GiB
[17:28:06] [retr4096] step 75/150 loss 0.0049 lr 6.58e-05 gnorm 0.05 38,085 tok/s 1.1min peak 3.17GiB
[17:28:10] [retr4096] step 80/150 loss 0.0028 lr 6.04e-05 gnorm 0.03 38,123 tok/s 1.1min peak 3.17GiB
[17:28:15] [retr4096] step 85/150 loss 0.0026 lr 5.50e-05 gnorm 0.02 38,156 tok/s 1.2min peak 3.17GiB
[17:28:19] [retr4096] step 90/150 loss 0.0037 lr 4.96e-05 gnorm 0.04 38,184 tok/s 1.3min peak 3.17GiB
[17:28:23] [retr4096] step 95/150 loss 0.0035 lr 4.42e-05 gnorm 0.05 38,207 tok/s 1.4min peak 3.17GiB
[17:28:27] [retr4096] step 100/150 loss 0.0026 lr 3.90e-05 gnorm 0.03 38,229 tok/s 1.4min peak 3.17GiB
[17:28:31] [retr4096] step 105/150 loss 0.0034 lr 3.41e-05 gnorm 0.03 38,253 tok/s 1.5min peak 3.17GiB
[17:28:36] [retr4096] step 110/150 loss 0.0035 lr 2.94e-05 gnorm 0.03 38,272 tok/s 1.6min peak 3.17GiB
[17:28:40] [retr4096] step 115/150 loss 0.0029 lr 2.52e-05 gnorm 0.02 38,292 tok/s 1.6min peak 3.17GiB
[17:28:44] [retr4096] step 120/150 loss 0.0027 lr 2.13e-05 gnorm 0.02 38,310 tok/s 1.7min peak 3.17GiB
[17:28:48] [retr4096] step 125/150 loss 0.0029 lr 1.80e-05 gnorm 0.04 38,325 tok/s 1.8min peak 3.17GiB
[17:28:53] [retr4096] step 130/150 loss 0.0012 lr 1.52e-05 gnorm 0.01 38,337 tok/s 1.9min peak 3.17GiB
[17:28:57] [retr4096] step 135/150 loss 0.0026 lr 1.29e-05 gnorm 0.06 38,348 tok/s 1.9min peak 3.17GiB
[17:29:01] [retr4096] step 140/150 loss 0.0017 lr 1.13e-05 gnorm 0.03 38,361 tok/s 2.0min peak 3.17GiB
[17:29:05] [retr4096] step 145/150 loss 0.0038 lr 1.03e-05 gnorm 0.05 38,377 tok/s 2.1min peak 3.17GiB
[17:29:10] [retr4096] step 150/150 loss 0.0028 lr 1.00e-05 gnorm 0.02 38,389 tok/s 2.1min peak 3.17GiB

Writing model shards:   0%|          | 0/1 [00:00<?, ?it/s]
Writing model shards: 100%|██████████| 1/1 [00:00<00:00, 12.06it/s]
[17:29:10] saved -> v3_3\id_sft\ctx4096\final (loss 0.0028)
[17:29:10] === retrieval 8192: 300 samples | init v3_3\id_sft\ctx4096\final | 2x4 | 37 steps | lr 8e-05 ===

Loading weights:   0%|          | 0/123 [00:00<?, ?it/s]
Loading weights: 100%|██████████| 123/123 [00:00<00:00, 2149.16it/s]
[17:29:22] [retr8192] step 5/37 loss 0.0011 lr 2.00e-05 gnorm 0.01 26,647 tok/s 0.2min peak 5.57GiB
[17:29:34] [retr8192] step 10/37 loss 0.0013 lr 4.00e-05 gnorm 0.01 26,665 tok/s 0.4min peak 5.57GiB
[17:29:47] [retr8192] step 15/37 loss 0.0013 lr 6.00e-05 gnorm 0.02 26,669 tok/s 0.6min peak 5.57GiB
[17:29:59] [retr8192] step 20/37 loss 0.0009 lr 8.00e-05 gnorm 0.01 26,667 tok/s 0.8min peak 5.57GiB
[17:30:11] [retr8192] step 25/37 loss 0.0011 lr 6.57e-05 gnorm 0.02 26,679 tok/s 1.0min peak 5.57GiB
[17:30:24] [retr8192] step 30/37 loss 0.0006 lr 3.41e-05 gnorm 0.01 26,677 tok/s 1.2min peak 5.57GiB
[17:30:36] [retr8192] step 35/37 loss 0.0009 lr 1.04e-05 gnorm 0.01 26,675 tok/s 1.4min peak 5.57GiB
[17:30:41] [retr8192] step 37/37 loss 0.0007 lr 8.00e-06 gnorm 0.01 26,675 tok/s 1.5min peak 5.57GiB

Writing model shards:   0%|          | 0/1 [00:00<?, ?it/s]
Writing model shards: 100%|██████████| 1/1 [00:00<00:00, 14.32it/s]
[17:30:41] saved -> v3_3\id_sft\ctx8192\final (loss 0.0007)
[17:30:41] === retrieval 16384: 60 samples | init v3_3\id_sft\ctx8192\final | 1x4 | 15 steps | lr 6e-05 ===

Loading weights:   0%|          | 0/123 [00:00<?, ?it/s]
Loading weights: 100%|██████████| 123/123 [00:00<00:00, 2317.58it/s]
[17:30:59] [retr16384] step 5/15 loss 1.9385 lr 1.50e-05 gnorm 25.76 17,976 tok/s 0.3min peak 5.57GiB
[17:31:17] [retr16384] step 10/15 loss 0.5587 lr 3.00e-05 gnorm 10.09 17,996 tok/s 0.6min peak 5.57GiB
[17:31:36] [retr16384] step 15/15 loss 0.1636 lr 4.50e-05 gnorm 5.53 17,995 tok/s 0.9min peak 5.57GiB

Writing model shards:   0%|          | 0/1 [00:00<?, ?it/s]
Writing model shards: 100%|██████████| 1/1 [00:00<00:00, 13.78it/s]
[17:31:36] saved -> v3_3\id_sft\ctx16384\final (loss 0.1636)
[17:31:36] === retrieval 32768: 20 samples | init v3_3\id_sft\ctx16384\final | 1x4 | 5 steps | lr 4e-05 ===

Loading weights:   0%|          | 0/123 [00:00<?, ?it/s]
Loading weights: 100%|██████████| 123/123 [00:00<00:00, 2329.88it/s]
[17:32:34] [retr32768] step 5/5 loss 0.2272 lr 1.00e-05 gnorm 6.55 11,219 tok/s 1.0min peak 10.28GiB

Writing model shards:   0%|          | 0/1 [00:00<?, ?it/s]
Writing model shards: 100%|██████████| 1/1 [00:00<00:00, 14.36it/s]
[17:32:34] saved -> v3_3\id_sft\ctx32768\final (loss 0.2272)
[17:32:34] retrieval SFT done -> v3_3\id_sft\ctx32768\final
