[18:38:46] === retrieval 4096: 250 samples | init v3_3\final\ctx32768\final | 2x4 | 31 steps | lr 1e-05 ===

Loading weights:   0%|          | 0/123 [00:00<?, ?it/s]
Loading weights: 100%|██████████| 123/123 [00:00<00:00, 2091.82it/s]
E:\python\Lib\site-packages\torch\nn\modules\module.py:1369: UserWarning: expandable_segments not supported on this platform (Triggered internally at C:\actions-runner\_work\pytorch\pytorch\c10/cuda/CUDAAllocatorConfig.h:40.)
  return t.to(
[18:38:52] [retr4096] step 5/31 loss 2.9993 lr 1.00e-05 gnorm 1.76 30,603 tok/s 0.1min peak 3.17GiB
[18:38:56] [retr4096] step 10/31 loss 1.3979 lr 9.20e-06 gnorm 0.83 34,253 tok/s 0.2min peak 3.17GiB
[18:39:01] [retr4096] step 15/31 loss 2.3780 lr 7.10e-06 gnorm 0.99 35,624 tok/s 0.2min peak 3.17GiB
[18:39:05] [retr4096] step 20/31 loss 1.8254 lr 4.42e-06 gnorm 15.55 36,370 tok/s 0.3min peak 3.17GiB
[18:39:09] [retr4096] step 25/31 loss 2.5313 lr 2.13e-06 gnorm 1.32 36,835 tok/s 0.4min peak 3.17GiB
[18:39:13] [retr4096] step 30/31 loss 2.8862 lr 1.03e-06 gnorm 1.03 37,148 tok/s 0.4min peak 3.17GiB
[18:39:14] [retr4096] step 31/31 loss 1.7288 lr 1.00e-06 gnorm 5.32 37,199 tok/s 0.5min peak 3.17GiB

Writing model shards:   0%|          | 0/1 [00:00<?, ?it/s]
Writing model shards: 100%|██████████| 1/1 [00:00<00:00, 13.15it/s]
[18:39:14] saved -> v3_3g\final\ctx4096\final (loss 1.7288)
[18:39:14] === retrieval 8192: 150 samples | init v3_3g\final\ctx4096\final | 2x4 | 18 steps | lr 8e-06 ===

Loading weights:   0%|          | 0/123 [00:00<?, ?it/s]
Loading weights: 100%|██████████| 123/123 [00:00<00:00, 2123.96it/s]
[18:39:27] [retr8192] step 5/18 loss 1.6544 lr 8.00e-06 gnorm 1.77 26,708 tok/s 0.2min peak 5.57GiB
[18:39:39] [retr8192] step 10/18 loss 2.2844 lr 5.68e-06 gnorm 0.64 26,728 tok/s 0.4min peak 5.57GiB
[18:39:51] [retr8192] step 15/18 loss 2.8961 lr 1.71e-06 gnorm 0.94 26,737 tok/s 0.6min peak 5.57GiB
[18:39:58] [retr8192] step 18/18 loss 1.4482 lr 8.00e-07 gnorm 0.55 26,738 tok/s 0.7min peak 5.57GiB

Writing model shards:   0%|          | 0/1 [00:00<?, ?it/s]
Writing model shards: 100%|██████████| 1/1 [00:00<00:00, 15.80it/s]
[18:39:59] saved -> v3_3g\final\ctx8192\final (loss 1.4482)
[18:39:59] === retrieval 16384: 60 samples | init v3_3g\final\ctx8192\final | 1x4 | 15 steps | lr 6e-06 ===

Loading weights:   0%|          | 0/123 [00:00<?, ?it/s]
Loading weights: 100%|██████████| 123/123 [00:00<00:00, 2446.60it/s]
[18:40:17] [retr16384] step 5/15 loss 0.0072 lr 6.00e-06 gnorm 0.43 18,003 tok/s 0.3min peak 5.57GiB
[18:40:35] [retr16384] step 10/15 loss 0.0095 lr 3.30e-06 gnorm 0.36 17,995 tok/s 0.6min peak 5.57GiB
[18:40:53] [retr16384] step 15/15 loss 0.8925 lr 6.00e-07 gnorm 43.22 17,994 tok/s 0.9min peak 5.57GiB

Writing model shards:   0%|          | 0/1 [00:00<?, ?it/s]
Writing model shards: 100%|██████████| 1/1 [00:00<00:00, 15.71it/s]
[18:40:53] saved -> v3_3g\final\ctx16384\final (loss 0.8925)
[18:40:53] === retrieval 32768: 30 samples | init v3_3g\final\ctx16384\final | 1x4 | 7 steps | lr 4e-06 ===

Loading weights:   0%|          | 0/123 [00:00<?, ?it/s]
Loading weights: 100%|██████████| 123/123 [00:00<00:00, 2405.85it/s]
[18:41:52] [retr32768] step 5/7 loss 0.7207 lr 4.00e-06 gnorm 75.47 11,219 tok/s 1.0min peak 10.28GiB
[18:42:15] [retr32768] step 7/7 loss 0.1073 lr 4.00e-07 gnorm 13.17 11,222 tok/s 1.4min peak 10.28GiB

Writing model shards:   0%|          | 0/1 [00:00<?, ?it/s]
Writing model shards: 100%|██████████| 1/1 [00:00<00:00, 14.28it/s]
[18:42:15] saved -> v3_3g\final\ctx32768\final (loss 0.1073)
[18:42:15] retrieval SFT done -> v3_3g\final\ctx32768\final
