[18:47:17] === retrieval 4096: 130 samples | init v3_3\final\ctx32768\final | 2x4 | 16 steps | lr 7.5e-06 ===

Loading weights:   0%|          | 0/123 [00:00<?, ?it/s]
Loading weights: 100%|██████████| 123/123 [00:00<00:00, 2231.19it/s]
E:\python\Lib\site-packages\torch\nn\modules\module.py:1369: UserWarning: expandable_segments not supported on this platform (Triggered internally at C:\actions-runner\_work\pytorch\pytorch\c10/cuda/CUDAAllocatorConfig.h:40.)
  return t.to(
[18:47:23] [retr4096] step 5/16 loss 3.0782 lr 7.50e-06 gnorm 1.86 30,637 tok/s 0.1min peak 3.17GiB
[18:47:27] [retr4096] step 10/16 loss 1.8239 lr 4.61e-06 gnorm 3.40 34,171 tok/s 0.2min peak 3.17GiB
[18:47:31] [retr4096] step 15/16 loss 2.2513 lr 8.87e-07 gnorm 0.95 35,594 tok/s 0.2min peak 3.17GiB
[18:47:32] [retr4096] step 16/16 loss 2.3340 lr 7.50e-07 gnorm 0.96 35,779 tok/s 0.2min peak 3.17GiB

Writing model shards:   0%|          | 0/1 [00:00<?, ?it/s]
Writing model shards: 100%|██████████| 1/1 [00:00<00:00, 12.87it/s]
[18:47:32] saved -> v3_3h\final\ctx4096\final (loss 2.3340)
[18:47:32] === retrieval 8192: 80 samples | init v3_3h\final\ctx4096\final | 2x4 | 10 steps | lr 6e-06 ===

Loading weights:   0%|          | 0/123 [00:00<?, ?it/s]
Loading weights: 100%|██████████| 123/123 [00:00<00:00, 2217.30it/s]
[18:47:44] [retr8192] step 5/10 loss 3.0955 lr 6.00e-06 gnorm 1.09 26,719 tok/s 0.2min peak 5.57GiB
[18:47:57] [retr8192] step 10/10 loss 2.9878 lr 6.00e-07 gnorm 0.99 26,612 tok/s 0.4min peak 5.57GiB

Writing model shards:   0%|          | 0/1 [00:00<?, ?it/s]
Writing model shards: 100%|██████████| 1/1 [00:00<00:00, 10.92it/s]
[18:47:57] saved -> v3_3h\final\ctx8192\final (loss 2.9878)
[18:47:57] === retrieval 16384: 30 samples | init v3_3h\final\ctx8192\final | 1x4 | 7 steps | lr 4.5e-06 ===

Loading weights:   0%|          | 0/123 [00:00<?, ?it/s]
Loading weights: 100%|██████████| 123/123 [00:00<00:00, 1641.37it/s]
[18:48:15] [retr16384] step 5/7 loss 0.3437 lr 4.50e-06 gnorm 27.02 17,918 tok/s 0.3min peak 5.57GiB
[18:48:23] [retr16384] step 7/7 loss 0.0416 lr 4.50e-07 gnorm 3.30 17,935 tok/s 0.4min peak 5.57GiB

Writing model shards:   0%|          | 0/1 [00:00<?, ?it/s]
Writing model shards: 100%|██████████| 1/1 [00:00<00:00,  8.62it/s]
Writing model shards: 100%|██████████| 1/1 [00:00<00:00,  8.55it/s]
[18:48:23] saved -> v3_3h\final\ctx16384\final (loss 0.0416)
[18:48:23] === retrieval 32768: 15 samples | init v3_3h\final\ctx16384\final | 1x4 | 3 steps | lr 3e-06 ===

Loading weights:   0%|          | 0/123 [00:00<?, ?it/s]
Loading weights: 100%|██████████| 123/123 [00:00<00:00, 1649.98it/s]
[18:48:58] [retr32768] step 3/3 loss 0.0873 lr 1.80e-06 gnorm 11.51 11,180 tok/s 0.6min peak 10.28GiB

Writing model shards:   0%|          | 0/1 [00:00<?, ?it/s]
Writing model shards: 100%|██████████| 1/1 [00:00<00:00,  9.23it/s]
Writing model shards: 100%|██████████| 1/1 [00:00<00:00,  9.15it/s]
[18:48:58] saved -> v3_3h\final\ctx32768\final (loss 0.0873)
[18:48:59] retrieval SFT done -> v3_3h\final\ctx32768\final
