[17:33:18] === retrieval 4096: 800 samples | init v3_3\id_sft\ctx32768\final | 2x4 | 100 steps | lr 2.5e-05 ===

Loading weights:   0%|          | 0/123 [00:00<?, ?it/s]
Loading weights: 100%|██████████| 123/123 [00:00<00:00, 2214.84it/s]
E:\python\Lib\site-packages\torch\nn\modules\module.py:1369: UserWarning: expandable_segments not supported on this platform (Triggered internally at C:\actions-runner\_work\pytorch\pytorch\c10/cuda/CUDAAllocatorConfig.h:40.)
  return t.to(
[17:33:23] [retr4096] step 5/100 loss 0.3940 lr 1.25e-05 gnorm 18.02 30,571 tok/s 0.1min peak 3.17GiB
[17:33:28] [retr4096] step 10/100 loss 0.3529 lr 2.50e-05 gnorm 8.45 34,195 tok/s 0.2min peak 3.17GiB
[17:33:32] [retr4096] step 15/100 loss 0.1888 lr 2.48e-05 gnorm 19.82 35,600 tok/s 0.2min peak 3.17GiB
[17:33:36] [retr4096] step 20/100 loss 0.2002 lr 2.43e-05 gnorm 10.27 36,338 tok/s 0.3min peak 3.17GiB
[17:33:40] [retr4096] step 25/100 loss 0.1554 lr 2.35e-05 gnorm 3.61 36,803 tok/s 0.4min peak 3.17GiB
[17:33:45] [retr4096] step 30/100 loss 0.0271 lr 2.24e-05 gnorm 2.68 37,116 tok/s 0.4min peak 3.17GiB
[17:33:49] [retr4096] step 35/100 loss 0.0094 lr 2.10e-05 gnorm 0.31 37,341 tok/s 0.5min peak 3.17GiB
[17:33:53] [retr4096] step 40/100 loss 0.1725 lr 1.94e-05 gnorm 3.71 37,516 tok/s 0.6min peak 3.17GiB
[17:33:57] [retr4096] step 45/100 loss 0.5457 lr 1.76e-05 gnorm 10.91 37,646 tok/s 0.7min peak 3.17GiB
[17:34:01] [retr4096] step 50/100 loss 0.3871 lr 1.57e-05 gnorm 9.22 37,753 tok/s 0.7min peak 3.17GiB
[17:34:06] [retr4096] step 55/100 loss 0.2764 lr 1.38e-05 gnorm 3.31 37,843 tok/s 0.8min peak 3.17GiB
[17:34:10] [retr4096] step 60/100 loss 0.0521 lr 1.18e-05 gnorm 3.71 37,914 tok/s 0.9min peak 3.17GiB
[17:34:14] [retr4096] step 65/100 loss 0.0077 lr 9.90e-06 gnorm 0.21 37,972 tok/s 0.9min peak 3.17GiB
[17:34:18] [retr4096] step 70/100 loss 0.0260 lr 8.13e-06 gnorm 1.10 38,019 tok/s 1.0min peak 3.17GiB
[17:34:23] [retr4096] step 75/100 loss 0.0285 lr 6.52e-06 gnorm 1.25 38,060 tok/s 1.1min peak 3.17GiB
[17:34:27] [retr4096] step 80/100 loss 0.1911 lr 5.13e-06 gnorm 8.58 38,095 tok/s 1.1min peak 3.17GiB
[17:34:31] [retr4096] step 85/100 loss 0.0670 lr 4.01e-06 gnorm 5.31 38,128 tok/s 1.2min peak 3.17GiB
[17:34:35] [retr4096] step 90/100 loss 0.0968 lr 3.18e-06 gnorm 2.44 38,156 tok/s 1.3min peak 3.17GiB
[17:34:40] [retr4096] step 95/100 loss 0.0214 lr 2.67e-06 gnorm 1.07 38,183 tok/s 1.4min peak 3.17GiB
[17:34:44] [retr4096] step 100/100 loss 0.0176 lr 2.50e-06 gnorm 1.43 38,206 tok/s 1.4min peak 3.17GiB

Writing model shards:   0%|          | 0/1 [00:00<?, ?it/s]
Writing model shards: 100%|██████████| 1/1 [00:00<00:00, 11.89it/s]
[17:34:44] saved -> v3_3\restore\ctx4096\final (loss 0.0176)
[17:34:44] === retrieval 8192: 600 samples | init v3_3\restore\ctx4096\final | 2x4 | 75 steps | lr 2e-05 ===

Loading weights:   0%|          | 0/123 [00:00<?, ?it/s]
Loading weights: 100%|██████████| 123/123 [00:00<00:00, 2215.82it/s]
[17:34:56] [retr8192] step 5/75 loss 0.8122 lr 1.00e-05 gnorm 17.39 26,600 tok/s 0.2min peak 5.57GiB
[17:35:09] [retr8192] step 10/75 loss 0.1762 lr 2.00e-05 gnorm 12.51 26,658 tok/s 0.4min peak 5.57GiB
[17:35:21] [retr8192] step 15/75 loss 0.3616 lr 1.97e-05 gnorm 6.60 26,660 tok/s 0.6min peak 5.57GiB
[17:35:33] [retr8192] step 20/75 loss 0.3657 lr 1.90e-05 gnorm 13.00 26,662 tok/s 0.8min peak 5.57GiB
[17:35:46] [retr8192] step 25/75 loss 0.0059 lr 1.77e-05 gnorm 0.24 26,663 tok/s 1.0min peak 5.57GiB
[17:35:58] [retr8192] step 30/75 loss 0.2019 lr 1.61e-05 gnorm 5.86 26,676 tok/s 1.2min peak 5.57GiB
[17:36:10] [retr8192] step 35/75 loss 0.0199 lr 1.42e-05 gnorm 0.80 26,685 tok/s 1.4min peak 5.57GiB
[17:36:22] [retr8192] step 40/75 loss 0.3609 lr 1.21e-05 gnorm 6.04 26,682 tok/s 1.6min peak 5.57GiB
[17:36:35] [retr8192] step 45/75 loss 0.0038 lr 9.92e-06 gnorm 0.13 26,682 tok/s 1.8min peak 5.57GiB
[17:36:47] [retr8192] step 50/75 loss 0.1751 lr 7.81e-06 gnorm 2.81 26,681 tok/s 2.0min peak 5.57GiB
[17:36:59] [retr8192] step 55/75 loss 0.1106 lr 5.89e-06 gnorm 5.16 26,679 tok/s 2.3min peak 5.57GiB
[17:37:11] [retr8192] step 60/75 loss 0.0624 lr 4.26e-06 gnorm 4.31 26,682 tok/s 2.5min peak 5.57GiB
[17:37:24] [retr8192] step 65/75 loss 0.0515 lr 3.03e-06 gnorm 1.53 26,679 tok/s 2.7min peak 5.57GiB
[17:37:36] [retr8192] step 70/75 loss 0.0359 lr 2.26e-06 gnorm 1.96 26,677 tok/s 2.9min peak 5.57GiB
[17:37:48] [retr8192] step 75/75 loss 0.0096 lr 2.00e-06 gnorm 0.30 26,676 tok/s 3.1min peak 5.57GiB

Writing model shards:   0%|          | 0/1 [00:00<?, ?it/s]
Writing model shards: 100%|██████████| 1/1 [00:00<00:00, 12.96it/s]
[17:37:48] saved -> v3_3\restore\ctx8192\final (loss 0.0096)
[17:37:48] === retrieval 16384: 400 samples | init v3_3\restore\ctx8192\final | 1x4 | 100 steps | lr 1.5e-05 ===

Loading weights:   0%|          | 0/123 [00:00<?, ?it/s]
Loading weights: 100%|██████████| 123/123 [00:00<00:00, 2417.21it/s]
[17:38:07] [retr16384] step 5/100 loss 0.2879 lr 7.50e-06 gnorm 20.36 17,971 tok/s 0.3min peak 5.57GiB
[17:38:25] [retr16384] step 10/100 loss 0.1247 lr 1.50e-05 gnorm 4.88 17,970 tok/s 0.6min peak 5.57GiB
[17:38:43] [retr16384] step 15/100 loss 0.0478 lr 1.49e-05 gnorm 10.17 17,966 tok/s 0.9min peak 5.57GiB
[17:39:02] [retr16384] step 20/100 loss 0.0830 lr 1.46e-05 gnorm 5.84 17,966 tok/s 1.2min peak 5.57GiB
[17:39:20] [retr16384] step 25/100 loss 0.2866 lr 1.41e-05 gnorm 13.57 17,967 tok/s 1.5min peak 5.57GiB
[17:39:38] [retr16384] step 30/100 loss 0.0671 lr 1.34e-05 gnorm 3.92 17,966 tok/s 1.8min peak 5.57GiB
[17:39:56] [retr16384] step 35/100 loss 0.7050 lr 1.26e-05 gnorm 23.08 17,966 tok/s 2.1min peak 5.57GiB
[17:40:14] [retr16384] step 40/100 loss 0.0072 lr 1.16e-05 gnorm 0.28 17,968 tok/s 2.4min peak 5.57GiB
[17:40:33] [retr16384] step 45/100 loss 0.3303 lr 1.06e-05 gnorm 14.17 17,967 tok/s 2.7min peak 5.57GiB
[17:40:51] [retr16384] step 50/100 loss 0.0728 lr 9.42e-06 gnorm 5.57 17,965 tok/s 3.0min peak 5.57GiB
[17:41:09] [retr16384] step 55/100 loss 0.1726 lr 8.25e-06 gnorm 8.46 17,967 tok/s 3.3min peak 5.57GiB
[17:41:27] [retr16384] step 60/100 loss 0.1982 lr 7.08e-06 gnorm 6.81 17,966 tok/s 3.6min peak 5.57GiB
[17:41:46] [retr16384] step 65/100 loss 0.0240 lr 5.94e-06 gnorm 2.99 17,966 tok/s 4.0min peak 5.57GiB
[17:42:04] [retr16384] step 70/100 loss 0.2314 lr 4.88e-06 gnorm 7.55 17,966 tok/s 4.3min peak 5.57GiB
[17:42:22] [retr16384] step 75/100 loss 0.0403 lr 3.91e-06 gnorm 2.43 17,966 tok/s 4.6min peak 5.57GiB
[17:42:40] [retr16384] step 80/100 loss 0.6310 lr 3.08e-06 gnorm 34.90 17,967 tok/s 4.9min peak 5.57GiB
[17:42:59] [retr16384] step 85/100 loss 0.1141 lr 2.40e-06 gnorm 2.07 17,967 tok/s 5.2min peak 5.57GiB
[17:43:17] [retr16384] step 90/100 loss 0.3872 lr 1.91e-06 gnorm 22.46 17,969 tok/s 5.5min peak 5.57GiB
[17:43:35] [retr16384] step 95/100 loss 0.0291 lr 1.60e-06 gnorm 5.48 17,968 tok/s 5.8min peak 5.57GiB
[17:43:53] [retr16384] step 100/100 loss 0.3572 lr 1.50e-06 gnorm 18.66 17,967 tok/s 6.1min peak 5.57GiB

Writing model shards:   0%|          | 0/1 [00:00<?, ?it/s]
Writing model shards: 100%|██████████| 1/1 [00:00<00:00, 12.57it/s]
[17:43:53] saved -> v3_3\restore\ctx16384\final (loss 0.3572)
[17:43:53] === retrieval 32768: 200 samples | init v3_3\restore\ctx16384\final | 1x4 | 50 steps | lr 1e-05 ===

Loading weights:   0%|          | 0/123 [00:00<?, ?it/s]
Loading weights: 100%|██████████| 123/123 [00:00<00:00, 2283.57it/s]
[17:44:52] [retr32768] step 5/50 loss 1.2435 lr 5.00e-06 gnorm 29.50 11,214 tok/s 1.0min peak 10.28GiB
[17:45:51] [retr32768] step 10/50 loss 0.3973 lr 1.00e-05 gnorm 42.71 11,207 tok/s 1.9min peak 10.28GiB
[17:46:49] [retr32768] step 15/50 loss 0.1882 lr 9.66e-06 gnorm 21.01 11,206 tok/s 2.9min peak 10.28GiB
[17:47:48] [retr32768] step 20/50 loss 0.8212 lr 8.68e-06 gnorm 25.02 11,206 tok/s 3.9min peak 10.28GiB
[17:48:46] [retr32768] step 25/50 loss 0.0393 lr 7.22e-06 gnorm 5.05 11,204 tok/s 4.9min peak 10.28GiB
[17:49:45] [retr32768] step 30/50 loss 0.2521 lr 5.50e-06 gnorm 16.93 11,203 tok/s 5.8min peak 10.28GiB
[17:50:43] [retr32768] step 35/50 loss 0.1698 lr 3.78e-06 gnorm 9.44 11,202 tok/s 6.8min peak 10.28GiB
[17:51:42] [retr32768] step 40/50 loss 0.0432 lr 2.32e-06 gnorm 2.28 11,202 tok/s 7.8min peak 10.28GiB
[17:52:40] [retr32768] step 45/50 loss 0.0807 lr 1.34e-06 gnorm 5.95 11,203 tok/s 8.8min peak 10.28GiB
[17:53:39] [retr32768] step 50/50 loss 0.0503 lr 1.00e-06 gnorm 3.23 11,203 tok/s 9.7min peak 10.28GiB

Writing model shards:   0%|          | 0/1 [00:00<?, ?it/s]
Writing model shards: 100%|██████████| 1/1 [00:00<00:00, 12.10it/s]
[17:53:39] saved -> v3_3\restore\ctx32768\final (loss 0.0503)
[17:53:39] retrieval SFT done -> v3_3\restore\ctx32768\final
