[17:55:51] === retrieval 4096: 700 samples | init v3_3\restore\ctx32768\final | 2x4 | 87 steps | lr 1.5e-05 ===

Loading weights:   0%|          | 0/123 [00:00<?, ?it/s]
Loading weights: 100%|██████████| 123/123 [00:00<00:00, 2250.85it/s]
E:\python\Lib\site-packages\torch\nn\modules\module.py:1369: UserWarning: expandable_segments not supported on this platform (Triggered internally at C:\actions-runner\_work\pytorch\pytorch\c10/cuda/CUDAAllocatorConfig.h:40.)
  return t.to(
[17:55:57] [retr4096] step 5/87 loss 2.9290 lr 9.38e-06 gnorm 6.33 30,561 tok/s 0.1min peak 3.17GiB
[17:56:01] [retr4096] step 10/87 loss 1.8043 lr 1.50e-05 gnorm 1.94 34,199 tok/s 0.2min peak 3.17GiB
[17:56:05] [retr4096] step 15/87 loss 2.8817 lr 1.47e-05 gnorm 1.76 35,605 tok/s 0.2min peak 3.17GiB
[17:56:10] [retr4096] step 20/87 loss 2.4464 lr 1.42e-05 gnorm 1.45 36,357 tok/s 0.3min peak 3.17GiB
[17:56:14] [retr4096] step 25/87 loss 2.3651 lr 1.35e-05 gnorm 1.87 36,815 tok/s 0.4min peak 3.17GiB
[17:56:18] [retr4096] step 30/87 loss 3.0798 lr 1.26e-05 gnorm 1.16 37,130 tok/s 0.4min peak 3.17GiB
[17:56:22] [retr4096] step 35/87 loss 1.9113 lr 1.15e-05 gnorm 0.76 37,358 tok/s 0.5min peak 3.17GiB
[17:56:27] [retr4096] step 40/87 loss 2.0338 lr 1.02e-05 gnorm 0.87 37,532 tok/s 0.6min peak 3.17GiB
[17:56:31] [retr4096] step 45/87 loss 1.8101 lr 8.92e-06 gnorm 0.81 37,669 tok/s 0.7min peak 3.17GiB
[17:56:35] [retr4096] step 50/87 loss 1.4923 lr 7.58e-06 gnorm 1.39 37,780 tok/s 0.7min peak 3.17GiB
[17:56:39] [retr4096] step 55/87 loss 1.8312 lr 6.27e-06 gnorm 0.96 37,872 tok/s 0.8min peak 3.17GiB
[17:56:43] [retr4096] step 60/87 loss 2.8178 lr 5.03e-06 gnorm 0.90 37,947 tok/s 0.9min peak 3.17GiB
[17:56:48] [retr4096] step 65/87 loss 2.3457 lr 3.92e-06 gnorm 0.89 38,014 tok/s 0.9min peak 3.17GiB
[17:56:52] [retr4096] step 70/87 loss 2.4326 lr 2.98e-06 gnorm 0.85 38,067 tok/s 1.0min peak 3.17GiB
[17:56:56] [retr4096] step 75/87 loss 2.7809 lr 2.25e-06 gnorm 0.94 38,113 tok/s 1.1min peak 3.17GiB
[17:57:00] [retr4096] step 80/87 loss 2.2743 lr 1.76e-06 gnorm 0.70 38,157 tok/s 1.1min peak 3.17GiB
[17:57:05] [retr4096] step 85/87 loss 2.3665 lr 1.52e-06 gnorm 5.74 38,194 tok/s 1.2min peak 3.17GiB
[17:57:06] [retr4096] step 87/87 loss 3.1187 lr 1.50e-06 gnorm 0.98 38,207 tok/s 1.2min peak 3.17GiB

Writing model shards:   0%|          | 0/1 [00:00<?, ?it/s]
Writing model shards: 100%|██████████| 1/1 [00:00<00:00, 12.64it/s]
[17:57:06] saved -> v3_3\final\ctx4096\final (loss 3.1187)
[17:57:06] === retrieval 8192: 500 samples | init v3_3\final\ctx4096\final | 2x4 | 62 steps | lr 1.2e-05 ===

Loading weights:   0%|          | 0/123 [00:00<?, ?it/s]
Loading weights: 100%|██████████| 123/123 [00:00<00:00, 2209.72it/s]
[17:57:19] [retr8192] step 5/62 loss 3.1686 lr 7.50e-06 gnorm 0.85 26,682 tok/s 0.2min peak 5.57GiB
[17:57:31] [retr8192] step 10/62 loss 2.6816 lr 1.20e-05 gnorm 0.76 26,705 tok/s 0.4min peak 5.57GiB
[17:57:43] [retr8192] step 15/62 loss 2.3109 lr 1.16e-05 gnorm 4.36 26,713 tok/s 0.6min peak 5.57GiB
[17:57:56] [retr8192] step 20/62 loss 2.0924 lr 1.07e-05 gnorm 0.60 26,718 tok/s 0.8min peak 5.57GiB
[17:58:08] [retr8192] step 25/62 loss 1.5057 lr 9.57e-06 gnorm 4.72 26,729 tok/s 1.0min peak 5.57GiB
[17:58:20] [retr8192] step 30/62 loss 2.4343 lr 8.15e-06 gnorm 0.58 26,725 tok/s 1.2min peak 5.57GiB
[17:58:32] [retr8192] step 35/62 loss 2.8976 lr 6.60e-06 gnorm 0.74 26,723 tok/s 1.4min peak 5.57GiB
[17:58:45] [retr8192] step 40/62 loss 2.5753 lr 5.05e-06 gnorm 0.68 26,721 tok/s 1.6min peak 5.57GiB
[17:58:57] [retr8192] step 45/62 loss 2.9326 lr 3.63e-06 gnorm 0.72 26,720 tok/s 1.8min peak 5.57GiB
[17:59:09] [retr8192] step 50/62 loss 1.4810 lr 2.46e-06 gnorm 1.13 26,725 tok/s 2.0min peak 5.57GiB
[17:59:21] [retr8192] step 55/62 loss 2.3537 lr 1.64e-06 gnorm 0.64 26,725 tok/s 2.2min peak 5.57GiB
[17:59:34] [retr8192] step 60/62 loss 0.9277 lr 1.24e-06 gnorm 3.53 26,727 tok/s 2.5min peak 5.57GiB
[17:59:39] [retr8192] step 62/62 loss 1.5890 lr 1.20e-06 gnorm 0.51 26,726 tok/s 2.5min peak 5.57GiB

Writing model shards:   0%|          | 0/1 [00:00<?, ?it/s]
Writing model shards: 100%|██████████| 1/1 [00:00<00:00, 11.74it/s]
[17:59:39] saved -> v3_3\final\ctx8192\final (loss 1.5890)
[17:59:39] === retrieval 16384: 200 samples | init v3_3\final\ctx8192\final | 1x4 | 50 steps | lr 9e-06 ===

Loading weights:   0%|          | 0/123 [00:00<?, ?it/s]
Loading weights: 100%|██████████| 123/123 [00:00<00:00, 2367.35it/s]
[17:59:57] [retr16384] step 5/50 loss 0.5815 lr 5.63e-06 gnorm 22.14 18,001 tok/s 0.3min peak 5.57GiB
[18:00:15] [retr16384] step 10/50 loss 0.1239 lr 8.95e-06 gnorm 10.24 18,018 tok/s 0.6min peak 5.57GiB
[18:00:33] [retr16384] step 15/50 loss 0.2475 lr 8.46e-06 gnorm 7.66 18,016 tok/s 0.9min peak 5.57GiB
[18:00:52] [retr16384] step 20/50 loss 0.0350 lr 7.48e-06 gnorm 4.20 18,014 tok/s 1.2min peak 5.57GiB
[18:01:10] [retr16384] step 25/50 loss 0.4519 lr 6.14e-06 gnorm 13.45 18,012 tok/s 1.5min peak 5.57GiB
[18:01:28] [retr16384] step 30/50 loss 0.2494 lr 4.65e-06 gnorm 17.11 18,009 tok/s 1.8min peak 5.57GiB
[18:01:46] [retr16384] step 35/50 loss 0.0237 lr 3.19e-06 gnorm 1.66 18,005 tok/s 2.1min peak 5.57GiB
[18:02:04] [retr16384] step 40/50 loss 0.0843 lr 1.98e-06 gnorm 3.26 18,001 tok/s 2.4min peak 5.57GiB
[18:02:23] [retr16384] step 45/50 loss 0.8115 lr 1.18e-06 gnorm 19.46 18,000 tok/s 2.7min peak 5.57GiB
[18:02:41] [retr16384] step 50/50 loss 0.4170 lr 9.00e-07 gnorm 15.96 17,999 tok/s 3.0min peak 5.57GiB

Writing model shards:   0%|          | 0/1 [00:00<?, ?it/s]
Writing model shards: 100%|██████████| 1/1 [00:00<00:00, 12.27it/s]
[18:02:41] saved -> v3_3\final\ctx16384\final (loss 0.4170)
[18:02:41] === retrieval 32768: 100 samples | init v3_3\final\ctx16384\final | 1x4 | 25 steps | lr 6e-06 ===

Loading weights:   0%|          | 0/123 [00:00<?, ?it/s]
Loading weights: 100%|██████████| 123/123 [00:00<00:00, 2442.22it/s]
[18:03:40] [retr32768] step 5/25 loss 0.4643 lr 3.75e-06 gnorm 42.90 11,201 tok/s 1.0min peak 10.28GiB
[18:04:38] [retr32768] step 10/25 loss 0.2254 lr 5.82e-06 gnorm 19.51 11,202 tok/s 2.0min peak 10.28GiB
[18:05:37] [retr32768] step 15/25 loss 0.0601 lr 4.04e-06 gnorm 4.85 11,200 tok/s 2.9min peak 10.28GiB
[18:06:35] [retr32768] step 20/25 loss 0.1997 lr 1.67e-06 gnorm 16.22 11,199 tok/s 3.9min peak 10.28GiB
[18:07:34] [retr32768] step 25/25 loss 0.6923 lr 6.00e-07 gnorm 20.20 11,199 tok/s 4.9min peak 10.28GiB

Writing model shards:   0%|          | 0/1 [00:00<?, ?it/s]
Writing model shards: 100%|██████████| 1/1 [00:00<00:00, 12.22it/s]
[18:07:34] saved -> v3_3\final\ctx32768\final (loss 0.6923)
[18:07:34] retrieval SFT done -> v3_3\final\ctx32768\final
