[18:23:56] === retrieval 4096: 700 samples | init v3_3\soup_7c3e | 2x4 | 87 steps | lr 1.25e-05 ===

Loading weights:   0%|          | 0/123 [00:00<?, ?it/s]
Loading weights: 100%|██████████| 123/123 [00:00<00:00, 2209.98it/s]
E:\python\Lib\site-packages\torch\nn\modules\module.py:1369: UserWarning: expandable_segments not supported on this platform (Triggered internally at C:\actions-runner\_work\pytorch\pytorch\c10/cuda/CUDAAllocatorConfig.h:40.)
  return t.to(
[18:24:02] [retr4096] step 5/87 loss 2.4975 lr 7.81e-06 gnorm 1.77 30,551 tok/s 0.1min peak 3.17GiB
[18:24:06] [retr4096] step 10/87 loss 1.6314 lr 1.25e-05 gnorm 0.79 34,202 tok/s 0.2min peak 3.17GiB
[18:24:10] [retr4096] step 15/87 loss 2.6810 lr 1.23e-05 gnorm 0.95 35,621 tok/s 0.2min peak 3.17GiB
[18:24:14] [retr4096] step 20/87 loss 2.3036 lr 1.19e-05 gnorm 0.98 36,379 tok/s 0.3min peak 3.17GiB
[18:24:19] [retr4096] step 25/87 loss 2.2493 lr 1.13e-05 gnorm 1.13 36,840 tok/s 0.4min peak 3.17GiB
[18:24:23] [retr4096] step 30/87 loss 2.9588 lr 1.05e-05 gnorm 0.89 37,161 tok/s 0.4min peak 3.17GiB
[18:24:27] [retr4096] step 35/87 loss 1.8431 lr 9.56e-06 gnorm 0.70 37,394 tok/s 0.5min peak 3.17GiB
[18:24:31] [retr4096] step 40/87 loss 1.9723 lr 8.53e-06 gnorm 0.80 37,565 tok/s 0.6min peak 3.17GiB
[18:24:35] [retr4096] step 45/87 loss 1.7596 lr 7.43e-06 gnorm 0.74 37,695 tok/s 0.7min peak 3.17GiB
[18:24:40] [retr4096] step 50/87 loss 1.4414 lr 6.32e-06 gnorm 0.79 37,796 tok/s 0.7min peak 3.17GiB
[18:24:44] [retr4096] step 55/87 loss 1.7821 lr 5.22e-06 gnorm 0.64 37,885 tok/s 0.8min peak 3.17GiB
[18:24:48] [retr4096] step 60/87 loss 2.7557 lr 4.19e-06 gnorm 0.81 37,954 tok/s 0.9min peak 3.17GiB
[18:24:52] [retr4096] step 65/87 loss 2.2932 lr 3.27e-06 gnorm 0.80 38,015 tok/s 0.9min peak 3.17GiB
[18:24:57] [retr4096] step 70/87 loss 2.3924 lr 2.49e-06 gnorm 0.80 38,067 tok/s 1.0min peak 3.17GiB
[18:25:01] [retr4096] step 75/87 loss 2.7240 lr 1.88e-06 gnorm 0.86 38,108 tok/s 1.1min peak 3.17GiB
[18:25:05] [retr4096] step 80/87 loss 2.2363 lr 1.47e-06 gnorm 0.67 38,147 tok/s 1.1min peak 3.17GiB
[18:25:09] [retr4096] step 85/87 loss 2.3307 lr 1.27e-06 gnorm 8.21 38,181 tok/s 1.2min peak 3.17GiB
[18:25:11] [retr4096] step 87/87 loss 3.0590 lr 1.25e-06 gnorm 0.92 38,193 tok/s 1.2min peak 3.17GiB

Writing model shards:   0%|          | 0/1 [00:00<?, ?it/s]
Writing model shards: 100%|██████████| 1/1 [00:00<00:00,  9.73it/s]
Writing model shards: 100%|██████████| 1/1 [00:00<00:00,  9.73it/s]
[18:25:11] saved -> v3_3e\final\ctx4096\final (loss 3.0590)
[18:25:11] === retrieval 8192: 500 samples | init v3_3e\final\ctx4096\final | 2x4 | 62 steps | lr 1e-05 ===

Loading weights:   0%|          | 0/123 [00:00<?, ?it/s]
Loading weights: 100%|██████████| 123/123 [00:00<00:00, 2207.08it/s]
[18:25:24] [retr8192] step 5/62 loss 3.0921 lr 6.25e-06 gnorm 0.75 26,670 tok/s 0.2min peak 5.57GiB
[18:25:36] [retr8192] step 10/62 loss 2.6185 lr 9.97e-06 gnorm 0.70 26,679 tok/s 0.4min peak 5.57GiB
[18:25:48] [retr8192] step 15/62 loss 2.2354 lr 9.63e-06 gnorm 2.37 26,686 tok/s 0.6min peak 5.57GiB
[18:26:00] [retr8192] step 20/62 loss 2.0519 lr 8.95e-06 gnorm 0.56 26,690 tok/s 0.8min peak 5.57GiB
[18:26:13] [retr8192] step 25/62 loss 1.4526 lr 7.97e-06 gnorm 1.32 26,690 tok/s 1.0min peak 5.57GiB
[18:26:25] [retr8192] step 30/62 loss 2.4028 lr 6.79e-06 gnorm 0.55 26,651 tok/s 1.2min peak 5.57GiB
[18:26:37] [retr8192] step 35/62 loss 2.8554 lr 5.50e-06 gnorm 0.69 26,637 tok/s 1.4min peak 5.57GiB
[18:26:50] [retr8192] step 40/62 loss 2.5374 lr 4.21e-06 gnorm 0.66 26,628 tok/s 1.6min peak 5.57GiB
[18:27:02] [retr8192] step 45/62 loss 2.8969 lr 3.03e-06 gnorm 0.68 26,600 tok/s 1.8min peak 5.57GiB
[18:27:15] [retr8192] step 50/62 loss 1.4575 lr 2.05e-06 gnorm 0.86 26,574 tok/s 2.1min peak 5.57GiB
[18:27:27] [retr8192] step 55/62 loss 2.3300 lr 1.37e-06 gnorm 0.62 26,561 tok/s 2.3min peak 5.57GiB
[18:27:39] [retr8192] step 60/62 loss 0.8906 lr 1.03e-06 gnorm 3.13 26,554 tok/s 2.5min peak 5.57GiB
[18:27:44] [retr8192] step 62/62 loss 1.5737 lr 1.00e-06 gnorm 0.48 26,545 tok/s 2.6min peak 5.57GiB

Writing model shards:   0%|          | 0/1 [00:00<?, ?it/s]
Writing model shards: 100%|██████████| 1/1 [00:00<00:00, 10.09it/s]
[18:27:44] saved -> v3_3e\final\ctx8192\final (loss 1.5737)
[18:27:44] === retrieval 16384: 200 samples | init v3_3e\final\ctx8192\final | 1x4 | 50 steps | lr 7.5e-06 ===

Loading weights:   0%|          | 0/123 [00:00<?, ?it/s]
Loading weights: 100%|██████████| 123/123 [00:00<00:00, 1585.77it/s]
[18:28:03] [retr16384] step 5/50 loss 0.2242 lr 4.69e-06 gnorm 17.85 17,694 tok/s 0.3min peak 5.57GiB
[18:28:22] [retr16384] step 10/50 loss 0.0687 lr 7.46e-06 gnorm 5.71 17,790 tok/s 0.6min peak 5.57GiB
[18:28:40] [retr16384] step 15/50 loss 0.1766 lr 7.05e-06 gnorm 5.48 17,814 tok/s 0.9min peak 5.57GiB
[18:28:58] [retr16384] step 20/50 loss 0.0211 lr 6.23e-06 gnorm 1.73 17,823 tok/s 1.2min peak 5.57GiB
[18:29:16] [retr16384] step 25/50 loss 0.4229 lr 5.12e-06 gnorm 10.79 17,859 tok/s 1.5min peak 5.57GiB
[18:29:35] [retr16384] step 30/50 loss 0.1371 lr 3.87e-06 gnorm 17.59 17,871 tok/s 1.8min peak 5.57GiB
[18:29:53] [retr16384] step 35/50 loss 0.0196 lr 2.66e-06 gnorm 1.39 17,869 tok/s 2.1min peak 5.57GiB
[18:30:11] [retr16384] step 40/50 loss 0.0808 lr 1.65e-06 gnorm 3.44 17,866 tok/s 2.4min peak 5.57GiB
[18:30:30] [retr16384] step 45/50 loss 0.7478 lr 9.83e-07 gnorm 18.06 17,863 tok/s 2.8min peak 5.57GiB
[18:30:48] [retr16384] step 50/50 loss 0.4152 lr 7.50e-07 gnorm 18.18 17,848 tok/s 3.1min peak 5.57GiB

Writing model shards:   0%|          | 0/1 [00:00<?, ?it/s]
Writing model shards: 100%|██████████| 1/1 [00:00<00:00,  7.74it/s]
Writing model shards: 100%|██████████| 1/1 [00:00<00:00,  7.68it/s]
[18:30:48] saved -> v3_3e\final\ctx16384\final (loss 0.4152)
[18:30:49] === retrieval 32768: 100 samples | init v3_3e\final\ctx16384\final | 1x4 | 25 steps | lr 5e-06 ===

Loading weights:   0%|          | 0/123 [00:00<?, ?it/s]
Loading weights: 100%|██████████| 123/123 [00:00<00:00, 1648.05it/s]
[18:31:48] [retr32768] step 5/25 loss 0.2726 lr 3.13e-06 gnorm 15.56 11,135 tok/s 1.0min peak 10.28GiB
[18:32:46] [retr32768] step 10/25 loss 0.1427 lr 4.85e-06 gnorm 12.90 11,132 tok/s 2.0min peak 10.28GiB
[18:33:45] [retr32768] step 15/25 loss 0.0331 lr 3.37e-06 gnorm 2.89 11,139 tok/s 2.9min peak 10.28GiB
[18:34:44] [retr32768] step 20/25 loss 0.1645 lr 1.39e-06 gnorm 9.31 11,138 tok/s 3.9min peak 10.28GiB
[18:35:43] [retr32768] step 25/25 loss 0.6667 lr 5.00e-07 gnorm 21.26 11,135 tok/s 4.9min peak 10.28GiB

Writing model shards:   0%|          | 0/1 [00:00<?, ?it/s]
Writing model shards: 100%|██████████| 1/1 [00:00<00:00,  6.90it/s]
Writing model shards: 100%|██████████| 1/1 [00:00<00:00,  6.90it/s]
[18:35:43] saved -> v3_3e\final\ctx32768\final (loss 0.6667)
[18:35:43] retrieval SFT done -> v3_3e\final\ctx32768\final
