[18:10:24] === retrieval 4096: 500 samples | init v3_3\final\ctx32768\final | 2x4 | 62 steps | lr 1.5e-05 ===

Loading weights:   0%|          | 0/123 [00:00<?, ?it/s]
Loading weights: 100%|██████████| 123/123 [00:00<00:00, 2053.94it/s]
E:\python\Lib\site-packages\torch\nn\modules\module.py:1369: UserWarning: expandable_segments not supported on this platform (Triggered internally at C:\actions-runner\_work\pytorch\pytorch\c10/cuda/CUDAAllocatorConfig.h:40.)
  return t.to(
[18:10:29] [retr4096] step 5/62 loss 1.5391 lr 9.38e-06 gnorm 2.08 30,444 tok/s 0.1min peak 3.17GiB
[18:10:33] [retr4096] step 10/62 loss 1.9215 lr 1.50e-05 gnorm 0.80 34,110 tok/s 0.2min peak 3.17GiB
[18:10:38] [retr4096] step 15/62 loss 1.4761 lr 1.44e-05 gnorm 0.78 35,541 tok/s 0.2min peak 3.17GiB
[18:10:42] [retr4096] step 20/62 loss 2.1999 lr 1.34e-05 gnorm 0.87 36,302 tok/s 0.3min peak 3.17GiB
[18:10:46] [retr4096] step 25/62 loss 1.4656 lr 1.20e-05 gnorm 0.66 36,766 tok/s 0.4min peak 3.17GiB
[18:10:50] [retr4096] step 30/62 loss 2.4197 lr 1.02e-05 gnorm 0.74 37,078 tok/s 0.4min peak 3.17GiB
[18:10:55] [retr4096] step 35/62 loss 1.5810 lr 8.25e-06 gnorm 2.51 37,297 tok/s 0.5min peak 3.17GiB
[18:10:59] [retr4096] step 40/62 loss 0.7907 lr 6.31e-06 gnorm 0.55 37,472 tok/s 0.6min peak 3.17GiB
[18:11:03] [retr4096] step 45/62 loss 1.3977 lr 4.54e-06 gnorm 2.04 37,613 tok/s 0.7min peak 3.17GiB
[18:11:07] [retr4096] step 50/62 loss 2.1447 lr 3.08e-06 gnorm 0.75 37,727 tok/s 0.7min peak 3.17GiB
[18:11:11] [retr4096] step 55/62 loss 3.0179 lr 2.05e-06 gnorm 0.93 37,821 tok/s 0.8min peak 3.17GiB
[18:11:16] [retr4096] step 60/62 loss 3.0932 lr 1.55e-06 gnorm 0.76 37,900 tok/s 0.9min peak 3.17GiB
[18:11:17] [retr4096] step 62/62 loss 2.2903 lr 1.50e-06 gnorm 1.92 37,926 tok/s 0.9min peak 3.17GiB

Writing model shards:   0%|          | 0/1 [00:00<?, ?it/s]
Writing model shards: 100%|██████████| 1/1 [00:00<00:00, 11.03it/s]
[18:11:17] saved -> v3_3d\final\ctx4096\final (loss 2.2903)
[18:11:18] === retrieval 8192: 350 samples | init v3_3d\final\ctx4096\final | 2x4 | 43 steps | lr 1.2e-05 ===

Loading weights:   0%|          | 0/123 [00:00<?, ?it/s]
Loading weights: 100%|██████████| 123/123 [00:00<00:00, 2226.83it/s]
[18:11:30] [retr8192] step 5/43 loss 1.4886 lr 7.50e-06 gnorm 0.85 26,700 tok/s 0.2min peak 5.57GiB
[18:11:42] [retr8192] step 10/43 loss 0.7146 lr 1.19e-05 gnorm 1.37 26,722 tok/s 0.4min peak 5.57GiB
[18:11:54] [retr8192] step 15/43 loss 1.7852 lr 1.10e-05 gnorm 6.01 26,713 tok/s 0.6min peak 5.57GiB
[18:12:07] [retr8192] step 20/43 loss 2.9895 lr 9.16e-06 gnorm 0.72 26,712 tok/s 0.8min peak 5.57GiB
[18:12:19] [retr8192] step 25/43 loss 2.9412 lr 6.84e-06 gnorm 0.82 26,706 tok/s 1.0min peak 5.57GiB
[18:12:31] [retr8192] step 30/43 loss 1.5274 lr 4.48e-06 gnorm 3.33 26,700 tok/s 1.2min peak 5.57GiB
[18:12:44] [retr8192] step 35/43 loss 1.5205 lr 2.53e-06 gnorm 0.73 26,700 tok/s 1.4min peak 5.57GiB
[18:12:56] [retr8192] step 40/43 loss 1.6529 lr 1.39e-06 gnorm 0.61 26,700 tok/s 1.6min peak 5.57GiB
[18:13:03] [retr8192] step 43/43 loss 0.0104 lr 1.20e-06 gnorm 0.35 26,704 tok/s 1.8min peak 5.57GiB

Writing model shards:   0%|          | 0/1 [00:00<?, ?it/s]
Writing model shards: 100%|██████████| 1/1 [00:00<00:00, 12.56it/s]
[18:13:03] saved -> v3_3d\final\ctx8192\final (loss 0.0104)
[18:13:03] === retrieval 16384: 150 samples | init v3_3d\final\ctx8192\final | 1x4 | 37 steps | lr 9e-06 ===

Loading weights:   0%|          | 0/123 [00:00<?, ?it/s]
Loading weights: 100%|██████████| 123/123 [00:00<00:00, 2144.66it/s]
[18:13:22] [retr16384] step 5/37 loss 0.1389 lr 5.63e-06 gnorm 23.62 18,018 tok/s 0.3min peak 5.57GiB
[18:13:40] [retr16384] step 10/37 loss 0.5521 lr 8.91e-06 gnorm 18.48 18,015 tok/s 0.6min peak 5.57GiB
[18:13:58] [retr16384] step 15/37 loss 0.1068 lr 7.89e-06 gnorm 7.01 18,017 tok/s 0.9min peak 5.57GiB
[18:14:16] [retr16384] step 20/37 loss 0.2316 lr 6.03e-06 gnorm 16.39 18,020 tok/s 1.2min peak 5.57GiB
[18:14:34] [retr16384] step 25/37 loss 0.4832 lr 3.87e-06 gnorm 15.23 18,019 tok/s 1.5min peak 5.57GiB
[18:14:53] [retr16384] step 30/37 loss 0.0863 lr 2.01e-06 gnorm 8.16 18,021 tok/s 1.8min peak 5.57GiB
[18:15:11] [retr16384] step 35/37 loss 0.3563 lr 9.95e-07 gnorm 40.75 18,022 tok/s 2.1min peak 5.57GiB
[18:15:18] [retr16384] step 37/37 loss 0.9162 lr 9.00e-07 gnorm 35.35 18,021 tok/s 2.2min peak 5.57GiB

Writing model shards:   0%|          | 0/1 [00:00<?, ?it/s]
Writing model shards: 100%|██████████| 1/1 [00:00<00:00, 11.98it/s]
[18:15:18] saved -> v3_3d\final\ctx16384\final (loss 0.9162)
[18:15:18] === retrieval 32768: 80 samples | init v3_3d\final\ctx16384\final | 1x4 | 20 steps | lr 6e-06 ===

Loading weights:   0%|          | 0/123 [00:00<?, ?it/s]
Loading weights: 100%|██████████| 123/123 [00:00<00:00, 2238.34it/s]
[18:16:17] [retr32768] step 5/20 loss 0.3501 lr 3.75e-06 gnorm 22.99 11,203 tok/s 1.0min peak 10.28GiB
[18:17:15] [retr32768] step 10/20 loss 0.3589 lr 5.64e-06 gnorm 28.97 11,206 tok/s 1.9min peak 10.28GiB
[18:18:14] [retr32768] step 15/20 loss 0.1177 lr 2.60e-06 gnorm 28.98 11,206 tok/s 2.9min peak 10.28GiB
[18:19:12] [retr32768] step 20/20 loss 0.1143 lr 6.00e-07 gnorm 15.84 11,206 tok/s 3.9min peak 10.28GiB

Writing model shards:   0%|          | 0/1 [00:00<?, ?it/s]
Writing model shards: 100%|██████████| 1/1 [00:00<00:00, 12.88it/s]
[18:19:12] saved -> v3_3d\final\ctx32768\final (loss 0.1143)
[18:19:12] retrieval SFT done -> v3_3d\final\ctx32768\final
