[18:58:32] === retrieval 4096: 600 samples | init v3_3\final\ctx32768\final | 2x4 | 75 steps | lr 1.5e-05 ===

Loading weights:   0%|          | 0/123 [00:00<?, ?it/s]
Loading weights: 100%|██████████| 123/123 [00:00<00:00, 2097.74it/s]
E:\python\Lib\site-packages\torch\nn\modules\module.py:1369: UserWarning: expandable_segments not supported on this platform (Triggered internally at C:\actions-runner\_work\pytorch\pytorch\c10/cuda/CUDAAllocatorConfig.h:40.)
  return t.to(
[18:58:38] [retr4096] step 5/75 loss 1.5293 lr 9.38e-06 gnorm 1.19 30,300 tok/s 0.1min peak 3.17GiB
[18:58:42] [retr4096] step 10/75 loss 1.7922 lr 1.50e-05 gnorm 0.95 34,003 tok/s 0.2min peak 3.17GiB
[18:58:46] [retr4096] step 15/75 loss 0.4291 lr 1.46e-05 gnorm 1.98 35,443 tok/s 0.2min peak 3.17GiB
[18:58:51] [retr4096] step 20/75 loss 2.2631 lr 1.40e-05 gnorm 0.99 36,209 tok/s 0.3min peak 3.17GiB
[18:58:55] [retr4096] step 25/75 loss 1.1160 lr 1.30e-05 gnorm 0.67 36,678 tok/s 0.4min peak 3.17GiB
[18:58:59] [retr4096] step 30/75 loss 1.6173 lr 1.17e-05 gnorm 0.55 36,999 tok/s 0.4min peak 3.17GiB
[18:59:03] [retr4096] step 35/75 loss 1.6276 lr 1.03e-05 gnorm 0.77 37,228 tok/s 0.5min peak 3.17GiB
[18:59:08] [retr4096] step 40/75 loss 1.9113 lr 8.72e-06 gnorm 0.76 37,413 tok/s 0.6min peak 3.17GiB
[18:59:12] [retr4096] step 45/75 loss 2.2722 lr 7.15e-06 gnorm 3.15 37,548 tok/s 0.7min peak 3.17GiB
[18:59:16] [retr4096] step 50/75 loss 0.8637 lr 5.63e-06 gnorm 5.82 37,564 tok/s 0.7min peak 3.17GiB
[18:59:20] [retr4096] step 55/75 loss 1.8322 lr 4.26e-06 gnorm 0.93 37,590 tok/s 0.8min peak 3.17GiB
[18:59:25] [retr4096] step 60/75 loss 2.1188 lr 3.10e-06 gnorm 0.97 37,615 tok/s 0.9min peak 3.17GiB
[18:59:29] [retr4096] step 65/75 loss 0.9182 lr 2.23e-06 gnorm 1.92 37,664 tok/s 0.9min peak 3.17GiB
[18:59:33] [retr4096] step 70/75 loss 1.1886 lr 1.68e-06 gnorm 0.59 37,713 tok/s 1.0min peak 3.17GiB
[18:59:38] [retr4096] step 75/75 loss 1.9407 lr 1.50e-06 gnorm 0.74 37,757 tok/s 1.1min peak 3.17GiB

Writing model shards:   0%|          | 0/1 [00:00<?, ?it/s]
Writing model shards: 100%|██████████| 1/1 [00:00<00:00,  7.81it/s]
Writing model shards: 100%|██████████| 1/1 [00:00<00:00,  7.69it/s]
[18:59:38] saved -> v3_4\final\ctx4096\final (loss 1.9407)
[18:59:38] === retrieval 8192: 400 samples | init v3_4\final\ctx4096\final | 2x4 | 50 steps | lr 1.2e-05 ===

Loading weights:   0%|          | 0/123 [00:00<?, ?it/s]
Loading weights:  78%|███████▊  | 96/123 [00:00<00:00, 952.50it/s]
Loading weights: 100%|██████████| 123/123 [00:00<00:00, 1063.57it/s]
[18:59:50] [retr8192] step 5/50 loss 2.0130 lr 7.50e-06 gnorm 21.90 26,608 tok/s 0.2min peak 5.57GiB
[19:00:03] [retr8192] step 10/50 loss 2.9751 lr 1.19e-05 gnorm 0.99 26,571 tok/s 0.4min peak 5.57GiB
[19:00:15] [retr8192] step 15/50 loss 2.2814 lr 1.13e-05 gnorm 3.65 26,579 tok/s 0.6min peak 5.57GiB
[19:00:27] [retr8192] step 20/50 loss 2.2295 lr 9.97e-06 gnorm 0.77 26,607 tok/s 0.8min peak 5.57GiB
[19:00:40] [retr8192] step 25/50 loss 0.8203 lr 8.19e-06 gnorm 1.35 26,616 tok/s 1.0min peak 5.57GiB
[19:00:52] [retr8192] step 30/50 loss 2.7680 lr 6.20e-06 gnorm 0.81 26,620 tok/s 1.2min peak 5.57GiB
[19:01:04] [retr8192] step 35/50 loss 0.9637 lr 4.26e-06 gnorm 7.18 26,622 tok/s 1.4min peak 5.57GiB
[19:01:16] [retr8192] step 40/50 loss 2.3567 lr 2.64e-06 gnorm 15.12 26,626 tok/s 1.6min peak 5.57GiB
[19:01:29] [retr8192] step 45/50 loss 2.2128 lr 1.57e-06 gnorm 0.73 26,628 tok/s 1.8min peak 5.57GiB
[19:01:41] [retr8192] step 50/50 loss 0.9241 lr 1.20e-06 gnorm 3.38 26,628 tok/s 2.1min peak 5.57GiB

Writing model shards:   0%|          | 0/1 [00:00<?, ?it/s]
Writing model shards: 100%|██████████| 1/1 [00:00<00:00, 13.57it/s]
[19:01:41] saved -> v3_4\final\ctx8192\final (loss 0.9241)
[19:01:41] === retrieval 16384: 200 samples | init v3_4\final\ctx8192\final | 1x4 | 50 steps | lr 9e-06 ===

Loading weights:   0%|          | 0/123 [00:00<?, ?it/s]
Loading weights: 100%|██████████| 123/123 [00:00<00:00, 1990.07it/s]
[19:02:00] [retr16384] step 5/50 loss 0.2916 lr 5.63e-06 gnorm 21.20 17,947 tok/s 0.3min peak 5.57GiB
[19:02:18] [retr16384] step 10/50 loss 0.2764 lr 8.95e-06 gnorm 16.57 17,951 tok/s 0.6min peak 5.57GiB
[19:02:36] [retr16384] step 15/50 loss 0.9492 lr 8.46e-06 gnorm 52.43 17,954 tok/s 0.9min peak 5.57GiB
[19:02:54] [retr16384] step 20/50 loss 0.3490 lr 7.48e-06 gnorm 27.73 17,955 tok/s 1.2min peak 5.57GiB
[19:03:13] [retr16384] step 25/50 loss 0.0099 lr 6.14e-06 gnorm 0.55 17,959 tok/s 1.5min peak 5.57GiB
[19:03:31] [retr16384] step 30/50 loss 0.0225 lr 4.65e-06 gnorm 1.02 17,960 tok/s 1.8min peak 5.57GiB
[19:03:49] [retr16384] step 35/50 loss 0.1170 lr 3.19e-06 gnorm 20.07 17,960 tok/s 2.1min peak 5.57GiB
[19:04:07] [retr16384] step 40/50 loss 0.4239 lr 1.98e-06 gnorm 13.89 17,961 tok/s 2.4min peak 5.57GiB
[19:04:26] [retr16384] step 45/50 loss 0.1763 lr 1.18e-06 gnorm 7.25 17,960 tok/s 2.7min peak 5.57GiB
[19:04:44] [retr16384] step 50/50 loss 0.0707 lr 9.00e-07 gnorm 4.02 17,957 tok/s 3.0min peak 5.57GiB

Writing model shards:   0%|          | 0/1 [00:00<?, ?it/s]
Writing model shards: 100%|██████████| 1/1 [00:00<00:00, 11.49it/s]
[19:04:44] saved -> v3_4\final\ctx16384\final (loss 0.0707)
[19:04:44] === retrieval 32768: 100 samples | init v3_4\final\ctx16384\final | 1x4 | 25 steps | lr 6e-06 ===

Loading weights:   0%|          | 0/123 [00:00<?, ?it/s]
Loading weights: 100%|██████████| 123/123 [00:00<00:00, 1953.16it/s]
[19:05:43] [retr32768] step 5/25 loss 0.6647 lr 3.75e-06 gnorm 32.71 11,208 tok/s 1.0min peak 10.28GiB
[19:06:41] [retr32768] step 10/25 loss 0.0671 lr 5.82e-06 gnorm 8.93 11,210 tok/s 1.9min peak 10.28GiB
[19:07:40] [retr32768] step 15/25 loss 0.1625 lr 4.04e-06 gnorm 11.46 11,210 tok/s 2.9min peak 10.28GiB
[19:08:38] [retr32768] step 20/25 loss 0.4414 lr 1.67e-06 gnorm 43.96 11,198 tok/s 3.9min peak 10.28GiB
[19:09:37] [retr32768] step 25/25 loss 0.0883 lr 6.00e-07 gnorm 13.86 11,189 tok/s 4.9min peak 10.28GiB

Writing model shards:   0%|          | 0/1 [00:00<?, ?it/s]
Writing model shards: 100%|██████████| 1/1 [00:00<00:00, 11.09it/s]
[19:09:37] saved -> v3_4\final\ctx32768\final (loss 0.0883)
[19:09:37] retrieval SFT done -> v3_4\final\ctx32768\final
