[20:44:24] === retrieval 4096: 400 samples | init v3_5c\final\ctx32768\final | 2x4 | 50 steps | lr 2.5e-05 ===

Loading weights:   0%|          | 0/123 [00:00<?, ?it/s]
Loading weights: 100%|██████████| 123/123 [00:00<00:00, 2384.33it/s]
E:\python\Lib\site-packages\torch\nn\modules\module.py:1369: UserWarning: expandable_segments not supported on this platform (Triggered internally at C:\actions-runner\_work\pytorch\pytorch\c10/cuda/CUDAAllocatorConfig.h:40.)
  return t.to(
[20:44:30] [retr4096] step 5/50 loss 0.1923 lr 2.08e-05 gnorm 0.58 30,589 tok/s 0.1min peak 3.17GiB
[20:44:34] [retr4096] step 10/50 loss 0.8683 lr 2.45e-05 gnorm 0.64 34,172 tok/s 0.2min peak 3.17GiB
[20:44:38] [retr4096] step 15/50 loss 0.5218 lr 2.28e-05 gnorm 0.45 35,582 tok/s 0.2min peak 3.17GiB
[20:44:43] [retr4096] step 20/50 loss 0.7526 lr 1.98e-05 gnorm 0.60 36,325 tok/s 0.3min peak 3.17GiB
[20:44:47] [retr4096] step 25/50 loss 0.4464 lr 1.61e-05 gnorm 0.33 36,781 tok/s 0.4min peak 3.17GiB
[20:44:51] [retr4096] step 30/50 loss 0.8753 lr 1.21e-05 gnorm 0.40 37,097 tok/s 0.4min peak 3.17GiB
[20:44:55] [retr4096] step 35/50 loss 0.4187 lr 8.36e-06 gnorm 0.29 37,319 tok/s 0.5min peak 3.17GiB
[20:44:59] [retr4096] step 40/50 loss 0.0709 lr 5.25e-06 gnorm 1.17 37,489 tok/s 0.6min peak 3.17GiB
[20:45:04] [retr4096] step 45/50 loss 0.0419 lr 3.21e-06 gnorm 0.13 37,617 tok/s 0.7min peak 3.17GiB
[20:45:08] [retr4096] step 50/50 loss 0.4204 lr 2.50e-06 gnorm 0.27 37,723 tok/s 0.7min peak 3.17GiB

Writing model shards:   0%|          | 0/1 [00:00<?, ?it/s]
Writing model shards: 100%|██████████| 1/1 [00:00<00:00, 13.17it/s]
[20:45:08] saved -> v3_5d\final\ctx4096\final (loss 0.4204)
[20:45:08] === retrieval 8192: 250 samples | init v3_5d\final\ctx4096\final | 2x4 | 31 steps | lr 2e-05 ===

Loading weights:   0%|          | 0/123 [00:00<?, ?it/s]
Loading weights: 100%|██████████| 123/123 [00:00<00:00, 2459.83it/s]
[20:45:21] [retr8192] step 5/31 loss 0.0475 lr 1.67e-05 gnorm 0.15 26,613 tok/s 0.2min peak 5.57GiB
[20:45:33] [retr8192] step 10/31 loss 0.0330 lr 1.89e-05 gnorm 0.15 26,636 tok/s 0.4min peak 5.57GiB
[20:45:45] [retr8192] step 15/31 loss 0.0632 lr 1.48e-05 gnorm 1.93 26,650 tok/s 0.6min peak 5.57GiB
[20:45:57] [retr8192] step 20/31 loss 0.6441 lr 9.31e-06 gnorm 0.61 26,672 tok/s 0.8min peak 5.57GiB
[20:46:10] [retr8192] step 25/31 loss 0.7621 lr 4.44e-06 gnorm 0.47 26,679 tok/s 1.0min peak 5.57GiB
[20:46:22] [retr8192] step 30/31 loss 0.4347 lr 2.07e-06 gnorm 0.18 26,686 tok/s 1.2min peak 5.57GiB
[20:46:24] [retr8192] step 31/31 loss 0.0346 lr 2.00e-06 gnorm 0.10 26,687 tok/s 1.3min peak 5.57GiB

Writing model shards:   0%|          | 0/1 [00:00<?, ?it/s]
Writing model shards: 100%|██████████| 1/1 [00:00<00:00, 14.48it/s]
[20:46:24] saved -> v3_5d\final\ctx8192\final (loss 0.0346)
[20:46:24] === retrieval 16384: 59 samples | init v3_5d\final\ctx8192\final | 1x4 | 14 steps | lr 1.5e-05 ===

Loading weights:   0%|          | 0/123 [00:00<?, ?it/s]
Loading weights: 100%|██████████| 123/123 [00:00<00:00, 2450.22it/s]
[20:46:43] [retr16384] step 5/14 loss 0.0077 lr 1.25e-05 gnorm 0.32 17,998 tok/s 0.3min peak 5.57GiB
[20:47:01] [retr16384] step 10/14 loss 0.0121 lr 8.25e-06 gnorm 0.36 18,006 tok/s 0.6min peak 5.57GiB
[20:47:16] [retr16384] step 14/14 loss 0.0203 lr 1.50e-06 gnorm 0.59 18,010 tok/s 0.8min peak 5.57GiB

Writing model shards:   0%|          | 0/1 [00:00<?, ?it/s]
Writing model shards: 100%|██████████| 1/1 [00:00<00:00, 15.76it/s]
[20:47:16] saved -> v3_5d\final\ctx16384\final (loss 0.0203)
[20:47:16] === retrieval 32768: 30 samples | init v3_5d\final\ctx16384\final | 1x4 | 7 steps | lr 1e-05 ===

Loading weights:   0%|          | 0/123 [00:00<?, ?it/s]
Loading weights: 100%|██████████| 123/123 [00:00<00:00, 2749.03it/s]
[20:48:14] [retr32768] step 5/7 loss 0.2890 lr 8.33e-06 gnorm 30.46 11,182 tok/s 1.0min peak 10.28GiB
[20:48:38] [retr32768] step 7/7 loss 0.1346 lr 1.00e-06 gnorm 17.87 11,182 tok/s 1.4min peak 10.28GiB

Writing model shards:   0%|          | 0/1 [00:00<?, ?it/s]
Writing model shards: 100%|██████████| 1/1 [00:00<00:00, 13.21it/s]
[20:48:38] saved -> v3_5d\final\ctx32768\final (loss 0.1346)
[20:48:38] retrieval SFT done -> v3_5d\final\ctx32768\final
