[20:52:08] === retrieval 4096: 500 samples | init v3_5d\final\ctx32768\final | 2x4 | 62 steps | lr 1.75e-05 ===

Loading weights:   0%|          | 0/123 [00:00<?, ?it/s]
Loading weights: 100%|██████████| 123/123 [00:00<00:00, 2320.52it/s]
E:\python\Lib\site-packages\torch\nn\modules\module.py:1369: UserWarning: expandable_segments not supported on this platform (Triggered internally at C:\actions-runner\_work\pytorch\pytorch\c10/cuda/CUDAAllocatorConfig.h:40.)
  return t.to(
[20:52:14] [retr4096] step 5/62 loss 2.0781 lr 1.46e-05 gnorm 3.81 30,496 tok/s 0.1min peak 3.17GiB
[20:52:18] [retr4096] step 10/62 loss 1.2268 lr 1.73e-05 gnorm 4.03 34,151 tok/s 0.2min peak 3.17GiB
[20:52:22] [retr4096] step 15/62 loss 0.0136 lr 1.65e-05 gnorm 0.15 35,578 tok/s 0.2min peak 3.17GiB
[20:52:27] [retr4096] step 20/62 loss 2.2748 lr 1.52e-05 gnorm 0.86 36,319 tok/s 0.3min peak 3.17GiB
[20:52:31] [retr4096] step 25/62 loss 0.7827 lr 1.34e-05 gnorm 2.32 36,793 tok/s 0.4min peak 3.17GiB
[20:52:35] [retr4096] step 30/62 loss 1.3137 lr 1.14e-05 gnorm 3.57 37,109 tok/s 0.4min peak 3.17GiB
[20:52:39] [retr4096] step 35/62 loss 0.8021 lr 9.18e-06 gnorm 0.49 37,332 tok/s 0.5min peak 3.17GiB
[20:52:43] [retr4096] step 40/62 loss 1.3812 lr 7.02e-06 gnorm 0.71 37,510 tok/s 0.6min peak 3.17GiB
[20:52:48] [retr4096] step 45/62 loss 0.6320 lr 5.07e-06 gnorm 0.46 37,642 tok/s 0.7min peak 3.17GiB
[20:52:52] [retr4096] step 50/62 loss 0.7346 lr 3.47e-06 gnorm 0.56 37,746 tok/s 0.7min peak 3.17GiB
[20:52:56] [retr4096] step 55/62 loss 1.9325 lr 2.35e-06 gnorm 0.80 37,829 tok/s 0.8min peak 3.17GiB
[20:53:00] [retr4096] step 60/62 loss 1.2380 lr 1.80e-06 gnorm 0.59 37,900 tok/s 0.9min peak 3.17GiB
[20:53:02] [retr4096] step 62/62 loss 0.8620 lr 1.75e-06 gnorm 15.74 37,927 tok/s 0.9min peak 3.17GiB

Writing model shards:   0%|          | 0/1 [00:00<?, ?it/s]
Writing model shards: 100%|██████████| 1/1 [00:00<00:00, 13.14it/s]
[20:53:02] saved -> v3_5e\final\ctx4096\final (loss 0.8620)
[20:53:02] === retrieval 8192: 350 samples | init v3_5e\final\ctx4096\final | 2x4 | 43 steps | lr 1.4e-05 ===

Loading weights:   0%|          | 0/123 [00:00<?, ?it/s]
Loading weights: 100%|██████████| 123/123 [00:00<00:00, 2129.28it/s]
[20:53:15] [retr8192] step 5/43 loss 1.5398 lr 1.17e-05 gnorm 6.57 26,690 tok/s 0.2min peak 5.57GiB
[20:53:27] [retr8192] step 10/43 loss 0.7603 lr 1.36e-05 gnorm 0.36 26,719 tok/s 0.4min peak 5.57GiB
[20:53:39] [retr8192] step 15/43 loss 1.8579 lr 1.22e-05 gnorm 0.77 26,726 tok/s 0.6min peak 5.57GiB
[20:53:51] [retr8192] step 20/43 loss 1.3198 lr 1.00e-05 gnorm 21.48 26,728 tok/s 0.8min peak 5.57GiB
[20:54:04] [retr8192] step 25/43 loss 0.1515 lr 7.43e-06 gnorm 3.57 26,728 tok/s 1.0min peak 5.57GiB
[20:54:16] [retr8192] step 30/43 loss 1.1940 lr 4.86e-06 gnorm 0.45 26,729 tok/s 1.2min peak 5.57GiB
[20:54:28] [retr8192] step 35/43 loss 0.7867 lr 2.80e-06 gnorm 0.35 26,729 tok/s 1.4min peak 5.57GiB
[20:54:40] [retr8192] step 40/43 loss 1.2659 lr 1.60e-06 gnorm 3.59 26,729 tok/s 1.6min peak 5.57GiB
[20:54:48] [retr8192] step 43/43 loss 0.9107 lr 1.40e-06 gnorm 11.78 26,730 tok/s 1.8min peak 5.57GiB

Writing model shards:   0%|          | 0/1 [00:00<?, ?it/s]
Writing model shards: 100%|██████████| 1/1 [00:00<00:00, 14.02it/s]
[20:54:48] saved -> v3_5e\final\ctx8192\final (loss 0.9107)
[20:54:48] === retrieval 16384: 194 samples | init v3_5e\final\ctx8192\final | 1x4 | 48 steps | lr 1.05e-05 ===

Loading weights:   0%|          | 0/123 [00:00<?, ?it/s]
Loading weights: 100%|██████████| 123/123 [00:00<00:00, 2308.26it/s]
[20:55:06] [retr16384] step 5/48 loss 0.2617 lr 8.75e-06 gnorm 19.58 17,981 tok/s 0.3min peak 5.57GiB
[20:55:24] [retr16384] step 10/48 loss 0.4073 lr 1.03e-05 gnorm 28.78 17,976 tok/s 0.6min peak 5.57GiB
[20:55:43] [retr16384] step 15/48 loss 0.6309 lr 9.47e-06 gnorm 18.34 17,975 tok/s 0.9min peak 5.57GiB
[20:56:01] [retr16384] step 20/48 loss 0.0943 lr 8.14e-06 gnorm 18.01 17,975 tok/s 1.2min peak 5.57GiB
[20:56:19] [retr16384] step 25/48 loss 0.4145 lr 6.48e-06 gnorm 30.39 17,971 tok/s 1.5min peak 5.57GiB
[20:56:37] [retr16384] step 30/48 loss 0.3845 lr 4.72e-06 gnorm 18.58 17,970 tok/s 1.8min peak 5.57GiB
[20:56:56] [retr16384] step 35/48 loss 0.9710 lr 3.11e-06 gnorm 33.87 17,970 tok/s 2.1min peak 5.57GiB
[20:57:14] [retr16384] step 40/48 loss 0.0391 lr 1.87e-06 gnorm 2.71 17,970 tok/s 2.4min peak 5.57GiB
[20:57:32] [retr16384] step 45/48 loss 0.0366 lr 1.17e-06 gnorm 1.39 17,969 tok/s 2.7min peak 5.57GiB
[20:57:43] [retr16384] step 48/48 loss 0.2734 lr 1.05e-06 gnorm 10.08 17,970 tok/s 2.9min peak 5.57GiB

Writing model shards:   0%|          | 0/1 [00:00<?, ?it/s]
Writing model shards: 100%|██████████| 1/1 [00:00<00:00, 10.96it/s]
[20:57:43] saved -> v3_5e\final\ctx16384\final (loss 0.2734)
[20:57:43] === retrieval 32768: 98 samples | init v3_5e\final\ctx16384\final | 1x4 | 24 steps | lr 7e-06 ===

Loading weights:   0%|          | 0/123 [00:00<?, ?it/s]
Loading weights: 100%|██████████| 123/123 [00:00<00:00, 2346.10it/s]
[20:58:42] [retr32768] step 5/24 loss 0.1886 lr 5.83e-06 gnorm 24.37 11,210 tok/s 1.0min peak 10.28GiB
[20:59:40] [retr32768] step 10/24 loss 0.0859 lr 6.26e-06 gnorm 12.55 11,209 tok/s 1.9min peak 10.28GiB
[21:00:39] [retr32768] step 15/24 loss 0.7782 lr 3.85e-06 gnorm 36.29 11,206 tok/s 2.9min peak 10.28GiB
[21:01:37] [retr32768] step 20/24 loss 0.0806 lr 1.44e-06 gnorm 5.13 11,204 tok/s 3.9min peak 10.28GiB
[21:02:24] [retr32768] step 24/24 loss 0.7642 lr 7.00e-07 gnorm 21.66 11,205 tok/s 4.7min peak 10.28GiB

Writing model shards:   0%|          | 0/1 [00:00<?, ?it/s]
Writing model shards: 100%|██████████| 1/1 [00:00<00:00, 11.68it/s]
[21:02:24] saved -> v3_5e\final\ctx32768\final (loss 0.7642)
[21:02:24] retrieval SFT done -> v3_5e\final\ctx32768\final
