[20:17:23] === retrieval 4096: 700 samples | init v3_4\release | 2x4 | 87 steps | lr 1.5e-05 ===

Loading weights:   0%|          | 0/123 [00:00<?, ?it/s]
Loading weights: 100%|██████████| 123/123 [00:00<00:00, 1563.47it/s]
E:\python\Lib\site-packages\torch\nn\modules\module.py:1369: UserWarning: expandable_segments not supported on this platform (Triggered internally at C:\actions-runner\_work\pytorch\pytorch\c10/cuda/CUDAAllocatorConfig.h:40.)
  return t.to(
[20:17:29] [retr4096] step 5/87 loss 2.2456 lr 9.38e-06 gnorm 1.73 27,446 tok/s 0.1min peak 3.17GiB
[20:17:33] [retr4096] step 10/87 loss 2.0334 lr 1.50e-05 gnorm 3.94 31,718 tok/s 0.2min peak 3.17GiB
[20:17:38] [retr4096] step 15/87 loss 1.8543 lr 1.47e-05 gnorm 5.48 33,409 tok/s 0.2min peak 3.17GiB
[20:17:42] [retr4096] step 20/87 loss 1.5636 lr 1.42e-05 gnorm 0.70 34,462 tok/s 0.3min peak 3.17GiB
[20:17:46] [retr4096] step 25/87 loss 0.8041 lr 1.35e-05 gnorm 4.57 35,056 tok/s 0.4min peak 3.17GiB
[20:17:51] [retr4096] step 30/87 loss 2.6138 lr 1.26e-05 gnorm 0.90 35,483 tok/s 0.5min peak 3.17GiB
[20:17:55] [retr4096] step 35/87 loss 1.9334 lr 1.15e-05 gnorm 0.81 35,821 tok/s 0.5min peak 3.17GiB
[20:17:59] [retr4096] step 40/87 loss 2.4571 lr 1.02e-05 gnorm 6.54 36,074 tok/s 0.6min peak 3.17GiB
[20:18:04] [retr4096] step 45/87 loss 1.4043 lr 8.92e-06 gnorm 0.74 36,276 tok/s 0.7min peak 3.17GiB
[20:18:08] [retr4096] step 50/87 loss 1.5035 lr 7.58e-06 gnorm 0.57 36,406 tok/s 0.7min peak 3.17GiB
[20:18:12] [retr4096] step 55/87 loss 0.8785 lr 6.27e-06 gnorm 7.62 36,525 tok/s 0.8min peak 3.17GiB
[20:18:17] [retr4096] step 60/87 loss 2.5496 lr 5.03e-06 gnorm 0.73 36,657 tok/s 0.9min peak 3.17GiB
[20:18:21] [retr4096] step 65/87 loss 2.9380 lr 3.92e-06 gnorm 0.98 36,732 tok/s 1.0min peak 3.17GiB
[20:18:25] [retr4096] step 70/87 loss 2.0077 lr 2.98e-06 gnorm 1.65 36,771 tok/s 1.0min peak 3.17GiB
[20:18:30] [retr4096] step 75/87 loss 0.7814 lr 2.25e-06 gnorm 2.61 36,844 tok/s 1.1min peak 3.17GiB
[20:18:34] [retr4096] step 80/87 loss 2.4150 lr 1.76e-06 gnorm 0.72 36,913 tok/s 1.2min peak 3.17GiB
[20:18:38] [retr4096] step 85/87 loss 1.9351 lr 1.52e-06 gnorm 0.72 36,953 tok/s 1.3min peak 3.17GiB
[20:18:40] [retr4096] step 87/87 loss 1.8196 lr 1.50e-06 gnorm 1.02 36,965 tok/s 1.3min peak 3.17GiB

Writing model shards:   0%|          | 0/1 [00:00<?, ?it/s]
Writing model shards: 100%|██████████| 1/1 [00:00<00:00,  8.20it/s]
Writing model shards: 100%|██████████| 1/1 [00:00<00:00,  8.13it/s]
[20:18:40] saved -> v3_5b\final\ctx4096\final (loss 1.8196)
[20:18:40] === retrieval 8192: 450 samples | init v3_5b\final\ctx4096\final | 2x4 | 56 steps | lr 1.2e-05 ===

Loading weights:   0%|          | 0/123 [00:00<?, ?it/s]
Loading weights: 100%|██████████| 123/123 [00:00<00:00, 1511.47it/s]
[20:18:53] [retr8192] step 5/56 loss 1.5335 lr 7.50e-06 gnorm 2.08 26,306 tok/s 0.2min peak 5.57GiB
[20:19:06] [retr8192] step 10/56 loss 1.6169 lr 1.20e-05 gnorm 4.04 26,256 tok/s 0.4min peak 5.57GiB
[20:19:18] [retr8192] step 15/56 loss 1.4463 lr 1.14e-05 gnorm 8.37 26,141 tok/s 0.6min peak 5.57GiB
[20:19:31] [retr8192] step 20/56 loss 2.5724 lr 1.04e-05 gnorm 0.64 26,072 tok/s 0.8min peak 5.57GiB
[20:19:44] [retr8192] step 25/56 loss 1.4777 lr 8.99e-06 gnorm 2.32 25,876 tok/s 1.1min peak 5.57GiB
[20:19:58] [retr8192] step 30/56 loss 2.3409 lr 7.30e-06 gnorm 3.38 25,517 tok/s 1.3min peak 5.57GiB
[20:20:12] [retr8192] step 35/56 loss 0.7904 lr 5.55e-06 gnorm 1.54 25,171 tok/s 1.5min peak 5.57GiB
[20:20:26] [retr8192] step 40/56 loss 0.8477 lr 3.90e-06 gnorm 3.36 24,887 tok/s 1.8min peak 5.57GiB
[20:20:39] [retr8192] step 45/56 loss 1.6005 lr 2.54e-06 gnorm 1.94 24,864 tok/s 2.0min peak 5.57GiB
[20:20:53] [retr8192] step 50/56 loss 1.0111 lr 1.61e-06 gnorm 10.00 24,780 tok/s 2.2min peak 5.57GiB
[20:21:07] [retr8192] step 55/56 loss 2.2345 lr 1.21e-06 gnorm 6.62 24,576 tok/s 2.4min peak 5.57GiB
[20:21:10] [retr8192] step 56/56 loss 1.8321 lr 1.20e-06 gnorm 1.54 24,563 tok/s 2.5min peak 5.57GiB

Writing model shards:   0%|          | 0/1 [00:00<?, ?it/s]
Writing model shards: 100%|██████████| 1/1 [00:00<00:00,  3.75it/s]
Writing model shards: 100%|██████████| 1/1 [00:00<00:00,  3.75it/s]
[20:21:10] saved -> v3_5b\final\ctx8192\final (loss 1.8321)
[20:21:12] === retrieval 16384: 200 samples | init v3_5b\final\ctx8192\final | 1x4 | 50 steps | lr 9e-06 ===

Loading weights:   0%|          | 0/123 [00:00<?, ?it/s]
Loading weights:  61%|██████    | 75/123 [00:00<00:00, 668.12it/s]
Loading weights: 100%|██████████| 123/123 [00:00<00:00, 825.90it/s]
[20:21:32] [retr16384] step 5/50 loss 0.2646 lr 5.63e-06 gnorm 21.78 16,596 tok/s 0.3min peak 5.57GiB
[20:21:50] [retr16384] step 10/50 loss 0.2821 lr 8.95e-06 gnorm 31.10 17,171 tok/s 0.6min peak 5.57GiB
[20:22:09] [retr16384] step 15/50 loss 0.5288 lr 8.46e-06 gnorm 26.21 17,394 tok/s 0.9min peak 5.57GiB
[20:22:27] [retr16384] step 20/50 loss 0.2761 lr 7.48e-06 gnorm 30.98 17,509 tok/s 1.2min peak 5.57GiB
[20:22:46] [retr16384] step 25/50 loss 0.0099 lr 6.14e-06 gnorm 0.91 17,552 tok/s 1.6min peak 5.57GiB
[20:23:04] [retr16384] step 30/50 loss 0.0225 lr 4.65e-06 gnorm 1.07 17,618 tok/s 1.9min peak 5.57GiB
[20:23:22] [retr16384] step 35/50 loss 0.0516 lr 3.19e-06 gnorm 17.74 17,656 tok/s 2.2min peak 5.57GiB
[20:23:41] [retr16384] step 40/50 loss 0.3635 lr 1.98e-06 gnorm 12.15 17,673 tok/s 2.5min peak 5.57GiB
[20:23:59] [retr16384] step 45/50 loss 0.2055 lr 1.18e-06 gnorm 8.13 17,670 tok/s 2.8min peak 5.57GiB
[20:24:18] [retr16384] step 50/50 loss 0.0532 lr 9.00e-07 gnorm 4.78 17,676 tok/s 3.1min peak 5.57GiB

Writing model shards:   0%|          | 0/1 [00:00<?, ?it/s]
Writing model shards: 100%|██████████| 1/1 [00:00<00:00,  5.01it/s]
Writing model shards: 100%|██████████| 1/1 [00:00<00:00,  4.98it/s]
[20:24:18] saved -> v3_5b\final\ctx16384\final (loss 0.0532)
[20:24:18] === retrieval 32768: 100 samples | init v3_5b\final\ctx16384\final | 1x4 | 25 steps | lr 6e-06 ===

Loading weights:   0%|          | 0/123 [00:00<?, ?it/s]
Loading weights: 100%|██████████| 123/123 [00:00<00:00, 1421.86it/s]
[20:25:18] [retr32768] step 5/25 loss 0.5720 lr 3.75e-06 gnorm 26.06 11,074 tok/s 1.0min peak 10.28GiB
[20:26:16] [retr32768] step 10/25 loss 0.0391 lr 5.82e-06 gnorm 5.75 11,136 tok/s 2.0min peak 10.28GiB
[20:27:14] [retr32768] step 15/25 loss 0.1308 lr 4.04e-06 gnorm 9.75 11,198 tok/s 2.9min peak 10.28GiB
[20:28:13] [retr32768] step 20/25 loss 0.4914 lr 1.67e-06 gnorm 37.16 11,191 tok/s 3.9min peak 10.28GiB
[20:29:11] [retr32768] step 25/25 loss 0.0821 lr 6.00e-07 gnorm 13.08 11,188 tok/s 4.9min peak 10.28GiB

Writing model shards:   0%|          | 0/1 [00:00<?, ?it/s]
Writing model shards: 100%|██████████| 1/1 [00:00<00:00,  7.83it/s]
Writing model shards: 100%|██████████| 1/1 [00:00<00:00,  7.77it/s]
[20:29:11] saved -> v3_5b\final\ctx32768\final (loss 0.0821)
[20:29:12] retrieval SFT done -> v3_5b\final\ctx32768\final
