[19:18:10] === retrieval 4096: 60 samples | init v3_4\soup_4_3 | 2x4 | 7 steps | lr 1.25e-05 ===

Loading weights:   0%|          | 0/123 [00:00<?, ?it/s]
Loading weights: 100%|██████████| 123/123 [00:00<00:00, 1622.06it/s]
E:\python\Lib\site-packages\torch\nn\modules\module.py:1369: UserWarning: expandable_segments not supported on this platform (Triggered internally at C:\actions-runner\_work\pytorch\pytorch\c10/cuda/CUDAAllocatorConfig.h:40.)
  return t.to(
[19:18:16] [retr4096] step 5/7 loss 0.4388 lr 1.25e-05 gnorm 11.66 27,800 tok/s 0.1min peak 3.17GiB
[19:18:18] [retr4096] step 7/7 loss 1.1047 lr 1.25e-06 gnorm 20.15 30,177 tok/s 0.1min peak 3.17GiB

Writing model shards:   0%|          | 0/1 [00:00<?, ?it/s]
Writing model shards: 100%|██████████| 1/1 [00:00<00:00,  9.45it/s]
Writing model shards: 100%|██████████| 1/1 [00:00<00:00,  9.45it/s]
[19:18:18] saved -> v3_5\final\ctx4096\final (loss 1.1047)
[19:18:18] === retrieval 8192: 40 samples | init v3_5\final\ctx4096\final | 2x4 | 5 steps | lr 1e-05 ===

Loading weights:   0%|          | 0/123 [00:00<?, ?it/s]
Loading weights:  70%|██████▉   | 86/123 [00:00<00:00, 855.33it/s]
Loading weights: 100%|██████████| 123/123 [00:00<00:00, 1149.51it/s]
[19:18:31] [retr8192] step 5/5 loss 0.0148 lr 1.00e-05 gnorm 1.10 26,536 tok/s 0.2min peak 5.57GiB

Writing model shards:   0%|          | 0/1 [00:00<?, ?it/s]
Writing model shards: 100%|██████████| 1/1 [00:00<00:00, 10.79it/s]
[19:18:31] saved -> v3_5\final\ctx8192\final (loss 0.0148)
[19:18:31] === retrieval 16384: 250 samples | init v3_5\final\ctx8192\final | 1x4 | 62 steps | lr 7.5e-06 ===

Loading weights:   0%|          | 0/123 [00:00<?, ?it/s]
Loading weights: 100%|██████████| 123/123 [00:00<00:00, 1405.23it/s]
[19:18:50] [retr16384] step 5/62 loss 0.4755 lr 7.50e-06 gnorm 11.82 17,937 tok/s 0.3min peak 5.57GiB
[19:19:08] [retr16384] step 10/62 loss 0.3740 lr 7.37e-06 gnorm 16.25 17,843 tok/s 0.6min peak 5.57GiB
[19:19:26] [retr16384] step 15/62 loss 0.2643 lr 7.00e-06 gnorm 29.23 17,886 tok/s 0.9min peak 5.57GiB
[19:19:45] [retr16384] step 20/62 loss 0.3322 lr 6.41e-06 gnorm 16.53 17,894 tok/s 1.2min peak 5.57GiB
[19:20:03] [retr16384] step 25/62 loss 0.0687 lr 5.65e-06 gnorm 11.87 17,893 tok/s 1.5min peak 5.57GiB
[19:20:21] [retr16384] step 30/62 loss 0.4914 lr 4.77e-06 gnorm 17.97 17,876 tok/s 1.8min peak 5.57GiB
[19:20:40] [retr16384] step 35/62 loss 0.0549 lr 3.85e-06 gnorm 6.10 17,884 tok/s 2.1min peak 5.57GiB
[19:20:58] [retr16384] step 40/62 loss 0.0456 lr 2.94e-06 gnorm 2.59 17,884 tok/s 2.4min peak 5.57GiB
[19:21:16] [retr16384] step 45/62 loss 0.0042 lr 2.13e-06 gnorm 0.94 17,885 tok/s 2.7min peak 5.57GiB
[19:21:35] [retr16384] step 50/62 loss 0.1376 lr 1.46e-06 gnorm 21.09 17,884 tok/s 3.1min peak 5.57GiB
[19:21:53] [retr16384] step 55/62 loss 0.0052 lr 9.98e-07 gnorm 0.39 17,885 tok/s 3.4min peak 5.57GiB
[19:22:11] [retr16384] step 60/62 loss 0.2281 lr 7.70e-07 gnorm 14.78 17,876 tok/s 3.7min peak 5.57GiB
[19:22:19] [retr16384] step 62/62 loss 0.5954 lr 7.50e-07 gnorm 23.63 17,878 tok/s 3.8min peak 5.57GiB

Writing model shards:   0%|          | 0/1 [00:00<?, ?it/s]
Writing model shards: 100%|██████████| 1/1 [00:00<00:00, 11.19it/s]
[19:22:19] saved -> v3_5\final\ctx16384\final (loss 0.5954)
[19:22:19] === retrieval 32768: 150 samples | init v3_5\final\ctx16384\final | 1x4 | 37 steps | lr 5e-06 ===

Loading weights:   0%|          | 0/123 [00:00<?, ?it/s]
Loading weights: 100%|██████████| 123/123 [00:00<00:00, 1329.06it/s]
[19:23:18] [retr32768] step 5/37 loss 1.2448 lr 5.00e-06 gnorm 50.85 11,183 tok/s 1.0min peak 10.28GiB
[19:24:16] [retr32768] step 10/37 loss 0.0596 lr 4.73e-06 gnorm 8.23 11,173 tok/s 2.0min peak 10.28GiB
[19:25:15] [retr32768] step 15/37 loss 0.0488 lr 4.00e-06 gnorm 6.30 11,176 tok/s 2.9min peak 10.28GiB
[19:26:14] [retr32768] step 20/37 loss 0.3157 lr 2.97e-06 gnorm 12.14 11,178 tok/s 3.9min peak 10.28GiB
[19:27:12] [retr32768] step 25/37 loss 0.2150 lr 1.89e-06 gnorm 10.49 11,181 tok/s 4.9min peak 10.28GiB
[19:28:11] [retr32768] step 30/37 loss 0.3884 lr 1.01e-06 gnorm 23.69 11,181 tok/s 5.9min peak 10.28GiB
[19:29:09] [retr32768] step 35/37 loss 0.5075 lr 5.43e-07 gnorm 33.01 11,182 tok/s 6.8min peak 10.28GiB
[19:29:33] [retr32768] step 37/37 loss 0.4039 lr 5.00e-07 gnorm 37.30 11,182 tok/s 7.2min peak 10.28GiB

Writing model shards:   0%|          | 0/1 [00:00<?, ?it/s]
Writing model shards: 100%|██████████| 1/1 [00:00<00:00,  5.99it/s]
Writing model shards: 100%|██████████| 1/1 [00:00<00:00,  5.95it/s]
[19:29:33] saved -> v3_5\final\ctx32768\final (loss 0.4039)
[19:29:33] retrieval SFT done -> v3_5\final\ctx32768\final
