[20:33:10] === retrieval 4096: 600 samples | init v3_4\release | 2x4 | 75 steps | lr 4e-05 ===

Loading weights:   0%|          | 0/123 [00:00<?, ?it/s]
Loading weights: 100%|██████████| 123/123 [00:00<00:00, 2274.46it/s]
E:\python\Lib\site-packages\torch\nn\modules\module.py:1369: UserWarning: expandable_segments not supported on this platform (Triggered internally at C:\actions-runner\_work\pytorch\pytorch\c10/cuda/CUDAAllocatorConfig.h:40.)
  return t.to(
[20:33:16] [retr4096] step 5/75 loss 1.5788 lr 2.00e-05 gnorm 8.48 30,701 tok/s 0.1min peak 3.17GiB
[20:33:20] [retr4096] step 10/75 loss 1.1846 lr 4.00e-05 gnorm 3.46 34,258 tok/s 0.2min peak 3.17GiB
[20:33:24] [retr4096] step 15/75 loss 1.3297 lr 3.95e-05 gnorm 1.57 35,654 tok/s 0.2min peak 3.17GiB
[20:33:29] [retr4096] step 20/75 loss 0.4474 lr 3.79e-05 gnorm 1.18 36,388 tok/s 0.3min peak 3.17GiB
[20:33:33] [retr4096] step 25/75 loss 1.0677 lr 3.55e-05 gnorm 0.93 36,849 tok/s 0.4min peak 3.17GiB
[20:33:37] [retr4096] step 30/75 loss 0.5855 lr 3.22e-05 gnorm 0.50 37,159 tok/s 0.4min peak 3.17GiB
[20:33:41] [retr4096] step 35/75 loss 0.1543 lr 2.84e-05 gnorm 0.36 37,386 tok/s 0.5min peak 3.17GiB
[20:33:46] [retr4096] step 40/75 loss 0.1094 lr 2.42e-05 gnorm 0.45 37,553 tok/s 0.6min peak 3.17GiB
[20:33:50] [retr4096] step 45/75 loss 0.0660 lr 1.98e-05 gnorm 0.20 37,687 tok/s 0.7min peak 3.17GiB
[20:33:54] [retr4096] step 50/75 loss 0.0712 lr 1.56e-05 gnorm 0.25 37,789 tok/s 0.7min peak 3.17GiB
[20:33:58] [retr4096] step 55/75 loss 0.9212 lr 1.18e-05 gnorm 0.51 37,873 tok/s 0.8min peak 3.17GiB
[20:34:02] [retr4096] step 60/75 loss 0.0630 lr 8.53e-06 gnorm 0.18 37,943 tok/s 0.9min peak 3.17GiB
[20:34:07] [retr4096] step 65/75 loss 0.0759 lr 6.06e-06 gnorm 0.18 37,994 tok/s 0.9min peak 3.17GiB
[20:34:11] [retr4096] step 70/75 loss 0.0558 lr 4.52e-06 gnorm 0.17 38,038 tok/s 1.0min peak 3.17GiB
[20:34:15] [retr4096] step 75/75 loss 1.1740 lr 4.00e-06 gnorm 0.57 38,077 tok/s 1.1min peak 3.17GiB

Writing model shards:   0%|          | 0/1 [00:00<?, ?it/s]
Writing model shards: 100%|██████████| 1/1 [00:00<00:00, 10.18it/s]
[20:34:15] saved -> v3_5c\final\ctx4096\final (loss 1.1740)
[20:34:15] === retrieval 8192: 400 samples | init v3_5c\final\ctx4096\final | 2x4 | 50 steps | lr 3.2e-05 ===

Loading weights:   0%|          | 0/123 [00:00<?, ?it/s]
Loading weights: 100%|██████████| 123/123 [00:00<00:00, 2153.34it/s]
[20:34:28] [retr8192] step 5/50 loss 0.0493 lr 1.60e-05 gnorm 0.13 26,588 tok/s 0.2min peak 5.57GiB
[20:34:40] [retr8192] step 10/50 loss 0.4561 lr 3.20e-05 gnorm 0.24 26,615 tok/s 0.4min peak 5.57GiB
[20:34:52] [retr8192] step 15/50 loss 1.2086 lr 3.09e-05 gnorm 0.52 26,621 tok/s 0.6min peak 5.57GiB
[20:35:05] [retr8192] step 20/50 loss 0.0405 lr 2.78e-05 gnorm 0.17 26,626 tok/s 0.8min peak 5.57GiB
[20:35:17] [retr8192] step 25/50 loss 0.0320 lr 2.31e-05 gnorm 0.14 26,630 tok/s 1.0min peak 5.57GiB
[20:35:29] [retr8192] step 30/50 loss 0.7932 lr 1.76e-05 gnorm 0.36 26,635 tok/s 1.2min peak 5.57GiB
[20:35:42] [retr8192] step 35/50 loss 1.5546 lr 1.21e-05 gnorm 0.51 26,638 tok/s 1.4min peak 5.57GiB
[20:35:54] [retr8192] step 40/50 loss 0.6337 lr 7.42e-06 gnorm 6.22 26,639 tok/s 1.6min peak 5.57GiB
[20:36:06] [retr8192] step 45/50 loss 0.3785 lr 4.30e-06 gnorm 0.24 26,640 tok/s 1.8min peak 5.57GiB
[20:36:18] [retr8192] step 50/50 loss 0.0220 lr 3.20e-06 gnorm 0.10 26,641 tok/s 2.0min peak 5.57GiB

Writing model shards:   0%|          | 0/1 [00:00<?, ?it/s]
Writing model shards: 100%|██████████| 1/1 [00:00<00:00, 13.40it/s]
[20:36:19] saved -> v3_5c\final\ctx8192\final (loss 0.0220)
[20:36:19] === retrieval 16384: 117 samples | init v3_5c\final\ctx8192\final | 1x4 | 29 steps | lr 2.4e-05 ===

Loading weights:   0%|          | 0/123 [00:00<?, ?it/s]
Loading weights: 100%|██████████| 123/123 [00:00<00:00, 2368.24it/s]
[20:36:37] [retr16384] step 5/29 loss 0.0428 lr 1.20e-05 gnorm 3.81 17,951 tok/s 0.3min peak 5.57GiB
[20:36:55] [retr16384] step 10/29 loss 0.0203 lr 2.40e-05 gnorm 3.58 17,964 tok/s 0.6min peak 5.57GiB
[20:37:13] [retr16384] step 15/29 loss 0.0195 lr 2.05e-05 gnorm 0.68 17,966 tok/s 0.9min peak 5.57GiB
[20:37:32] [retr16384] step 20/29 loss 0.0811 lr 1.23e-05 gnorm 5.60 17,968 tok/s 1.2min peak 5.57GiB
[20:37:50] [retr16384] step 25/29 loss 0.0268 lr 4.68e-06 gnorm 0.36 17,970 tok/s 1.5min peak 5.57GiB
[20:38:05] [retr16384] step 29/29 loss 0.1405 lr 2.40e-06 gnorm 10.66 17,971 tok/s 1.8min peak 5.57GiB

Writing model shards:   0%|          | 0/1 [00:00<?, ?it/s]
Writing model shards: 100%|██████████| 1/1 [00:00<00:00, 12.47it/s]
[20:38:05] saved -> v3_5c\final\ctx16384\final (loss 0.1405)
[20:38:05] === retrieval 32768: 59 samples | init v3_5c\final\ctx16384\final | 1x4 | 14 steps | lr 1.6e-05 ===

Loading weights:   0%|          | 0/123 [00:00<?, ?it/s]
Loading weights: 100%|██████████| 123/123 [00:00<00:00, 2307.05it/s]
[20:39:03] [retr32768] step 5/14 loss 0.3457 lr 8.00e-06 gnorm 27.22 11,205 tok/s 1.0min peak 10.28GiB
[20:40:02] [retr32768] step 10/14 loss 0.2467 lr 1.60e-05 gnorm 20.03 11,207 tok/s 1.9min peak 10.28GiB
[20:40:48] [retr32768] step 14/14 loss 0.5253 lr 1.60e-06 gnorm 18.74 11,209 tok/s 2.7min peak 10.28GiB

Writing model shards:   0%|          | 0/1 [00:00<?, ?it/s]
Writing model shards: 100%|██████████| 1/1 [00:00<00:00, 12.92it/s]
[20:40:49] saved -> v3_5c\final\ctx32768\final (loss 0.5253)
[20:40:49] retrieval SFT done -> v3_5c\final\ctx32768\final
