[22:34:18] === retrieval 4096: 300 samples | init v3_6q\final | 2x4 | 37 steps | 1 epoch(s) | lr 1.25e-05 ===

Loading weights:   0%|          | 0/123 [00:00<?, ?it/s]
Loading weights: 100%|██████████| 123/123 [00:00<00:00, 2154.57it/s]
[22:34:24] [retr4096] step 5/37 loss 0.0646 lr 1.25e-05 gnorm 3.02 30,422 tok/s 0.1min peak 3.17GiB
[22:34:28] [retr4096] step 10/37 loss 0.1811 lr 1.18e-05 gnorm 6.41 34,101 tok/s 0.2min peak 3.17GiB
[22:34:32] [retr4096] step 15/37 loss 0.1693 lr 1.00e-05 gnorm 3.13 35,502 tok/s 0.2min peak 3.17GiB
[22:34:37] [retr4096] step 20/37 loss 0.0697 lr 7.43e-06 gnorm 2.02 36,266 tok/s 0.3min peak 3.17GiB
[22:34:41] [retr4096] step 25/37 loss 0.0222 lr 4.72e-06 gnorm 0.11 36,732 tok/s 0.4min peak 3.17GiB
[22:34:45] [retr4096] step 30/37 loss 0.2980 lr 2.53e-06 gnorm 8.73 37,045 tok/s 0.4min peak 3.17GiB
[22:34:49] [retr4096] step 35/37 loss 0.3361 lr 1.36e-06 gnorm 15.31 37,271 tok/s 0.5min peak 3.17GiB
[22:34:51] [retr4096] step 37/37 loss 0.0224 lr 1.25e-06 gnorm 0.43 37,344 tok/s 0.5min peak 3.17GiB

Writing model shards:   0%|          | 0/1 [00:00<?, ?it/s]
Writing model shards: 100%|██████████| 1/1 [00:00<00:00, 12.42it/s]
[22:34:51] saved -> v3_6r\final\ctx4096\final (loss 0.0224)
[22:34:51] === retrieval 8192: 200 samples | init v3_6r\final\ctx4096\final | 2x4 | 25 steps | 1 epoch(s) | lr 1e-05 ===

Loading weights:   0%|          | 0/123 [00:00<?, ?it/s]
Loading weights: 100%|██████████| 123/123 [00:00<00:00, 1826.46it/s]
[22:35:04] [retr8192] step 5/25 loss 0.2211 lr 1.00e-05 gnorm 4.70 26,688 tok/s 0.2min peak 5.57GiB
[22:35:16] [retr8192] step 10/25 loss 0.1337 lr 8.68e-06 gnorm 4.91 26,705 tok/s 0.4min peak 5.57GiB
[22:35:28] [retr8192] step 15/25 loss 0.2098 lr 5.50e-06 gnorm 8.37 26,716 tok/s 0.6min peak 5.57GiB
[22:35:40] [retr8192] step 20/25 loss 0.0190 lr 2.32e-06 gnorm 0.06 26,718 tok/s 0.8min peak 5.57GiB
[22:35:53] [retr8192] step 25/25 loss 0.0989 lr 1.00e-06 gnorm 3.20 26,720 tok/s 1.0min peak 5.57GiB

Writing model shards:   0%|          | 0/1 [00:00<?, ?it/s]
Writing model shards: 100%|██████████| 1/1 [00:00<00:00, 14.55it/s]
[22:35:53] saved -> v3_6r\final\ctx8192\final (loss 0.0989)
[22:35:53] === retrieval 16384: 98 samples | init v3_6r\final\ctx8192\final | 1x4 | 24 steps | 1 epoch(s) | lr 7.5e-06 ===

Loading weights:   0%|          | 0/123 [00:00<?, ?it/s]
Loading weights: 100%|██████████| 123/123 [00:00<00:00, 1906.61it/s]
[22:36:11] [retr16384] step 5/24 loss 0.0165 lr 7.50e-06 gnorm 2.47 18,002 tok/s 0.3min peak 5.57GiB
[22:36:29] [retr16384] step 10/24 loss 0.1863 lr 6.41e-06 gnorm 10.34 17,995 tok/s 0.6min peak 5.57GiB
[22:36:47] [retr16384] step 15/24 loss 0.4411 lr 3.85e-06 gnorm 24.06 17,991 tok/s 0.9min peak 5.57GiB
[22:37:06] [retr16384] step 20/24 loss 0.5363 lr 1.46e-06 gnorm 19.33 17,998 tok/s 1.2min peak 5.57GiB
[22:37:20] [retr16384] step 24/24 loss 0.0666 lr 7.50e-07 gnorm 3.08 18,002 tok/s 1.5min peak 5.57GiB

Writing model shards:   0%|          | 0/1 [00:00<?, ?it/s]
Writing model shards: 100%|██████████| 1/1 [00:00<00:00, 13.80it/s]
[22:37:20] saved -> v3_6r\final\ctx16384\final (loss 0.0666)
[22:37:20] === retrieval 32768: 59 samples | init v3_6r\final\ctx16384\final | 1x4 | 14 steps | 1 epoch(s) | lr 5e-06 ===

Loading weights:   0%|          | 0/123 [00:00<?, ?it/s]
Loading weights: 100%|██████████| 123/123 [00:00<00:00, 2023.28it/s]
[22:38:19] [retr32768] step 5/14 loss 0.3609 lr 5.00e-06 gnorm 26.55 11,181 tok/s 1.0min peak 10.28GiB
[22:39:18] [retr32768] step 10/14 loss 0.3500 lr 2.36e-06 gnorm 18.68 11,184 tok/s 2.0min peak 10.28GiB
[22:40:05] [retr32768] step 14/14 loss 0.7430 lr 5.00e-07 gnorm 19.36 11,184 tok/s 2.7min peak 10.28GiB

Writing model shards:   0%|          | 0/1 [00:00<?, ?it/s]
Writing model shards: 100%|██████████| 1/1 [00:00<00:00, 12.24it/s]
[22:40:05] saved -> v3_6r\final\ctx32768\final (loss 0.7430)
[22:40:05] retrieval SFT done -> v3_6r\final\ctx32768\final
