[19:38:02] === retrieval 4096: 700 samples | init v3_4\soup_4_3 | 2x4 | 87 steps | lr 1.75e-05 ===

Loading weights:   0%|          | 0/123 [00:00<?, ?it/s]
Loading weights: 100%|██████████| 123/123 [00:00<00:00, 2330.10it/s]
E:\python\Lib\site-packages\torch\nn\modules\module.py:1369: UserWarning: expandable_segments not supported on this platform (Triggered internally at C:\actions-runner\_work\pytorch\pytorch\c10/cuda/CUDAAllocatorConfig.h:40.)
  return t.to(
[19:38:08] [retr4096] step 5/87 loss 1.0535 lr 1.09e-05 gnorm 8.13 27,704 tok/s 0.1min peak 3.17GiB
[19:38:13] [retr4096] step 10/87 loss 2.7698 lr 1.75e-05 gnorm 0.89 31,924 tok/s 0.2min peak 3.17GiB
[19:38:17] [retr4096] step 15/87 loss 1.6553 lr 1.72e-05 gnorm 6.65 33,646 tok/s 0.2min peak 3.17GiB
[19:38:21] [retr4096] step 20/87 loss 1.6306 lr 1.66e-05 gnorm 5.10 34,560 tok/s 0.3min peak 3.17GiB
[19:38:26] [retr4096] step 25/87 loss 1.3867 lr 1.58e-05 gnorm 0.63 35,155 tok/s 0.4min peak 3.17GiB
[19:38:30] [retr4096] step 30/87 loss 1.0891 lr 1.47e-05 gnorm 3.65 35,584 tok/s 0.5min peak 3.17GiB
[19:38:34] [retr4096] step 35/87 loss 2.9884 lr 1.34e-05 gnorm 0.99 35,900 tok/s 0.5min peak 3.17GiB
[19:38:39] [retr4096] step 40/87 loss 2.8878 lr 1.19e-05 gnorm 1.15 36,100 tok/s 0.6min peak 3.17GiB
[19:38:43] [retr4096] step 45/87 loss 3.0615 lr 1.04e-05 gnorm 0.89 36,271 tok/s 0.7min peak 3.17GiB
[19:38:47] [retr4096] step 50/87 loss 3.0533 lr 8.84e-06 gnorm 0.87 36,398 tok/s 0.8min peak 3.17GiB
[19:38:52] [retr4096] step 55/87 loss 2.0161 lr 7.31e-06 gnorm 1.01 36,505 tok/s 0.8min peak 3.17GiB
[19:38:56] [retr4096] step 60/87 loss 2.0022 lr 5.87e-06 gnorm 0.91 36,615 tok/s 0.9min peak 3.17GiB
[19:39:00] [retr4096] step 65/87 loss 1.6003 lr 4.58e-06 gnorm 4.06 36,710 tok/s 1.0min peak 3.17GiB
[19:39:05] [retr4096] step 70/87 loss 0.7577 lr 3.48e-06 gnorm 0.85 36,769 tok/s 1.0min peak 3.17GiB
[19:39:09] [retr4096] step 75/87 loss 0.9585 lr 2.63e-06 gnorm 5.85 36,818 tok/s 1.1min peak 3.17GiB
[19:39:13] [retr4096] step 80/87 loss 3.1432 lr 2.05e-06 gnorm 0.96 36,888 tok/s 1.2min peak 3.17GiB
[19:39:18] [retr4096] step 85/87 loss 1.1767 lr 1.77e-06 gnorm 0.98 36,936 tok/s 1.3min peak 3.17GiB
[19:39:20] [retr4096] step 87/87 loss 1.5547 lr 1.75e-06 gnorm 0.75 36,939 tok/s 1.3min peak 3.17GiB

Writing model shards:   0%|          | 0/1 [00:00<?, ?it/s]
Writing model shards: 100%|██████████| 1/1 [00:00<00:00,  6.96it/s]
Writing model shards: 100%|██████████| 1/1 [00:00<00:00,  6.92it/s]
[19:39:20] saved -> v3_6\final\ctx4096\final (loss 1.5547)
[19:39:20] === retrieval 8192: 450 samples | init v3_6\final\ctx4096\final | 2x4 | 56 steps | lr 1.4e-05 ===

Loading weights:   0%|          | 0/123 [00:00<?, ?it/s]
Loading weights: 100%|██████████| 123/123 [00:00<00:00, 1533.04it/s]
[19:39:33] [retr8192] step 5/56 loss 2.5661 lr 8.75e-06 gnorm 0.60 26,095 tok/s 0.2min peak 5.57GiB
[19:39:45] [retr8192] step 10/56 loss 1.4792 lr 1.39e-05 gnorm 0.83 26,193 tok/s 0.4min peak 5.57GiB
[19:39:57] [retr8192] step 15/56 loss 1.5360 lr 1.34e-05 gnorm 1.10 26,214 tok/s 0.6min peak 5.57GiB
[19:40:10] [retr8192] step 20/56 loss 1.1553 lr 1.22e-05 gnorm 10.08 26,211 tok/s 0.8min peak 5.57GiB
[19:40:22] [retr8192] step 25/56 loss 2.2250 lr 1.05e-05 gnorm 3.34 26,214 tok/s 1.0min peak 5.57GiB
[19:40:35] [retr8192] step 30/56 loss 1.3602 lr 8.52e-06 gnorm 2.49 26,199 tok/s 1.3min peak 5.57GiB
[19:40:47] [retr8192] step 35/56 loss 1.4845 lr 6.47e-06 gnorm 1.47 26,211 tok/s 1.5min peak 5.57GiB
[19:41:00] [retr8192] step 40/56 loss 2.3451 lr 4.55e-06 gnorm 0.62 26,200 tok/s 1.7min peak 5.57GiB
[19:41:13] [retr8192] step 45/56 loss 2.0545 lr 2.96e-06 gnorm 3.01 26,194 tok/s 1.9min peak 5.57GiB
[19:41:25] [retr8192] step 50/56 loss 1.6679 lr 1.88e-06 gnorm 8.82 26,166 tok/s 2.1min peak 5.57GiB
[19:41:38] [retr8192] step 55/56 loss 2.9134 lr 1.41e-06 gnorm 0.74 26,148 tok/s 2.3min peak 5.57GiB
[19:41:40] [retr8192] step 56/56 loss 1.5246 lr 1.40e-06 gnorm 7.39 26,150 tok/s 2.3min peak 5.57GiB

Writing model shards:   0%|          | 0/1 [00:00<?, ?it/s]
Writing model shards: 100%|██████████| 1/1 [00:00<00:00,  9.25it/s]
Writing model shards: 100%|██████████| 1/1 [00:00<00:00,  9.17it/s]
[19:41:40] saved -> v3_6\final\ctx8192\final (loss 1.5246)
[19:41:40] === retrieval 16384: 250 samples | init v3_6\final\ctx8192\final | 1x4 | 62 steps | lr 1.05e-05 ===

Loading weights:   0%|          | 0/123 [00:00<?, ?it/s]
Loading weights: 100%|██████████| 123/123 [00:00<00:00, 1899.30it/s]
[19:41:59] [retr16384] step 5/62 loss 0.6436 lr 6.56e-06 gnorm 19.44 17,742 tok/s 0.3min peak 5.57GiB
[19:42:17] [retr16384] step 10/62 loss 0.4517 lr 1.05e-05 gnorm 13.87 17,790 tok/s 0.6min peak 5.57GiB
[19:42:36] [retr16384] step 15/62 loss 0.0177 lr 1.01e-05 gnorm 1.77 17,832 tok/s 0.9min peak 5.57GiB
[19:42:54] [retr16384] step 20/62 loss 0.5061 lr 9.39e-06 gnorm 15.49 17,830 tok/s 1.2min peak 5.57GiB
[19:43:13] [retr16384] step 25/62 loss 0.0275 lr 8.37e-06 gnorm 3.15 17,790 tok/s 1.5min peak 5.57GiB
[19:43:31] [retr16384] step 30/62 loss 0.1758 lr 7.13e-06 gnorm 6.81 17,761 tok/s 1.8min peak 5.57GiB
[19:43:50] [retr16384] step 35/62 loss 0.0969 lr 5.77e-06 gnorm 9.83 17,760 tok/s 2.2min peak 5.57GiB
[19:44:08] [retr16384] step 40/62 loss 0.4774 lr 4.42e-06 gnorm 23.85 17,761 tok/s 2.5min peak 5.57GiB
[19:44:27] [retr16384] step 45/62 loss 0.5772 lr 3.18e-06 gnorm 31.67 17,763 tok/s 2.8min peak 5.57GiB
[19:44:45] [retr16384] step 50/62 loss 0.1226 lr 2.16e-06 gnorm 15.32 17,750 tok/s 3.1min peak 5.57GiB
[19:45:04] [retr16384] step 55/62 loss 0.7154 lr 1.44e-06 gnorm 23.65 17,751 tok/s 3.4min peak 5.57GiB
[19:45:22] [retr16384] step 60/62 loss 0.2191 lr 1.08e-06 gnorm 4.42 17,742 tok/s 3.7min peak 5.57GiB
[19:45:30] [retr16384] step 62/62 loss 0.0396 lr 1.05e-06 gnorm 1.84 17,741 tok/s 3.8min peak 5.57GiB

Writing model shards:   0%|          | 0/1 [00:00<?, ?it/s]
Writing model shards: 100%|██████████| 1/1 [00:00<00:00,  9.88it/s]
Writing model shards: 100%|██████████| 1/1 [00:00<00:00,  9.88it/s]
[19:45:30] saved -> v3_6\final\ctx16384\final (loss 0.0396)
[19:45:30] === retrieval 32768: 120 samples | init v3_6\final\ctx16384\final | 1x4 | 30 steps | lr 7e-06 ===

Loading weights:   0%|          | 0/123 [00:00<?, ?it/s]
Loading weights: 100%|██████████| 123/123 [00:00<00:00, 2061.89it/s]
[19:46:30] [retr32768] step 5/30 loss 0.4948 lr 4.37e-06 gnorm 23.46 10,993 tok/s 1.0min peak 10.28GiB
[19:47:29] [retr32768] step 10/30 loss 0.2173 lr 6.87e-06 gnorm 23.35 11,038 tok/s 2.0min peak 10.28GiB
[19:48:28] [retr32768] step 15/30 loss 0.6582 lr 5.55e-06 gnorm 29.25 11,021 tok/s 3.0min peak 10.28GiB
[19:49:28] [retr32768] step 20/30 loss 0.6221 lr 3.40e-06 gnorm 16.63 11,024 tok/s 4.0min peak 10.28GiB
[19:50:27] [retr32768] step 25/30 loss 0.3499 lr 1.47e-06 gnorm 27.91 11,019 tok/s 5.0min peak 10.28GiB
[19:51:27] [retr32768] step 30/30 loss 0.6780 lr 7.00e-07 gnorm 39.32 11,019 tok/s 5.9min peak 10.28GiB

Writing model shards:   0%|          | 0/1 [00:00<?, ?it/s]
Writing model shards: 100%|██████████| 1/1 [00:00<00:00,  6.86it/s]
Writing model shards: 100%|██████████| 1/1 [00:00<00:00,  6.86it/s]
[19:51:27] saved -> v3_6\final\ctx32768\final (loss 0.6780)
[19:51:27] retrieval SFT done -> v3_6\final\ctx32768\final
