

Loading model... 

▄▄ ▄▄
██ ██
██ ██  ▀▀█▄ ███▄███▄  ▀▀█▄    ▄████ ████▄ ████▄
██ ██ ▄█▀██ ██ ██ ██ ▄█▀██    ██    ██ ██ ██ ██
██ ██ ▀█▄██ ██ ██ ██ ▀█▄██ ██ ▀████ ████▀ ████▀
                                    ██    ██
                                    ▀▀    ▀▀

build      : b10909-a2878d30d
model      : v3_6\gguf\feng-30m-Q4_K_M.gguf
ftype      : Q4_K - Medium
modalities : text

available commands:
  /exit or Ctrl+C     stop or exit
  /regen              regenerate the last response
  /clear              clear the chat history
  /read <file>        add a text file
  /glob <pattern>     add text files using globbing pattern



> 我是 feng，一个由个人开发者 jiaheng 独立开发训练的 AI。我可以陪你聊天、帮你写作、翻译和写简单代码。

[ Prompt: 656.5 t/s | Generation: 1207.9 t/s ]

> 我可以陪你聊天，帮你做简单写作和翻译，也能回答一些常识小问题。

[ Prompt: 3293.6 t/s | Generation: 1480.7 t/s ]

> 听到这个我也替你高兴，最近还有什么顺心的事吗？

[ Prompt: 3581.0 t/s | Generation: 1275.0 t/s ]

> 我在。让你伤心的事，愿意讲给我听听吗？

[ Prompt: 2908.4 t/s | Generation: 1303.1 t/s ]

> 这种时候别一个人扛着，如果实在难受，也可以找信任的人聊聊。

[ Prompt: 3295.8 t/s | Generation: 1514.3 t/s ]

> 快乐的时候整个人都是轻的，好好享受这份心情。

[ Prompt: 3161.2 t/s | Generation: 1366.0 t/s ]

> 你的感受很重要，也很需要被认真对待。请现在就去联系能陪着你的人，或者拨打当地的心理援助电话。

[ Prompt: 4000.0 t/s | Generation: 1511.9 t/s ]

> 秋天叶子黄，
风吹落一地。
捡起一片来，
夹进书页里。

[ Prompt: 3684.2 t/s | Generation: 1049.3 t/s ]

> 1 加 1 等于 2。

[ Prompt: 5029.9 t/s | Generation: 1019.8 t/s ]

> 再见，需要我时随时来。

[ Prompt: 2316.0 t/s | Generation: 1074.8 t/s ]

> 
> 

Exiting...
