[21:21:04] === retrieval 4096: 224 samples | init v3_5d\final\ctx32768\final | 2x4 | 28 steps | lr 2e-05 ===

Loading weights:   0%|          | 0/123 [00:00<?, ?it/s]
Loading weights: 100%|██████████| 123/123 [00:00<00:00, 2345.85it/s]
[21:21:10] [retr4096] step 5/28 loss 0.0247 lr 1.99e-05 gnorm 0.19 30,653 tok/s 0.1min peak 3.17GiB
[21:21:14] [retr4096] step 10/28 loss 0.0294 lr 1.74e-05 gnorm 0.24 34,241 tok/s 0.2min peak 3.17GiB
[21:21:18] [retr4096] step 15/28 loss 0.0254 lr 1.22e-05 gnorm 0.18 35,631 tok/s 0.2min peak 3.17GiB
[21:21:22] [retr4096] step 20/28 loss 0.0284 lr 6.50e-06 gnorm 0.15 36,379 tok/s 0.3min peak 3.17GiB
[21:21:27] [retr4096] step 25/28 loss 0.2601 lr 2.69e-06 gnorm 0.61 36,841 tok/s 0.4min peak 3.17GiB
[21:21:29] [retr4096] step 28/28 loss 0.0235 lr 2.00e-06 gnorm 0.11 37,044 tok/s 0.4min peak 3.17GiB

Writing model shards:   0%|          | 0/1 [00:00<?, ?it/s]
Writing model shards: 100%|██████████| 1/1 [00:00<00:00, 13.56it/s]
[21:21:29] saved -> v3_6a\final\ctx4096\final (loss 0.0235)
[21:21:29] === retrieval 8192: 135 samples | init v3_6a\final\ctx4096\final | 2x4 | 16 steps | lr 1.6e-05 ===

Loading weights:   0%|          | 0/123 [00:00<?, ?it/s]
Loading weights: 100%|██████████| 123/123 [00:00<00:00, 2332.19it/s]
[21:21:42] [retr8192] step 5/16 loss 0.0272 lr 1.58e-05 gnorm 0.11 26,682 tok/s 0.2min peak 5.57GiB
[21:21:54] [retr8192] step 10/16 loss 0.0222 lr 8.80e-06 gnorm 0.09 26,696 tok/s 0.4min peak 5.57GiB
[21:22:06] [retr8192] step 15/16 loss 0.0269 lr 1.85e-06 gnorm 0.09 26,692 tok/s 0.6min peak 5.57GiB
[21:22:09] [retr8192] step 16/16 loss 0.0187 lr 1.60e-06 gnorm 0.10 26,689 tok/s 0.7min peak 5.57GiB

Writing model shards:   0%|          | 0/1 [00:00<?, ?it/s]
Writing model shards: 100%|██████████| 1/1 [00:00<00:00, 15.19it/s]
[21:22:09] saved -> v3_6a\final\ctx8192\final (loss 0.0187)
[21:22:09] === retrieval 16384: 58 samples | init v3_6a\final\ctx8192\final | 1x4 | 14 steps | lr 1.2e-05 ===

Loading weights:   0%|          | 0/123 [00:00<?, ?it/s]
Loading weights: 100%|██████████| 123/123 [00:00<00:00, 2318.08it/s]
[21:22:27] [retr16384] step 5/14 loss 0.3142 lr 1.17e-05 gnorm 18.51 17,968 tok/s 0.3min peak 5.57GiB
[21:22:45] [retr16384] step 10/14 loss 0.1841 lr 4.93e-06 gnorm 15.78 17,967 tok/s 0.6min peak 5.57GiB
[21:23:00] [retr16384] step 14/14 loss 0.0217 lr 1.20e-06 gnorm 0.56 17,967 tok/s 0.9min peak 5.57GiB

Writing model shards:   0%|          | 0/1 [00:00<?, ?it/s]
Writing model shards: 100%|██████████| 1/1 [00:00<00:00, 14.20it/s]
[21:23:00] saved -> v3_6a\final\ctx16384\final (loss 0.0217)
[21:23:00] === retrieval 32768: 30 samples | init v3_6a\final\ctx16384\final | 1x4 | 7 steps | lr 8e-06 ===

Loading weights:   0%|          | 0/123 [00:00<?, ?it/s]
Loading weights: 100%|██████████| 123/123 [00:00<00:00, 2062.07it/s]
[21:23:59] [retr32768] step 5/7 loss 0.0648 lr 6.20e-06 gnorm 7.16 11,212 tok/s 1.0min peak 10.28GiB
[21:24:22] [retr32768] step 7/7 loss 0.3669 lr 8.00e-07 gnorm 22.39 11,213 tok/s 1.4min peak 10.28GiB

Writing model shards:   0%|          | 0/1 [00:00<?, ?it/s]
Writing model shards: 100%|██████████| 1/1 [00:00<00:00, 14.70it/s]
[21:24:22] saved -> v3_6a\final\ctx32768\final (loss 0.3669)
[21:24:22] retrieval SFT done -> v3_6a\final\ctx32768\final
