[21:37:54] 样本：补丁 6970 + 其余 420 = 7390 条
[21:37:54] 可用样本 7390，平均长度 25

Loading weights:   0%|          | 0/123 [00:00<?, ?it/s]
Loading weights: 100%|██████████| 123/123 [00:00<00:00, 2051.15it/s]
[21:37:57] step 25/307 loss 0.1304 lr 2.98e-05 gnorm 3.26 3,171 tok/s 0.0min peak 1.51GiB
[21:37:58] step 50/307 loss 0.0617 lr 2.87e-05 gnorm 2.32 4,072 tok/s 0.1min peak 1.51GiB
[21:37:59] step 75/307 loss 0.0126 lr 2.68e-05 gnorm 0.43 4,548 tok/s 0.1min peak 1.53GiB
[21:38:01] step 100/307 loss 0.0235 lr 2.42e-05 gnorm 0.68 4,819 tok/s 0.1min peak 1.53GiB
[21:38:02] step 125/307 loss 0.0125 lr 2.10e-05 gnorm 0.26 4,980 tok/s 0.1min peak 1.53GiB
[21:38:03] step 150/307 loss 0.0041 lr 1.76e-05 gnorm 0.19 5,080 tok/s 0.1min peak 1.53GiB
[21:38:05] step 175/307 loss 0.0087 lr 1.40e-05 gnorm 0.28 5,169 tok/s 0.2min peak 1.53GiB
[21:38:06] step 200/307 loss 0.0048 lr 1.07e-05 gnorm 0.27 5,231 tok/s 0.2min peak 1.59GiB
[21:38:07] step 225/307 loss 0.0069 lr 7.71e-06 gnorm 0.41 5,303 tok/s 0.2min peak 1.59GiB
[21:38:08] step 250/307 loss 0.0119 lr 5.35e-06 gnorm 0.38 5,345 tok/s 0.2min peak 1.59GiB
[21:38:10] step 275/307 loss 0.0022 lr 3.76e-06 gnorm 0.12 5,379 tok/s 0.3min peak 1.59GiB
[21:38:11] step 300/307 loss 0.0159 lr 3.04e-06 gnorm 0.34 5,427 tok/s 0.3min peak 1.59GiB
[21:38:11] step 307/307 loss 0.0074 lr 3.00e-06 gnorm 0.25 5,448 tok/s 0.3min peak 1.59GiB

Writing model shards:   0%|          | 0/1 [00:00<?, ?it/s]
Writing model shards: 100%|██████████| 1/1 [00:00<00:00,  9.34it/s]
Writing model shards: 100%|██████████| 1/1 [00:00<00:00,  9.34it/s]
[21:38:11] saved -> v3_6h\final（loss 0.0074）
