[21:33:29] 样本：补丁 3392 + 其余 400 = 3792 条
[21:33:30] 可用样本 3792，平均长度 28

Loading weights:   0%|          | 0/123 [00:00<?, ?it/s]
Loading weights: 100%|██████████| 123/123 [00:00<00:00, 2409.48it/s]
[21:33:32] step 25/316 loss 0.1042 lr 5.99e-05 gnorm 0.95 4,169 tok/s 0.0min peak 1.38GiB
[21:33:33] step 50/316 loss 0.1669 lr 5.82e-05 gnorm 1.71 5,308 tok/s 0.1min peak 1.50GiB
[21:33:35] step 75/316 loss 0.0510 lr 5.49e-05 gnorm 0.93 5,890 tok/s 0.1min peak 1.53GiB
[21:33:36] step 100/316 loss 0.0423 lr 5.01e-05 gnorm 0.79 6,308 tok/s 0.1min peak 1.53GiB
[21:33:37] step 125/316 loss 0.0403 lr 4.41e-05 gnorm 0.53 6,583 tok/s 0.1min peak 1.53GiB
[21:33:39] step 150/316 loss 0.0222 lr 3.73e-05 gnorm 0.53 6,713 tok/s 0.1min peak 1.53GiB
[21:33:40] step 175/316 loss 0.0272 lr 3.03e-05 gnorm 0.54 6,855 tok/s 0.2min peak 1.53GiB
[21:33:41] step 200/316 loss 0.0338 lr 2.35e-05 gnorm 0.51 6,939 tok/s 0.2min peak 1.53GiB
[21:33:42] step 225/316 loss 0.0277 lr 1.73e-05 gnorm 0.56 7,002 tok/s 0.2min peak 1.53GiB
[21:33:44] step 250/316 loss 0.0209 lr 1.22e-05 gnorm 0.46 7,088 tok/s 0.2min peak 1.53GiB
[21:33:45] step 275/316 loss 0.1035 lr 8.43e-06 gnorm 1.47 7,144 tok/s 0.2min peak 1.53GiB
[21:33:46] step 300/316 loss 0.0121 lr 6.38e-06 gnorm 0.33 7,209 tok/s 0.3min peak 1.53GiB
[21:33:47] step 316/316 loss 0.0243 lr 6.00e-06 gnorm 0.44 7,248 tok/s 0.3min peak 1.53GiB

Writing model shards:   0%|          | 0/1 [00:00<?, ?it/s]
Writing model shards: 100%|██████████| 1/1 [00:00<00:00,  9.55it/s]
Writing model shards: 100%|██████████| 1/1 [00:00<00:00,  9.46it/s]
[21:33:47] saved -> v3_6e\final（loss 0.0243）
