[21:51:53] === retrieval 4096: 600 samples | init v3_6i\final\ctx32768\final | 2x4 | 75 steps | 1 epoch(s) | lr 1.75e-05 ===

Loading weights:   0%|          | 0/123 [00:00<?, ?it/s]
Loading weights: 100%|██████████| 123/123 [00:00<00:00, 2310.18it/s]
[21:51:58] [retr4096] step 5/75 loss 0.0207 lr 1.46e-05 gnorm 0.11 30,667 tok/s 0.1min peak 3.17GiB
[21:52:02] [retr4096] step 10/75 loss 0.0239 lr 1.74e-05 gnorm 0.18 34,309 tok/s 0.2min peak 3.17GiB
[21:52:07] [retr4096] step 15/75 loss 0.0345 lr 1.68e-05 gnorm 0.93 35,673 tok/s 0.2min peak 3.17GiB
[21:52:11] [retr4096] step 20/75 loss 0.0301 lr 1.60e-05 gnorm 0.09 36,396 tok/s 0.3min peak 3.17GiB
[21:52:15] [retr4096] step 25/75 loss 0.0485 lr 1.47e-05 gnorm 2.88 36,854 tok/s 0.4min peak 3.17GiB
[21:52:19] [retr4096] step 30/75 loss 0.0296 lr 1.32e-05 gnorm 0.34 37,154 tok/s 0.4min peak 3.17GiB
[21:52:24] [retr4096] step 35/75 loss 0.0198 lr 1.16e-05 gnorm 0.18 37,361 tok/s 0.5min peak 3.17GiB
[21:52:28] [retr4096] step 40/75 loss 0.0208 lr 9.80e-06 gnorm 0.21 37,514 tok/s 0.6min peak 3.17GiB
[21:52:32] [retr4096] step 45/75 loss 0.0187 lr 8.02e-06 gnorm 0.05 37,634 tok/s 0.7min peak 3.17GiB
[21:52:36] [retr4096] step 50/75 loss 0.0378 lr 6.32e-06 gnorm 0.17 37,739 tok/s 0.7min peak 3.17GiB
[21:52:41] [retr4096] step 55/75 loss 0.0197 lr 4.80e-06 gnorm 0.08 37,823 tok/s 0.8min peak 3.17GiB
[21:52:45] [retr4096] step 60/75 loss 0.2091 lr 3.52e-06 gnorm 5.69 37,896 tok/s 0.9min peak 3.17GiB
[21:52:49] [retr4096] step 65/75 loss 0.0140 lr 2.55e-06 gnorm 0.06 37,960 tok/s 0.9min peak 3.17GiB
[21:52:53] [retr4096] step 70/75 loss 0.0896 lr 1.95e-06 gnorm 2.30 38,014 tok/s 1.0min peak 3.17GiB
[21:52:57] [retr4096] step 75/75 loss 0.0193 lr 1.75e-06 gnorm 0.08 38,061 tok/s 1.1min peak 3.17GiB

Writing model shards:   0%|          | 0/1 [00:00<?, ?it/s]
Writing model shards: 100%|██████████| 1/1 [00:00<00:00,  9.35it/s]
Writing model shards: 100%|██████████| 1/1 [00:00<00:00,  9.27it/s]
[21:52:58] saved -> v3_6j\final\ctx4096\final (loss 0.0193)
[21:52:58] === retrieval 8192: 400 samples | init v3_6j\final\ctx4096\final | 2x4 | 50 steps | 1 epoch(s) | lr 1.4e-05 ===

Loading weights:   0%|          | 0/123 [00:00<?, ?it/s]
Loading weights: 100%|██████████| 123/123 [00:00<00:00, 2257.73it/s]
[21:53:10] [retr8192] step 5/50 loss 0.7488 lr 1.17e-05 gnorm 9.52 26,711 tok/s 0.2min peak 5.57GiB
[21:53:22] [retr8192] step 10/50 loss 0.1687 lr 1.37e-05 gnorm 11.73 26,725 tok/s 0.4min peak 5.57GiB
[21:53:35] [retr8192] step 15/50 loss 0.2951 lr 1.27e-05 gnorm 4.12 26,727 tok/s 0.6min peak 5.57GiB
[21:53:47] [retr8192] step 20/50 loss 0.0225 lr 1.11e-05 gnorm 0.51 26,730 tok/s 0.8min peak 5.57GiB
[21:53:59] [retr8192] step 25/50 loss 0.0290 lr 9.04e-06 gnorm 0.08 26,733 tok/s 1.0min peak 5.57GiB
[21:54:11] [retr8192] step 30/50 loss 0.1408 lr 6.80e-06 gnorm 9.33 26,733 tok/s 1.2min peak 5.57GiB
[21:54:24] [retr8192] step 35/50 loss 0.0223 lr 4.68e-06 gnorm 0.41 26,732 tok/s 1.4min peak 5.57GiB
[21:54:36] [retr8192] step 40/50 loss 0.0226 lr 2.94e-06 gnorm 0.28 26,731 tok/s 1.6min peak 5.57GiB
[21:54:48] [retr8192] step 45/50 loss 0.0584 lr 1.80e-06 gnorm 1.69 26,731 tok/s 1.8min peak 5.57GiB
[21:55:00] [retr8192] step 50/50 loss 0.0195 lr 1.40e-06 gnorm 0.07 26,730 tok/s 2.0min peak 5.57GiB

Writing model shards:   0%|          | 0/1 [00:00<?, ?it/s]
Writing model shards: 100%|██████████| 1/1 [00:00<00:00, 11.56it/s]
[21:55:00] saved -> v3_6j\final\ctx8192\final (loss 0.0195)
[21:55:00] === retrieval 16384: 196 samples | init v3_6j\final\ctx8192\final | 1x4 | 49 steps | 1 epoch(s) | lr 1.05e-05 ===

Loading weights:   0%|          | 0/123 [00:00<?, ?it/s]
Loading weights: 100%|██████████| 123/123 [00:00<00:00, 2242.67it/s]
[21:55:19] [retr16384] step 5/49 loss 0.0488 lr 8.75e-06 gnorm 1.52 18,001 tok/s 0.3min peak 5.57GiB
[21:55:37] [retr16384] step 10/49 loss 1.2117 lr 1.03e-05 gnorm 45.99 18,004 tok/s 0.6min peak 5.57GiB
[21:55:55] [retr16384] step 15/49 loss 0.3306 lr 9.51e-06 gnorm 15.27 18,002 tok/s 0.9min peak 5.57GiB
[21:56:13] [retr16384] step 20/49 loss 0.1923 lr 8.24e-06 gnorm 14.81 18,002 tok/s 1.2min peak 5.57GiB
[21:56:32] [retr16384] step 25/49 loss 0.0555 lr 6.63e-06 gnorm 3.63 18,004 tok/s 1.5min peak 5.57GiB
[21:56:50] [retr16384] step 30/49 loss 0.2783 lr 4.92e-06 gnorm 21.90 18,000 tok/s 1.8min peak 5.57GiB
[21:57:08] [retr16384] step 35/49 loss 0.0323 lr 3.31e-06 gnorm 6.04 18,001 tok/s 2.1min peak 5.57GiB
[21:57:26] [retr16384] step 40/49 loss 0.1291 lr 2.04e-06 gnorm 6.74 18,001 tok/s 2.4min peak 5.57GiB
[21:57:44] [retr16384] step 45/49 loss 0.3146 lr 1.25e-06 gnorm 9.08 17,998 tok/s 2.7min peak 5.57GiB
[21:57:59] [retr16384] step 49/49 loss 0.0698 lr 1.05e-06 gnorm 4.35 17,998 tok/s 3.0min peak 5.57GiB

Writing model shards:   0%|          | 0/1 [00:00<?, ?it/s]
Writing model shards: 100%|██████████| 1/1 [00:00<00:00,  5.86it/s]
Writing model shards: 100%|██████████| 1/1 [00:00<00:00,  5.86it/s]
[21:57:59] saved -> v3_6j\final\ctx16384\final (loss 0.0698)
[21:57:59] === retrieval 32768: 118 samples | init v3_6j\final\ctx16384\final | 1x4 | 29 steps | 1 epoch(s) | lr 7e-06 ===

Loading weights:   0%|          | 0/123 [00:00<?, ?it/s]
Loading weights: 100%|██████████| 123/123 [00:00<00:00, 2240.06it/s]
[21:58:58] [retr32768] step 5/29 loss 0.6574 lr 5.83e-06 gnorm 56.89 11,186 tok/s 1.0min peak 10.28GiB
[21:59:57] [retr32768] step 10/29 loss 0.5590 lr 6.54e-06 gnorm 30.83 11,187 tok/s 2.0min peak 10.28GiB
[22:00:55] [retr32768] step 15/29 loss 0.2512 lr 4.90e-06 gnorm 19.89 11,186 tok/s 2.9min peak 10.28GiB
[22:01:54] [retr32768] step 20/29 loss 0.3320 lr 2.80e-06 gnorm 21.48 11,185 tok/s 3.9min peak 10.28GiB
[22:02:52] [retr32768] step 25/29 loss 0.3486 lr 1.16e-06 gnorm 23.85 11,183 tok/s 4.9min peak 10.28GiB
[22:03:39] [retr32768] step 29/29 loss 1.1754 lr 7.00e-07 gnorm 54.32 11,184 tok/s 5.7min peak 10.28GiB

Writing model shards:   0%|          | 0/1 [00:00<?, ?it/s]
Writing model shards: 100%|██████████| 1/1 [00:00<00:00,  9.04it/s]
Writing model shards: 100%|██████████| 1/1 [00:00<00:00,  9.04it/s]
[22:03:39] saved -> v3_6j\final\ctx32768\final (loss 1.1754)
[22:03:39] retrieval SFT done -> v3_6j\final\ctx32768\final
