[21:25:31] === retrieval 4096: 162 samples | init v3_5d\final\ctx32768\final | 2x4 | 81 steps | 4 epoch(s) | lr 5e-05 ===

Loading weights:   0%|          | 0/123 [00:00<?, ?it/s]
Loading weights: 100%|██████████| 123/123 [00:00<00:00, 2291.65it/s]
[21:25:37] [retr4096] step 5/81 loss 0.0258 lr 4.17e-05 gnorm 0.14 30,674 tok/s 0.1min peak 3.17GiB
[21:25:41] [retr4096] step 10/81 loss 0.0288 lr 4.97e-05 gnorm 0.25 34,267 tok/s 0.2min peak 3.17GiB
[21:25:45] [retr4096] step 15/81 loss 0.0225 lr 4.84e-05 gnorm 0.20 35,660 tok/s 0.2min peak 3.17GiB
[21:25:50] [retr4096] step 20/81 loss 0.0172 lr 4.62e-05 gnorm 0.16 36,392 tok/s 0.3min peak 3.17GiB
[21:25:54] [retr4096] step 25/81 loss 0.0228 lr 4.32e-05 gnorm 0.16 36,844 tok/s 0.4min peak 3.17GiB
[21:25:58] [retr4096] step 30/81 loss 0.0236 lr 3.96e-05 gnorm 0.13 37,147 tok/s 0.4min peak 3.17GiB
[21:26:02] [retr4096] step 35/81 loss 0.4482 lr 3.53e-05 gnorm 0.88 37,355 tok/s 0.5min peak 3.17GiB
[21:26:06] [retr4096] step 40/81 loss 0.1875 lr 3.08e-05 gnorm 0.28 37,507 tok/s 0.6min peak 3.17GiB
[21:26:11] [retr4096] step 45/81 loss 0.0159 lr 2.61e-05 gnorm 0.12 37,626 tok/s 0.7min peak 3.17GiB
[21:26:15] [retr4096] step 50/81 loss 0.1727 lr 2.14e-05 gnorm 0.26 37,726 tok/s 0.7min peak 3.17GiB
[21:26:19] [retr4096] step 55/81 loss 0.0186 lr 1.71e-05 gnorm 0.10 37,807 tok/s 0.8min peak 3.17GiB
[21:26:23] [retr4096] step 60/81 loss 0.0077 lr 1.32e-05 gnorm 0.05 37,875 tok/s 0.9min peak 3.17GiB
[21:26:28] [retr4096] step 65/81 loss 0.0397 lr 9.87e-06 gnorm 1.74 37,930 tok/s 0.9min peak 3.17GiB
[21:26:32] [retr4096] step 70/81 loss 0.0186 lr 7.35e-06 gnorm 0.09 37,975 tok/s 1.0min peak 3.17GiB
[21:26:36] [retr4096] step 75/81 loss 0.0170 lr 5.71e-06 gnorm 0.11 38,020 tok/s 1.1min peak 3.17GiB
[21:26:40] [retr4096] step 80/81 loss 0.0177 lr 5.02e-06 gnorm 0.12 38,060 tok/s 1.1min peak 3.17GiB
[21:26:41] [retr4096] step 81/81 loss 0.0082 lr 5.00e-06 gnorm 0.06 38,066 tok/s 1.2min peak 3.17GiB

Writing model shards:   0%|          | 0/1 [00:00<?, ?it/s]
Writing model shards: 100%|██████████| 1/1 [00:00<00:00, 11.13it/s]
[21:26:41] saved -> v3_6b\final\ctx4096\final (loss 0.0082)
[21:26:41] === retrieval 8192: 81 samples | init v3_6b\final\ctx4096\final | 2x4 | 40 steps | 4 epoch(s) | lr 4e-05 ===

Loading weights:   0%|          | 0/123 [00:00<?, ?it/s]
Loading weights: 100%|██████████| 123/123 [00:00<00:00, 1865.99it/s]
[21:26:54] [retr8192] step 5/40 loss 0.0143 lr 3.33e-05 gnorm 0.12 26,613 tok/s 0.2min peak 5.57GiB
[21:27:06] [retr8192] step 10/40 loss 0.0217 lr 3.88e-05 gnorm 0.19 26,635 tok/s 0.4min peak 5.57GiB
[21:27:18] [retr8192] step 15/40 loss 0.1225 lr 3.41e-05 gnorm 0.15 26,640 tok/s 0.6min peak 5.57GiB
[21:27:31] [retr8192] step 20/40 loss 0.0173 lr 2.69e-05 gnorm 0.12 26,644 tok/s 0.8min peak 5.57GiB
[21:27:43] [retr8192] step 25/40 loss 0.0063 lr 1.87e-05 gnorm 0.04 26,646 tok/s 1.0min peak 5.57GiB
[21:27:55] [retr8192] step 30/40 loss 0.0171 lr 1.12e-05 gnorm 0.24 26,647 tok/s 1.2min peak 5.57GiB
[21:28:08] [retr8192] step 35/40 loss 0.2137 lr 5.89e-06 gnorm 0.27 26,646 tok/s 1.4min peak 5.57GiB
[21:28:20] [retr8192] step 40/40 loss 0.0174 lr 4.00e-06 gnorm 0.10 26,645 tok/s 1.6min peak 5.57GiB

Writing model shards:   0%|          | 0/1 [00:00<?, ?it/s]
Writing model shards: 100%|██████████| 1/1 [00:00<00:00, 13.04it/s]
[21:28:20] saved -> v3_6b\final\ctx8192\final (loss 0.0174)
[21:28:20] retrieval SFT done -> v3_6b\final\ctx8192\final
