[21:31:07] 样本：补丁 592 + 其余 800 = 1392 条
[21:31:07] 可用样本 1392，平均长度 44

Loading weights:   0%|          | 0/123 [00:00<?, ?it/s]
Loading weights: 100%|██████████| 123/123 [00:00<00:00, 2585.17it/s]
[21:31:10] step 25/464 loss 0.4967 lr 1.00e-04 gnorm 1.68 7,060 tok/s 0.0min peak 1.49GiB
[21:31:11] step 50/464 loss 0.2090 lr 9.90e-05 gnorm 1.03 9,327 tok/s 0.1min peak 1.53GiB
[21:31:12] step 75/464 loss 0.1833 lr 9.66e-05 gnorm 1.06 10,376 tok/s 0.1min peak 1.60GiB
[21:31:13] step 100/464 loss 0.0610 lr 9.30e-05 gnorm 0.81 11,069 tok/s 0.1min peak 1.60GiB
[21:31:15] step 125/464 loss 0.0384 lr 8.81e-05 gnorm 0.40 11,606 tok/s 0.1min peak 1.72GiB
[21:31:16] step 150/464 loss 0.0771 lr 8.23e-05 gnorm 0.62 11,907 tok/s 0.1min peak 1.72GiB
[21:31:17] step 175/464 loss 0.0586 lr 7.55e-05 gnorm 0.61 12,099 tok/s 0.2min peak 1.72GiB
[21:31:19] step 200/464 loss 0.0441 lr 6.82e-05 gnorm 0.39 12,294 tok/s 0.2min peak 1.72GiB
[21:31:20] step 225/464 loss 0.0449 lr 6.04e-05 gnorm 0.39 12,464 tok/s 0.2min peak 1.72GiB
[21:31:21] step 250/464 loss 0.0785 lr 5.25e-05 gnorm 0.56 12,574 tok/s 0.2min peak 1.72GiB
[21:31:22] step 275/464 loss 0.0239 lr 4.46e-05 gnorm 0.35 12,706 tok/s 0.3min peak 1.72GiB
[21:31:24] step 300/464 loss 0.0365 lr 3.70e-05 gnorm 0.33 12,765 tok/s 0.3min peak 1.72GiB
[21:31:25] step 325/464 loss 0.0279 lr 3.01e-05 gnorm 0.33 12,846 tok/s 0.3min peak 1.72GiB
[21:31:26] step 350/464 loss 0.0298 lr 2.39e-05 gnorm 0.33 12,900 tok/s 0.3min peak 1.72GiB
[21:31:27] step 375/464 loss 0.0204 lr 1.86e-05 gnorm 0.33 12,964 tok/s 0.3min peak 1.72GiB
[21:31:29] step 400/464 loss 0.0215 lr 1.45e-05 gnorm 0.30 13,000 tok/s 0.4min peak 1.72GiB
[21:31:30] step 425/464 loss 0.0281 lr 1.17e-05 gnorm 0.38 13,002 tok/s 0.4min peak 1.72GiB
[21:31:31] step 450/464 loss 0.0239 lr 1.02e-05 gnorm 0.32 13,022 tok/s 0.4min peak 1.72GiB
[21:31:32] step 464/464 loss 0.0253 lr 1.00e-05 gnorm 0.30 13,052 tok/s 0.4min peak 1.72GiB

Writing model shards:   0%|          | 0/1 [00:00<?, ?it/s]
Writing model shards: 100%|██████████| 1/1 [00:00<00:00, 11.73it/s]
[21:31:32] saved -> v3_6d\final（loss 0.0253）
