[21:40:39] === retrieval 4096: 600 samples | init v3_6h\final | 2x4 | 75 steps | 1 epoch(s) | lr 2.5e-05 ===

Loading weights:   0%|          | 0/123 [00:00<?, ?it/s]
Loading weights: 100%|██████████| 123/123 [00:00<00:00, 1939.41it/s]
[21:40:44] [retr4096] step 5/75 loss 0.0434 lr 2.08e-05 gnorm 0.32 30,460 tok/s 0.1min peak 3.17GiB
[21:40:49] [retr4096] step 10/75 loss 0.7320 lr 2.48e-05 gnorm 17.52 34,081 tok/s 0.2min peak 3.17GiB
[21:40:53] [retr4096] step 15/75 loss 0.0227 lr 2.41e-05 gnorm 0.10 35,514 tok/s 0.2min peak 3.17GiB
[21:40:57] [retr4096] step 20/75 loss 0.0190 lr 2.28e-05 gnorm 0.12 36,295 tok/s 0.3min peak 3.17GiB
[21:41:01] [retr4096] step 25/75 loss 0.0281 lr 2.10e-05 gnorm 0.16 36,759 tok/s 0.4min peak 3.17GiB
[21:41:06] [retr4096] step 30/75 loss 0.0310 lr 1.89e-05 gnorm 0.15 37,076 tok/s 0.4min peak 3.17GiB
[21:41:10] [retr4096] step 35/75 loss 0.2827 lr 1.65e-05 gnorm 11.42 37,296 tok/s 0.5min peak 3.17GiB
[21:41:14] [retr4096] step 40/75 loss 0.0784 lr 1.40e-05 gnorm 4.14 37,462 tok/s 0.6min peak 3.17GiB
[21:41:18] [retr4096] step 45/75 loss 0.0244 lr 1.15e-05 gnorm 0.12 37,592 tok/s 0.7min peak 3.17GiB
[21:41:22] [retr4096] step 50/75 loss 0.2575 lr 9.03e-06 gnorm 5.13 37,705 tok/s 0.7min peak 3.17GiB
[21:41:27] [retr4096] step 55/75 loss 0.0204 lr 6.85e-06 gnorm 0.08 37,804 tok/s 0.8min peak 3.17GiB
[21:41:31] [retr4096] step 60/75 loss 0.0625 lr 5.02e-06 gnorm 2.66 37,886 tok/s 0.9min peak 3.17GiB
[21:41:35] [retr4096] step 65/75 loss 0.3289 lr 3.65e-06 gnorm 4.46 37,959 tok/s 0.9min peak 3.17GiB
[21:41:39] [retr4096] step 70/75 loss 0.0832 lr 2.79e-06 gnorm 2.43 38,016 tok/s 1.0min peak 3.17GiB
[21:41:44] [retr4096] step 75/75 loss 0.1777 lr 2.50e-06 gnorm 4.42 38,065 tok/s 1.1min peak 3.17GiB

Writing model shards:   0%|          | 0/1 [00:00<?, ?it/s]
Writing model shards: 100%|██████████| 1/1 [00:00<00:00, 11.35it/s]
[21:41:44] saved -> v3_6i\final\ctx4096\final (loss 0.1777)
[21:41:44] === retrieval 8192: 400 samples | init v3_6i\final\ctx4096\final | 2x4 | 50 steps | 1 epoch(s) | lr 2e-05 ===

Loading weights:   0%|          | 0/123 [00:00<?, ?it/s]
Loading weights: 100%|██████████| 123/123 [00:00<00:00, 2230.72it/s]
[21:41:56] [retr8192] step 5/50 loss 0.1600 lr 1.67e-05 gnorm 6.50 26,706 tok/s 0.2min peak 5.57GiB
[21:42:08] [retr8192] step 10/50 loss 0.0524 lr 1.96e-05 gnorm 1.58 26,721 tok/s 0.4min peak 5.57GiB
[21:42:21] [retr8192] step 15/50 loss 0.1135 lr 1.82e-05 gnorm 3.61 26,725 tok/s 0.6min peak 5.57GiB
[21:42:33] [retr8192] step 20/50 loss 0.0140 lr 1.59e-05 gnorm 0.05 26,725 tok/s 0.8min peak 5.57GiB
[21:42:45] [retr8192] step 25/50 loss 0.0427 lr 1.29e-05 gnorm 0.19 26,726 tok/s 1.0min peak 5.57GiB
[21:42:57] [retr8192] step 30/50 loss 0.1364 lr 9.72e-06 gnorm 3.40 26,722 tok/s 1.2min peak 5.57GiB
[21:43:10] [retr8192] step 35/50 loss 0.1208 lr 6.69e-06 gnorm 4.85 26,725 tok/s 1.4min peak 5.57GiB
[21:43:22] [retr8192] step 40/50 loss 0.0116 lr 4.20e-06 gnorm 0.04 26,725 tok/s 1.6min peak 5.57GiB
[21:43:34] [retr8192] step 45/50 loss 0.0657 lr 2.57e-06 gnorm 1.30 26,724 tok/s 1.8min peak 5.57GiB
[21:43:46] [retr8192] step 50/50 loss 0.0788 lr 2.00e-06 gnorm 1.79 26,722 tok/s 2.0min peak 5.57GiB

Writing model shards:   0%|          | 0/1 [00:00<?, ?it/s]
Writing model shards: 100%|██████████| 1/1 [00:00<00:00, 14.10it/s]
[21:43:47] saved -> v3_6i\final\ctx8192\final (loss 0.0788)
[21:43:47] === retrieval 16384: 147 samples | init v3_6i\final\ctx8192\final | 1x4 | 36 steps | 1 epoch(s) | lr 1.5e-05 ===

Loading weights:   0%|          | 0/123 [00:00<?, ?it/s]
Loading weights: 100%|██████████| 123/123 [00:00<00:00, 2334.15it/s]
[21:44:05] [retr16384] step 5/36 loss 0.5469 lr 1.25e-05 gnorm 23.61 17,986 tok/s 0.3min peak 5.57GiB
[21:44:23] [retr16384] step 10/36 loss 0.3545 lr 1.44e-05 gnorm 13.13 17,996 tok/s 0.6min peak 5.57GiB
[21:44:41] [retr16384] step 15/36 loss 0.2126 lr 1.22e-05 gnorm 16.10 18,000 tok/s 0.9min peak 5.57GiB
[21:45:00] [retr16384] step 20/36 loss 1.2078 lr 8.96e-06 gnorm 31.91 18,005 tok/s 1.2min peak 5.57GiB
[21:45:18] [retr16384] step 25/36 loss 0.0951 lr 5.50e-06 gnorm 3.46 18,004 tok/s 1.5min peak 5.57GiB
[21:45:36] [retr16384] step 30/36 loss 0.1361 lr 2.79e-06 gnorm 5.14 18,007 tok/s 1.8min peak 5.57GiB
[21:45:54] [retr16384] step 35/36 loss 0.2550 lr 1.54e-06 gnorm 9.66 18,007 tok/s 2.1min peak 5.57GiB
[21:45:58] [retr16384] step 36/36 loss 0.3668 lr 1.50e-06 gnorm 19.42 18,007 tok/s 2.2min peak 5.57GiB

Writing model shards:   0%|          | 0/1 [00:00<?, ?it/s]
Writing model shards: 100%|██████████| 1/1 [00:00<00:00, 11.63it/s]
[21:45:58] saved -> v3_6i\final\ctx16384\final (loss 0.3668)
[21:45:58] === retrieval 32768: 59 samples | init v3_6i\final\ctx16384\final | 1x4 | 14 steps | 1 epoch(s) | lr 1e-05 ===

Loading weights:   0%|          | 0/123 [00:00<?, ?it/s]
Loading weights: 100%|██████████| 123/123 [00:00<00:00, 2292.45it/s]
[21:46:57] [retr32768] step 5/14 loss 0.1495 lr 8.33e-06 gnorm 14.68 11,182 tok/s 1.0min peak 10.28GiB
[21:47:55] [retr32768] step 10/14 loss 0.5571 lr 5.50e-06 gnorm 25.12 11,183 tok/s 2.0min peak 10.28GiB
[21:48:42] [retr32768] step 14/14 loss 0.2747 lr 1.00e-06 gnorm 14.83 11,184 tok/s 2.7min peak 10.28GiB

Writing model shards:   0%|          | 0/1 [00:00<?, ?it/s]
Writing model shards: 100%|██████████| 1/1 [00:00<00:00, 12.74it/s]
[21:48:42] saved -> v3_6i\final\ctx32768\final (loss 0.2747)
[21:48:42] retrieval SFT done -> v3_6i\final\ctx32768\final
