[21:35:10] 样本：补丁 4590 + 其余 420 = 5010 条
[21:35:10] 可用样本 5010，平均长度 27

Loading weights:   0%|          | 0/123 [00:00<?, ?it/s]
Loading weights: 100%|██████████| 123/123 [00:00<00:00, 2274.07it/s]
[21:35:13] step 25/312 loss 0.0180 lr 3.98e-05 gnorm 1.36 4,069 tok/s 0.0min peak 1.53GiB
[21:35:14] step 50/312 loss 0.1732 lr 3.85e-05 gnorm 1.25 5,290 tok/s 0.1min peak 1.53GiB
[21:35:15] step 75/312 loss 0.0034 lr 3.60e-05 gnorm 0.11 5,821 tok/s 0.1min peak 1.60GiB
[21:35:16] step 100/312 loss 0.1288 lr 3.27e-05 gnorm 2.17 6,147 tok/s 0.1min peak 1.60GiB
[21:35:18] step 125/312 loss 0.0133 lr 2.86e-05 gnorm 0.24 6,345 tok/s 0.1min peak 1.60GiB
[21:35:19] step 150/312 loss 0.0077 lr 2.41e-05 gnorm 0.22 6,550 tok/s 0.1min peak 1.60GiB
[21:35:20] step 175/312 loss 0.0226 lr 1.94e-05 gnorm 0.39 6,676 tok/s 0.2min peak 1.60GiB
[21:35:21] step 200/312 loss 0.0166 lr 1.49e-05 gnorm 0.34 6,742 tok/s 0.2min peak 1.60GiB
[21:35:23] step 225/312 loss 0.0017 lr 1.09e-05 gnorm 0.04 6,783 tok/s 0.2min peak 1.60GiB
[21:35:24] step 250/312 loss 0.0519 lr 7.62e-06 gnorm 1.39 6,858 tok/s 0.2min peak 1.60GiB
[21:35:25] step 275/312 loss 0.0158 lr 5.32e-06 gnorm 0.35 6,907 tok/s 0.2min peak 1.60GiB
[21:35:27] step 300/312 loss 0.0049 lr 4.14e-06 gnorm 0.24 6,940 tok/s 0.3min peak 1.60GiB
[21:35:27] step 312/312 loss 0.0055 lr 4.00e-06 gnorm 0.16 6,958 tok/s 0.3min peak 1.60GiB

Writing model shards:   0%|          | 0/1 [00:00<?, ?it/s]
Writing model shards: 100%|██████████| 1/1 [00:00<00:00, 10.19it/s]
[21:35:27] saved -> v3_6f\final（loss 0.0055）
