[00:44:42] 样本：QAT 数据 5516 + 多轮/身份 550 = 6066 条
[00:44:42] 可用样本 6066，平均长度 26

Loading weights:   0%|          | 0/123 [00:00<?, ?it/s]
Loading weights: 100%|██████████| 123/123 [00:00<00:00, 2289.94it/s]
[00:44:43] KV-QAT hooks installed: K (post-RoPE) + V (v_proj out), q2 block8 STE
[00:44:45] step 25/756 loss 0.0492 lr 3.00e-05 gnorm 1.55 0.0min
[00:44:47] step 50/756 loss 0.0334 lr 2.99e-05 gnorm 1.20 0.1min
[00:44:48] step 75/756 loss 0.0115 lr 2.96e-05 gnorm 0.89 0.1min
[00:44:50] step 100/756 loss 0.0341 lr 2.91e-05 gnorm 0.88 0.1min
[00:44:51] step 125/756 loss 0.0072 lr 2.86e-05 gnorm 0.60 0.1min
[00:44:53] step 150/756 loss 0.0169 lr 2.78e-05 gnorm 1.07 0.2min
[00:44:54] step 175/756 loss 0.0185 lr 2.70e-05 gnorm 0.67 0.2min
[00:44:55] step 200/756 loss 0.0083 lr 2.61e-05 gnorm 0.29 0.2min
[00:44:57] step 225/756 loss 0.0192 lr 2.50e-05 gnorm 0.41 0.2min
[00:44:58] step 250/756 loss 0.0158 lr 2.38e-05 gnorm 0.28 0.3min
[00:45:00] step 275/756 loss 0.0025 lr 2.26e-05 gnorm 0.10 0.3min
[00:45:01] step 300/756 loss 0.0438 lr 2.13e-05 gnorm 1.02 0.3min
[00:45:03] step 325/756 loss 0.0051 lr 1.99e-05 gnorm 0.21 0.3min
[00:45:04] step 350/756 loss 0.0015 lr 1.85e-05 gnorm 0.06 0.4min
[00:45:06] step 375/756 loss 0.0024 lr 1.71e-05 gnorm 0.18 0.4min
[00:45:07] step 400/756 loss 0.0125 lr 1.57e-05 gnorm 0.28 0.4min
[00:45:09] step 425/756 loss 0.0088 lr 1.42e-05 gnorm 0.33 0.4min
[00:45:10] step 450/756 loss 0.0043 lr 1.29e-05 gnorm 0.43 0.5min
[00:45:11] step 475/756 loss 0.0070 lr 1.15e-05 gnorm 0.29 0.5min
[00:45:13] step 500/756 loss 0.2303 lr 1.02e-05 gnorm 3.75 0.5min
[00:45:14] step 525/756 loss 0.0104 lr 8.97e-06 gnorm 0.35 0.5min
[00:45:16] step 550/756 loss 0.0028 lr 7.83e-06 gnorm 0.08 0.6min
[00:45:17] step 575/756 loss 0.0046 lr 6.78e-06 gnorm 0.18 0.6min
[00:45:19] step 600/756 loss 0.0083 lr 5.85e-06 gnorm 0.25 0.6min
[00:45:20] step 625/756 loss 0.0050 lr 5.03e-06 gnorm 0.23 0.6min
[00:45:21] step 650/756 loss 0.0128 lr 4.34e-06 gnorm 0.33 0.6min
[00:45:23] step 675/756 loss 0.0271 lr 3.79e-06 gnorm 0.46 0.7min
[00:45:24] step 700/756 loss 0.0067 lr 3.38e-06 gnorm 0.23 0.7min
[00:45:26] step 725/756 loss 0.0058 lr 3.12e-06 gnorm 0.17 0.7min
[00:45:27] step 750/756 loss 0.0088 lr 3.00e-06 gnorm 0.32 0.7min
[00:45:28] step 756/756 loss 0.0048 lr 3.00e-06 gnorm 0.13 0.8min
[00:45:28] === 长文 QAT 4096: 200 窗口 | 2x2 | 50 步 | lr 1e-05 ===
[00:45:32] [longQAT4096] step 10/50 loss 0.5025 lr 9.14e-06 gnorm 33.79 0.8min
[00:45:36] [longQAT4096] step 20/50 loss 0.3243 lr 6.89e-06 gnorm 13.08 0.9min
[00:45:41] [longQAT4096] step 30/50 loss 0.6813 lr 4.11e-06 gnorm 23.93 1.0min
[00:45:45] [longQAT4096] step 40/50 loss 0.7577 lr 1.86e-06 gnorm 44.25 1.0min
[00:45:50] [longQAT4096] step 50/50 loss 0.1079 lr 1.00e-06 gnorm 6.83 1.1min
[00:45:50] === 长文 QAT 8192: 60 窗口 | 1x2 | 30 步 | lr 1e-05 ===
[00:45:56] [longQAT8192] step 10/30 loss 0.0343 lr 7.75e-06 gnorm 3.78 1.2min
[00:46:01] [longQAT8192] step 20/30 loss 0.4548 lr 3.25e-06 gnorm 99.39 1.3min
[00:46:07] [longQAT8192] step 30/30 loss 0.8455 lr 1.00e-06 gnorm 31.97 1.4min

Writing model shards:   0%|          | 0/1 [00:00<?, ?it/s]
Writing model shards: 100%|██████████| 1/1 [00:00<00:00,  8.52it/s]
Writing model shards: 100%|██████████| 1/1 [00:00<00:00,  8.45it/s]
[00:46:07] saved -> v3_7\final（loss 0.0048）
