[00:49:18] 样本：QAT 数据 5516 + 多轮/身份 280 = 5796 条
[00:49:18] 可用样本 5796，平均长度 25

Loading weights:   0%|          | 0/123 [00:00<?, ?it/s]
Loading weights: 100%|██████████| 123/123 [00:00<00:00, 2103.65it/s]
[00:49:19] KV-QAT hooks installed: K (post-RoPE) + V (v_proj out), q2 block8 STE
[00:49:21] step 24/24 loss 0.0050 lr 1.00e-06 gnorm 0.19 0.0min
[00:49:21] === 长文 QAT 4096: 400 窗口 | 2x2 | 200 步 | lr 5e-06 ===
[00:49:26] [longQAT4096] step 10/200 loss 0.1702 lr 4.97e-06 gnorm 14.43 0.1min
[00:49:30] [longQAT4096] step 20/200 loss 0.2709 lr 4.89e-06 gnorm 20.24 0.2min
[00:49:35] [longQAT4096] step 30/200 loss 0.6484 lr 4.75e-06 gnorm 20.96 0.3min
[00:49:39] [longQAT4096] step 40/200 loss 0.5774 lr 4.57e-06 gnorm 31.63 0.3min
[00:49:43] [longQAT4096] step 50/200 loss 0.0669 lr 4.34e-06 gnorm 3.28 0.4min
[00:49:48] [longQAT4096] step 60/200 loss 0.4242 lr 4.07e-06 gnorm 15.87 0.5min
[00:49:52] [longQAT4096] step 70/200 loss 0.2750 lr 3.77e-06 gnorm 4.59 0.6min
[00:49:57] [longQAT4096] step 80/200 loss 0.3296 lr 3.45e-06 gnorm 8.02 0.6min
[00:50:01] [longQAT4096] step 90/200 loss 0.2667 lr 3.10e-06 gnorm 18.87 0.7min
[00:50:05] [longQAT4096] step 100/200 loss 0.3053 lr 2.75e-06 gnorm 8.49 0.8min
[00:50:10] [longQAT4096] step 110/200 loss 0.5658 lr 2.40e-06 gnorm 9.30 0.9min
[00:50:14] [longQAT4096] step 120/200 loss 0.5822 lr 2.05e-06 gnorm 68.74 0.9min
[00:50:19] [longQAT4096] step 130/200 loss 1.2268 lr 1.73e-06 gnorm 31.00 1.0min
[00:50:23] [longQAT4096] step 140/200 loss 0.0755 lr 1.43e-06 gnorm 2.33 1.1min
[00:50:27] [longQAT4096] step 150/200 loss 0.6841 lr 1.16e-06 gnorm 42.72 1.1min
[00:50:32] [longQAT4096] step 160/200 loss 0.6315 lr 9.30e-07 gnorm 19.88 1.2min
[00:50:36] [longQAT4096] step 170/200 loss 0.2732 lr 7.45e-07 gnorm 9.29 1.3min
[00:50:41] [longQAT4096] step 180/200 loss 0.6004 lr 6.10e-07 gnorm 11.69 1.4min
[00:50:45] [longQAT4096] step 190/200 loss 0.1836 lr 5.28e-07 gnorm 4.90 1.4min
[00:50:49] [longQAT4096] step 200/200 loss 0.1788 lr 5.00e-07 gnorm 7.90 1.5min
[00:50:49] === 长文 QAT 8192: 120 窗口 | 1x2 | 120 步 | lr 5e-06 ===
[00:50:55] [longQAT8192] step 10/120 loss 0.0176 lr 4.92e-06 gnorm 0.88 1.6min
[00:51:01] [longQAT8192] step 20/120 loss 0.1443 lr 4.70e-06 gnorm 9.89 1.7min
[00:51:07] [longQAT8192] step 30/120 loss 0.6176 lr 4.34e-06 gnorm 15.09 1.8min
[00:51:13] [longQAT8192] step 40/120 loss 0.0051 lr 3.88e-06 gnorm 0.86 1.9min
[00:51:19] [longQAT8192] step 50/120 loss 1.0431 lr 3.33e-06 gnorm 57.31 2.0min
[00:51:25] [longQAT8192] step 60/120 loss 0.3173 lr 2.75e-06 gnorm 19.15 2.1min
[00:51:31] [longQAT8192] step 70/120 loss 0.4833 lr 2.17e-06 gnorm 15.74 2.2min
[00:51:37] [longQAT8192] step 80/120 loss 0.0460 lr 1.63e-06 gnorm 2.34 2.3min
[00:51:42] [longQAT8192] step 90/120 loss 0.0259 lr 1.16e-06 gnorm 1.65 2.4min
[00:51:48] [longQAT8192] step 100/120 loss 0.2868 lr 8.01e-07 gnorm 19.93 2.5min
[00:51:54] [longQAT8192] step 110/120 loss 0.6846 lr 5.77e-07 gnorm 22.40 2.6min
[00:52:00] [longQAT8192] step 120/120 loss 0.2376 lr 5.00e-07 gnorm 8.41 2.7min

Writing model shards:   0%|          | 0/1 [00:00<?, ?it/s]
Writing model shards: 100%|██████████| 1/1 [00:00<00:00, 11.94it/s]
[00:52:00] saved -> v3_7\final2（loss 0.0050）
