[00:37:54] 样本：QAT 数据 5516 + 多轮/身份 550 = 6066 条
[00:37:55] 可用样本 6066，平均长度 26

Loading weights:   0%|          | 0/123 [00:00<?, ?it/s]
Loading weights: 100%|██████████| 123/123 [00:00<00:00, 2371.72it/s]
[00:37:55] KV-QAT hooks installed: K (post-RoPE) + V (v_proj out), q2 block8 STE
[00:38:00] step 25/756 loss 0.0492 lr 3.00e-05 gnorm 1.55 0.1min
[00:38:02] step 50/756 loss 0.0334 lr 2.99e-05 gnorm 1.20 0.1min
[00:38:03] step 75/756 loss 0.0115 lr 2.96e-05 gnorm 0.89 0.1min
[00:38:05] step 100/756 loss 0.0341 lr 2.91e-05 gnorm 0.88 0.2min
[00:38:06] step 125/756 loss 0.0072 lr 2.86e-05 gnorm 0.60 0.2min
[00:38:08] step 150/756 loss 0.0169 lr 2.78e-05 gnorm 1.07 0.2min
[00:38:09] step 175/756 loss 0.0185 lr 2.70e-05 gnorm 0.67 0.2min
[00:38:11] step 200/756 loss 0.0083 lr 2.61e-05 gnorm 0.29 0.3min
[00:38:12] step 225/756 loss 0.0192 lr 2.50e-05 gnorm 0.41 0.3min
[00:38:14] step 250/756 loss 0.0158 lr 2.38e-05 gnorm 0.28 0.3min
[00:38:15] step 275/756 loss 0.0025 lr 2.26e-05 gnorm 0.10 0.3min
[00:38:17] step 300/756 loss 0.0438 lr 2.13e-05 gnorm 1.02 0.4min
[00:38:18] step 325/756 loss 0.0051 lr 1.99e-05 gnorm 0.21 0.4min
[00:38:20] step 350/756 loss 0.0015 lr 1.85e-05 gnorm 0.06 0.4min
[00:38:21] step 375/756 loss 0.0024 lr 1.71e-05 gnorm 0.18 0.4min
[00:38:23] step 400/756 loss 0.0125 lr 1.57e-05 gnorm 0.28 0.5min
[00:38:24] step 425/756 loss 0.0088 lr 1.42e-05 gnorm 0.33 0.5min
[00:38:26] step 450/756 loss 0.0043 lr 1.29e-05 gnorm 0.43 0.5min
[00:38:27] step 475/756 loss 0.0070 lr 1.15e-05 gnorm 0.29 0.5min
[00:38:29] step 500/756 loss 0.2303 lr 1.02e-05 gnorm 3.75 0.6min
[00:38:30] step 525/756 loss 0.0104 lr 8.97e-06 gnorm 0.35 0.6min
[00:38:32] step 550/756 loss 0.0028 lr 7.83e-06 gnorm 0.08 0.6min
[00:38:33] step 575/756 loss 0.0046 lr 6.78e-06 gnorm 0.18 0.6min
[00:38:35] step 600/756 loss 0.0083 lr 5.85e-06 gnorm 0.25 0.7min
[00:38:36] step 625/756 loss 0.0050 lr 5.03e-06 gnorm 0.23 0.7min
[00:38:38] step 650/756 loss 0.0128 lr 4.34e-06 gnorm 0.33 0.7min
[00:38:39] step 675/756 loss 0.0271 lr 3.79e-06 gnorm 0.46 0.7min
[00:38:41] step 700/756 loss 0.0067 lr 3.38e-06 gnorm 0.23 0.8min
[00:38:42] step 725/756 loss 0.0058 lr 3.12e-06 gnorm 0.17 0.8min
[00:38:44] step 750/756 loss 0.0088 lr 3.00e-06 gnorm 0.32 0.8min
[00:38:44] step 756/756 loss 0.0048 lr 3.00e-06 gnorm 0.13 0.8min

Writing model shards:   0%|          | 0/1 [00:00<?, ?it/s]
Writing model shards: 100%|██████████| 1/1 [00:00<00:00, 10.56it/s]
[00:38:44] saved -> v3_7\final（loss 0.0048）
