[07:49:01] === retrieval 4096: 800 samples | init v3_6r\final\ctx32768\final | 2x4 | 100 steps | 1 epoch(s) | lr 3e-05 ===

Loading weights:   0%|          | 0/123 [00:00<?, ?it/s]
Loading weights: 100%|██████████| 123/123 [00:00<00:00, 1702.22it/s]
[07:49:07] [retr4096] step 5/100 loss 0.3070 lr 2.50e-05 gnorm 9.00 28,707 tok/s 0.1min peak 3.17GiB
[07:49:11] [retr4096] step 10/100 loss 0.0239 lr 2.99e-05 gnorm 0.67 32,987 tok/s 0.2min peak 3.17GiB
[07:49:16] [retr4096] step 15/100 loss 0.5850 lr 2.94e-05 gnorm 12.24 34,697 tok/s 0.2min peak 3.17GiB
[07:49:20] [retr4096] step 20/100 loss 0.0492 lr 2.85e-05 gnorm 2.31 35,613 tok/s 0.3min peak 3.17GiB
[07:49:24] [retr4096] step 25/100 loss 0.0697 lr 2.74e-05 gnorm 2.06 36,190 tok/s 0.4min peak 3.17GiB
[07:49:28] [retr4096] step 30/100 loss 0.0573 lr 2.59e-05 gnorm 1.47 36,582 tok/s 0.4min peak 3.17GiB
[07:49:33] [retr4096] step 35/100 loss 0.0837 lr 2.41e-05 gnorm 1.16 36,870 tok/s 0.5min peak 3.17GiB
[07:49:37] [retr4096] step 40/100 loss 0.2011 lr 2.22e-05 gnorm 3.97 37,088 tok/s 0.6min peak 3.17GiB
[07:49:41] [retr4096] step 45/100 loss 0.2787 lr 2.01e-05 gnorm 8.73 37,262 tok/s 0.7min peak 3.17GiB
[07:49:45] [retr4096] step 50/100 loss 0.0133 lr 1.79e-05 gnorm 0.07 37,397 tok/s 0.7min peak 3.17GiB
[07:49:50] [retr4096] step 55/100 loss 0.4563 lr 1.56e-05 gnorm 10.11 37,511 tok/s 0.8min peak 3.17GiB
[07:49:54] [retr4096] step 60/100 loss 0.1984 lr 1.34e-05 gnorm 2.90 37,603 tok/s 0.9min peak 3.17GiB
[07:49:58] [retr4096] step 65/100 loss 0.3376 lr 1.12e-05 gnorm 6.25 37,686 tok/s 0.9min peak 3.17GiB
[07:50:02] [retr4096] step 70/100 loss 0.1702 lr 9.24e-06 gnorm 2.63 37,755 tok/s 1.0min peak 3.17GiB
[07:50:06] [retr4096] step 75/100 loss 0.4413 lr 7.44e-06 gnorm 10.23 37,817 tok/s 1.1min peak 3.17GiB
[07:50:11] [retr4096] step 80/100 loss 0.3120 lr 5.91e-06 gnorm 5.10 37,871 tok/s 1.2min peak 3.17GiB
[07:50:15] [retr4096] step 85/100 loss 0.1101 lr 4.66e-06 gnorm 3.21 37,918 tok/s 1.2min peak 3.17GiB
[07:50:19] [retr4096] step 90/100 loss 0.1077 lr 3.75e-06 gnorm 3.32 37,957 tok/s 1.3min peak 3.17GiB
[07:50:23] [retr4096] step 95/100 loss 0.0277 lr 3.19e-06 gnorm 1.14 37,990 tok/s 1.4min peak 3.17GiB
[07:50:28] [retr4096] step 100/100 loss 0.1625 lr 3.00e-06 gnorm 5.25 38,018 tok/s 1.4min peak 3.17GiB

Writing model shards:   0%|          | 0/1 [00:00<?, ?it/s]
Writing model shards: 100%|██████████| 1/1 [00:00<00:00, 11.71it/s]
[07:50:28] saved -> v3_8\final\ctx4096\final (loss 0.1625)
[07:50:28] === retrieval 8192: 500 samples | init v3_8\final\ctx4096\final | 2x4 | 62 steps | 1 epoch(s) | lr 2.4e-05 ===

Loading weights:   0%|          | 0/123 [00:00<?, ?it/s]
Loading weights: 100%|██████████| 123/123 [00:00<00:00, 2068.91it/s]
[07:50:40] [retr8192] step 5/62 loss 0.1334 lr 2.00e-05 gnorm 3.85 26,659 tok/s 0.2min peak 5.57GiB
[07:50:53] [retr8192] step 10/62 loss 0.0451 lr 2.37e-05 gnorm 1.46 26,677 tok/s 0.4min peak 5.57GiB
[07:51:05] [retr8192] step 15/62 loss 0.0126 lr 2.27e-05 gnorm 0.11 26,684 tok/s 0.6min peak 5.57GiB
[07:51:17] [retr8192] step 20/62 loss 0.3327 lr 2.08e-05 gnorm 7.06 26,683 tok/s 0.8min peak 5.57GiB
[07:51:29] [retr8192] step 25/62 loss 0.3318 lr 1.84e-05 gnorm 7.80 26,686 tok/s 1.0min peak 5.57GiB
[07:51:42] [retr8192] step 30/62 loss 0.0399 lr 1.56e-05 gnorm 0.64 26,689 tok/s 1.2min peak 5.57GiB
[07:51:54] [retr8192] step 35/62 loss 0.1275 lr 1.26e-05 gnorm 3.97 26,691 tok/s 1.4min peak 5.57GiB
[07:52:06] [retr8192] step 40/62 loss 0.4261 lr 9.63e-06 gnorm 6.76 26,687 tok/s 1.6min peak 5.57GiB
[07:52:18] [retr8192] step 45/62 loss 0.1936 lr 6.95e-06 gnorm 6.39 26,682 tok/s 1.8min peak 5.57GiB
[07:52:31] [retr8192] step 50/62 loss 0.0774 lr 4.76e-06 gnorm 1.74 26,682 tok/s 2.0min peak 5.57GiB
[07:52:43] [retr8192] step 55/62 loss 0.0370 lr 3.22e-06 gnorm 0.61 26,679 tok/s 2.3min peak 5.57GiB
[07:52:55] [retr8192] step 60/62 loss 0.0291 lr 2.47e-06 gnorm 1.51 26,676 tok/s 2.5min peak 5.57GiB
[07:53:00] [retr8192] step 62/62 loss 0.3768 lr 2.40e-06 gnorm 3.89 26,677 tok/s 2.5min peak 5.57GiB

Writing model shards:   0%|          | 0/1 [00:00<?, ?it/s]
Writing model shards: 100%|██████████| 1/1 [00:00<00:00, 12.00it/s]
[07:53:00] saved -> v3_8\final\ctx8192\final (loss 0.3768)
[07:53:00] === retrieval 16384: 245 samples | init v3_8\final\ctx8192\final | 1x4 | 61 steps | 1 epoch(s) | lr 1.8e-05 ===

Loading weights:   0%|          | 0/123 [00:00<?, ?it/s]
Loading weights: 100%|██████████| 123/123 [00:00<00:00, 2038.72it/s]
[07:53:19] [retr16384] step 5/61 loss 0.6753 lr 1.50e-05 gnorm 12.71 17,985 tok/s 0.3min peak 5.57GiB
[07:53:37] [retr16384] step 10/61 loss 0.1417 lr 1.78e-05 gnorm 8.98 17,993 tok/s 0.6min peak 5.57GiB
[07:53:55] [retr16384] step 15/61 loss 0.0575 lr 1.70e-05 gnorm 2.90 17,998 tok/s 0.9min peak 5.57GiB
[07:54:14] [retr16384] step 20/61 loss 0.9504 lr 1.55e-05 gnorm 46.14 17,997 tok/s 1.2min peak 5.57GiB
[07:54:32] [retr16384] step 25/61 loss 0.4483 lr 1.37e-05 gnorm 15.66 17,997 tok/s 1.5min peak 5.57GiB
[07:54:50] [retr16384] step 30/61 loss 0.2336 lr 1.15e-05 gnorm 13.54 17,990 tok/s 1.8min peak 5.57GiB
[07:55:08] [retr16384] step 35/61 loss 0.0189 lr 9.21e-06 gnorm 1.00 17,991 tok/s 2.1min peak 5.57GiB
[07:55:26] [retr16384] step 40/61 loss 0.5802 lr 6.96e-06 gnorm 18.44 17,992 tok/s 2.4min peak 5.57GiB
[07:55:45] [retr16384] step 45/61 loss 0.0502 lr 4.95e-06 gnorm 2.89 17,988 tok/s 2.7min peak 5.57GiB
[07:56:03] [retr16384] step 50/61 loss 1.1107 lr 3.35e-06 gnorm 35.44 17,986 tok/s 3.0min peak 5.57GiB
[07:56:21] [retr16384] step 55/61 loss 0.1085 lr 2.27e-06 gnorm 5.06 17,987 tok/s 3.3min peak 5.57GiB
[07:56:39] [retr16384] step 60/61 loss 0.0237 lr 1.81e-06 gnorm 1.28 17,988 tok/s 3.6min peak 5.57GiB
[07:56:43] [retr16384] step 61/61 loss 0.2108 lr 1.80e-06 gnorm 9.85 17,988 tok/s 3.7min peak 5.57GiB

Writing model shards:   0%|          | 0/1 [00:00<?, ?it/s]
Writing model shards: 100%|██████████| 1/1 [00:00<00:00, 11.62it/s]
[07:56:43] saved -> v3_8\final\ctx16384\final (loss 0.2108)
[07:56:43] === retrieval 32768: 118 samples | init v3_8\final\ctx16384\final | 1x4 | 29 steps | 1 epoch(s) | lr 1.2e-05 ===

Loading weights:   0%|          | 0/123 [00:00<?, ?it/s]
Loading weights: 100%|██████████| 123/123 [00:00<00:00, 2053.00it/s]
[07:57:42] [retr32768] step 5/29 loss 0.9762 lr 1.00e-05 gnorm 50.78 11,191 tok/s 1.0min peak 10.28GiB
[07:58:40] [retr32768] step 10/29 loss 0.7337 lr 1.12e-05 gnorm 28.07 11,194 tok/s 2.0min peak 10.28GiB
[07:59:39] [retr32768] step 15/29 loss 0.2850 lr 8.41e-06 gnorm 15.32 11,194 tok/s 2.9min peak 10.28GiB
[08:00:38] [retr32768] step 20/29 loss 1.5196 lr 4.79e-06 gnorm 57.73 11,191 tok/s 3.9min peak 10.28GiB
[08:01:36] [retr32768] step 25/29 loss 0.7085 lr 1.99e-06 gnorm 16.56 11,185 tok/s 4.9min peak 10.28GiB
[08:02:23] [retr32768] step 29/29 loss 0.3158 lr 1.20e-06 gnorm 24.53 11,175 tok/s 5.7min peak 10.28GiB

Writing model shards:   0%|          | 0/1 [00:00<?, ?it/s]
Writing model shards: 100%|██████████| 1/1 [00:00<00:00,  6.66it/s]
Writing model shards: 100%|██████████| 1/1 [00:00<00:00,  6.66it/s]
[08:02:24] saved -> v3_8\final\ctx32768\final (loss 0.3158)
[08:02:24] retrieval SFT done -> v3_8\final\ctx32768\final
