[08:26:48] 样本：补丁 3092 + 其余 550 = 3642 条
[08:26:49] 可用样本 3642，平均长度 28

Loading weights:   0%|          | 0/123 [00:00<?, ?it/s]
Loading weights: 100%|██████████| 123/123 [00:00<00:00, 1561.28it/s]
[08:26:53] step 25/453 loss 0.0818 lr 2.50e-05 gnorm 1.13 2,635 tok/s 0.1min peak 1.53GiB
[08:26:56] step 50/453 loss 0.0488 lr 2.46e-05 gnorm 0.64 3,212 tok/s 0.1min peak 1.53GiB
[08:26:59] step 75/453 loss 0.0875 lr 2.39e-05 gnorm 1.14 3,467 tok/s 0.2min peak 1.53GiB
[08:27:02] step 100/453 loss 0.0401 lr 2.29e-05 gnorm 0.79 3,587 tok/s 0.2min peak 1.53GiB
[08:27:04] step 125/453 loss 0.0599 lr 2.15e-05 gnorm 0.66 3,686 tok/s 0.3min peak 1.53GiB
[08:27:07] step 150/453 loss 0.0244 lr 2.00e-05 gnorm 0.36 3,752 tok/s 0.3min peak 1.53GiB
[08:27:09] step 175/453 loss 0.0568 lr 1.82e-05 gnorm 0.84 3,915 tok/s 0.3min peak 1.53GiB
[08:27:11] step 200/453 loss 0.0379 lr 1.63e-05 gnorm 0.50 4,170 tok/s 0.4min peak 1.53GiB
[08:27:12] step 225/453 loss 0.0398 lr 1.44e-05 gnorm 0.58 4,416 tok/s 0.4min peak 1.53GiB
[08:27:13] step 250/453 loss 0.0384 lr 1.24e-05 gnorm 0.49 4,631 tok/s 0.4min peak 1.60GiB
[08:27:15] step 275/453 loss 0.0411 lr 1.04e-05 gnorm 0.60 4,832 tok/s 0.4min peak 1.60GiB
[08:27:17] step 300/453 loss 0.0630 lr 8.55e-06 gnorm 1.05 4,899 tok/s 0.5min peak 1.60GiB
[08:27:18] step 325/453 loss 0.0371 lr 6.86e-06 gnorm 0.57 5,052 tok/s 0.5min peak 1.60GiB
[08:27:19] step 350/453 loss 0.0353 lr 5.39e-06 gnorm 0.46 5,202 tok/s 0.5min peak 1.60GiB
[08:27:21] step 375/453 loss 0.0485 lr 4.19e-06 gnorm 0.58 5,337 tok/s 0.5min peak 1.60GiB
[08:27:22] step 400/453 loss 0.0416 lr 3.29e-06 gnorm 0.64 5,454 tok/s 0.6min peak 1.60GiB
[08:27:24] step 425/453 loss 0.0514 lr 2.72e-06 gnorm 0.48 5,552 tok/s 0.6min peak 1.60GiB
[08:27:25] step 450/453 loss 0.0584 lr 2.50e-06 gnorm 0.72 5,639 tok/s 0.6min peak 1.60GiB
[08:27:25] step 453/453 loss 0.0450 lr 2.50e-06 gnorm 0.48 5,649 tok/s 0.6min peak 1.60GiB

Writing model shards:   0%|          | 0/1 [00:00<?, ?it/s]
Writing model shards: 100%|██████████| 1/1 [00:00<00:00,  9.44it/s]
Writing model shards: 100%|██████████| 1/1 [00:00<00:00,  9.44it/s]
[08:27:25] saved -> v3_8\chat_restore（loss 0.0450）
