[08:08:35] === retrieval 4096: 200 samples | init v3_8\soup_ab | 2x4 | 25 steps | 1 epoch(s) | lr 2.5e-05 ===

Loading weights:   0%|          | 0/123 [00:00<?, ?it/s]
Loading weights: 100%|██████████| 123/123 [00:00<00:00, 1659.30it/s]
[08:08:42] [retr4096] step 5/25 loss 0.1554 lr 2.50e-05 gnorm 4.70 26,859 tok/s 0.1min peak 3.17GiB
[08:08:46] [retr4096] step 10/25 loss 0.0291 lr 2.17e-05 gnorm 1.50 31,558 tok/s 0.2min peak 3.17GiB
[08:08:50] [retr4096] step 15/25 loss 0.0751 lr 1.38e-05 gnorm 3.09 33,467 tok/s 0.2min peak 3.17GiB
[08:08:54] [retr4096] step 20/25 loss 0.1381 lr 5.80e-06 gnorm 4.29 34,460 tok/s 0.3min peak 3.17GiB
[08:08:59] [retr4096] step 25/25 loss 0.0480 lr 2.50e-06 gnorm 1.46 35,060 tok/s 0.4min peak 3.17GiB

Writing model shards:   0%|          | 0/1 [00:00<?, ?it/s]
Writing model shards: 100%|██████████| 1/1 [00:00<00:00,  7.40it/s]
Writing model shards: 100%|██████████| 1/1 [00:00<00:00,  7.35it/s]
[08:08:59] saved -> v3_8\final2\ctx4096\final (loss 0.0480)
[08:08:59] === retrieval 8192: 100 samples | init v3_8\final2\ctx4096\final | 2x4 | 12 steps | 1 epoch(s) | lr 2e-05 ===

Loading weights:   0%|          | 0/123 [00:00<?, ?it/s]
Loading weights:  63%|██████▎   | 78/123 [00:00<00:00, 765.22it/s]
Loading weights: 100%|██████████| 123/123 [00:00<00:00, 1113.63it/s]
[08:09:12] [retr8192] step 5/12 loss 0.0448 lr 2.00e-05 gnorm 4.97 26,485 tok/s 0.2min peak 5.57GiB
[08:09:24] [retr8192] step 10/12 loss 0.1855 lr 5.39e-06 gnorm 3.05 26,529 tok/s 0.4min peak 5.57GiB
[08:09:29] [retr8192] step 12/12 loss 0.3078 lr 2.00e-06 gnorm 8.65 26,539 tok/s 0.5min peak 5.57GiB

Writing model shards:   0%|          | 0/1 [00:00<?, ?it/s]
Writing model shards: 100%|██████████| 1/1 [00:00<00:00,  9.87it/s]
Writing model shards: 100%|██████████| 1/1 [00:00<00:00,  9.78it/s]
[08:09:29] saved -> v3_8\final2\ctx8192\final (loss 0.3078)
[08:09:29] === retrieval 16384: 392 samples | init v3_8\final2\ctx8192\final | 1x4 | 98 steps | 1 epoch(s) | lr 1.5e-05 ===

Loading weights:   0%|          | 0/123 [00:00<?, ?it/s]
Loading weights: 100%|██████████| 123/123 [00:00<00:00, 1274.87it/s]
[08:09:48] [retr16384] step 5/98 loss 0.5259 lr 1.50e-05 gnorm 13.15 17,833 tok/s 0.3min peak 5.57GiB
[08:10:06] [retr16384] step 10/98 loss 0.1346 lr 1.49e-05 gnorm 6.46 17,833 tok/s 0.6min peak 5.57GiB
[08:10:24] [retr16384] step 15/98 loss 0.1375 lr 1.46e-05 gnorm 5.19 17,873 tok/s 0.9min peak 5.57GiB
[08:10:43] [retr16384] step 20/98 loss 0.0047 lr 1.42e-05 gnorm 0.23 17,895 tok/s 1.2min peak 5.57GiB
[08:11:01] [retr16384] step 25/98 loss 0.6091 lr 1.35e-05 gnorm 18.92 17,909 tok/s 1.5min peak 5.57GiB
[08:11:19] [retr16384] step 30/98 loss 0.6273 lr 1.27e-05 gnorm 14.60 17,914 tok/s 1.8min peak 5.57GiB
[08:11:37] [retr16384] step 35/98 loss 0.0456 lr 1.18e-05 gnorm 4.40 17,919 tok/s 2.1min peak 5.57GiB
[08:11:56] [retr16384] step 40/98 loss 0.0316 lr 1.08e-05 gnorm 0.74 17,915 tok/s 2.4min peak 5.57GiB
[08:12:14] [retr16384] step 45/98 loss 0.3268 lr 9.72e-06 gnorm 7.28 17,914 tok/s 2.7min peak 5.57GiB
[08:12:33] [retr16384] step 50/98 loss 0.1361 lr 8.59e-06 gnorm 5.16 17,888 tok/s 3.1min peak 5.57GiB
[08:12:51] [retr16384] step 55/98 loss 0.2116 lr 7.45e-06 gnorm 6.84 17,875 tok/s 3.4min peak 5.57GiB
[08:13:09] [retr16384] step 60/98 loss 0.0341 lr 6.34e-06 gnorm 0.78 17,871 tok/s 3.7min peak 5.57GiB
[08:13:28] [retr16384] step 65/98 loss 0.0586 lr 5.28e-06 gnorm 5.18 17,853 tok/s 4.0min peak 5.57GiB
[08:13:46] [retr16384] step 70/98 loss 0.2584 lr 4.30e-06 gnorm 5.46 17,840 tok/s 4.3min peak 5.57GiB
[08:14:05] [retr16384] step 75/98 loss 0.0196 lr 3.44e-06 gnorm 2.10 17,822 tok/s 4.6min peak 5.57GiB
[08:14:24] [retr16384] step 80/98 loss 0.4702 lr 2.71e-06 gnorm 10.13 17,822 tok/s 4.9min peak 5.57GiB
[08:14:42] [retr16384] step 85/98 loss 0.0324 lr 2.14e-06 gnorm 1.42 17,819 tok/s 5.2min peak 5.57GiB
[08:15:00] [retr16384] step 90/98 loss 0.3987 lr 1.74e-06 gnorm 17.07 17,811 tok/s 5.5min peak 5.57GiB
[08:15:19] [retr16384] step 95/98 loss 0.1022 lr 1.53e-06 gnorm 14.31 17,803 tok/s 5.8min peak 5.57GiB
[08:15:30] [retr16384] step 98/98 loss 0.0308 lr 1.50e-06 gnorm 1.82 17,801 tok/s 6.0min peak 5.57GiB

Writing model shards:   0%|          | 0/1 [00:00<?, ?it/s]
Writing model shards: 100%|██████████| 1/1 [00:00<00:00,  9.21it/s]
Writing model shards: 100%|██████████| 1/1 [00:00<00:00,  9.13it/s]
[08:15:30] saved -> v3_8\final2\ctx16384\final (loss 0.0308)
[08:15:30] === retrieval 32768: 118 samples | init v3_8\final2\ctx16384\final | 1x4 | 29 steps | 1 epoch(s) | lr 1e-05 ===

Loading weights:   0%|          | 0/123 [00:00<?, ?it/s]
Loading weights: 100%|██████████| 123/123 [00:00<00:00, 1326.42it/s]
[08:16:30] [retr32768] step 5/29 loss 0.8359 lr 1.00e-05 gnorm 26.59 11,042 tok/s 1.0min peak 10.28GiB
[08:17:29] [retr32768] step 10/29 loss 1.0837 lr 9.07e-06 gnorm 73.54 11,058 tok/s 2.0min peak 10.28GiB
[08:18:28] [retr32768] step 15/29 loss 0.4470 lr 6.66e-06 gnorm 28.36 11,051 tok/s 3.0min peak 10.28GiB
[08:19:28] [retr32768] step 20/29 loss 0.3505 lr 3.78e-06 gnorm 20.06 11,051 tok/s 4.0min peak 10.28GiB
[08:20:27] [retr32768] step 25/29 loss 0.4884 lr 1.60e-06 gnorm 29.31 11,042 tok/s 4.9min peak 10.28GiB
[08:21:15] [retr32768] step 29/29 loss 0.6512 lr 1.00e-06 gnorm 25.15 11,045 tok/s 5.7min peak 10.28GiB

Writing model shards:   0%|          | 0/1 [00:00<?, ?it/s]
Writing model shards: 100%|██████████| 1/1 [00:00<00:00,  7.24it/s]
Writing model shards: 100%|██████████| 1/1 [00:00<00:00,  7.24it/s]
[08:21:15] saved -> v3_8\final2\ctx32768\final (loss 0.6512)
[08:21:15] retrieval SFT done -> v3_8\final2\ctx32768\final
