[08:37:27] 样本：补丁 6970 + 其余 280 = 7250 条
[08:37:28] 可用样本 7250，平均长度 24

Loading weights:   0%|          | 0/123 [00:00<?, ?it/s]
Loading weights: 100%|██████████| 123/123 [00:00<00:00, 1660.93it/s]
[08:37:30] step 25/302 loss 0.2337 lr 1.99e-05 gnorm 4.27 2,757 tok/s 0.0min peak 1.38GiB
[08:37:32] step 50/302 loss 0.0938 lr 1.92e-05 gnorm 2.37 3,556 tok/s 0.1min peak 1.42GiB
[08:37:33] step 75/302 loss 0.0818 lr 1.79e-05 gnorm 1.93 3,981 tok/s 0.1min peak 1.43GiB
[08:37:35] step 100/302 loss 0.0143 lr 1.61e-05 gnorm 0.98 4,231 tok/s 0.1min peak 1.49GiB
[08:37:36] step 125/302 loss 0.1283 lr 1.39e-05 gnorm 2.31 4,382 tok/s 0.1min peak 1.49GiB
[08:37:37] step 150/302 loss 0.0100 lr 1.16e-05 gnorm 0.32 4,469 tok/s 0.2min peak 1.49GiB
[08:37:39] step 175/302 loss 0.0081 lr 9.17e-06 gnorm 0.25 4,580 tok/s 0.2min peak 1.49GiB
[08:37:40] step 200/302 loss 0.0853 lr 6.90e-06 gnorm 1.45 4,667 tok/s 0.2min peak 1.59GiB
[08:37:41] step 225/302 loss 0.0414 lr 4.92e-06 gnorm 1.01 4,712 tok/s 0.2min peak 1.59GiB
[08:37:43] step 250/302 loss 0.0245 lr 3.37e-06 gnorm 0.66 4,780 tok/s 0.2min peak 1.59GiB
[08:37:44] step 275/302 loss 0.0245 lr 2.38e-06 gnorm 0.40 4,831 tok/s 0.3min peak 1.59GiB
[08:37:45] step 300/302 loss 0.0879 lr 2.00e-06 gnorm 1.76 4,886 tok/s 0.3min peak 1.59GiB
[08:37:46] step 302/302 loss 0.0042 lr 2.00e-06 gnorm 0.16 4,885 tok/s 0.3min peak 1.59GiB

Writing model shards:   0%|          | 0/1 [00:00<?, ?it/s]
Writing model shards: 100%|██████████| 1/1 [00:00<00:00,  9.28it/s]
Writing model shards: 100%|██████████| 1/1 [00:00<00:00,  9.28it/s]
[08:37:46] saved -> v3_8\cr2（loss 0.0042）
