[08:28:29] === retrieval 4096: 300 samples | init v3_8\chat_restore | 2x4 | 37 steps | 1 epoch(s) | lr 1.75e-05 ===

Loading weights:   0%|          | 0/123 [00:00<?, ?it/s]
Loading weights: 100%|██████████| 123/123 [00:00<00:00, 1967.71it/s]
[08:28:35] [retr4096] step 5/37 loss 0.0680 lr 1.75e-05 gnorm 2.79 29,182 tok/s 0.1min peak 3.17GiB
[08:28:39] [retr4096] step 10/37 loss 0.2591 lr 1.66e-05 gnorm 4.26 33,207 tok/s 0.2min peak 3.17GiB
[08:28:44] [retr4096] step 15/37 loss 0.0192 lr 1.40e-05 gnorm 0.13 34,818 tok/s 0.2min peak 3.17GiB
[08:28:48] [retr4096] step 20/37 loss 0.3641 lr 1.04e-05 gnorm 8.87 35,688 tok/s 0.3min peak 3.17GiB
[08:28:52] [retr4096] step 25/37 loss 0.0730 lr 6.61e-06 gnorm 0.35 36,234 tok/s 0.4min peak 3.17GiB
[08:28:56] [retr4096] step 30/37 loss 0.1411 lr 3.54e-06 gnorm 5.23 36,607 tok/s 0.4min peak 3.17GiB
[08:29:01] [retr4096] step 35/37 loss 0.3781 lr 1.90e-06 gnorm 10.23 36,873 tok/s 0.5min peak 3.17GiB
[08:29:02] [retr4096] step 37/37 loss 0.2686 lr 1.75e-06 gnorm 6.35 36,961 tok/s 0.5min peak 3.17GiB

Writing model shards:   0%|          | 0/1 [00:00<?, ?it/s]
Writing model shards: 100%|██████████| 1/1 [00:00<00:00, 11.27it/s]
[08:29:02] saved -> v3_8\final3\ctx4096\final (loss 0.2686)
[08:29:02] === retrieval 8192: 200 samples | init v3_8\final3\ctx4096\final | 2x4 | 25 steps | 1 epoch(s) | lr 1.4e-05 ===

Loading weights:   0%|          | 0/123 [00:00<?, ?it/s]
Loading weights: 100%|██████████| 123/123 [00:00<00:00, 1712.94it/s]
[08:29:15] [retr8192] step 5/25 loss 0.1100 lr 1.40e-05 gnorm 2.99 26,620 tok/s 0.2min peak 5.57GiB
[08:29:27] [retr8192] step 10/25 loss 0.0561 lr 1.22e-05 gnorm 1.35 26,625 tok/s 0.4min peak 5.57GiB
[08:29:39] [retr8192] step 15/25 loss 0.0453 lr 7.70e-06 gnorm 1.17 26,625 tok/s 0.6min peak 5.57GiB
[08:29:52] [retr8192] step 20/25 loss 0.0233 lr 3.25e-06 gnorm 0.11 26,612 tok/s 0.8min peak 5.57GiB
[08:30:04] [retr8192] step 25/25 loss 0.0307 lr 1.40e-06 gnorm 0.93 26,598 tok/s 1.0min peak 5.57GiB

Writing model shards:   0%|          | 0/1 [00:00<?, ?it/s]
Writing model shards: 100%|██████████| 1/1 [00:00<00:00, 11.09it/s]
[08:30:04] saved -> v3_8\final3\ctx8192\final (loss 0.0307)
[08:30:04] === retrieval 16384: 98 samples | init v3_8\final3\ctx8192\final | 1x4 | 24 steps | 1 epoch(s) | lr 1.05e-05 ===

Loading weights:   0%|          | 0/123 [00:00<?, ?it/s]
Loading weights: 100%|██████████| 123/123 [00:00<00:00, 2003.27it/s]
[08:30:23] [retr16384] step 5/24 loss 0.1735 lr 1.05e-05 gnorm 6.71 17,899 tok/s 0.3min peak 5.57GiB
[08:30:41] [retr16384] step 10/24 loss 0.1784 lr 8.98e-06 gnorm 6.20 17,899 tok/s 0.6min peak 5.57GiB
[08:30:59] [retr16384] step 15/24 loss 0.3821 lr 5.38e-06 gnorm 20.31 17,902 tok/s 0.9min peak 5.57GiB
[08:31:18] [retr16384] step 20/24 loss 0.0097 lr 2.05e-06 gnorm 1.08 17,903 tok/s 1.2min peak 5.57GiB
[08:31:32] [retr16384] step 24/24 loss 0.0328 lr 1.05e-06 gnorm 5.19 17,903 tok/s 1.5min peak 5.57GiB

Writing model shards:   0%|          | 0/1 [00:00<?, ?it/s]
Writing model shards: 100%|██████████| 1/1 [00:00<00:00,  8.13it/s]
Writing model shards: 100%|██████████| 1/1 [00:00<00:00,  8.06it/s]
[08:31:32] saved -> v3_8\final3\ctx16384\final (loss 0.0328)
[08:31:33] === retrieval 32768: 59 samples | init v3_8\final3\ctx16384\final | 1x4 | 14 steps | 1 epoch(s) | lr 7e-06 ===

Loading weights:   0%|          | 0/123 [00:00<?, ?it/s]
Loading weights: 100%|██████████| 123/123 [00:00<00:00, 1780.87it/s]
[08:32:31] [retr32768] step 5/14 loss 0.5253 lr 7.00e-06 gnorm 43.30 11,184 tok/s 1.0min peak 10.28GiB
[08:33:30] [retr32768] step 10/14 loss 0.3461 lr 3.30e-06 gnorm 17.25 11,165 tok/s 2.0min peak 10.28GiB
[08:34:17] [retr32768] step 14/14 loss 0.3110 lr 7.00e-07 gnorm 15.17 11,163 tok/s 2.7min peak 10.28GiB

Writing model shards:   0%|          | 0/1 [00:00<?, ?it/s]
Writing model shards: 100%|██████████| 1/1 [00:00<00:00, 10.91it/s]
[08:34:17] saved -> v3_8\final3\ctx32768\final (loss 0.3110)
[08:34:17] retrieval SFT done -> v3_8\final3\ctx32768\final
