[09:35:37] === retrieval 4096: 100 samples | init v3_8\cr10 | 2x4 | 12 steps | 1 epoch(s) | lr 2.5e-05 ===

Loading weights:   0%|          | 0/123 [00:00<?, ?it/s]
Loading weights: 100%|██████████| 123/123 [00:00<00:00, 1544.73it/s]
[09:35:37] [train-last] 只训练最后 2 层 + norm：4.02M / 29.43M 参数
[09:35:41] [retr4096] step 5/12 loss 0.3968 lr 2.50e-05 gnorm 1.40 48,080 tok/s 0.1min peak 0.90GiB
[09:35:43] [retr4096] step 10/12 loss 0.2655 lr 6.74e-06 gnorm 0.75 60,943 tok/s 0.1min peak 0.90GiB
[09:35:44] [retr4096] step 12/12 loss 0.2532 lr 2.50e-06 gnorm 0.81 63,772 tok/s 0.1min peak 0.90GiB

Writing model shards:   0%|          | 0/1 [00:00<?, ?it/s]
Writing model shards: 100%|██████████| 1/1 [00:00<00:00, 11.26it/s]
[09:35:44] saved -> v3_9\final\ctx4096\final (loss 0.2532)
[09:35:44] === retrieval 8192: 100 samples | init v3_9\final\ctx4096\final | 2x4 | 12 steps | 1 epoch(s) | lr 2e-05 ===

Loading weights:   0%|          | 0/123 [00:00<?, ?it/s]
Loading weights: 100%|██████████| 123/123 [00:00<00:00, 1928.85it/s]
[09:35:49] [retr8192] step 5/12 loss 1.2348 lr 2.00e-05 gnorm 2.82 59,978 tok/s 0.1min peak 1.37GiB
[09:35:55] [retr8192] step 10/12 loss 0.5708 lr 5.39e-06 gnorm 1.48 59,983 tok/s 0.2min peak 1.37GiB
[09:35:57] [retr8192] step 12/12 loss 0.1749 lr 2.00e-06 gnorm 0.90 59,981 tok/s 0.2min peak 1.37GiB

Writing model shards:   0%|          | 0/1 [00:00<?, ?it/s]
Writing model shards: 100%|██████████| 1/1 [00:00<00:00, 12.93it/s]
[09:35:57] saved -> v3_9\final\ctx8192\final (loss 0.1749)
[09:35:57] === retrieval 16384: 392 samples | init v3_9\final\ctx8192\final | 1x4 | 98 steps | 1 epoch(s) | lr 1.5e-05 ===

Loading weights:   0%|          | 0/123 [00:00<?, ?it/s]
Loading weights: 100%|██████████| 123/123 [00:00<00:00, 1987.62it/s]
[09:36:05] [retr16384] step 5/98 loss 0.0330 lr 1.50e-05 gnorm 0.15 42,954 tok/s 0.1min peak 1.37GiB
[09:36:12] [retr16384] step 10/98 loss 0.3786 lr 1.49e-05 gnorm 1.70 43,044 tok/s 0.3min peak 1.37GiB
[09:36:20] [retr16384] step 15/98 loss 0.3053 lr 1.46e-05 gnorm 1.56 43,070 tok/s 0.4min peak 1.37GiB
[09:36:28] [retr16384] step 20/98 loss 0.0603 lr 1.42e-05 gnorm 0.79 43,075 tok/s 0.5min peak 1.37GiB
[09:36:35] [retr16384] step 25/98 loss 0.4231 lr 1.35e-05 gnorm 2.28 43,068 tok/s 0.6min peak 1.37GiB
[09:36:43] [retr16384] step 30/98 loss 0.8339 lr 1.27e-05 gnorm 4.64 43,063 tok/s 0.8min peak 1.37GiB
[09:36:50] [retr16384] step 35/98 loss 0.0253 lr 1.18e-05 gnorm 0.19 43,063 tok/s 0.9min peak 1.37GiB
[09:36:58] [retr16384] step 40/98 loss 0.0969 lr 1.08e-05 gnorm 0.52 43,068 tok/s 1.0min peak 1.37GiB
[09:37:06] [retr16384] step 45/98 loss 0.0354 lr 9.72e-06 gnorm 0.33 43,068 tok/s 1.1min peak 1.37GiB
[09:37:13] [retr16384] step 50/98 loss 0.0374 lr 8.59e-06 gnorm 0.45 43,066 tok/s 1.3min peak 1.37GiB
[09:37:21] [retr16384] step 55/98 loss 0.0390 lr 7.45e-06 gnorm 0.29 43,067 tok/s 1.4min peak 1.37GiB
[09:37:29] [retr16384] step 60/98 loss 0.0472 lr 6.34e-06 gnorm 0.34 43,065 tok/s 1.5min peak 1.37GiB
[09:37:36] [retr16384] step 65/98 loss 0.1257 lr 5.28e-06 gnorm 1.05 43,063 tok/s 1.6min peak 1.37GiB
[09:37:44] [retr16384] step 70/98 loss 0.5472 lr 4.30e-06 gnorm 3.05 43,062 tok/s 1.8min peak 1.37GiB
[09:37:51] [retr16384] step 75/98 loss 0.2101 lr 3.44e-06 gnorm 1.00 43,060 tok/s 1.9min peak 1.37GiB
[09:37:59] [retr16384] step 80/98 loss 0.1321 lr 2.71e-06 gnorm 0.96 43,058 tok/s 2.0min peak 1.37GiB
[09:38:07] [retr16384] step 85/98 loss 0.2914 lr 2.14e-06 gnorm 1.64 43,056 tok/s 2.2min peak 1.37GiB
[09:38:14] [retr16384] step 90/98 loss 0.0934 lr 1.74e-06 gnorm 0.80 43,054 tok/s 2.3min peak 1.37GiB
[09:38:22] [retr16384] step 95/98 loss 0.8764 lr 1.53e-06 gnorm 2.48 43,052 tok/s 2.4min peak 1.37GiB
[09:38:26] [retr16384] step 98/98 loss 0.3714 lr 1.50e-06 gnorm 1.82 43,049 tok/s 2.5min peak 1.37GiB

Writing model shards:   0%|          | 0/1 [00:00<?, ?it/s]
Writing model shards: 100%|██████████| 1/1 [00:00<00:00, 10.66it/s]
[09:38:26] saved -> v3_9\final\ctx16384\final (loss 0.3714)
[09:38:27] === retrieval 32768: 98 samples | init v3_9\final\ctx16384\final | 1x4 | 24 steps | 1 epoch(s) | lr 1e-05 ===

Loading weights:   0%|          | 0/123 [00:00<?, ?it/s]
Loading weights: 100%|██████████| 123/123 [00:00<00:00, 2033.67it/s]
[09:38:50] [retr32768] step 5/24 loss 0.8932 lr 1.00e-05 gnorm 2.63 27,849 tok/s 0.4min peak 2.22GiB
[09:39:14] [retr32768] step 10/24 loss 0.6156 lr 8.55e-06 gnorm 3.32 27,842 tok/s 0.8min peak 2.22GiB
[09:39:37] [retr32768] step 15/24 loss 1.0653 lr 5.13e-06 gnorm 5.36 27,849 tok/s 1.2min peak 2.22GiB
[09:40:01] [retr32768] step 20/24 loss 0.5985 lr 1.95e-06 gnorm 2.87 27,858 tok/s 1.6min peak 2.22GiB
[09:40:20] [retr32768] step 24/24 loss 0.1594 lr 1.00e-06 gnorm 1.71 27,862 tok/s 1.9min peak 2.22GiB

Writing model shards:   0%|          | 0/1 [00:00<?, ?it/s]
Writing model shards: 100%|██████████| 1/1 [00:00<00:00, 10.96it/s]
[09:40:20] saved -> v3_9\final\ctx32768\final (loss 0.1594)
[09:40:20] retrieval SFT done -> v3_9\final\ctx32768\final
