[09:59:15] === retrieval 4096: 250 samples | init v3_9\stockfix2 | 2x4 | 31 steps | 1 epoch(s) | lr 5e-05 ===

Loading weights:   0%|          | 0/123 [00:00<?, ?it/s]
Loading weights: 100%|██████████| 123/123 [00:00<00:00, 1844.55it/s]
[09:59:15] [train-last] 只训练最后 2 层 + norm：4.02M / 29.43M 参数
[09:59:19] [retr4096] step 5/31 loss 0.3917 lr 5.00e-05 gnorm 1.30 50,156 tok/s 0.1min peak 0.90GiB
[09:59:21] [retr4096] step 10/31 loss 0.8748 lr 4.60e-05 gnorm 2.67 62,507 tok/s 0.1min peak 0.90GiB
[09:59:23] [retr4096] step 15/31 loss 1.0195 lr 3.55e-05 gnorm 1.99 68,118 tok/s 0.1min peak 0.90GiB
[09:59:25] [retr4096] step 20/31 loss 0.6318 lr 2.21e-05 gnorm 1.22 71,317 tok/s 0.2min peak 0.90GiB
[09:59:27] [retr4096] step 25/31 loss 0.4045 lr 1.07e-05 gnorm 1.86 73,373 tok/s 0.2min peak 0.90GiB
[09:59:29] [retr4096] step 30/31 loss 0.5861 lr 5.16e-06 gnorm 1.32 74,816 tok/s 0.2min peak 0.90GiB
[09:59:29] [retr4096] step 31/31 loss 0.3795 lr 5.00e-06 gnorm 1.21 75,055 tok/s 0.2min peak 0.90GiB

Writing model shards:   0%|          | 0/1 [00:00<?, ?it/s]
Writing model shards: 100%|██████████| 1/1 [00:00<00:00, 11.06it/s]
[09:59:29] saved -> v3_9\evf_final\ctx4096\final (loss 0.3795)
[09:59:29] === retrieval 8192: 200 samples | init v3_9\evf_final\ctx4096\final | 2x4 | 25 steps | 1 epoch(s) | lr 4e-05 ===

Loading weights:   0%|          | 0/123 [00:00<?, ?it/s]
Loading weights: 100%|██████████| 123/123 [00:00<00:00, 1506.26it/s]
[09:59:35] [retr8192] step 5/25 loss 0.2173 lr 4.00e-05 gnorm 1.36 59,904 tok/s 0.1min peak 1.37GiB
[09:59:40] [retr8192] step 10/25 loss 0.3254 lr 3.47e-05 gnorm 1.68 59,883 tok/s 0.2min peak 1.37GiB
[09:59:46] [retr8192] step 15/25 loss 0.8650 lr 2.20e-05 gnorm 2.06 59,876 tok/s 0.3min peak 1.37GiB
[09:59:51] [retr8192] step 20/25 loss 0.2777 lr 9.27e-06 gnorm 0.86 59,866 tok/s 0.4min peak 1.37GiB
[09:59:57] [retr8192] step 25/25 loss 0.3757 lr 4.00e-06 gnorm 1.34 59,857 tok/s 0.5min peak 1.37GiB

Writing model shards:   0%|          | 0/1 [00:00<?, ?it/s]
Writing model shards: 100%|██████████| 1/1 [00:00<00:00, 11.02it/s]
[09:59:57] saved -> v3_9\evf_final\ctx8192\final (loss 0.3757)
[09:59:57] === retrieval 16384: 490 samples | init v3_9\evf_final\ctx8192\final | 1x4 | 122 steps | 1 epoch(s) | lr 3e-05 ===

Loading weights:   0%|          | 0/123 [00:00<?, ?it/s]
Loading weights: 100%|██████████| 123/123 [00:00<00:00, 1643.53it/s]
[10:00:05] [retr16384] step 5/122 loss 0.2017 lr 3.00e-05 gnorm 1.89 42,875 tok/s 0.1min peak 1.37GiB
[10:00:12] [retr16384] step 10/122 loss 0.4758 lr 2.99e-05 gnorm 1.44 42,952 tok/s 0.3min peak 1.37GiB
[10:00:20] [retr16384] step 15/122 loss 0.9792 lr 2.95e-05 gnorm 2.84 42,967 tok/s 0.4min peak 1.37GiB
[10:00:27] [retr16384] step 20/122 loss 0.3535 lr 2.89e-05 gnorm 2.69 42,893 tok/s 0.5min peak 1.37GiB
[10:00:35] [retr16384] step 25/122 loss 0.3574 lr 2.81e-05 gnorm 1.90 43,118 tok/s 0.6min peak 1.37GiB
[10:00:42] [retr16384] step 30/122 loss 0.1208 lr 2.71e-05 gnorm 1.37 43,279 tok/s 0.8min peak 1.37GiB
[10:00:50] [retr16384] step 35/122 loss 0.1412 lr 2.59e-05 gnorm 0.44 43,387 tok/s 0.9min peak 1.37GiB
[10:00:57] [retr16384] step 40/122 loss 0.0512 lr 2.45e-05 gnorm 0.25 43,468 tok/s 1.0min peak 1.37GiB
[10:01:05] [retr16384] step 45/122 loss 0.2099 lr 2.29e-05 gnorm 1.44 43,547 tok/s 1.1min peak 1.37GiB
[10:01:12] [retr16384] step 50/122 loss 0.0173 lr 2.13e-05 gnorm 0.24 43,619 tok/s 1.3min peak 1.37GiB
[10:01:19] [retr16384] step 55/122 loss 0.1780 lr 1.96e-05 gnorm 1.28 43,677 tok/s 1.4min peak 1.37GiB
[10:01:27] [retr16384] step 60/122 loss 0.1943 lr 1.78e-05 gnorm 0.64 43,726 tok/s 1.5min peak 1.37GiB
[10:01:34] [retr16384] step 65/122 loss 0.3606 lr 1.60e-05 gnorm 1.77 43,767 tok/s 1.6min peak 1.37GiB
[10:01:42] [retr16384] step 70/122 loss 0.4651 lr 1.42e-05 gnorm 2.03 43,802 tok/s 1.7min peak 1.37GiB
[10:01:49] [retr16384] step 75/122 loss 0.5655 lr 1.24e-05 gnorm 2.91 43,829 tok/s 1.9min peak 1.37GiB
[10:01:56] [retr16384] step 80/122 loss 0.0812 lr 1.07e-05 gnorm 0.61 43,853 tok/s 2.0min peak 1.37GiB
[10:02:04] [retr16384] step 85/122 loss 1.3040 lr 9.13e-06 gnorm 3.76 43,876 tok/s 2.1min peak 1.37GiB
[10:02:11] [retr16384] step 90/122 loss 0.5792 lr 7.68e-06 gnorm 1.84 43,896 tok/s 2.2min peak 1.37GiB
[10:02:19] [retr16384] step 95/122 loss 0.2108 lr 6.40e-06 gnorm 1.69 43,913 tok/s 2.4min peak 1.37GiB
[10:02:26] [retr16384] step 100/122 loss 0.4599 lr 5.29e-06 gnorm 1.20 43,927 tok/s 2.5min peak 1.37GiB
[10:02:34] [retr16384] step 105/122 loss 0.0260 lr 4.38e-06 gnorm 0.28 43,939 tok/s 2.6min peak 1.37GiB
[10:02:41] [retr16384] step 110/122 loss 0.4484 lr 3.69e-06 gnorm 2.14 43,949 tok/s 2.7min peak 1.37GiB
[10:02:48] [retr16384] step 115/122 loss 0.0597 lr 3.24e-06 gnorm 0.19 43,959 tok/s 2.9min peak 1.37GiB
[10:02:56] [retr16384] step 120/122 loss 0.6687 lr 3.02e-06 gnorm 2.29 43,969 tok/s 3.0min peak 1.37GiB
[10:02:59] [retr16384] step 122/122 loss 0.8926 lr 3.00e-06 gnorm 3.02 43,973 tok/s 3.0min peak 1.37GiB

Writing model shards:   0%|          | 0/1 [00:00<?, ?it/s]
Writing model shards: 100%|██████████| 1/1 [00:00<00:00,  8.95it/s]
Writing model shards: 100%|██████████| 1/1 [00:00<00:00,  8.95it/s]
[10:02:59] saved -> v3_9\evf_final\ctx16384\final (loss 0.8926)
[10:02:59] === retrieval 32768: 147 samples | init v3_9\evf_final\ctx16384\final | 1x4 | 36 steps | 1 epoch(s) | lr 2e-05 ===

Loading weights:   0%|          | 0/123 [00:00<?, ?it/s]
Loading weights: 100%|██████████| 123/123 [00:00<00:00, 1722.12it/s]
[10:03:22] [retr32768] step 5/36 loss 1.0027 lr 2.00e-05 gnorm 4.75 28,605 tok/s 0.4min peak 2.22GiB
[10:03:45] [retr32768] step 10/36 loss 0.1040 lr 1.89e-05 gnorm 1.49 28,617 tok/s 0.8min peak 2.22GiB
[10:04:08] [retr32768] step 15/36 loss 1.2343 lr 1.58e-05 gnorm 4.80 28,611 tok/s 1.1min peak 2.22GiB
[10:04:31] [retr32768] step 20/36 loss 0.7109 lr 1.15e-05 gnorm 3.55 28,607 tok/s 1.5min peak 2.22GiB
[10:04:54] [retr32768] step 25/36 loss 1.5138 lr 7.04e-06 gnorm 6.13 28,606 tok/s 1.9min peak 2.22GiB
[10:05:16] [retr32768] step 30/36 loss 0.5965 lr 3.61e-06 gnorm 3.60 28,608 tok/s 2.3min peak 2.22GiB
[10:05:39] [retr32768] step 35/36 loss 1.7467 lr 2.05e-06 gnorm 5.28 28,615 tok/s 2.7min peak 2.22GiB
[10:05:44] [retr32768] step 36/36 loss 1.8659 lr 2.00e-06 gnorm 6.95 28,615 tok/s 2.7min peak 2.22GiB

Writing model shards:   0%|          | 0/1 [00:00<?, ?it/s]
Writing model shards: 100%|██████████| 1/1 [00:00<00:00, 10.73it/s]
[10:05:44] saved -> v3_9\evf_final\ctx32768\final (loss 1.8659)
[10:05:44] retrieval SFT done -> v3_9\evf_final\ctx32768\final
