[20:13:21] === retrieval 4096: 800 samples | init D:\wt\feng-distill-30m\v3\polish_ctx8192\final | 2x4 | 100 steps | lr 5e-05 ===
[20:13:28] [retr4096] step 5/100 loss 3.3994 lr 2.50e-05 gnorm 26.46 25,862 tok/s 0.1min peak 3.17GiB
[20:13:32] [retr4096] step 10/100 loss 1.7993 lr 5.00e-05 gnorm 11.94 30,775 tok/s 0.2min peak 3.17GiB
[20:13:37] [retr4096] step 15/100 loss 1.5675 lr 4.97e-05 gnorm 12.90 32,928 tok/s 0.2min peak 3.17GiB
[20:13:41] [retr4096] step 20/100 loss 1.3914 lr 4.86e-05 gnorm 9.88 34,076 tok/s 0.3min peak 3.17GiB
[20:13:45] [retr4096] step 25/100 loss 0.9741 lr 4.70e-05 gnorm 10.24 34,692 tok/s 0.4min peak 3.17GiB
[20:13:50] [retr4096] step 30/100 loss 0.9637 lr 4.47e-05 gnorm 8.46 35,145 tok/s 0.5min peak 3.17GiB
[20:13:54] [retr4096] step 35/100 loss 0.9708 lr 4.20e-05 gnorm 8.73 35,519 tok/s 0.5min peak 3.17GiB
[20:13:58] [retr4096] step 40/100 loss 0.7589 lr 3.87e-05 gnorm 7.62 35,835 tok/s 0.6min peak 3.17GiB
[20:14:02] [retr4096] step 45/100 loss 1.0151 lr 3.52e-05 gnorm 31.44 36,119 tok/s 0.7min peak 3.17GiB
[20:14:07] [retr4096] step 50/100 loss 0.8125 lr 3.14e-05 gnorm 10.69 36,345 tok/s 0.8min peak 3.17GiB
[20:14:11] [retr4096] step 55/100 loss 1.1490 lr 2.75e-05 gnorm 11.01 36,414 tok/s 0.8min peak 3.17GiB
[20:14:15] [retr4096] step 60/100 loss 0.7466 lr 2.36e-05 gnorm 12.58 36,497 tok/s 0.9min peak 3.17GiB
[20:14:20] [retr4096] step 65/100 loss 0.7361 lr 1.98e-05 gnorm 7.48 36,607 tok/s 1.0min peak 3.17GiB
[20:14:24] [retr4096] step 70/100 loss 0.9436 lr 1.63e-05 gnorm 8.27 36,668 tok/s 1.0min peak 3.17GiB
[20:14:28] [retr4096] step 75/100 loss 0.5831 lr 1.30e-05 gnorm 7.13 36,762 tok/s 1.1min peak 3.17GiB
[20:14:33] [retr4096] step 80/100 loss 0.4285 lr 1.03e-05 gnorm 5.88 36,855 tok/s 1.2min peak 3.17GiB
[20:14:37] [retr4096] step 85/100 loss 0.8258 lr 8.01e-06 gnorm 10.02 36,926 tok/s 1.3min peak 3.17GiB
[20:14:41] [retr4096] step 90/100 loss 0.4467 lr 6.36e-06 gnorm 7.04 36,985 tok/s 1.3min peak 3.17GiB
[20:14:46] [retr4096] step 95/100 loss 0.6886 lr 5.34e-06 gnorm 11.18 37,047 tok/s 1.4min peak 3.17GiB
[20:14:50] [retr4096] step 100/100 loss 0.7612 lr 5.00e-06 gnorm 9.18 37,097 tok/s 1.5min peak 3.17GiB
[20:14:50] saved -> D:\wt\feng-distill-30m\v3\retr_sft\ctx4096\final (loss 0.7612)
[20:14:50] === retrieval 8192: 400 samples | init D:\wt\feng-distill-30m\v3\retr_sft\ctx4096\final | 2x4 | 50 steps | lr 4e-05 ===
[20:15:03] [retr8192] step 5/50 loss 1.2301 lr 2.00e-05 gnorm 16.22 26,097 tok/s 0.2min peak 5.57GiB
[20:15:15] [retr8192] step 10/50 loss 0.6812 lr 4.00e-05 gnorm 10.68 26,249 tok/s 0.4min peak 5.57GiB
[20:15:28] [retr8192] step 15/50 loss 1.9274 lr 3.86e-05 gnorm 22.66 26,342 tok/s 0.6min peak 5.57GiB
[20:15:40] [retr8192] step 20/50 loss 0.7078 lr 3.47e-05 gnorm 12.21 26,378 tok/s 0.8min peak 5.57GiB
[20:15:53] [retr8192] step 25/50 loss 0.4937 lr 2.89e-05 gnorm 7.71 26,331 tok/s 1.0min peak 5.57GiB
[20:16:05] [retr8192] step 30/50 loss 0.8065 lr 2.20e-05 gnorm 9.15 26,297 tok/s 1.2min peak 5.57GiB
[20:16:18] [retr8192] step 35/50 loss 0.6185 lr 1.51e-05 gnorm 5.69 26,308 tok/s 1.5min peak 5.57GiB
[20:16:30] [retr8192] step 40/50 loss 0.8727 lr 9.27e-06 gnorm 8.36 26,324 tok/s 1.7min peak 5.57GiB
[20:16:42] [retr8192] step 45/50 loss 0.6518 lr 5.37e-06 gnorm 9.10 26,315 tok/s 1.9min peak 5.57GiB
[20:16:55] [retr8192] step 50/50 loss 0.4300 lr 4.00e-06 gnorm 5.77 26,295 tok/s 2.1min peak 5.57GiB
[20:16:55] saved -> D:\wt\feng-distill-30m\v3\retr_sft\ctx8192\final (loss 0.4300)
[20:16:55] === retrieval 16384: 200 samples | init D:\wt\feng-distill-30m\v3\retr_sft\ctx8192\final | 1x4 | 50 steps | lr 3e-05 ===
[20:17:14] [retr16384] step 5/50 loss 1.3083 lr 1.50e-05 gnorm 25.21 17,755 tok/s 0.3min peak 5.57GiB
[20:17:32] [retr16384] step 10/50 loss 1.1649 lr 3.00e-05 gnorm 22.67 17,809 tok/s 0.6min peak 5.57GiB
[20:17:50] [retr16384] step 15/50 loss 0.9494 lr 2.90e-05 gnorm 18.93 17,813 tok/s 0.9min peak 5.57GiB
[20:18:09] [retr16384] step 20/50 loss 0.9304 lr 2.60e-05 gnorm 16.02 17,784 tok/s 1.2min peak 5.57GiB
[20:18:27] [retr16384] step 25/50 loss 0.7842 lr 2.17e-05 gnorm 15.35 17,811 tok/s 1.5min peak 5.57GiB
[20:18:46] [retr16384] step 30/50 loss 0.7181 lr 1.65e-05 gnorm 17.07 17,820 tok/s 1.8min peak 5.57GiB
[20:19:04] [retr16384] step 35/50 loss 0.5882 lr 1.13e-05 gnorm 14.61 17,819 tok/s 2.1min peak 5.57GiB
[20:19:22] [retr16384] step 40/50 loss 0.3449 lr 6.95e-06 gnorm 7.18 17,822 tok/s 2.5min peak 5.57GiB
[20:19:41] [retr16384] step 45/50 loss 0.1698 lr 4.03e-06 gnorm 5.96 17,823 tok/s 2.8min peak 5.57GiB
[20:19:59] [retr16384] step 50/50 loss 0.2230 lr 3.00e-06 gnorm 6.42 17,836 tok/s 3.1min peak 5.57GiB
[20:19:59] saved -> D:\wt\feng-distill-30m\v3\retr_sft\ctx16384\final (loss 0.2230)
[20:19:59] === retrieval 32768: 80 samples | init D:\wt\feng-distill-30m\v3\retr_sft\ctx16384\final | 1x4 | 20 steps | lr 2e-05 ===
[20:20:58] [retr32768] step 5/20 loss 0.4143 lr 1.00e-05 gnorm 16.15 11,183 tok/s 1.0min peak 10.28GiB
[20:21:56] [retr32768] step 10/20 loss 0.7925 lr 2.00e-05 gnorm 19.38 11,210 tok/s 1.9min peak 10.28GiB
[20:22:55] [retr32768] step 15/20 loss 0.2109 lr 1.10e-05 gnorm 7.91 11,221 tok/s 2.9min peak 10.28GiB
[20:23:53] [retr32768] step 20/20 loss 0.3329 lr 2.00e-06 gnorm 6.19 11,225 tok/s 3.9min peak 10.28GiB
[20:23:53] saved -> D:\wt\feng-distill-30m\v3\retr_sft\ctx32768\final (loss 0.3329)
[20:23:53] retrieval SFT done -> D:\wt\feng-distill-30m\v3\retr_sft\ctx32768\final
