[19:09:19] === ctx4096: 9765 seqs x 4096 | init D:\wt\feng-distill-30m\v2\stage_planA3b\final | 4x4 | 610 steps | lr 8e-05 ===
[19:09:30] [ctx4096] step 5/610 loss 6.8359 lr 2.00e-05 gnorm 6.59 29,312 tok/s 0.2min peak 5.75GiB
[19:09:40] [ctx4096] step 10/610 loss 6.3189 lr 4.00e-05 gnorm 5.06 31,846 tok/s 0.3min peak 5.75GiB
[19:09:49] [ctx4096] step 15/610 loss 5.9892 lr 6.00e-05 gnorm 4.20 32,800 tok/s 0.5min peak 5.75GiB
[19:09:59] [ctx4096] step 20/610 loss 5.8179 lr 8.00e-05 gnorm 3.18 33,288 tok/s 0.7min peak 5.75GiB
[19:10:08] [ctx4096] step 25/610 loss 5.8160 lr 8.00e-05 gnorm 2.76 33,574 tok/s 0.8min peak 5.75GiB
[19:10:18] [ctx4096] step 30/610 loss 5.9335 lr 7.99e-05 gnorm 1.75 33,774 tok/s 1.0min peak 5.75GiB
[19:10:27] [ctx4096] step 35/610 loss 5.2952 lr 7.99e-05 gnorm 1.56 33,924 tok/s 1.1min peak 5.75GiB
[19:10:36] [ctx4096] step 40/610 loss 5.2406 lr 7.98e-05 gnorm 1.81 34,032 tok/s 1.3min peak 5.75GiB
[19:10:46] [ctx4096] step 45/610 loss 5.3872 lr 7.97e-05 gnorm 1.33 34,116 tok/s 1.4min peak 5.75GiB
[19:10:55] [ctx4096] step 50/610 loss 5.3486 lr 7.95e-05 gnorm 1.52 34,186 tok/s 1.6min peak 5.75GiB
[19:11:05] [ctx4096] step 55/610 loss 5.3048 lr 7.94e-05 gnorm 1.31 34,243 tok/s 1.8min peak 5.75GiB
[19:11:14] [ctx4096] step 60/610 loss 5.3177 lr 7.92e-05 gnorm 1.56 34,291 tok/s 1.9min peak 5.75GiB
[19:11:23] [ctx4096] step 65/610 loss 4.8600 lr 7.90e-05 gnorm 1.47 34,332 tok/s 2.1min peak 5.75GiB
[19:11:33] [ctx4096] step 70/610 loss 5.1853 lr 7.87e-05 gnorm 1.67 34,367 tok/s 2.2min peak 5.75GiB
[19:11:42] [ctx4096] step 75/610 loss 4.8118 lr 7.85e-05 gnorm 1.37 34,398 tok/s 2.4min peak 5.75GiB
[19:11:52] [ctx4096] step 80/610 loss 4.7697 lr 7.82e-05 gnorm 1.74 34,422 tok/s 2.5min peak 5.75GiB
[19:12:01] [ctx4096] step 85/610 loss 4.5993 lr 7.79e-05 gnorm 1.54 34,446 tok/s 2.7min peak 5.75GiB
[19:12:10] [ctx4096] step 90/610 loss 5.0311 lr 7.75e-05 gnorm 1.07 34,466 tok/s 2.9min peak 5.75GiB
[19:12:20] [ctx4096] step 95/610 loss 4.8073 lr 7.72e-05 gnorm 1.49 34,486 tok/s 3.0min peak 5.75GiB
[19:12:29] [ctx4096] step 100/610 loss 4.7249 lr 7.68e-05 gnorm 0.99 34,503 tok/s 3.2min peak 5.75GiB
[19:12:29]     rolling checkpoint -> step100 (keeping last 2)
[19:12:39] [ctx4096] step 105/610 loss 4.8706 lr 7.64e-05 gnorm 1.27 34,499 tok/s 3.3min peak 5.75GiB
[19:12:48] [ctx4096] step 110/610 loss 4.9677 lr 7.59e-05 gnorm 1.24 34,516 tok/s 3.5min peak 5.75GiB
[19:12:58] [ctx4096] step 115/610 loss 4.5900 lr 7.55e-05 gnorm 1.09 34,531 tok/s 3.6min peak 5.75GiB
[19:13:07] [ctx4096] step 120/610 loss 4.9009 lr 7.50e-05 gnorm 1.30 34,545 tok/s 3.8min peak 5.75GiB
[19:13:16] [ctx4096] step 125/610 loss 4.8896 lr 7.45e-05 gnorm 1.63 34,557 tok/s 3.9min peak 5.75GiB
[19:13:26] [ctx4096] step 130/610 loss 4.7266 lr 7.40e-05 gnorm 1.52 34,568 tok/s 4.1min peak 5.75GiB
[19:13:35] [ctx4096] step 135/610 loss 4.7197 lr 7.35e-05 gnorm 1.13 34,579 tok/s 4.3min peak 5.75GiB
[19:13:45] [ctx4096] step 140/610 loss 4.8425 lr 7.29e-05 gnorm 1.02 34,590 tok/s 4.4min peak 5.75GiB
[19:13:54] [ctx4096] step 145/610 loss 4.8026 lr 7.23e-05 gnorm 1.05 34,599 tok/s 4.6min peak 5.75GiB
[19:14:03] [ctx4096] step 150/610 loss 4.8259 lr 7.17e-05 gnorm 1.02 34,608 tok/s 4.7min peak 5.75GiB
[19:14:13] [ctx4096] step 155/610 loss 4.6763 lr 7.11e-05 gnorm 1.02 34,617 tok/s 4.9min peak 5.75GiB
[19:14:22] [ctx4096] step 160/610 loss 4.7702 lr 7.05e-05 gnorm 1.10 34,624 tok/s 5.0min peak 5.75GiB
[19:14:31] [ctx4096] step 165/610 loss 4.6912 lr 6.98e-05 gnorm 1.26 34,633 tok/s 5.2min peak 5.75GiB
[19:14:41] [ctx4096] step 170/610 loss 4.5220 lr 6.91e-05 gnorm 0.96 34,640 tok/s 5.4min peak 5.75GiB
[19:14:50] [ctx4096] step 175/610 loss 4.4331 lr 6.84e-05 gnorm 0.96 34,648 tok/s 5.5min peak 5.75GiB
[19:15:00] [ctx4096] step 180/610 loss 4.5675 lr 6.77e-05 gnorm 0.94 34,654 tok/s 5.7min peak 5.75GiB
[19:15:09] [ctx4096] step 185/610 loss 4.6578 lr 6.70e-05 gnorm 1.22 34,660 tok/s 5.8min peak 5.75GiB
[19:15:18] [ctx4096] step 190/610 loss 4.6000 lr 6.62e-05 gnorm 1.13 34,666 tok/s 6.0min peak 5.75GiB
[19:15:28] [ctx4096] step 195/610 loss 4.5621 lr 6.55e-05 gnorm 1.13 34,671 tok/s 6.1min peak 5.75GiB
[19:15:37] [ctx4096] step 200/610 loss 4.4456 lr 6.47e-05 gnorm 0.84 34,676 tok/s 6.3min peak 5.75GiB
[19:15:37]     rolling checkpoint -> step200 (keeping last 2)
[19:15:47] [ctx4096] step 205/610 loss 4.3241 lr 6.39e-05 gnorm 1.33 34,673 tok/s 6.5min peak 5.75GiB
[19:15:56] [ctx4096] step 210/610 loss 4.6323 lr 6.31e-05 gnorm 1.27 34,678 tok/s 6.6min peak 5.75GiB
[19:16:05] [ctx4096] step 215/610 loss 4.4867 lr 6.23e-05 gnorm 1.05 34,682 tok/s 6.8min peak 5.75GiB
[19:16:15] [ctx4096] step 220/610 loss 4.5859 lr 6.14e-05 gnorm 1.00 34,687 tok/s 6.9min peak 5.75GiB
[19:16:24] [ctx4096] step 225/610 loss 4.5023 lr 6.06e-05 gnorm 1.15 34,692 tok/s 7.1min peak 5.75GiB
[19:16:34] [ctx4096] step 230/610 loss 4.2360 lr 5.97e-05 gnorm 1.16 34,696 tok/s 7.2min peak 5.75GiB
[19:16:43] [ctx4096] step 235/610 loss 4.6879 lr 5.89e-05 gnorm 0.83 34,700 tok/s 7.4min peak 5.75GiB
[19:16:52] [ctx4096] step 240/610 loss 4.6196 lr 5.80e-05 gnorm 1.01 34,704 tok/s 7.6min peak 5.75GiB
[19:17:02] [ctx4096] step 245/610 loss 4.4571 lr 5.71e-05 gnorm 0.94 34,707 tok/s 7.7min peak 5.75GiB
[19:17:11] [ctx4096] step 250/610 loss 4.4503 lr 5.62e-05 gnorm 0.96 34,711 tok/s 7.9min peak 5.75GiB
[19:17:21] [ctx4096] step 255/610 loss 4.4035 lr 5.53e-05 gnorm 0.86 34,713 tok/s 8.0min peak 5.75GiB
[19:17:30] [ctx4096] step 260/610 loss 4.2396 lr 5.44e-05 gnorm 0.89 34,715 tok/s 8.2min peak 5.75GiB
[19:17:39] [ctx4096] step 265/610 loss 4.4822 lr 5.35e-05 gnorm 1.01 34,718 tok/s 8.3min peak 5.75GiB
[19:17:49] [ctx4096] step 270/610 loss 4.0178 lr 5.25e-05 gnorm 0.83 34,719 tok/s 8.5min peak 5.75GiB
[19:17:58] [ctx4096] step 275/610 loss 4.3484 lr 5.16e-05 gnorm 0.86 34,722 tok/s 8.6min peak 5.75GiB
[19:18:08] [ctx4096] step 280/610 loss 4.0968 lr 5.07e-05 gnorm 0.81 34,723 tok/s 8.8min peak 5.75GiB
[19:18:17] [ctx4096] step 285/610 loss 4.3203 lr 4.97e-05 gnorm 0.78 34,724 tok/s 9.0min peak 5.75GiB
[19:18:26] [ctx4096] step 290/610 loss 4.3828 lr 4.88e-05 gnorm 0.89 34,726 tok/s 9.1min peak 5.75GiB
[19:18:36] [ctx4096] step 295/610 loss 4.4763 lr 4.78e-05 gnorm 0.99 34,728 tok/s 9.3min peak 5.75GiB
[19:18:45] [ctx4096] step 300/610 loss 3.9620 lr 4.69e-05 gnorm 1.08 34,729 tok/s 9.4min peak 5.75GiB
[19:18:45]     rolling checkpoint -> step300 (keeping last 2)
[19:18:55] [ctx4096] step 305/610 loss 3.9438 lr 4.59e-05 gnorm 0.80 34,725 tok/s 9.6min peak 5.75GiB
[19:19:04] [ctx4096] step 310/610 loss 4.4103 lr 4.50e-05 gnorm 0.85 34,726 tok/s 9.7min peak 5.75GiB
[19:19:14] [ctx4096] step 315/610 loss 4.1701 lr 4.40e-05 gnorm 0.75 34,728 tok/s 9.9min peak 5.75GiB
[19:19:23] [ctx4096] step 320/610 loss 4.1809 lr 4.30e-05 gnorm 0.83 34,729 tok/s 10.1min peak 5.75GiB
[19:19:32] [ctx4096] step 325/610 loss 4.2413 lr 4.21e-05 gnorm 0.71 34,730 tok/s 10.2min peak 5.75GiB
[19:19:42] [ctx4096] step 330/610 loss 3.9793 lr 4.11e-05 gnorm 0.82 34,731 tok/s 10.4min peak 5.75GiB
[19:19:51] [ctx4096] step 335/610 loss 4.3901 lr 4.02e-05 gnorm 0.85 34,732 tok/s 10.5min peak 5.75GiB
[19:20:01] [ctx4096] step 340/610 loss 4.4286 lr 3.92e-05 gnorm 0.72 34,733 tok/s 10.7min peak 5.75GiB
[19:20:10] [ctx4096] step 345/610 loss 4.2804 lr 3.83e-05 gnorm 0.72 34,734 tok/s 10.8min peak 5.75GiB
[19:20:20] [ctx4096] step 350/610 loss 4.1171 lr 3.73e-05 gnorm 0.78 34,735 tok/s 11.0min peak 5.75GiB
[19:20:29] [ctx4096] step 355/610 loss 4.3228 lr 3.64e-05 gnorm 0.74 34,736 tok/s 11.2min peak 5.75GiB
[19:20:38] [ctx4096] step 360/610 loss 4.4358 lr 3.55e-05 gnorm 0.77 34,737 tok/s 11.3min peak 5.75GiB
[19:20:48] [ctx4096] step 365/610 loss 4.3990 lr 3.45e-05 gnorm 0.69 34,738 tok/s 11.5min peak 5.75GiB
[19:20:57] [ctx4096] step 370/610 loss 4.3452 lr 3.36e-05 gnorm 0.80 34,735 tok/s 11.6min peak 5.75GiB
[19:21:07] [ctx4096] step 375/610 loss 4.1357 lr 3.27e-05 gnorm 0.87 34,737 tok/s 11.8min peak 5.75GiB
[19:21:16] [ctx4096] step 380/610 loss 4.0738 lr 3.18e-05 gnorm 0.75 34,738 tok/s 11.9min peak 5.75GiB
[19:21:25] [ctx4096] step 385/610 loss 4.0591 lr 3.09e-05 gnorm 0.88 34,739 tok/s 12.1min peak 5.75GiB
[19:21:35] [ctx4096] step 390/610 loss 4.1661 lr 3.00e-05 gnorm 0.71 34,740 tok/s 12.3min peak 5.75GiB
[19:21:44] [ctx4096] step 395/610 loss 4.3374 lr 2.91e-05 gnorm 0.62 34,741 tok/s 12.4min peak 5.75GiB
[19:21:54] [ctx4096] step 400/610 loss 4.2935 lr 2.83e-05 gnorm 0.76 34,739 tok/s 12.6min peak 5.75GiB
[19:21:54]     rolling checkpoint -> step400 (keeping last 2)
[19:22:03] [ctx4096] step 405/610 loss 4.1320 lr 2.74e-05 gnorm 0.69 34,733 tok/s 12.7min peak 5.75GiB
[19:22:13] [ctx4096] step 410/610 loss 4.0097 lr 2.66e-05 gnorm 0.84 34,731 tok/s 12.9min peak 5.75GiB
[19:22:22] [ctx4096] step 415/610 loss 4.0216 lr 2.57e-05 gnorm 0.64 34,732 tok/s 13.0min peak 5.75GiB
[19:22:32] [ctx4096] step 420/610 loss 4.0590 lr 2.49e-05 gnorm 0.74 34,732 tok/s 13.2min peak 5.75GiB
[19:22:41] [ctx4096] step 425/610 loss 4.3883 lr 2.41e-05 gnorm 0.76 34,734 tok/s 13.4min peak 5.75GiB
[19:22:50] [ctx4096] step 430/610 loss 4.2711 lr 2.33e-05 gnorm 0.78 34,735 tok/s 13.5min peak 5.75GiB
[19:23:00] [ctx4096] step 435/610 loss 4.0909 lr 2.25e-05 gnorm 0.67 34,735 tok/s 13.7min peak 5.75GiB
[19:23:09] [ctx4096] step 440/610 loss 4.0017 lr 2.18e-05 gnorm 0.74 34,736 tok/s 13.8min peak 5.75GiB
[19:23:19] [ctx4096] step 445/610 loss 3.8313 lr 2.10e-05 gnorm 0.68 34,738 tok/s 14.0min peak 5.75GiB
[19:23:28] [ctx4096] step 450/610 loss 4.2000 lr 2.03e-05 gnorm 0.68 34,738 tok/s 14.1min peak 5.75GiB
[19:23:37] [ctx4096] step 455/610 loss 4.2239 lr 1.96e-05 gnorm 0.75 34,739 tok/s 14.3min peak 5.75GiB
[19:23:47] [ctx4096] step 460/610 loss 4.3927 lr 1.89e-05 gnorm 0.66 34,740 tok/s 14.5min peak 5.75GiB
[19:23:56] [ctx4096] step 465/610 loss 4.2506 lr 1.82e-05 gnorm 0.69 34,741 tok/s 14.6min peak 5.75GiB
[19:24:06] [ctx4096] step 470/610 loss 3.8970 lr 1.75e-05 gnorm 0.60 34,742 tok/s 14.8min peak 5.75GiB
[19:24:15] [ctx4096] step 475/610 loss 4.0756 lr 1.69e-05 gnorm 0.60 34,743 tok/s 14.9min peak 5.75GiB
[19:24:24] [ctx4096] step 480/610 loss 3.8963 lr 1.63e-05 gnorm 0.81 34,744 tok/s 15.1min peak 5.75GiB
[19:24:34] [ctx4096] step 485/610 loss 3.8896 lr 1.57e-05 gnorm 0.66 34,745 tok/s 15.2min peak 5.75GiB
[19:24:43] [ctx4096] step 490/610 loss 4.3285 lr 1.51e-05 gnorm 0.72 34,746 tok/s 15.4min peak 5.75GiB
[19:24:53] [ctx4096] step 495/610 loss 4.1822 lr 1.45e-05 gnorm 0.64 34,748 tok/s 15.6min peak 5.75GiB
[19:25:02] [ctx4096] step 500/610 loss 4.2724 lr 1.40e-05 gnorm 0.66 34,749 tok/s 15.7min peak 5.75GiB
[19:25:02]     rolling checkpoint -> step500 (keeping last 2)
[19:25:12] [ctx4096] step 505/610 loss 4.1337 lr 1.35e-05 gnorm 0.78 34,745 tok/s 15.9min peak 5.75GiB
[19:25:21] [ctx4096] step 510/610 loss 4.2450 lr 1.30e-05 gnorm 0.60 34,746 tok/s 16.0min peak 5.75GiB
[19:25:30] [ctx4096] step 515/610 loss 3.8728 lr 1.25e-05 gnorm 0.58 34,747 tok/s 16.2min peak 5.75GiB
[19:25:40] [ctx4096] step 520/610 loss 4.3116 lr 1.21e-05 gnorm 0.71 34,747 tok/s 16.3min peak 5.75GiB
[19:25:49] [ctx4096] step 525/610 loss 4.1022 lr 1.16e-05 gnorm 0.76 34,748 tok/s 16.5min peak 5.75GiB
[19:25:59] [ctx4096] step 530/610 loss 3.9748 lr 1.12e-05 gnorm 0.64 34,749 tok/s 16.7min peak 5.75GiB
[19:26:08] [ctx4096] step 535/610 loss 4.2733 lr 1.08e-05 gnorm 0.66 34,750 tok/s 16.8min peak 5.75GiB
[19:26:17] [ctx4096] step 540/610 loss 4.2977 lr 1.05e-05 gnorm 0.66 34,751 tok/s 17.0min peak 5.75GiB
[19:26:27] [ctx4096] step 545/610 loss 4.2084 lr 1.01e-05 gnorm 0.62 34,752 tok/s 17.1min peak 5.75GiB
[19:26:36] [ctx4096] step 550/610 loss 4.1483 lr 9.82e-06 gnorm 0.68 34,753 tok/s 17.3min peak 5.75GiB
[19:26:46] [ctx4096] step 555/610 loss 3.7815 lr 9.53e-06 gnorm 0.61 34,754 tok/s 17.4min peak 5.75GiB
[19:26:55] [ctx4096] step 560/610 loss 3.8357 lr 9.27e-06 gnorm 0.58 34,755 tok/s 17.6min peak 5.75GiB
[19:27:04] [ctx4096] step 565/610 loss 4.2565 lr 9.03e-06 gnorm 0.50 34,756 tok/s 17.8min peak 5.75GiB
[19:27:14] [ctx4096] step 570/610 loss 3.7749 lr 8.81e-06 gnorm 0.58 34,757 tok/s 17.9min peak 5.75GiB
[19:27:23] [ctx4096] step 575/610 loss 4.3491 lr 8.62e-06 gnorm 0.68 34,757 tok/s 18.1min peak 5.75GiB
[19:27:33] [ctx4096] step 580/610 loss 4.0883 lr 8.46e-06 gnorm 0.59 34,757 tok/s 18.2min peak 5.75GiB
[19:27:42] [ctx4096] step 585/610 loss 3.8937 lr 8.32e-06 gnorm 0.57 34,758 tok/s 18.4min peak 5.75GiB
[19:27:51] [ctx4096] step 590/610 loss 4.2002 lr 8.20e-06 gnorm 0.60 34,759 tok/s 18.5min peak 5.75GiB
[19:28:01] [ctx4096] step 595/610 loss 4.2792 lr 8.11e-06 gnorm 0.57 34,759 tok/s 18.7min peak 5.75GiB
[19:28:10] [ctx4096] step 600/610 loss 3.9884 lr 8.05e-06 gnorm 0.66 34,760 tok/s 18.8min peak 5.75GiB
[19:28:10]     rolling checkpoint -> step600 (keeping last 2)
[19:28:20] [ctx4096] step 605/610 loss 3.9244 lr 8.01e-06 gnorm 0.51 34,758 tok/s 19.0min peak 5.75GiB
[19:28:29] [ctx4096] step 610/610 loss 3.9869 lr 8.00e-06 gnorm 0.68 34,758 tok/s 19.2min peak 5.75GiB
[19:28:29] saved -> D:\wt\feng-distill-30m\v3\ctx4096\final (loss 3.9869, peak 5.75GiB, 19.2 min)
[19:28:29] === ctx8192: 2441 seqs x 8192 | init D:\wt\feng-distill-30m\v3\ctx4096\final | 2x4 | 305 steps | lr 6e-05 ===
[19:28:42] [ctx8192] step 5/305 loss 4.2044 lr 1.50e-05 gnorm 0.75 26,303 tok/s 0.2min peak 5.75GiB
[19:28:54] [ctx8192] step 10/305 loss 4.1272 lr 3.00e-05 gnorm 0.73 26,336 tok/s 0.4min peak 5.75GiB
[19:29:07] [ctx8192] step 15/305 loss 3.9532 lr 4.50e-05 gnorm 0.89 26,346 tok/s 0.6min peak 5.75GiB
[19:29:19] [ctx8192] step 20/305 loss 4.1229 lr 6.00e-05 gnorm 1.04 26,352 tok/s 0.8min peak 5.75GiB
[19:29:32] [ctx8192] step 25/305 loss 3.3755 lr 6.00e-05 gnorm 0.86 26,355 tok/s 1.0min peak 5.75GiB
[19:29:44] [ctx8192] step 30/305 loss 4.1655 lr 5.98e-05 gnorm 1.13 26,355 tok/s 1.2min peak 5.75GiB
[19:29:56] [ctx8192] step 35/305 loss 4.2709 lr 5.96e-05 gnorm 0.87 26,357 tok/s 1.5min peak 5.75GiB
[19:30:09] [ctx8192] step 40/305 loss 3.7048 lr 5.93e-05 gnorm 0.85 26,360 tok/s 1.7min peak 5.75GiB
[19:30:21] [ctx8192] step 45/305 loss 4.1861 lr 5.90e-05 gnorm 0.96 26,361 tok/s 1.9min peak 5.75GiB
[19:30:34] [ctx8192] step 50/305 loss 4.2025 lr 5.85e-05 gnorm 0.77 26,364 tok/s 2.1min peak 5.75GiB
[19:30:46] [ctx8192] step 55/305 loss 3.9482 lr 5.80e-05 gnorm 0.91 26,365 tok/s 2.3min peak 5.75GiB
[19:30:59] [ctx8192] step 60/305 loss 3.7502 lr 5.74e-05 gnorm 0.94 26,364 tok/s 2.5min peak 5.75GiB
[19:31:11] [ctx8192] step 65/305 loss 4.1862 lr 5.67e-05 gnorm 0.85 26,365 tok/s 2.7min peak 5.75GiB
[19:31:23] [ctx8192] step 70/305 loss 4.1252 lr 5.60e-05 gnorm 0.63 26,366 tok/s 2.9min peak 5.75GiB
[19:31:36] [ctx8192] step 75/305 loss 4.2491 lr 5.52e-05 gnorm 0.84 26,366 tok/s 3.1min peak 5.75GiB
[19:31:48] [ctx8192] step 80/305 loss 4.1691 lr 5.43e-05 gnorm 0.90 26,365 tok/s 3.3min peak 5.75GiB
[19:32:01] [ctx8192] step 85/305 loss 3.9783 lr 5.34e-05 gnorm 0.71 26,363 tok/s 3.5min peak 5.75GiB
[19:32:13] [ctx8192] step 90/305 loss 4.1306 lr 5.24e-05 gnorm 0.95 26,364 tok/s 3.7min peak 5.75GiB
[19:32:26] [ctx8192] step 95/305 loss 4.1389 lr 5.13e-05 gnorm 0.85 26,365 tok/s 3.9min peak 5.75GiB
[19:32:38] [ctx8192] step 100/305 loss 4.1831 lr 5.02e-05 gnorm 0.77 26,366 tok/s 4.1min peak 5.75GiB
[19:32:38]     rolling checkpoint -> step100 (keeping last 2)
[19:32:51] [ctx8192] step 105/305 loss 4.0718 lr 4.90e-05 gnorm 0.92 26,355 tok/s 4.4min peak 5.75GiB
[19:33:03] [ctx8192] step 110/305 loss 3.8618 lr 4.78e-05 gnorm 0.80 26,355 tok/s 4.6min peak 5.75GiB
[19:33:15] [ctx8192] step 115/305 loss 4.0128 lr 4.65e-05 gnorm 0.88 26,356 tok/s 4.8min peak 5.75GiB
[19:33:28] [ctx8192] step 120/305 loss 4.1268 lr 4.52e-05 gnorm 0.84 26,357 tok/s 5.0min peak 5.75GiB
[19:33:40] [ctx8192] step 125/305 loss 4.2176 lr 4.38e-05 gnorm 0.83 26,355 tok/s 5.2min peak 5.75GiB
[19:33:53] [ctx8192] step 130/305 loss 4.0392 lr 4.25e-05 gnorm 0.83 26,353 tok/s 5.4min peak 5.75GiB
[19:34:05] [ctx8192] step 135/305 loss 4.0642 lr 4.11e-05 gnorm 0.81 26,354 tok/s 5.6min peak 5.75GiB
[19:34:18] [ctx8192] step 140/305 loss 4.0365 lr 3.96e-05 gnorm 0.73 26,356 tok/s 5.8min peak 5.75GiB
[19:34:30] [ctx8192] step 145/305 loss 4.1518 lr 3.82e-05 gnorm 0.81 26,357 tok/s 6.0min peak 5.75GiB
[19:34:42] [ctx8192] step 150/305 loss 3.9581 lr 3.67e-05 gnorm 0.74 26,357 tok/s 6.2min peak 5.75GiB
[19:34:55] [ctx8192] step 155/305 loss 4.0930 lr 3.52e-05 gnorm 0.76 26,357 tok/s 6.4min peak 5.75GiB
[19:35:07] [ctx8192] step 160/305 loss 3.8345 lr 3.37e-05 gnorm 0.70 26,357 tok/s 6.6min peak 5.75GiB
[19:35:20] [ctx8192] step 165/305 loss 4.0012 lr 3.23e-05 gnorm 0.64 26,357 tok/s 6.8min peak 5.75GiB
[19:35:32] [ctx8192] step 170/305 loss 3.9372 lr 3.08e-05 gnorm 0.62 26,357 tok/s 7.0min peak 5.75GiB
[19:35:45] [ctx8192] step 175/305 loss 4.2572 lr 2.93e-05 gnorm 0.76 26,348 tok/s 7.3min peak 5.75GiB
[19:35:57] [ctx8192] step 180/305 loss 4.2282 lr 2.78e-05 gnorm 0.75 26,349 tok/s 7.5min peak 5.75GiB
[19:36:10] [ctx8192] step 185/305 loss 4.0937 lr 2.64e-05 gnorm 0.67 26,349 tok/s 7.7min peak 5.75GiB
[19:36:22] [ctx8192] step 190/305 loss 3.5407 lr 2.49e-05 gnorm 0.71 26,349 tok/s 7.9min peak 5.75GiB
[19:36:34] [ctx8192] step 195/305 loss 4.0296 lr 2.35e-05 gnorm 0.77 26,349 tok/s 8.1min peak 5.75GiB
[19:36:47] [ctx8192] step 200/305 loss 4.1628 lr 2.22e-05 gnorm 0.79 26,350 tok/s 8.3min peak 5.75GiB
[19:36:47]     rolling checkpoint -> step200 (keeping last 2)
[19:36:59] [ctx8192] step 205/305 loss 4.0349 lr 2.08e-05 gnorm 0.62 26,346 tok/s 8.5min peak 5.75GiB
[19:37:12] [ctx8192] step 210/305 loss 3.9782 lr 1.95e-05 gnorm 0.74 26,347 tok/s 8.7min peak 5.75GiB
[19:37:24] [ctx8192] step 215/305 loss 3.9026 lr 1.82e-05 gnorm 0.76 26,348 tok/s 8.9min peak 5.75GiB
[19:37:37] [ctx8192] step 220/305 loss 3.6902 lr 1.70e-05 gnorm 0.70 26,348 tok/s 9.1min peak 5.75GiB
[19:37:49] [ctx8192] step 225/305 loss 4.1009 lr 1.58e-05 gnorm 0.73 26,348 tok/s 9.3min peak 5.75GiB
[19:38:01] [ctx8192] step 230/305 loss 3.8815 lr 1.47e-05 gnorm 0.69 26,349 tok/s 9.5min peak 5.75GiB
[19:38:14] [ctx8192] step 235/305 loss 3.9212 lr 1.36e-05 gnorm 0.66 26,349 tok/s 9.7min peak 5.75GiB
[19:38:26] [ctx8192] step 240/305 loss 4.2080 lr 1.26e-05 gnorm 0.62 26,350 tok/s 9.9min peak 5.75GiB
[19:38:39] [ctx8192] step 245/305 loss 4.2258 lr 1.17e-05 gnorm 0.60 26,351 tok/s 10.2min peak 5.75GiB
[19:38:51] [ctx8192] step 250/305 loss 3.6333 lr 1.08e-05 gnorm 0.61 26,351 tok/s 10.4min peak 5.75GiB
[19:39:04] [ctx8192] step 255/305 loss 4.0412 lr 1.00e-05 gnorm 0.59 26,352 tok/s 10.6min peak 5.75GiB
[19:39:16] [ctx8192] step 260/305 loss 4.2412 lr 9.25e-06 gnorm 0.76 26,352 tok/s 10.8min peak 5.75GiB
[19:39:28] [ctx8192] step 265/305 loss 3.8024 lr 8.58e-06 gnorm 0.64 26,353 tok/s 11.0min peak 5.75GiB
[19:39:41] [ctx8192] step 270/305 loss 4.1611 lr 7.98e-06 gnorm 0.63 26,353 tok/s 11.2min peak 5.75GiB
[19:39:53] [ctx8192] step 275/305 loss 3.9559 lr 7.46e-06 gnorm 0.61 26,354 tok/s 11.4min peak 5.75GiB
[19:40:06] [ctx8192] step 280/305 loss 4.1202 lr 7.02e-06 gnorm 0.55 26,354 tok/s 11.6min peak 5.75GiB
[19:40:18] [ctx8192] step 285/305 loss 4.1486 lr 6.65e-06 gnorm 0.62 26,354 tok/s 11.8min peak 5.75GiB
[19:40:31] [ctx8192] step 290/305 loss 4.0008 lr 6.37e-06 gnorm 0.65 26,354 tok/s 12.0min peak 5.75GiB
[19:40:43] [ctx8192] step 295/305 loss 3.9606 lr 6.16e-06 gnorm 0.61 26,354 tok/s 12.2min peak 5.75GiB
[19:40:55] [ctx8192] step 300/305 loss 3.7593 lr 6.04e-06 gnorm 0.62 26,355 tok/s 12.4min peak 5.75GiB
[19:40:55]     rolling checkpoint -> step300 (keeping last 2)
[19:41:08] [ctx8192] step 305/305 loss 3.8903 lr 6.00e-06 gnorm 0.66 26,351 tok/s 12.6min peak 5.75GiB
[19:41:08] saved -> D:\wt\feng-distill-30m\v3\ctx8192\final (loss 3.8903, peak 5.75GiB, 12.6 min)
[19:41:08] === ctx16384: 488 seqs x 16384 | init D:\wt\feng-distill-30m\v3\ctx8192\final | 1x4 | 122 steps | lr 4.5e-05 ===
[19:41:27] [ctx16384] step 5/122 loss 4.0057 lr 1.13e-05 gnorm 0.74 17,763 tok/s 0.3min peak 5.75GiB
[19:41:45] [ctx16384] step 10/122 loss 4.0086 lr 2.25e-05 gnorm 0.97 17,777 tok/s 0.6min peak 5.75GiB
[19:42:03] [ctx16384] step 15/122 loss 3.9627 lr 3.38e-05 gnorm 0.88 17,779 tok/s 0.9min peak 5.75GiB
[19:42:22] [ctx16384] step 20/122 loss 4.1803 lr 4.50e-05 gnorm 0.97 17,772 tok/s 1.2min peak 5.75GiB
[19:42:40] [ctx16384] step 25/122 loss 4.0675 lr 4.48e-05 gnorm 1.10 17,772 tok/s 1.5min peak 5.75GiB
[19:42:59] [ctx16384] step 30/122 loss 4.1106 lr 4.40e-05 gnorm 1.01 17,768 tok/s 1.8min peak 5.75GiB
[19:43:17] [ctx16384] step 35/122 loss 3.4713 lr 4.29e-05 gnorm 1.20 17,767 tok/s 2.2min peak 5.75GiB
[19:43:36] [ctx16384] step 40/122 loss 3.9601 lr 4.13e-05 gnorm 0.87 17,767 tok/s 2.5min peak 5.75GiB
[19:43:54] [ctx16384] step 45/122 loss 4.0970 lr 3.93e-05 gnorm 0.82 17,765 tok/s 2.8min peak 5.75GiB
[19:44:13] [ctx16384] step 50/122 loss 3.9058 lr 3.70e-05 gnorm 0.94 17,765 tok/s 3.1min peak 5.75GiB
[19:44:31] [ctx16384] step 55/122 loss 3.8660 lr 3.43e-05 gnorm 0.93 17,765 tok/s 3.4min peak 5.75GiB
[19:44:50] [ctx16384] step 60/122 loss 4.1323 lr 3.15e-05 gnorm 0.78 17,766 tok/s 3.7min peak 5.75GiB
[19:45:08] [ctx16384] step 65/122 loss 4.0729 lr 2.85e-05 gnorm 1.02 17,766 tok/s 4.0min peak 5.75GiB
[19:45:26] [ctx16384] step 70/122 loss 3.9094 lr 2.54e-05 gnorm 0.81 17,766 tok/s 4.3min peak 5.75GiB
[19:45:45] [ctx16384] step 75/122 loss 4.2413 lr 2.23e-05 gnorm 0.82 17,766 tok/s 4.6min peak 5.75GiB
[19:46:03] [ctx16384] step 80/122 loss 2.9967 lr 1.92e-05 gnorm 1.08 17,766 tok/s 4.9min peak 5.75GiB
[19:46:22] [ctx16384] step 85/122 loss 3.5881 lr 1.63e-05 gnorm 0.75 17,765 tok/s 5.2min peak 5.75GiB
[19:46:40] [ctx16384] step 90/122 loss 3.9968 lr 1.36e-05 gnorm 0.86 17,765 tok/s 5.5min peak 5.75GiB
[19:46:59] [ctx16384] step 95/122 loss 4.0387 lr 1.11e-05 gnorm 0.72 17,765 tok/s 5.8min peak 5.75GiB
[19:47:17] [ctx16384] step 100/122 loss 4.0071 lr 8.97e-06 gnorm 0.89 17,764 tok/s 6.1min peak 5.75GiB
[19:47:17]     rolling checkpoint -> step100 (keeping last 2)
[19:47:36] [ctx16384] step 105/122 loss 3.5499 lr 7.21e-06 gnorm 0.75 17,759 tok/s 6.5min peak 5.75GiB
[19:47:54] [ctx16384] step 110/122 loss 3.7972 lr 5.87e-06 gnorm 0.70 17,759 tok/s 6.8min peak 5.75GiB
[19:48:13] [ctx16384] step 115/122 loss 4.0079 lr 4.97e-06 gnorm 0.90 17,760 tok/s 7.1min peak 5.75GiB
[19:48:31] [ctx16384] step 120/122 loss 4.0357 lr 4.54e-06 gnorm 1.57 17,759 tok/s 7.4min peak 5.75GiB
[19:48:38] [ctx16384] step 122/122 loss 4.4256 lr 4.50e-06 gnorm 0.69 17,760 tok/s 7.5min peak 5.75GiB
[19:48:38] saved -> D:\wt\feng-distill-30m\v3\ctx16384\final (loss 4.4256, peak 5.75GiB, 7.5 min)
[19:48:39] === ctx32768: 122 seqs x 32768 | init D:\wt\feng-distill-30m\v3\ctx16384\final | 1x4 | 30 steps | lr 3e-05 ===
[19:49:38] [ctx32768] step 5/30 loss 4.1344 lr 7.50e-06 gnorm 0.80 11,047 tok/s 1.0min peak 10.28GiB
[19:50:37] [ctx32768] step 10/30 loss 4.0346 lr 1.50e-05 gnorm 0.82 11,046 tok/s 2.0min peak 10.28GiB
[19:51:37] [ctx32768] step 15/30 loss 4.1468 lr 2.25e-05 gnorm 0.99 11,049 tok/s 3.0min peak 10.28GiB
[19:52:36] [ctx32768] step 20/30 loss 4.1910 lr 3.00e-05 gnorm 0.73 11,050 tok/s 4.0min peak 10.28GiB
[19:53:35] [ctx32768] step 25/30 loss 4.0950 lr 1.65e-05 gnorm 0.60 11,049 tok/s 4.9min peak 10.28GiB
[19:54:35] [ctx32768] step 30/30 loss 4.0507 lr 3.00e-06 gnorm 0.68 11,048 tok/s 5.9min peak 10.28GiB
[19:54:35] saved -> D:\wt\feng-distill-30m\v3\ctx32768\final (loss 4.0507, peak 10.28GiB, 5.9 min)
[19:54:35] v3 progressive stages done -> D:\wt\feng-distill-30m\v3\ctx32768\final
